
> app@2.0.0 build
> next build

  Ôû▓ Next.js 14.2.28
  - Environments: .env.local, .env
  - Experiments (use with caution):
    ┬À outputFileTracingRoot

   Creating an optimized production build ...
node.exe : 2025-08-31T23:32:40.906Z next:build:webpack-build using separate compiler workers
No C:\Program Files\nodejs\npm.ps1:29 caractere:3
+   & $NODE_EXE $NPM_CLI_JS $args
+   ~~~~~~~~~~~~~~~~~~~~~~~~~~~~~
    + CategoryInfo          : NotSpecified: (2025-08-31T23:3...ompiler workers:String) [], RemoteExcep 
   tion
    + FullyQualifiedErrorId : NativeCommandError
 
2025-08-31T23:32:43.960Z next:jsconfig-paths-plugin tsconfig.json or jsconfig.json paths: { '@/*': [ 
'./*' ] }
2025-08-31T23:32:43.962Z next:jsconfig-paths-plugin resolved baseUrl: {
  baseUrl: 'C:\\Users\\ALICEBELLA\\Desktop\\HMNQV2\\app',
  isImplicit: true
}
2025-08-31T23:32:43.984Z next:jsconfig-paths-plugin tsconfig.json or jsconfig.json paths: { '@/*': [ 
'./*' ] }
2025-08-31T23:32:43.984Z next:jsconfig-paths-plugin resolved baseUrl: {
  baseUrl: 'C:\\Users\\ALICEBELLA\\Desktop\\HMNQV2\\app',
  isImplicit: true
}
2025-08-31T23:32:44.045Z next:jsconfig-paths-plugin tsconfig.json or jsconfig.json paths: { '@/*': [ 
'./*' ] }
2025-08-31T23:32:44.045Z next:jsconfig-paths-plugin resolved baseUrl: {
  baseUrl: 'C:\\Users\\ALICEBELLA\\Desktop\\HMNQV2\\app',
  isImplicit: true
}
2025-08-31T23:32:44.189Z next:build:webpack-build starting compiler server
2025-08-31T23:32:44.190Z next:build:webpack-build starting server compiler
2025-08-31T23:32:44.956Z next:jsconfig-paths-plugin moduleName did not match any paths pattern 
next-route-loader
2025-08-31T23:32:44.958Z next:jsconfig-paths-plugin moduleName did not match any paths pattern 
next-app-loader
2025-08-31T23:32:44.958Z next:jsconfig-paths-plugin moduleName did not match any paths pattern 
next-app-loader
2025-08-31T23:32:44.959Z next:jsconfig-paths-plugin moduleName did not match any paths pattern 
next-app-loader
2025-08-31T23:32:44.959Z next:jsconfig-paths-plugin moduleName did not match any paths pattern 
next-app-loader
2025-08-31T23:32:44.960Z next:jsconfig-paths-plugin moduleName did not match any paths pattern 
next-app-loader
2025-08-31T23:32:44.960Z next:jsconfig-paths-plugin moduleName did not match any paths pattern 
next-app-loader
2025-08-31T23:32:44.960Z next:jsconfig-paths-plugin moduleName did not match any paths pattern 
next-app-loader
2025-08-31T23:32:44.960Z next:jsconfig-paths-plugin moduleName did not match any paths pattern 
next-app-loader
2025-08-31T23:32:44.961Z next:jsconfig-paths-plugin moduleName did not match any paths pattern 
next-app-loader
2025-08-31T23:32:44.961Z next:jsconfig-paths-plugin moduleName did not match any paths pattern 
next-app-loader
2025-08-31T23:32:44.961Z next:jsconfig-paths-plugin moduleName did not match any paths pattern 
next-app-loader
2025-08-31T23:32:44.961Z next:jsconfig-paths-plugin moduleName did not match any paths pattern 
next-app-loader
2025-08-31T23:32:44.962Z next:jsconfig-paths-plugin moduleName did not match any paths pattern 
next-app-loader
2025-08-31T23:32:44.962Z next:jsconfig-paths-plugin moduleName did not match any paths pattern 
next-app-loader
2025-08-31T23:32:44.962Z next:jsconfig-paths-plugin moduleName did not match any paths pattern 
next-app-loader
2025-08-31T23:32:44.962Z next:jsconfig-paths-plugin moduleName did not match any paths pattern 
next-app-loader
2025-08-31T23:32:44.962Z next:jsconfig-paths-plugin moduleName did not match any paths pattern 
next-app-loader
2025-08-31T23:32:44.962Z next:jsconfig-paths-plugin moduleName did not match any paths pattern 
next-app-loader
2025-08-31T23:32:44.963Z next:jsconfig-paths-plugin moduleName did not match any paths pattern 
next-app-loader
2025-08-31T23:32:44.963Z next:jsconfig-paths-plugin moduleName did not match any paths pattern 
next-app-loader
2025-08-31T23:32:44.963Z next:jsconfig-paths-plugin moduleName did not match any paths pattern 
next-app-loader
2025-08-31T23:32:44.963Z next:jsconfig-paths-plugin moduleName did not match any paths pattern 
next-app-loader
2025-08-31T23:32:44.963Z next:jsconfig-paths-plugin moduleName did not match any paths pattern 
next-app-loader
2025-08-31T23:32:44.963Z next:jsconfig-paths-plugin moduleName did not match any paths pattern 
next-app-loader
2025-08-31T23:32:44.963Z next:jsconfig-paths-plugin moduleName did not match any paths pattern 
next-app-loader
2025-08-31T23:32:44.963Z next:jsconfig-paths-plugin moduleName did not match any paths pattern 
next-app-loader
2025-08-31T23:32:44.963Z next:jsconfig-paths-plugin moduleName did not match any paths pattern 
next-app-loader
2025-08-31T23:32:44.964Z next:jsconfig-paths-plugin moduleName did not match any paths pattern 
next-app-loader
2025-08-31T23:32:44.964Z next:jsconfig-paths-plugin moduleName did not match any paths pattern 
next-app-loader
2025-08-31T23:32:44.964Z next:jsconfig-paths-plugin moduleName did not match any paths pattern 
next-app-loader
2025-08-31T23:32:44.964Z next:jsconfig-paths-plugin moduleName did not match any paths pattern 
next-app-loader
2025-08-31T23:32:44.964Z next:jsconfig-paths-plugin moduleName did not match any paths pattern 
next-app-loader
2025-08-31T23:32:44.964Z next:jsconfig-paths-plugin moduleName did not match any paths pattern 
next-app-loader
2025-08-31T23:32:44.964Z next:jsconfig-paths-plugin moduleName did not match any paths pattern 
next-app-loader
2025-08-31T23:32:44.964Z next:jsconfig-paths-plugin moduleName did not match any paths pattern 
next-app-loader
2025-08-31T23:32:44.964Z next:jsconfig-paths-plugin moduleName did not match any paths pattern 
next-app-loader
2025-08-31T23:32:44.965Z next:jsconfig-paths-plugin moduleName did not match any paths pattern 
next-app-loader
2025-08-31T23:32:44.965Z next:jsconfig-paths-plugin moduleName did not match any paths pattern 
next-app-loader
2025-08-31T23:32:44.965Z next:jsconfig-paths-plugin moduleName did not match any paths pattern 
next-app-loader
2025-08-31T23:32:44.965Z next:jsconfig-paths-plugin moduleName did not match any paths pattern 
next-app-loader
2025-08-31T23:32:44.965Z next:jsconfig-paths-plugin moduleName did not match any paths pattern 
next-app-loader
2025-08-31T23:32:44.965Z next:jsconfig-paths-plugin moduleName did not match any paths pattern 
next-app-loader
2025-08-31T23:32:44.966Z next:jsconfig-paths-plugin moduleName did not match any paths pattern 
next-app-loader
2025-08-31T23:32:44.966Z next:jsconfig-paths-plugin moduleName did not match any paths pattern 
next-app-loader
2025-08-31T23:32:44.966Z next:jsconfig-paths-plugin moduleName did not match any paths pattern 
next-app-loader
2025-08-31T23:32:44.966Z next:jsconfig-paths-plugin moduleName did not match any paths pattern 
next-app-loader
2025-08-31T23:32:44.966Z next:jsconfig-paths-plugin moduleName did not match any paths pattern 
next-app-loader
2025-08-31T23:32:44.966Z next:jsconfig-paths-plugin moduleName did not match any paths pattern 
next-app-loader
2025-08-31T23:32:44.966Z next:jsconfig-paths-plugin moduleName did not match any paths pattern 
next-app-loader
2025-08-31T23:32:44.966Z next:jsconfig-paths-plugin moduleName did not match any paths pattern 
next-app-loader
2025-08-31T23:32:44.967Z next:jsconfig-paths-plugin moduleName did not match any paths pattern 
next-app-loader
2025-08-31T23:32:44.967Z next:jsconfig-paths-plugin moduleName did not match any paths pattern 
next-app-loader
2025-08-31T23:32:44.967Z next:jsconfig-paths-plugin moduleName did not match any paths pattern 
next-app-loader
2025-08-31T23:32:44.967Z next:jsconfig-paths-plugin moduleName did not match any paths pattern 
next-app-loader
2025-08-31T23:32:44.967Z next:jsconfig-paths-plugin moduleName did not match any paths pattern 
next-app-loader
2025-08-31T23:32:44.967Z next:jsconfig-paths-plugin moduleName did not match any paths pattern 
next-app-loader
2025-08-31T23:32:44.967Z next:jsconfig-paths-plugin moduleName did not match any paths pattern 
next-app-loader
2025-08-31T23:32:44.967Z next:jsconfig-paths-plugin moduleName did not match any paths pattern 
next-app-loader
2025-08-31T23:32:44.968Z next:jsconfig-paths-plugin moduleName did not match any paths pattern 
next-app-loader
2025-08-31T23:32:44.968Z next:jsconfig-paths-plugin moduleName did not match any paths pattern 
next-app-loader
2025-08-31T23:32:44.968Z next:jsconfig-paths-plugin moduleName did not match any paths pattern 
next-app-loader
2025-08-31T23:32:44.968Z next:jsconfig-paths-plugin moduleName did not match any paths pattern 
next-app-loader
2025-08-31T23:32:44.968Z next:jsconfig-paths-plugin moduleName did not match any paths pattern 
next-app-loader
2025-08-31T23:32:44.968Z next:jsconfig-paths-plugin moduleName did not match any paths pattern 
next-app-loader
2025-08-31T23:32:44.968Z next:jsconfig-paths-plugin moduleName did not match any paths pattern 
next-app-loader
2025-08-31T23:32:44.968Z next:jsconfig-paths-plugin moduleName did not match any paths pattern 
next-app-loader
2025-08-31T23:32:44.969Z next:jsconfig-paths-plugin moduleName did not match any paths pattern 
next-app-loader
2025-08-31T23:32:44.969Z next:jsconfig-paths-plugin moduleName did not match any paths pattern 
next-app-loader
2025-08-31T23:32:44.969Z next:jsconfig-paths-plugin moduleName did not match any paths pattern 
next-app-loader
2025-08-31T23:32:44.969Z next:jsconfig-paths-plugin moduleName did not match any paths pattern 
next-app-loader
2025-08-31T23:32:44.969Z next:jsconfig-paths-plugin moduleName did not match any paths pattern 
next-app-loader
2025-08-31T23:32:44.969Z next:jsconfig-paths-plugin moduleName did not match any paths pattern 
next-app-loader
2025-08-31T23:32:44.969Z next:jsconfig-paths-plugin moduleName did not match any paths pattern 
next-app-loader
2025-08-31T23:32:44.969Z next:jsconfig-paths-plugin moduleName did not match any paths pattern 
next-app-loader
2025-08-31T23:32:44.969Z next:jsconfig-paths-plugin moduleName did not match any paths pattern 
next-app-loader
2025-08-31T23:32:44.969Z next:jsconfig-paths-plugin moduleName did not match any paths pattern 
next-app-loader
2025-08-31T23:32:44.970Z next:jsconfig-paths-plugin moduleName did not match any paths pattern 
next-app-loader
2025-08-31T23:32:44.970Z next:jsconfig-paths-plugin moduleName did not match any paths pattern 
next-app-loader
2025-08-31T23:32:44.970Z next:jsconfig-paths-plugin moduleName did not match any paths pattern 
next-app-loader
2025-08-31T23:32:44.970Z next:jsconfig-paths-plugin moduleName did not match any paths pattern 
next-app-loader
2025-08-31T23:32:44.970Z next:jsconfig-paths-plugin moduleName did not match any paths pattern 
next-app-loader
2025-08-31T23:32:44.970Z next:jsconfig-paths-plugin moduleName did not match any paths pattern 
next-app-loader
2025-08-31T23:32:44.970Z next:jsconfig-paths-plugin moduleName did not match any paths pattern 
next-app-loader
2025-08-31T23:32:44.970Z next:jsconfig-paths-plugin moduleName did not match any paths pattern 
next-app-loader
2025-08-31T23:32:44.971Z next:jsconfig-paths-plugin moduleName did not match any paths pattern 
next-app-loader
2025-08-31T23:32:44.971Z next:jsconfig-paths-plugin moduleName did not match any paths pattern 
next-app-loader
2025-08-31T23:32:44.971Z next:jsconfig-paths-plugin moduleName did not match any paths pattern 
next-app-loader
2025-08-31T23:32:44.971Z next:jsconfig-paths-plugin moduleName did not match any paths pattern 
next-app-loader
2025-08-31T23:32:44.971Z next:jsconfig-paths-plugin moduleName did not match any paths pattern 
next-app-loader
2025-08-31T23:32:44.971Z next:jsconfig-paths-plugin moduleName did not match any paths pattern 
next-app-loader
2025-08-31T23:32:44.971Z next:jsconfig-paths-plugin moduleName did not match any paths pattern 
next-app-loader
2025-08-31T23:32:44.972Z next:jsconfig-paths-plugin moduleName did not match any paths pattern 
next-app-loader
2025-08-31T23:32:44.972Z next:jsconfig-paths-plugin moduleName did not match any paths pattern 
next-app-loader
2025-08-31T23:32:44.972Z next:jsconfig-paths-plugin moduleName did not match any paths pattern 
next-app-loader
2025-08-31T23:32:44.972Z next:jsconfig-paths-plugin moduleName did not match any paths pattern 
next-app-loader
2025-08-31T23:32:44.972Z next:jsconfig-paths-plugin moduleName did not match any paths pattern 
next-app-loader
2025-08-31T23:32:44.972Z next:jsconfig-paths-plugin moduleName did not match any paths pattern 
next-app-loader
2025-08-31T23:32:45.013Z next:jsconfig-paths-plugin moduleName did not match any paths pattern 
next-route-loader
2025-08-31T23:32:45.017Z next:jsconfig-paths-plugin moduleName did not match any paths pattern 
next-route-loader
2025-08-31T23:32:45.020Z next:jsconfig-paths-plugin moduleName did not match any paths pattern 
next-route-loader
2025-08-31T23:32:45.108Z next:jsconfig-paths-plugin moduleName did not match any paths pattern 
next-app-loader
2025-08-31T23:32:45.108Z next:jsconfig-paths-plugin moduleName did not match any paths pattern 
next-app-loader
2025-08-31T23:32:45.109Z next:jsconfig-paths-plugin moduleName did not match any paths pattern 
next-app-loader
2025-08-31T23:32:45.109Z next:jsconfig-paths-plugin moduleName did not match any paths pattern 
next-app-loader
2025-08-31T23:32:45.109Z next:jsconfig-paths-plugin moduleName did not match any paths pattern 
next-app-loader
2025-08-31T23:32:45.109Z next:jsconfig-paths-plugin moduleName did not match any paths pattern 
next-app-loader
2025-08-31T23:32:45.110Z next:jsconfig-paths-plugin moduleName did not match any paths pattern 
next-app-loader
2025-08-31T23:32:45.110Z next:jsconfig-paths-plugin moduleName did not match any paths pattern 
next-app-loader
2025-08-31T23:32:45.110Z next:jsconfig-paths-plugin moduleName did not match any paths pattern 
next-app-loader
2025-08-31T23:32:45.110Z next:jsconfig-paths-plugin moduleName did not match any paths pattern 
next-app-loader
2025-08-31T23:32:45.110Z next:jsconfig-paths-plugin moduleName did not match any paths pattern 
next-app-loader
2025-08-31T23:32:45.110Z next:jsconfig-paths-plugin moduleName did not match any paths pattern 
next-app-loader
2025-08-31T23:32:45.111Z next:jsconfig-paths-plugin moduleName did not match any paths pattern 
next-app-loader
2025-08-31T23:32:45.111Z next:jsconfig-paths-plugin moduleName did not match any paths pattern 
next-app-loader
2025-08-31T23:32:45.111Z next:jsconfig-paths-plugin moduleName did not match any paths pattern 
next-app-loader
2025-08-31T23:32:45.111Z next:jsconfig-paths-plugin moduleName did not match any paths pattern 
next-app-loader
2025-08-31T23:32:45.111Z next:jsconfig-paths-plugin moduleName did not match any paths pattern 
next-app-loader
2025-08-31T23:32:45.112Z next:jsconfig-paths-plugin moduleName did not match any paths pattern 
next-app-loader
2025-08-31T23:32:45.112Z next:jsconfig-paths-plugin moduleName did not match any paths pattern 
next-app-loader
2025-08-31T23:32:45.112Z next:jsconfig-paths-plugin moduleName did not match any paths pattern 
next-app-loader
2025-08-31T23:32:45.112Z next:jsconfig-paths-plugin moduleName did not match any paths pattern 
next-app-loader
2025-08-31T23:32:45.112Z next:jsconfig-paths-plugin moduleName did not match any paths pattern 
next-app-loader
2025-08-31T23:32:45.112Z next:jsconfig-paths-plugin moduleName did not match any paths pattern 
next-app-loader
2025-08-31T23:32:45.112Z next:jsconfig-paths-plugin moduleName did not match any paths pattern 
next-app-loader
2025-08-31T23:32:45.112Z next:jsconfig-paths-plugin moduleName did not match any paths pattern 
next-app-loader
2025-08-31T23:32:45.113Z next:jsconfig-paths-plugin moduleName did not match any paths pattern 
next-app-loader
2025-08-31T23:32:45.113Z next:jsconfig-paths-plugin moduleName did not match any paths pattern 
next-app-loader
2025-08-31T23:32:45.113Z next:jsconfig-paths-plugin moduleName did not match any paths pattern 
next-app-loader
2025-08-31T23:32:45.113Z next:jsconfig-paths-plugin moduleName did not match any paths pattern 
next-app-loader
2025-08-31T23:32:45.113Z next:jsconfig-paths-plugin moduleName did not match any paths pattern 
next-app-loader
2025-08-31T23:32:45.113Z next:jsconfig-paths-plugin moduleName did not match any paths pattern 
next-app-loader
2025-08-31T23:32:45.113Z next:jsconfig-paths-plugin moduleName did not match any paths pattern 
next-app-loader
2025-08-31T23:32:45.114Z next:jsconfig-paths-plugin moduleName did not match any paths pattern 
next-app-loader
2025-08-31T23:32:45.114Z next:jsconfig-paths-plugin moduleName did not match any paths pattern 
next-app-loader
2025-08-31T23:32:45.114Z next:jsconfig-paths-plugin moduleName did not match any paths pattern 
next-app-loader
2025-08-31T23:32:45.114Z next:jsconfig-paths-plugin moduleName did not match any paths pattern 
next-app-loader
2025-08-31T23:32:45.114Z next:jsconfig-paths-plugin moduleName did not match any paths pattern 
next-app-loader
2025-08-31T23:32:45.114Z next:jsconfig-paths-plugin moduleName did not match any paths pattern 
next-app-loader
2025-08-31T23:32:45.114Z next:jsconfig-paths-plugin moduleName did not match any paths pattern 
next-app-loader
2025-08-31T23:32:45.114Z next:jsconfig-paths-plugin moduleName did not match any paths pattern 
next-app-loader
2025-08-31T23:32:45.114Z next:jsconfig-paths-plugin moduleName did not match any paths pattern 
next-app-loader
2025-08-31T23:32:45.114Z next:jsconfig-paths-plugin moduleName did not match any paths pattern 
next-app-loader
2025-08-31T23:32:45.115Z next:jsconfig-paths-plugin moduleName did not match any paths pattern 
next-app-loader
2025-08-31T23:32:45.115Z next:jsconfig-paths-plugin moduleName did not match any paths pattern 
next-app-loader
2025-08-31T23:32:45.115Z next:jsconfig-paths-plugin moduleName did not match any paths pattern 
next-app-loader
2025-08-31T23:32:45.115Z next:jsconfig-paths-plugin moduleName did not match any paths pattern 
next-app-loader
2025-08-31T23:32:45.115Z next:jsconfig-paths-plugin moduleName did not match any paths pattern 
next-app-loader
2025-08-31T23:32:45.115Z next:jsconfig-paths-plugin moduleName did not match any paths pattern 
next-app-loader
2025-08-31T23:32:45.115Z next:jsconfig-paths-plugin moduleName did not match any paths pattern 
next-app-loader
2025-08-31T23:32:45.115Z next:jsconfig-paths-plugin moduleName did not match any paths pattern 
next-app-loader
2025-08-31T23:32:45.115Z next:jsconfig-paths-plugin moduleName did not match any paths pattern 
next-app-loader
2025-08-31T23:32:45.115Z next:jsconfig-paths-plugin moduleName did not match any paths pattern 
next-app-loader
2025-08-31T23:32:45.116Z next:jsconfig-paths-plugin moduleName did not match any paths pattern 
next-app-loader
2025-08-31T23:32:45.116Z next:jsconfig-paths-plugin moduleName did not match any paths pattern 
next-app-loader
2025-08-31T23:32:45.116Z next:jsconfig-paths-plugin moduleName did not match any paths pattern 
next-app-loader
2025-08-31T23:32:45.116Z next:jsconfig-paths-plugin moduleName did not match any paths pattern 
next-app-loader
2025-08-31T23:32:45.116Z next:jsconfig-paths-plugin moduleName did not match any paths pattern 
next-app-loader
2025-08-31T23:32:45.116Z next:jsconfig-paths-plugin moduleName did not match any paths pattern 
next-app-loader
2025-08-31T23:32:45.116Z next:jsconfig-paths-plugin moduleName did not match any paths pattern 
next-app-loader
2025-08-31T23:32:45.117Z next:jsconfig-paths-plugin moduleName did not match any paths pattern 
next-app-loader
2025-08-31T23:32:45.117Z next:jsconfig-paths-plugin moduleName did not match any paths pattern 
next-app-loader
2025-08-31T23:32:45.117Z next:jsconfig-paths-plugin moduleName did not match any paths pattern 
next-app-loader
2025-08-31T23:32:45.117Z next:jsconfig-paths-plugin moduleName did not match any paths pattern 
next-app-loader
2025-08-31T23:32:45.117Z next:jsconfig-paths-plugin moduleName did not match any paths pattern 
next-app-loader
2025-08-31T23:32:45.117Z next:jsconfig-paths-plugin moduleName did not match any paths pattern 
next-app-loader
2025-08-31T23:32:45.117Z next:jsconfig-paths-plugin moduleName did not match any paths pattern 
next-app-loader
2025-08-31T23:32:45.118Z next:jsconfig-paths-plugin moduleName did not match any paths pattern 
next-app-loader
2025-08-31T23:32:45.118Z next:jsconfig-paths-plugin moduleName did not match any paths pattern 
next-app-loader
2025-08-31T23:32:45.118Z next:jsconfig-paths-plugin moduleName did not match any paths pattern 
next-app-loader
2025-08-31T23:32:45.118Z next:jsconfig-paths-plugin moduleName did not match any paths pattern 
next-app-loader
2025-08-31T23:32:45.118Z next:jsconfig-paths-plugin moduleName did not match any paths pattern 
next-app-loader
2025-08-31T23:32:45.118Z next:jsconfig-paths-plugin moduleName did not match any paths pattern 
next-app-loader
2025-08-31T23:32:45.119Z next:jsconfig-paths-plugin moduleName did not match any paths pattern 
next-app-loader
2025-08-31T23:32:45.119Z next:jsconfig-paths-plugin moduleName did not match any paths pattern 
next-app-loader
2025-08-31T23:32:45.119Z next:jsconfig-paths-plugin moduleName did not match any paths pattern 
next-app-loader
2025-08-31T23:32:45.119Z next:jsconfig-paths-plugin moduleName did not match any paths pattern 
next-app-loader
2025-08-31T23:32:45.119Z next:jsconfig-paths-plugin moduleName did not match any paths pattern 
next-app-loader
2025-08-31T23:32:45.119Z next:jsconfig-paths-plugin moduleName did not match any paths pattern 
next-app-loader
2025-08-31T23:32:45.120Z next:jsconfig-paths-plugin moduleName did not match any paths pattern 
next-app-loader
2025-08-31T23:32:45.120Z next:jsconfig-paths-plugin moduleName did not match any paths pattern 
next-app-loader
2025-08-31T23:32:45.120Z next:jsconfig-paths-plugin moduleName did not match any paths pattern 
next-app-loader
2025-08-31T23:32:45.120Z next:jsconfig-paths-plugin moduleName did not match any paths pattern 
next-app-loader
2025-08-31T23:32:45.120Z next:jsconfig-paths-plugin moduleName did not match any paths pattern 
next-app-loader
2025-08-31T23:32:45.120Z next:jsconfig-paths-plugin moduleName did not match any paths pattern 
next-app-loader
2025-08-31T23:32:45.120Z next:jsconfig-paths-plugin moduleName did not match any paths pattern 
next-app-loader
2025-08-31T23:32:45.120Z next:jsconfig-paths-plugin moduleName did not match any paths pattern 
next-app-loader
2025-08-31T23:32:45.120Z next:jsconfig-paths-plugin moduleName did not match any paths pattern 
next-app-loader
2025-08-31T23:32:45.121Z next:jsconfig-paths-plugin moduleName did not match any paths pattern 
next-app-loader
2025-08-31T23:32:45.121Z next:jsconfig-paths-plugin moduleName did not match any paths pattern 
next-app-loader
2025-08-31T23:32:45.121Z next:jsconfig-paths-plugin moduleName did not match any paths pattern 
next-app-loader
2025-08-31T23:32:45.121Z next:jsconfig-paths-plugin moduleName did not match any paths pattern 
next-app-loader
2025-08-31T23:32:45.121Z next:jsconfig-paths-plugin moduleName did not match any paths pattern 
next-app-loader
2025-08-31T23:32:45.121Z next:jsconfig-paths-plugin moduleName did not match any paths pattern 
next-app-loader
2025-08-31T23:32:45.121Z next:jsconfig-paths-plugin moduleName did not match any paths pattern 
next-app-loader
2025-08-31T23:32:45.121Z next:jsconfig-paths-plugin moduleName did not match any paths pattern 
next-app-loader
2025-08-31T23:32:45.121Z next:jsconfig-paths-plugin moduleName did not match any paths pattern 
next-app-loader
2025-08-31T23:32:45.122Z next:jsconfig-paths-plugin moduleName did not match any paths pattern 
next-app-loader
2025-08-31T23:32:45.175Z next:jsconfig-paths-plugin moduleName did not match any paths pattern 
next-app-loader
2025-08-31T23:32:45.175Z next:jsconfig-paths-plugin moduleName did not match any paths pattern 
next-app-loader
2025-08-31T23:32:45.176Z next:jsconfig-paths-plugin moduleName did not match any paths pattern 
next-app-loader
2025-08-31T23:32:45.177Z next:jsconfig-paths-plugin moduleName did not match any paths pattern 
next-app-loader
2025-08-31T23:32:45.177Z next:jsconfig-paths-plugin moduleName did not match any paths pattern 
next-app-loader
2025-08-31T23:32:45.177Z next:jsconfig-paths-plugin moduleName did not match any paths pattern 
next-app-loader
2025-08-31T23:32:45.177Z next:jsconfig-paths-plugin moduleName did not match any paths pattern 
next-app-loader
2025-08-31T23:32:45.177Z next:jsconfig-paths-plugin moduleName did not match any paths pattern 
next-app-loader
2025-08-31T23:32:45.178Z next:jsconfig-paths-plugin moduleName did not match any paths pattern 
next-app-loader
2025-08-31T23:32:45.178Z next:jsconfig-paths-plugin moduleName did not match any paths pattern 
next-app-loader
2025-08-31T23:32:45.178Z next:jsconfig-paths-plugin moduleName did not match any paths pattern 
next-app-loader
2025-08-31T23:32:45.178Z next:jsconfig-paths-plugin moduleName did not match any paths pattern 
next-app-loader
2025-08-31T23:32:45.178Z next:jsconfig-paths-plugin moduleName did not match any paths pattern 
next-app-loader
2025-08-31T23:32:45.178Z next:jsconfig-paths-plugin moduleName did not match any paths pattern 
next-app-loader
2025-08-31T23:32:45.178Z next:jsconfig-paths-plugin moduleName did not match any paths pattern 
next-app-loader
2025-08-31T23:32:45.178Z next:jsconfig-paths-plugin moduleName did not match any paths pattern 
next-app-loader
2025-08-31T23:32:45.178Z next:jsconfig-paths-plugin moduleName did not match any paths pattern 
next-app-loader
2025-08-31T23:32:45.178Z next:jsconfig-paths-plugin moduleName did not match any paths pattern 
next-app-loader
2025-08-31T23:32:45.179Z next:jsconfig-paths-plugin moduleName did not match any paths pattern 
next-app-loader
2025-08-31T23:32:45.179Z next:jsconfig-paths-plugin moduleName did not match any paths pattern 
next-app-loader
2025-08-31T23:32:45.179Z next:jsconfig-paths-plugin moduleName did not match any paths pattern 
next-app-loader
2025-08-31T23:32:45.179Z next:jsconfig-paths-plugin moduleName did not match any paths pattern 
next-app-loader
2025-08-31T23:32:45.179Z next:jsconfig-paths-plugin moduleName did not match any paths pattern 
next-app-loader
2025-08-31T23:32:45.179Z next:jsconfig-paths-plugin moduleName did not match any paths pattern 
next-app-loader
2025-08-31T23:32:45.179Z next:jsconfig-paths-plugin moduleName did not match any paths pattern 
next-app-loader
2025-08-31T23:32:45.179Z next:jsconfig-paths-plugin moduleName did not match any paths pattern 
next-app-loader
2025-08-31T23:32:45.179Z next:jsconfig-paths-plugin moduleName did not match any paths pattern 
next-app-loader
2025-08-31T23:32:45.179Z next:jsconfig-paths-plugin moduleName did not match any paths pattern 
next-app-loader
2025-08-31T23:32:45.179Z next:jsconfig-paths-plugin moduleName did not match any paths pattern 
next-app-loader
2025-08-31T23:32:45.179Z next:jsconfig-paths-plugin moduleName did not match any paths pattern 
next-app-loader
2025-08-31T23:32:45.180Z next:jsconfig-paths-plugin moduleName did not match any paths pattern 
next-app-loader
2025-08-31T23:32:45.180Z next:jsconfig-paths-plugin moduleName did not match any paths pattern 
next-app-loader
2025-08-31T23:32:45.180Z next:jsconfig-paths-plugin moduleName did not match any paths pattern 
next-app-loader
2025-08-31T23:32:45.180Z next:jsconfig-paths-plugin moduleName did not match any paths pattern 
next-app-loader
2025-08-31T23:32:45.180Z next:jsconfig-paths-plugin moduleName did not match any paths pattern 
next-app-loader
2025-08-31T23:32:45.180Z next:jsconfig-paths-plugin moduleName did not match any paths pattern 
next-app-loader
2025-08-31T23:32:45.180Z next:jsconfig-paths-plugin moduleName did not match any paths pattern 
next-app-loader
2025-08-31T23:32:45.180Z next:jsconfig-paths-plugin moduleName did not match any paths pattern 
next-app-loader
2025-08-31T23:32:45.180Z next:jsconfig-paths-plugin moduleName did not match any paths pattern 
next-app-loader
2025-08-31T23:32:45.180Z next:jsconfig-paths-plugin moduleName did not match any paths pattern 
next-app-loader
2025-08-31T23:32:45.180Z next:jsconfig-paths-plugin moduleName did not match any paths pattern 
next-app-loader
2025-08-31T23:32:45.181Z next:jsconfig-paths-plugin moduleName did not match any paths pattern 
next-app-loader
2025-08-31T23:32:45.181Z next:jsconfig-paths-plugin moduleName did not match any paths pattern 
next-app-loader
2025-08-31T23:32:45.181Z next:jsconfig-paths-plugin moduleName did not match any paths pattern 
next-app-loader
2025-08-31T23:32:45.181Z next:jsconfig-paths-plugin moduleName did not match any paths pattern 
next-app-loader
2025-08-31T23:32:45.181Z next:jsconfig-paths-plugin moduleName did not match any paths pattern 
next-app-loader
2025-08-31T23:32:45.181Z next:jsconfig-paths-plugin moduleName did not match any paths pattern 
next-app-loader
2025-08-31T23:32:45.181Z next:jsconfig-paths-plugin moduleName did not match any paths pattern 
next-app-loader
2025-08-31T23:32:45.181Z next:jsconfig-paths-plugin moduleName did not match any paths pattern 
next-app-loader
2025-08-31T23:32:45.181Z next:jsconfig-paths-plugin moduleName did not match any paths pattern 
next-app-loader
2025-08-31T23:32:45.181Z next:jsconfig-paths-plugin moduleName did not match any paths pattern 
next-app-loader
2025-08-31T23:32:45.181Z next:jsconfig-paths-plugin moduleName did not match any paths pattern 
next-app-loader
2025-08-31T23:32:45.181Z next:jsconfig-paths-plugin moduleName did not match any paths pattern 
next-app-loader
2025-08-31T23:32:45.182Z next:jsconfig-paths-plugin moduleName did not match any paths pattern 
next-app-loader
2025-08-31T23:32:45.182Z next:jsconfig-paths-plugin moduleName did not match any paths pattern 
next-app-loader
2025-08-31T23:32:45.182Z next:jsconfig-paths-plugin moduleName did not match any paths pattern 
next-app-loader
2025-08-31T23:32:45.182Z next:jsconfig-paths-plugin moduleName did not match any paths pattern 
next-app-loader
2025-08-31T23:32:45.182Z next:jsconfig-paths-plugin moduleName did not match any paths pattern 
next-app-loader
2025-08-31T23:32:45.182Z next:jsconfig-paths-plugin moduleName did not match any paths pattern 
next-app-loader
2025-08-31T23:32:45.182Z next:jsconfig-paths-plugin moduleName did not match any paths pattern 
next-app-loader
2025-08-31T23:32:45.182Z next:jsconfig-paths-plugin moduleName did not match any paths pattern 
next-app-loader
2025-08-31T23:32:45.182Z next:jsconfig-paths-plugin moduleName did not match any paths pattern 
next-app-loader
2025-08-31T23:32:45.182Z next:jsconfig-paths-plugin moduleName did not match any paths pattern 
next-app-loader
2025-08-31T23:32:45.182Z next:jsconfig-paths-plugin moduleName did not match any paths pattern 
next-app-loader
2025-08-31T23:32:45.183Z next:jsconfig-paths-plugin moduleName did not match any paths pattern 
next-app-loader
2025-08-31T23:32:45.183Z next:jsconfig-paths-plugin moduleName did not match any paths pattern 
next-app-loader
2025-08-31T23:32:45.183Z next:jsconfig-paths-plugin moduleName did not match any paths pattern 
next-app-loader
2025-08-31T23:32:45.183Z next:jsconfig-paths-plugin moduleName did not match any paths pattern 
next-app-loader
2025-08-31T23:32:45.183Z next:jsconfig-paths-plugin moduleName did not match any paths pattern 
next-app-loader
2025-08-31T23:32:45.183Z next:jsconfig-paths-plugin moduleName did not match any paths pattern 
next-app-loader
2025-08-31T23:32:45.183Z next:jsconfig-paths-plugin moduleName did not match any paths pattern 
next-app-loader
2025-08-31T23:32:45.183Z next:jsconfig-paths-plugin moduleName did not match any paths pattern 
next-app-loader
2025-08-31T23:32:45.183Z next:jsconfig-paths-plugin moduleName did not match any paths pattern 
next-app-loader
2025-08-31T23:32:45.183Z next:jsconfig-paths-plugin moduleName did not match any paths pattern 
next-app-loader
2025-08-31T23:32:45.183Z next:jsconfig-paths-plugin moduleName did not match any paths pattern 
next-app-loader
2025-08-31T23:32:45.183Z next:jsconfig-paths-plugin moduleName did not match any paths pattern 
next-app-loader
2025-08-31T23:32:45.184Z next:jsconfig-paths-plugin moduleName did not match any paths pattern 
next-app-loader
2025-08-31T23:32:45.184Z next:jsconfig-paths-plugin moduleName did not match any paths pattern 
next-app-loader
2025-08-31T23:32:45.184Z next:jsconfig-paths-plugin moduleName did not match any paths pattern 
next-app-loader
2025-08-31T23:32:45.184Z next:jsconfig-paths-plugin moduleName did not match any paths pattern 
next-app-loader
2025-08-31T23:32:45.184Z next:jsconfig-paths-plugin moduleName did not match any paths pattern 
next-app-loader
2025-08-31T23:32:45.184Z next:jsconfig-paths-plugin moduleName did not match any paths pattern 
next-app-loader
2025-08-31T23:32:45.184Z next:jsconfig-paths-plugin moduleName did not match any paths pattern 
next-app-loader
2025-08-31T23:32:45.184Z next:jsconfig-paths-plugin moduleName did not match any paths pattern 
next-app-loader
2025-08-31T23:32:45.184Z next:jsconfig-paths-plugin moduleName did not match any paths pattern 
next-app-loader
2025-08-31T23:32:45.184Z next:jsconfig-paths-plugin moduleName did not match any paths pattern 
next-app-loader
2025-08-31T23:32:45.184Z next:jsconfig-paths-plugin moduleName did not match any paths pattern 
next-app-loader
2025-08-31T23:32:45.185Z next:jsconfig-paths-plugin moduleName did not match any paths pattern 
next-app-loader
2025-08-31T23:32:45.185Z next:jsconfig-paths-plugin moduleName did not match any paths pattern 
next-app-loader
2025-08-31T23:32:45.185Z next:jsconfig-paths-plugin moduleName did not match any paths pattern 
next-app-loader
2025-08-31T23:32:45.185Z next:jsconfig-paths-plugin moduleName did not match any paths pattern 
next-app-loader
2025-08-31T23:32:45.185Z next:jsconfig-paths-plugin moduleName did not match any paths pattern 
next-app-loader
2025-08-31T23:32:45.185Z next:jsconfig-paths-plugin moduleName did not match any paths pattern 
next-app-loader
2025-08-31T23:32:45.185Z next:jsconfig-paths-plugin moduleName did not match any paths pattern 
next-app-loader
2025-08-31T23:32:45.185Z next:jsconfig-paths-plugin moduleName did not match any paths pattern 
next-app-loader
2025-08-31T23:32:45.185Z next:jsconfig-paths-plugin moduleName did not match any paths pattern 
next-app-loader
2025-08-31T23:32:45.185Z next:jsconfig-paths-plugin moduleName did not match any paths pattern 
next-app-loader
2025-08-31T23:32:45.211Z next:jsconfig-paths-plugin moduleName did not match any paths pattern 
next-app-loader
2025-08-31T23:32:45.211Z next:jsconfig-paths-plugin moduleName did not match any paths pattern 
next-app-loader
2025-08-31T23:32:45.211Z next:jsconfig-paths-plugin moduleName did not match any paths pattern 
next-app-loader
2025-08-31T23:32:45.211Z next:jsconfig-paths-plugin moduleName did not match any paths pattern 
next-app-loader
2025-08-31T23:32:45.211Z next:jsconfig-paths-plugin moduleName did not match any paths pattern 
next-app-loader
2025-08-31T23:32:45.211Z next:jsconfig-paths-plugin moduleName did not match any paths pattern 
next-app-loader
2025-08-31T23:32:45.212Z next:jsconfig-paths-plugin moduleName did not match any paths pattern 
next-app-loader
2025-08-31T23:32:45.212Z next:jsconfig-paths-plugin moduleName did not match any paths pattern 
next-app-loader
2025-08-31T23:32:45.212Z next:jsconfig-paths-plugin moduleName did not match any paths pattern 
next-app-loader
2025-08-31T23:32:45.212Z next:jsconfig-paths-plugin moduleName did not match any paths pattern 
next-app-loader
2025-08-31T23:32:45.212Z next:jsconfig-paths-plugin moduleName did not match any paths pattern 
next-app-loader
2025-08-31T23:32:45.212Z next:jsconfig-paths-plugin moduleName did not match any paths pattern 
next-app-loader
2025-08-31T23:32:45.212Z next:jsconfig-paths-plugin moduleName did not match any paths pattern 
next-app-loader
2025-08-31T23:32:45.212Z next:jsconfig-paths-plugin moduleName did not match any paths pattern 
next-app-loader
2025-08-31T23:32:45.212Z next:jsconfig-paths-plugin moduleName did not match any paths pattern 
next-app-loader
2025-08-31T23:32:45.212Z next:jsconfig-paths-plugin moduleName did not match any paths pattern 
next-app-loader
2025-08-31T23:32:45.212Z next:jsconfig-paths-plugin moduleName did not match any paths pattern 
next-app-loader
2025-08-31T23:32:45.213Z next:jsconfig-paths-plugin moduleName did not match any paths pattern 
next-app-loader
2025-08-31T23:32:45.213Z next:jsconfig-paths-plugin moduleName did not match any paths pattern 
next-app-loader
2025-08-31T23:32:45.213Z next:jsconfig-paths-plugin moduleName did not match any paths pattern 
next-app-loader
2025-08-31T23:32:45.213Z next:jsconfig-paths-plugin moduleName did not match any paths pattern 
next-app-loader
2025-08-31T23:32:45.213Z next:jsconfig-paths-plugin moduleName did not match any paths pattern 
next-app-loader
2025-08-31T23:32:45.213Z next:jsconfig-paths-plugin moduleName did not match any paths pattern 
next-app-loader
2025-08-31T23:32:45.213Z next:jsconfig-paths-plugin moduleName did not match any paths pattern 
next-app-loader
2025-08-31T23:32:45.213Z next:jsconfig-paths-plugin moduleName did not match any paths pattern 
next-app-loader
2025-08-31T23:32:45.213Z next:jsconfig-paths-plugin moduleName did not match any paths pattern 
next-app-loader
2025-08-31T23:32:45.213Z next:jsconfig-paths-plugin moduleName did not match any paths pattern 
next-app-loader
2025-08-31T23:32:45.213Z next:jsconfig-paths-plugin moduleName did not match any paths pattern 
next-app-loader
2025-08-31T23:32:45.214Z next:jsconfig-paths-plugin moduleName did not match any paths pattern 
next-app-loader
2025-08-31T23:32:45.214Z next:jsconfig-paths-plugin moduleName did not match any paths pattern 
next-app-loader
2025-08-31T23:32:45.214Z next:jsconfig-paths-plugin moduleName did not match any paths pattern 
next-app-loader
2025-08-31T23:32:45.214Z next:jsconfig-paths-plugin moduleName did not match any paths pattern 
next-app-loader
2025-08-31T23:32:45.214Z next:jsconfig-paths-plugin moduleName did not match any paths pattern 
next-app-loader
2025-08-31T23:32:45.214Z next:jsconfig-paths-plugin moduleName did not match any paths pattern 
next-app-loader
2025-08-31T23:32:45.214Z next:jsconfig-paths-plugin moduleName did not match any paths pattern 
next-app-loader
2025-08-31T23:32:45.214Z next:jsconfig-paths-plugin moduleName did not match any paths pattern 
next-app-loader
2025-08-31T23:32:45.214Z next:jsconfig-paths-plugin moduleName did not match any paths pattern 
next-app-loader
2025-08-31T23:32:45.214Z next:jsconfig-paths-plugin moduleName did not match any paths pattern 
next-app-loader
2025-08-31T23:32:45.214Z next:jsconfig-paths-plugin moduleName did not match any paths pattern 
next-app-loader
2025-08-31T23:32:45.214Z next:jsconfig-paths-plugin moduleName did not match any paths pattern 
next-app-loader
2025-08-31T23:32:45.215Z next:jsconfig-paths-plugin moduleName did not match any paths pattern 
next-app-loader
2025-08-31T23:32:45.215Z next:jsconfig-paths-plugin moduleName did not match any paths pattern 
next-app-loader
2025-08-31T23:32:45.215Z next:jsconfig-paths-plugin moduleName did not match any paths pattern 
next-app-loader
2025-08-31T23:32:45.215Z next:jsconfig-paths-plugin moduleName did not match any paths pattern 
next-app-loader
2025-08-31T23:32:45.215Z next:jsconfig-paths-plugin moduleName did not match any paths pattern 
next-app-loader
2025-08-31T23:32:45.215Z next:jsconfig-paths-plugin moduleName did not match any paths pattern 
next-app-loader
2025-08-31T23:32:45.215Z next:jsconfig-paths-plugin moduleName did not match any paths pattern 
next-app-loader
2025-08-31T23:32:45.215Z next:jsconfig-paths-plugin moduleName did not match any paths pattern 
next-app-loader
2025-08-31T23:32:45.215Z next:jsconfig-paths-plugin moduleName did not match any paths pattern 
next-app-loader
2025-08-31T23:32:45.215Z next:jsconfig-paths-plugin moduleName did not match any paths pattern 
next-app-loader
2025-08-31T23:32:45.215Z next:jsconfig-paths-plugin moduleName did not match any paths pattern 
next-app-loader
2025-08-31T23:32:45.216Z next:jsconfig-paths-plugin moduleName did not match any paths pattern 
next-app-loader
2025-08-31T23:32:45.216Z next:jsconfig-paths-plugin moduleName did not match any paths pattern 
next-app-loader
2025-08-31T23:32:45.216Z next:jsconfig-paths-plugin moduleName did not match any paths pattern 
next-app-loader
2025-08-31T23:32:45.216Z next:jsconfig-paths-plugin moduleName did not match any paths pattern 
next-app-loader
2025-08-31T23:32:45.216Z next:jsconfig-paths-plugin moduleName did not match any paths pattern 
next-app-loader
2025-08-31T23:32:45.216Z next:jsconfig-paths-plugin moduleName did not match any paths pattern 
next-app-loader
2025-08-31T23:32:45.216Z next:jsconfig-paths-plugin moduleName did not match any paths pattern 
next-app-loader
2025-08-31T23:32:45.216Z next:jsconfig-paths-plugin moduleName did not match any paths pattern 
next-app-loader
2025-08-31T23:32:45.216Z next:jsconfig-paths-plugin moduleName did not match any paths pattern 
next-app-loader
2025-08-31T23:32:45.216Z next:jsconfig-paths-plugin moduleName did not match any paths pattern 
next-app-loader
2025-08-31T23:32:45.216Z next:jsconfig-paths-plugin moduleName did not match any paths pattern 
next-app-loader
2025-08-31T23:32:45.216Z next:jsconfig-paths-plugin moduleName did not match any paths pattern 
next-app-loader
2025-08-31T23:32:45.216Z next:jsconfig-paths-plugin moduleName did not match any paths pattern 
next-app-loader
2025-08-31T23:32:45.217Z next:jsconfig-paths-plugin moduleName did not match any paths pattern 
next-app-loader
2025-08-31T23:32:45.217Z next:jsconfig-paths-plugin moduleName did not match any paths pattern 
next-app-loader
2025-08-31T23:32:45.217Z next:jsconfig-paths-plugin moduleName did not match any paths pattern 
next-app-loader
2025-08-31T23:32:45.217Z next:jsconfig-paths-plugin moduleName did not match any paths pattern 
next-app-loader
2025-08-31T23:32:45.217Z next:jsconfig-paths-plugin moduleName did not match any paths pattern 
next-app-loader
2025-08-31T23:32:45.217Z next:jsconfig-paths-plugin moduleName did not match any paths pattern 
next-app-loader
2025-08-31T23:32:45.217Z next:jsconfig-paths-plugin moduleName did not match any paths pattern 
next-app-loader
2025-08-31T23:32:45.217Z next:jsconfig-paths-plugin moduleName did not match any paths pattern 
next-app-loader
2025-08-31T23:32:45.217Z next:jsconfig-paths-plugin moduleName did not match any paths pattern 
next-app-loader
2025-08-31T23:32:45.217Z next:jsconfig-paths-plugin moduleName did not match any paths pattern 
next-app-loader
2025-08-31T23:32:45.217Z next:jsconfig-paths-plugin moduleName did not match any paths pattern 
next-app-loader
2025-08-31T23:32:45.217Z next:jsconfig-paths-plugin moduleName did not match any paths pattern 
next-app-loader
2025-08-31T23:32:45.218Z next:jsconfig-paths-plugin moduleName did not match any paths pattern 
next-app-loader
2025-08-31T23:32:45.218Z next:jsconfig-paths-plugin moduleName did not match any paths pattern 
next-app-loader
2025-08-31T23:32:45.218Z next:jsconfig-paths-plugin moduleName did not match any paths pattern 
next-app-loader
2025-08-31T23:32:45.218Z next:jsconfig-paths-plugin moduleName did not match any paths pattern 
next-app-loader
2025-08-31T23:32:45.218Z next:jsconfig-paths-plugin moduleName did not match any paths pattern 
next-app-loader
2025-08-31T23:32:45.218Z next:jsconfig-paths-plugin moduleName did not match any paths pattern 
next-app-loader
2025-08-31T23:32:45.218Z next:jsconfig-paths-plugin moduleName did not match any paths pattern 
next-app-loader
2025-08-31T23:32:45.218Z next:jsconfig-paths-plugin moduleName did not match any paths pattern 
next-app-loader
2025-08-31T23:32:45.218Z next:jsconfig-paths-plugin moduleName did not match any paths pattern 
next-app-loader
2025-08-31T23:32:45.218Z next:jsconfig-paths-plugin moduleName did not match any paths pattern 
next-app-loader
2025-08-31T23:32:45.218Z next:jsconfig-paths-plugin moduleName did not match any paths pattern 
next-app-loader
2025-08-31T23:32:45.218Z next:jsconfig-paths-plugin moduleName did not match any paths pattern 
next-app-loader
2025-08-31T23:32:45.219Z next:jsconfig-paths-plugin moduleName did not match any paths pattern 
next-app-loader
2025-08-31T23:32:45.219Z next:jsconfig-paths-plugin moduleName did not match any paths pattern 
next-app-loader
2025-08-31T23:32:45.219Z next:jsconfig-paths-plugin moduleName did not match any paths pattern 
next-app-loader
2025-08-31T23:32:45.219Z next:jsconfig-paths-plugin moduleName did not match any paths pattern 
next-app-loader
2025-08-31T23:32:45.219Z next:jsconfig-paths-plugin moduleName did not match any paths pattern 
next-app-loader
2025-08-31T23:32:45.219Z next:jsconfig-paths-plugin moduleName did not match any paths pattern 
next-app-loader
2025-08-31T23:32:45.219Z next:jsconfig-paths-plugin moduleName did not match any paths pattern 
next-app-loader
2025-08-31T23:32:45.219Z next:jsconfig-paths-plugin moduleName did not match any paths pattern 
next-app-loader
2025-08-31T23:32:45.219Z next:jsconfig-paths-plugin moduleName did not match any paths pattern 
next-app-loader
2025-08-31T23:32:47.523Z next:jsconfig-paths-plugin moduleName did not match any paths pattern 
next-app-loader
2025-08-31T23:32:47.525Z next:jsconfig-paths-plugin moduleName did not match any paths pattern 
next-app-loader
2025-08-31T23:32:47.526Z next:jsconfig-paths-plugin moduleName did not match any paths pattern 
next-app-loader
2025-08-31T23:32:47.526Z next:jsconfig-paths-plugin moduleName did not match any paths pattern 
next-app-loader
2025-08-31T23:32:47.527Z next:jsconfig-paths-plugin moduleName did not match any paths pattern 
next-app-loader
2025-08-31T23:32:47.527Z next:jsconfig-paths-plugin moduleName did not match any paths pattern 
next-app-loader
2025-08-31T23:32:47.528Z next:jsconfig-paths-plugin moduleName did not match any paths pattern 
next-app-loader
2025-08-31T23:32:47.528Z next:jsconfig-paths-plugin moduleName did not match any paths pattern 
next-app-loader
2025-08-31T23:32:47.528Z next:jsconfig-paths-plugin moduleName did not match any paths pattern 
next-app-loader
2025-08-31T23:32:47.529Z next:jsconfig-paths-plugin moduleName did not match any paths pattern 
next-app-loader
2025-08-31T23:32:47.529Z next:jsconfig-paths-plugin moduleName did not match any paths pattern 
next-app-loader
2025-08-31T23:32:47.529Z next:jsconfig-paths-plugin moduleName did not match any paths pattern 
next-app-loader
2025-08-31T23:32:47.530Z next:jsconfig-paths-plugin moduleName did not match any paths pattern 
next-app-loader
2025-08-31T23:32:47.530Z next:jsconfig-paths-plugin moduleName did not match any paths pattern 
next-app-loader
2025-08-31T23:32:47.530Z next:jsconfig-paths-plugin moduleName did not match any paths pattern 
next-app-loader
2025-08-31T23:32:47.531Z next:jsconfig-paths-plugin moduleName did not match any paths pattern 
next-app-loader
2025-08-31T23:32:47.531Z next:jsconfig-paths-plugin moduleName did not match any paths pattern 
next-app-loader
2025-08-31T23:32:47.531Z next:jsconfig-paths-plugin moduleName did not match any paths pattern 
next-app-loader
2025-08-31T23:32:47.532Z next:jsconfig-paths-plugin moduleName did not match any paths pattern 
next-app-loader
2025-08-31T23:32:47.532Z next:jsconfig-paths-plugin moduleName did not match any paths pattern 
next-app-loader
2025-08-31T23:32:47.534Z next:jsconfig-paths-plugin moduleName did not match any paths pattern 
next-app-loader
2025-08-31T23:32:47.535Z next:jsconfig-paths-plugin moduleName did not match any paths pattern 
next-app-loader
2025-08-31T23:32:47.535Z next:jsconfig-paths-plugin moduleName did not match any paths pattern 
next-app-loader
2025-08-31T23:32:47.536Z next:jsconfig-paths-plugin moduleName did not match any paths pattern 
next-app-loader
2025-08-31T23:32:47.536Z next:jsconfig-paths-plugin moduleName did not match any paths pattern 
next-app-loader
2025-08-31T23:32:47.536Z next:jsconfig-paths-plugin moduleName did not match any paths pattern 
next-app-loader
2025-08-31T23:32:47.536Z next:jsconfig-paths-plugin moduleName did not match any paths pattern 
next-app-loader
2025-08-31T23:32:47.537Z next:jsconfig-paths-plugin moduleName did not match any paths pattern 
next-app-loader
2025-08-31T23:32:47.537Z next:jsconfig-paths-plugin moduleName did not match any paths pattern 
next-app-loader
2025-08-31T23:32:47.538Z next:jsconfig-paths-plugin moduleName did not match any paths pattern 
next-app-loader
2025-08-31T23:32:47.539Z next:jsconfig-paths-plugin moduleName did not match any paths pattern 
next-app-loader
2025-08-31T23:32:47.539Z next:jsconfig-paths-plugin moduleName did not match any paths pattern 
next-app-loader
2025-08-31T23:32:47.540Z next:jsconfig-paths-plugin moduleName did not match any paths pattern 
next-app-loader
2025-08-31T23:32:47.542Z next:jsconfig-paths-plugin moduleName did not match any paths pattern 
next-app-loader
2025-08-31T23:32:47.543Z next:jsconfig-paths-plugin moduleName did not match any paths pattern 
next-app-loader
2025-08-31T23:32:47.544Z next:jsconfig-paths-plugin moduleName did not match any paths pattern 
next-app-loader
2025-08-31T23:32:47.544Z next:jsconfig-paths-plugin moduleName did not match any paths pattern 
next-app-loader
2025-08-31T23:32:47.545Z next:jsconfig-paths-plugin moduleName did not match any paths pattern 
next-app-loader
2025-08-31T23:32:47.545Z next:jsconfig-paths-plugin moduleName did not match any paths pattern 
next-app-loader
2025-08-31T23:32:47.546Z next:jsconfig-paths-plugin moduleName did not match any paths pattern 
next-app-loader
2025-08-31T23:32:47.546Z next:jsconfig-paths-plugin moduleName did not match any paths pattern 
next-app-loader
2025-08-31T23:32:47.546Z next:jsconfig-paths-plugin moduleName did not match any paths pattern 
next-app-loader
2025-08-31T23:32:47.547Z next:jsconfig-paths-plugin moduleName did not match any paths pattern 
next-app-loader
2025-08-31T23:32:47.548Z next:jsconfig-paths-plugin moduleName did not match any paths pattern 
next-app-loader
2025-08-31T23:32:47.548Z next:jsconfig-paths-plugin moduleName did not match any paths pattern 
next-app-loader
2025-08-31T23:32:47.549Z next:jsconfig-paths-plugin moduleName did not match any paths pattern 
next-app-loader
2025-08-31T23:32:47.549Z next:jsconfig-paths-plugin moduleName did not match any paths pattern 
next-app-loader
2025-08-31T23:32:47.549Z next:jsconfig-paths-plugin moduleName did not match any paths pattern 
next-app-loader
2025-08-31T23:32:47.550Z next:jsconfig-paths-plugin moduleName did not match any paths pattern 
next-app-loader
2025-08-31T23:32:47.550Z next:jsconfig-paths-plugin moduleName did not match any paths pattern 
next-app-loader
2025-08-31T23:32:47.550Z next:jsconfig-paths-plugin moduleName did not match any paths pattern 
next-app-loader
2025-08-31T23:32:47.550Z next:jsconfig-paths-plugin moduleName did not match any paths pattern 
next-app-loader
2025-08-31T23:32:47.551Z next:jsconfig-paths-plugin moduleName did not match any paths pattern 
next-app-loader
2025-08-31T23:32:47.551Z next:jsconfig-paths-plugin moduleName did not match any paths pattern 
next-app-loader
2025-08-31T23:32:47.551Z next:jsconfig-paths-plugin moduleName did not match any paths pattern 
next-app-loader
2025-08-31T23:32:47.551Z next:jsconfig-paths-plugin moduleName did not match any paths pattern 
next-app-loader
2025-08-31T23:32:47.551Z next:jsconfig-paths-plugin moduleName did not match any paths pattern 
next-app-loader
2025-08-31T23:32:47.551Z next:jsconfig-paths-plugin moduleName did not match any paths pattern 
next-app-loader
2025-08-31T23:32:47.552Z next:jsconfig-paths-plugin moduleName did not match any paths pattern 
next-app-loader
2025-08-31T23:32:47.552Z next:jsconfig-paths-plugin moduleName did not match any paths pattern 
next-app-loader
2025-08-31T23:32:47.552Z next:jsconfig-paths-plugin moduleName did not match any paths pattern 
next-app-loader
2025-08-31T23:32:47.552Z next:jsconfig-paths-plugin moduleName did not match any paths pattern 
next-app-loader
2025-08-31T23:32:47.552Z next:jsconfig-paths-plugin moduleName did not match any paths pattern 
next-app-loader
2025-08-31T23:32:47.552Z next:jsconfig-paths-plugin moduleName did not match any paths pattern 
next-app-loader
2025-08-31T23:32:47.552Z next:jsconfig-paths-plugin moduleName did not match any paths pattern 
next-app-loader
2025-08-31T23:32:47.568Z next:jsconfig-paths-plugin moduleName did not match any paths pattern 
next-app-loader
2025-08-31T23:32:47.569Z next:jsconfig-paths-plugin moduleName did not match any paths pattern 
next-app-loader
2025-08-31T23:32:47.569Z next:jsconfig-paths-plugin moduleName did not match any paths pattern 
next-app-loader
2025-08-31T23:32:47.570Z next:jsconfig-paths-plugin moduleName did not match any paths pattern 
next-app-loader
2025-08-31T23:32:47.570Z next:jsconfig-paths-plugin moduleName did not match any paths pattern 
next-app-loader
2025-08-31T23:32:47.570Z next:jsconfig-paths-plugin moduleName did not match any paths pattern 
next-app-loader
2025-08-31T23:32:47.571Z next:jsconfig-paths-plugin moduleName did not match any paths pattern 
next-app-loader
2025-08-31T23:32:47.571Z next:jsconfig-paths-plugin moduleName did not match any paths pattern 
next-app-loader
2025-08-31T23:32:47.572Z next:jsconfig-paths-plugin moduleName did not match any paths pattern 
next-app-loader
2025-08-31T23:32:47.573Z next:jsconfig-paths-plugin moduleName did not match any paths pattern 
next-app-loader
2025-08-31T23:32:47.574Z next:jsconfig-paths-plugin moduleName did not match any paths pattern 
next-app-loader
2025-08-31T23:32:47.575Z next:jsconfig-paths-plugin moduleName did not match any paths pattern 
next-app-loader
2025-08-31T23:32:47.575Z next:jsconfig-paths-plugin moduleName did not match any paths pattern 
next-app-loader
2025-08-31T23:32:47.575Z next:jsconfig-paths-plugin moduleName did not match any paths pattern 
next-app-loader
2025-08-31T23:32:47.576Z next:jsconfig-paths-plugin moduleName did not match any paths pattern 
next-app-loader
2025-08-31T23:32:47.576Z next:jsconfig-paths-plugin moduleName did not match any paths pattern 
next-app-loader
2025-08-31T23:32:47.577Z next:jsconfig-paths-plugin moduleName did not match any paths pattern 
next-app-loader
2025-08-31T23:32:47.578Z next:jsconfig-paths-plugin moduleName did not match any paths pattern 
next-app-loader
2025-08-31T23:32:47.585Z next:jsconfig-paths-plugin moduleName did not match any paths pattern 
next-app-loader
2025-08-31T23:32:47.604Z next:jsconfig-paths-plugin moduleName did not match any paths pattern 
next-app-loader
2025-08-31T23:32:47.604Z next:jsconfig-paths-plugin moduleName did not match any paths pattern 
next-app-loader
2025-08-31T23:32:47.604Z next:jsconfig-paths-plugin moduleName did not match any paths pattern 
next-app-loader
2025-08-31T23:32:47.604Z next:jsconfig-paths-plugin moduleName did not match any paths pattern 
next-app-loader
2025-08-31T23:32:47.605Z next:jsconfig-paths-plugin moduleName did not match any paths pattern 
next-app-loader
2025-08-31T23:32:47.605Z next:jsconfig-paths-plugin moduleName did not match any paths pattern 
next-app-loader
2025-08-31T23:32:47.605Z next:jsconfig-paths-plugin moduleName did not match any paths pattern 
next-app-loader
2025-08-31T23:32:47.605Z next:jsconfig-paths-plugin moduleName did not match any paths pattern 
next-app-loader
2025-08-31T23:32:47.605Z next:jsconfig-paths-plugin moduleName did not match any paths pattern 
next-app-loader
2025-08-31T23:32:47.608Z next:jsconfig-paths-plugin moduleName did not match any paths pattern 
next-app-loader
2025-08-31T23:32:47.608Z next:jsconfig-paths-plugin moduleName did not match any paths pattern 
next-app-loader
2025-08-31T23:32:47.609Z next:jsconfig-paths-plugin moduleName did not match any paths pattern 
next-app-loader
2025-08-31T23:32:47.612Z next:jsconfig-paths-plugin moduleName did not match any paths pattern 
next-app-loader
2025-08-31T23:32:47.613Z next:jsconfig-paths-plugin moduleName did not match any paths pattern 
next-app-loader
2025-08-31T23:32:47.613Z next:jsconfig-paths-plugin moduleName did not match any paths pattern 
next-app-loader
2025-08-31T23:32:47.614Z next:jsconfig-paths-plugin moduleName did not match any paths pattern 
next-app-loader
2025-08-31T23:32:47.614Z next:jsconfig-paths-plugin moduleName did not match any paths pattern 
next-app-loader
2025-08-31T23:32:47.614Z next:jsconfig-paths-plugin moduleName did not match any paths pattern 
next-app-loader
2025-08-31T23:32:47.614Z next:jsconfig-paths-plugin moduleName did not match any paths pattern 
next-app-loader
2025-08-31T23:32:47.614Z next:jsconfig-paths-plugin moduleName did not match any paths pattern 
next-app-loader
2025-08-31T23:32:47.614Z next:jsconfig-paths-plugin moduleName did not match any paths pattern 
next-app-loader
2025-08-31T23:32:47.614Z next:jsconfig-paths-plugin moduleName did not match any paths pattern 
next-app-loader
2025-08-31T23:32:47.615Z next:jsconfig-paths-plugin moduleName did not match any paths pattern 
next-app-loader
2025-08-31T23:32:47.615Z next:jsconfig-paths-plugin moduleName did not match any paths pattern 
next-app-loader
2025-08-31T23:32:47.615Z next:jsconfig-paths-plugin moduleName did not match any paths pattern 
next-app-loader
2025-08-31T23:32:47.615Z next:jsconfig-paths-plugin moduleName did not match any paths pattern 
next-app-loader
2025-08-31T23:32:47.615Z next:jsconfig-paths-plugin moduleName did not match any paths pattern 
next-app-loader
2025-08-31T23:32:47.615Z next:jsconfig-paths-plugin moduleName did not match any paths pattern 
next-app-loader
2025-08-31T23:32:47.615Z next:jsconfig-paths-plugin moduleName did not match any paths pattern 
next-app-loader
2025-08-31T23:32:47.616Z next:jsconfig-paths-plugin moduleName did not match any paths pattern 
next-app-loader
2025-08-31T23:32:47.616Z next:jsconfig-paths-plugin moduleName did not match any paths pattern 
next-app-loader
2025-08-31T23:32:47.616Z next:jsconfig-paths-plugin moduleName did not match any paths pattern 
next-app-loader
2025-08-31T23:32:47.616Z next:jsconfig-paths-plugin moduleName did not match any paths pattern 
next-app-loader
2025-08-31T23:32:47.617Z next:jsconfig-paths-plugin moduleName did not match any paths pattern 
next-app-loader
2025-08-31T23:32:47.617Z next:jsconfig-paths-plugin moduleName did not match any paths pattern 
next-app-loader
2025-08-31T23:32:47.617Z next:jsconfig-paths-plugin moduleName did not match any paths pattern 
next-app-loader
2025-08-31T23:32:47.620Z next:jsconfig-paths-plugin moduleName did not match any paths pattern 
next-app-loader
2025-08-31T23:32:47.621Z next:jsconfig-paths-plugin moduleName did not match any paths pattern 
next-app-loader
2025-08-31T23:32:47.621Z next:jsconfig-paths-plugin moduleName did not match any paths pattern 
next-app-loader
2025-08-31T23:32:47.621Z next:jsconfig-paths-plugin moduleName did not match any paths pattern 
next-app-loader
2025-08-31T23:32:47.622Z next:jsconfig-paths-plugin moduleName did not match any paths pattern 
next-app-loader
2025-08-31T23:32:47.622Z next:jsconfig-paths-plugin moduleName did not match any paths pattern 
next-app-loader
2025-08-31T23:32:47.622Z next:jsconfig-paths-plugin moduleName did not match any paths pattern 
next-app-loader
2025-08-31T23:32:47.622Z next:jsconfig-paths-plugin moduleName did not match any paths pattern 
next-app-loader
2025-08-31T23:32:47.622Z next:jsconfig-paths-plugin moduleName did not match any paths pattern 
next-app-loader
2025-08-31T23:32:47.623Z next:jsconfig-paths-plugin moduleName did not match any paths pattern 
next-app-loader
2025-08-31T23:32:47.623Z next:jsconfig-paths-plugin moduleName did not match any paths pattern 
next-app-loader
2025-08-31T23:32:47.623Z next:jsconfig-paths-plugin moduleName did not match any paths pattern 
next-app-loader
2025-08-31T23:32:47.624Z next:jsconfig-paths-plugin moduleName did not match any paths pattern 
next-app-loader
2025-08-31T23:32:47.624Z next:jsconfig-paths-plugin moduleName did not match any paths pattern 
next-app-loader
2025-08-31T23:32:47.624Z next:jsconfig-paths-plugin moduleName did not match any paths pattern 
next-app-loader
2025-08-31T23:32:47.624Z next:jsconfig-paths-plugin moduleName did not match any paths pattern 
next-app-loader
2025-08-31T23:32:47.624Z next:jsconfig-paths-plugin moduleName did not match any paths pattern 
next-app-loader
2025-08-31T23:32:47.624Z next:jsconfig-paths-plugin moduleName did not match any paths pattern 
next-app-loader
2025-08-31T23:32:47.624Z next:jsconfig-paths-plugin moduleName did not match any paths pattern 
next-app-loader
2025-08-31T23:32:47.625Z next:jsconfig-paths-plugin moduleName did not match any paths pattern 
next-app-loader
2025-08-31T23:32:47.625Z next:jsconfig-paths-plugin moduleName did not match any paths pattern 
next-app-loader
2025-08-31T23:32:47.625Z next:jsconfig-paths-plugin moduleName did not match any paths pattern 
next-app-loader
2025-08-31T23:32:47.625Z next:jsconfig-paths-plugin moduleName did not match any paths pattern 
next-app-loader
2025-08-31T23:32:47.625Z next:jsconfig-paths-plugin moduleName did not match any paths pattern 
next-app-loader
2025-08-31T23:32:47.626Z next:jsconfig-paths-plugin moduleName did not match any paths pattern 
next-app-loader
2025-08-31T23:32:47.626Z next:jsconfig-paths-plugin moduleName did not match any paths pattern 
next-app-loader
2025-08-31T23:32:47.626Z next:jsconfig-paths-plugin moduleName did not match any paths pattern 
next-app-loader
2025-08-31T23:32:47.626Z next:jsconfig-paths-plugin moduleName did not match any paths pattern 
next-app-loader
2025-08-31T23:32:47.626Z next:jsconfig-paths-plugin moduleName did not match any paths pattern 
next-app-loader
2025-08-31T23:32:47.626Z next:jsconfig-paths-plugin moduleName did not match any paths pattern 
next-app-loader
2025-08-31T23:32:47.627Z next:jsconfig-paths-plugin moduleName did not match any paths pattern 
next-app-loader
2025-08-31T23:32:47.627Z next:jsconfig-paths-plugin moduleName did not match any paths pattern 
next-app-loader
2025-08-31T23:32:47.627Z next:jsconfig-paths-plugin moduleName did not match any paths pattern 
next-app-loader
2025-08-31T23:32:47.628Z next:jsconfig-paths-plugin moduleName did not match any paths pattern 
next-app-loader
2025-08-31T23:32:47.628Z next:jsconfig-paths-plugin moduleName did not match any paths pattern 
next-app-loader
2025-08-31T23:32:47.629Z next:jsconfig-paths-plugin moduleName did not match any paths pattern 
next-app-loader
2025-08-31T23:32:47.629Z next:jsconfig-paths-plugin moduleName did not match any paths pattern 
next-app-loader
2025-08-31T23:32:47.629Z next:jsconfig-paths-plugin moduleName did not match any paths pattern 
next-app-loader
2025-08-31T23:32:47.629Z next:jsconfig-paths-plugin moduleName did not match any paths pattern 
next-app-loader
2025-08-31T23:32:47.629Z next:jsconfig-paths-plugin moduleName did not match any paths pattern 
next-app-loader
2025-08-31T23:32:47.629Z next:jsconfig-paths-plugin moduleName did not match any paths pattern 
next-app-loader
2025-08-31T23:32:47.630Z next:jsconfig-paths-plugin moduleName did not match any paths pattern 
next-app-loader
2025-08-31T23:32:47.630Z next:jsconfig-paths-plugin moduleName did not match any paths pattern 
next-app-loader
2025-08-31T23:32:47.630Z next:jsconfig-paths-plugin moduleName did not match any paths pattern 
next-app-loader
2025-08-31T23:32:47.630Z next:jsconfig-paths-plugin moduleName did not match any paths pattern 
next-app-loader
2025-08-31T23:32:47.630Z next:jsconfig-paths-plugin moduleName did not match any paths pattern 
next-app-loader
2025-08-31T23:32:47.630Z next:jsconfig-paths-plugin moduleName did not match any paths pattern 
next-app-loader
2025-08-31T23:32:47.631Z next:jsconfig-paths-plugin moduleName did not match any paths pattern 
next-app-loader
2025-08-31T23:32:47.673Z next:jsconfig-paths-plugin moduleName did not match any paths pattern 
next-app-loader
2025-08-31T23:32:47.674Z next:jsconfig-paths-plugin moduleName did not match any paths pattern 
next-app-loader
2025-08-31T23:32:47.676Z next:jsconfig-paths-plugin moduleName did not match any paths pattern 
next-app-loader
2025-08-31T23:32:47.677Z next:jsconfig-paths-plugin moduleName did not match any paths pattern 
next-app-loader
2025-08-31T23:32:47.677Z next:jsconfig-paths-plugin moduleName did not match any paths pattern 
next-app-loader
2025-08-31T23:32:47.678Z next:jsconfig-paths-plugin moduleName did not match any paths pattern 
next-app-loader
2025-08-31T23:32:47.679Z next:jsconfig-paths-plugin moduleName did not match any paths pattern 
next-app-loader
2025-08-31T23:32:47.680Z next:jsconfig-paths-plugin moduleName did not match any paths pattern 
next-app-loader
2025-08-31T23:32:47.681Z next:jsconfig-paths-plugin moduleName did not match any paths pattern 
next-app-loader
2025-08-31T23:32:47.681Z next:jsconfig-paths-plugin moduleName did not match any paths pattern 
next-app-loader
2025-08-31T23:32:47.682Z next:jsconfig-paths-plugin moduleName did not match any paths pattern 
next-app-loader
2025-08-31T23:32:47.683Z next:jsconfig-paths-plugin moduleName did not match any paths pattern 
next-app-loader
2025-08-31T23:32:47.683Z next:jsconfig-paths-plugin moduleName did not match any paths pattern 
next-app-loader
2025-08-31T23:32:47.684Z next:jsconfig-paths-plugin moduleName did not match any paths pattern 
next-app-loader
2025-08-31T23:32:47.684Z next:jsconfig-paths-plugin moduleName did not match any paths pattern 
next-app-loader
2025-08-31T23:32:47.684Z next:jsconfig-paths-plugin moduleName did not match any paths pattern 
next-app-loader
2025-08-31T23:32:47.685Z next:jsconfig-paths-plugin moduleName did not match any paths pattern 
next-app-loader
2025-08-31T23:32:47.685Z next:jsconfig-paths-plugin moduleName did not match any paths pattern 
next-app-loader
2025-08-31T23:32:47.686Z next:jsconfig-paths-plugin moduleName did not match any paths pattern 
next-app-loader
2025-08-31T23:32:47.686Z next:jsconfig-paths-plugin moduleName did not match any paths pattern 
next-app-loader
2025-08-31T23:32:47.687Z next:jsconfig-paths-plugin moduleName did not match any paths pattern 
next-app-loader
2025-08-31T23:32:47.688Z next:jsconfig-paths-plugin moduleName did not match any paths pattern 
next-app-loader
2025-08-31T23:32:47.688Z next:jsconfig-paths-plugin moduleName did not match any paths pattern 
next-app-loader
2025-08-31T23:32:47.689Z next:jsconfig-paths-plugin moduleName did not match any paths pattern 
next-app-loader
2025-08-31T23:32:47.689Z next:jsconfig-paths-plugin moduleName did not match any paths pattern 
next-app-loader
2025-08-31T23:32:47.689Z next:jsconfig-paths-plugin moduleName did not match any paths pattern 
next-app-loader
2025-08-31T23:32:47.689Z next:jsconfig-paths-plugin moduleName did not match any paths pattern 
next-app-loader
2025-08-31T23:32:47.689Z next:jsconfig-paths-plugin moduleName did not match any paths pattern 
next-app-loader
2025-08-31T23:32:47.690Z next:jsconfig-paths-plugin moduleName did not match any paths pattern 
next-app-loader
2025-08-31T23:32:47.690Z next:jsconfig-paths-plugin moduleName did not match any paths pattern 
next-app-loader
2025-08-31T23:32:47.690Z next:jsconfig-paths-plugin moduleName did not match any paths pattern 
next-app-loader
2025-08-31T23:32:47.690Z next:jsconfig-paths-plugin moduleName did not match any paths pattern 
next-app-loader
2025-08-31T23:32:47.690Z next:jsconfig-paths-plugin moduleName did not match any paths pattern 
next-app-loader
2025-08-31T23:32:47.690Z next:jsconfig-paths-plugin moduleName did not match any paths pattern 
next-app-loader
2025-08-31T23:32:47.690Z next:jsconfig-paths-plugin moduleName did not match any paths pattern 
next-app-loader
2025-08-31T23:32:47.690Z next:jsconfig-paths-plugin moduleName did not match any paths pattern 
next-app-loader
2025-08-31T23:32:47.690Z next:jsconfig-paths-plugin moduleName did not match any paths pattern 
next-app-loader
2025-08-31T23:32:47.690Z next:jsconfig-paths-plugin moduleName did not match any paths pattern 
next-app-loader
2025-08-31T23:32:47.690Z next:jsconfig-paths-plugin moduleName did not match any paths pattern 
next-app-loader
2025-08-31T23:32:47.690Z next:jsconfig-paths-plugin moduleName did not match any paths pattern 
next-app-loader
2025-08-31T23:32:47.691Z next:jsconfig-paths-plugin moduleName did not match any paths pattern 
next-app-loader
2025-08-31T23:32:47.693Z next:jsconfig-paths-plugin moduleName did not match any paths pattern 
next-app-loader
2025-08-31T23:32:47.694Z next:jsconfig-paths-plugin moduleName did not match any paths pattern 
next-app-loader
2025-08-31T23:32:47.694Z next:jsconfig-paths-plugin moduleName did not match any paths pattern 
next-app-loader
2025-08-31T23:32:47.694Z next:jsconfig-paths-plugin moduleName did not match any paths pattern 
next-app-loader
2025-08-31T23:32:47.694Z next:jsconfig-paths-plugin moduleName did not match any paths pattern 
next-app-loader
2025-08-31T23:32:47.694Z next:jsconfig-paths-plugin moduleName did not match any paths pattern 
next-app-loader
2025-08-31T23:32:47.694Z next:jsconfig-paths-plugin moduleName did not match any paths pattern 
next-app-loader
2025-08-31T23:32:47.694Z next:jsconfig-paths-plugin moduleName did not match any paths pattern 
next-app-loader
2025-08-31T23:32:47.694Z next:jsconfig-paths-plugin moduleName did not match any paths pattern 
next-app-loader
2025-08-31T23:32:47.694Z next:jsconfig-paths-plugin moduleName did not match any paths pattern 
next-app-loader
2025-08-31T23:32:47.694Z next:jsconfig-paths-plugin moduleName did not match any paths pattern 
next-app-loader
2025-08-31T23:32:47.695Z next:jsconfig-paths-plugin moduleName did not match any paths pattern 
next-app-loader
2025-08-31T23:32:47.695Z next:jsconfig-paths-plugin moduleName did not match any paths pattern 
next-app-loader
2025-08-31T23:32:47.695Z next:jsconfig-paths-plugin moduleName did not match any paths pattern 
next-app-loader
2025-08-31T23:32:47.695Z next:jsconfig-paths-plugin moduleName did not match any paths pattern 
next-app-loader
2025-08-31T23:32:47.695Z next:jsconfig-paths-plugin moduleName did not match any paths pattern 
next-app-loader
2025-08-31T23:32:47.695Z next:jsconfig-paths-plugin moduleName did not match any paths pattern 
next-app-loader
2025-08-31T23:32:47.695Z next:jsconfig-paths-plugin moduleName did not match any paths pattern 
next-app-loader
2025-08-31T23:32:47.695Z next:jsconfig-paths-plugin moduleName did not match any paths pattern 
next-app-loader
2025-08-31T23:32:47.695Z next:jsconfig-paths-plugin moduleName did not match any paths pattern 
next-app-loader
2025-08-31T23:32:47.695Z next:jsconfig-paths-plugin moduleName did not match any paths pattern 
next-app-loader
2025-08-31T23:32:47.695Z next:jsconfig-paths-plugin moduleName did not match any paths pattern 
next-app-loader
2025-08-31T23:32:47.696Z next:jsconfig-paths-plugin moduleName did not match any paths pattern 
next-app-loader
2025-08-31T23:32:47.696Z next:jsconfig-paths-plugin moduleName did not match any paths pattern 
next-app-loader
2025-08-31T23:32:47.696Z next:jsconfig-paths-plugin moduleName did not match any paths pattern 
next-app-loader
2025-08-31T23:32:47.696Z next:jsconfig-paths-plugin moduleName did not match any paths pattern 
next-app-loader
2025-08-31T23:32:47.696Z next:jsconfig-paths-plugin moduleName did not match any paths pattern 
next-app-loader
2025-08-31T23:32:47.696Z next:jsconfig-paths-plugin moduleName did not match any paths pattern 
next-app-loader
2025-08-31T23:32:47.696Z next:jsconfig-paths-plugin moduleName did not match any paths pattern 
next-app-loader
2025-08-31T23:32:47.696Z next:jsconfig-paths-plugin moduleName did not match any paths pattern 
next-app-loader
2025-08-31T23:32:47.696Z next:jsconfig-paths-plugin moduleName did not match any paths pattern 
next-app-loader
2025-08-31T23:32:47.696Z next:jsconfig-paths-plugin moduleName did not match any paths pattern 
next-app-loader
2025-08-31T23:32:47.697Z next:jsconfig-paths-plugin moduleName did not match any paths pattern 
next-app-loader
2025-08-31T23:32:47.697Z next:jsconfig-paths-plugin moduleName did not match any paths pattern 
next-app-loader
2025-08-31T23:32:47.697Z next:jsconfig-paths-plugin moduleName did not match any paths pattern 
next-app-loader
2025-08-31T23:32:47.697Z next:jsconfig-paths-plugin moduleName did not match any paths pattern 
next-app-loader
2025-08-31T23:32:47.697Z next:jsconfig-paths-plugin moduleName did not match any paths pattern 
next-app-loader
2025-08-31T23:32:47.697Z next:jsconfig-paths-plugin moduleName did not match any paths pattern 
next-app-loader
2025-08-31T23:32:47.697Z next:jsconfig-paths-plugin moduleName did not match any paths pattern 
next-app-loader
2025-08-31T23:32:47.698Z next:jsconfig-paths-plugin moduleName did not match any paths pattern 
next-app-loader
2025-08-31T23:32:47.698Z next:jsconfig-paths-plugin moduleName did not match any paths pattern 
next-app-loader
2025-08-31T23:32:47.698Z next:jsconfig-paths-plugin moduleName did not match any paths pattern 
next-app-loader
2025-08-31T23:32:47.698Z next:jsconfig-paths-plugin moduleName did not match any paths pattern 
next-app-loader
2025-08-31T23:32:47.724Z next:jsconfig-paths-plugin moduleName did not match any paths pattern 
next-app-loader
2025-08-31T23:32:47.725Z next:jsconfig-paths-plugin moduleName did not match any paths pattern 
next-app-loader
2025-08-31T23:32:47.725Z next:jsconfig-paths-plugin moduleName did not match any paths pattern 
next-app-loader
2025-08-31T23:32:47.725Z next:jsconfig-paths-plugin moduleName did not match any paths pattern 
next-app-loader
2025-08-31T23:32:47.725Z next:jsconfig-paths-plugin moduleName did not match any paths pattern 
next-app-loader
2025-08-31T23:32:47.726Z next:jsconfig-paths-plugin moduleName did not match any paths pattern 
next-app-loader
2025-08-31T23:32:47.726Z next:jsconfig-paths-plugin moduleName did not match any paths pattern 
next-app-loader
2025-08-31T23:32:47.726Z next:jsconfig-paths-plugin moduleName did not match any paths pattern 
next-app-loader
2025-08-31T23:32:47.726Z next:jsconfig-paths-plugin moduleName did not match any paths pattern 
next-app-loader
2025-08-31T23:32:47.726Z next:jsconfig-paths-plugin moduleName did not match any paths pattern 
next-app-loader
2025-08-31T23:32:47.726Z next:jsconfig-paths-plugin moduleName did not match any paths pattern 
next-app-loader
2025-08-31T23:32:47.726Z next:jsconfig-paths-plugin moduleName did not match any paths pattern 
next-app-loader
2025-08-31T23:32:47.727Z next:jsconfig-paths-plugin moduleName did not match any paths pattern 
next-app-loader
2025-08-31T23:32:47.727Z next:jsconfig-paths-plugin moduleName did not match any paths pattern 
next-app-loader
2025-08-31T23:32:47.727Z next:jsconfig-paths-plugin moduleName did not match any paths pattern 
next-app-loader
2025-08-31T23:32:47.727Z next:jsconfig-paths-plugin moduleName did not match any paths pattern 
next-app-loader
2025-08-31T23:32:47.727Z next:jsconfig-paths-plugin moduleName did not match any paths pattern 
next-app-loader
2025-08-31T23:32:47.727Z next:jsconfig-paths-plugin moduleName did not match any paths pattern 
next-app-loader
2025-08-31T23:32:47.727Z next:jsconfig-paths-plugin moduleName did not match any paths pattern 
next-app-loader
2025-08-31T23:32:47.727Z next:jsconfig-paths-plugin moduleName did not match any paths pattern 
next-app-loader
2025-08-31T23:32:47.728Z next:jsconfig-paths-plugin moduleName did not match any paths pattern 
next-app-loader
2025-08-31T23:32:47.728Z next:jsconfig-paths-plugin moduleName did not match any paths pattern 
next-app-loader
2025-08-31T23:32:47.728Z next:jsconfig-paths-plugin moduleName did not match any paths pattern 
next-app-loader
2025-08-31T23:32:47.728Z next:jsconfig-paths-plugin moduleName did not match any paths pattern 
next-app-loader
2025-08-31T23:32:47.728Z next:jsconfig-paths-plugin moduleName did not match any paths pattern 
next-app-loader
2025-08-31T23:32:47.728Z next:jsconfig-paths-plugin moduleName did not match any paths pattern 
next-app-loader
2025-08-31T23:32:47.728Z next:jsconfig-paths-plugin moduleName did not match any paths pattern 
next-app-loader
2025-08-31T23:32:47.729Z next:jsconfig-paths-plugin moduleName did not match any paths pattern 
next-app-loader
2025-08-31T23:32:47.729Z next:jsconfig-paths-plugin moduleName did not match any paths pattern 
next-app-loader
2025-08-31T23:32:47.729Z next:jsconfig-paths-plugin moduleName did not match any paths pattern 
next-app-loader
2025-08-31T23:32:47.729Z next:jsconfig-paths-plugin moduleName did not match any paths pattern 
next-app-loader
2025-08-31T23:32:47.729Z next:jsconfig-paths-plugin moduleName did not match any paths pattern 
next-app-loader
2025-08-31T23:32:47.729Z next:jsconfig-paths-plugin moduleName did not match any paths pattern 
next-app-loader
2025-08-31T23:32:47.729Z next:jsconfig-paths-plugin moduleName did not match any paths pattern 
next-app-loader
2025-08-31T23:32:47.730Z next:jsconfig-paths-plugin moduleName did not match any paths pattern 
next-app-loader
2025-08-31T23:32:47.730Z next:jsconfig-paths-plugin moduleName did not match any paths pattern 
next-app-loader
2025-08-31T23:32:47.730Z next:jsconfig-paths-plugin moduleName did not match any paths pattern 
next-app-loader
2025-08-31T23:32:47.730Z next:jsconfig-paths-plugin moduleName did not match any paths pattern 
next-app-loader
2025-08-31T23:32:47.730Z next:jsconfig-paths-plugin moduleName did not match any paths pattern 
next-app-loader
2025-08-31T23:32:47.730Z next:jsconfig-paths-plugin moduleName did not match any paths pattern 
next-app-loader
2025-08-31T23:32:47.730Z next:jsconfig-paths-plugin moduleName did not match any paths pattern 
next-app-loader
2025-08-31T23:32:47.731Z next:jsconfig-paths-plugin moduleName did not match any paths pattern 
next-app-loader
2025-08-31T23:32:47.731Z next:jsconfig-paths-plugin moduleName did not match any paths pattern 
next-app-loader
2025-08-31T23:32:47.731Z next:jsconfig-paths-plugin moduleName did not match any paths pattern 
next-app-loader
2025-08-31T23:32:47.731Z next:jsconfig-paths-plugin moduleName did not match any paths pattern 
next-app-loader
2025-08-31T23:32:47.731Z next:jsconfig-paths-plugin moduleName did not match any paths pattern 
next-app-loader
2025-08-31T23:32:47.731Z next:jsconfig-paths-plugin moduleName did not match any paths pattern 
next-app-loader
2025-08-31T23:32:47.731Z next:jsconfig-paths-plugin moduleName did not match any paths pattern 
next-app-loader
2025-08-31T23:32:47.731Z next:jsconfig-paths-plugin moduleName did not match any paths pattern 
next-app-loader
2025-08-31T23:32:47.732Z next:jsconfig-paths-plugin moduleName did not match any paths pattern 
next-app-loader
2025-08-31T23:32:47.732Z next:jsconfig-paths-plugin moduleName did not match any paths pattern 
next-app-loader
2025-08-31T23:32:47.732Z next:jsconfig-paths-plugin moduleName did not match any paths pattern 
next-app-loader
2025-08-31T23:32:47.732Z next:jsconfig-paths-plugin moduleName did not match any paths pattern 
next-app-loader
2025-08-31T23:32:47.732Z next:jsconfig-paths-plugin moduleName did not match any paths pattern 
next-app-loader
2025-08-31T23:32:47.732Z next:jsconfig-paths-plugin moduleName did not match any paths pattern 
next-app-loader
2025-08-31T23:32:47.732Z next:jsconfig-paths-plugin moduleName did not match any paths pattern 
next-app-loader
2025-08-31T23:32:47.732Z next:jsconfig-paths-plugin moduleName did not match any paths pattern 
next-app-loader
2025-08-31T23:32:47.732Z next:jsconfig-paths-plugin moduleName did not match any paths pattern 
next-app-loader
2025-08-31T23:32:47.733Z next:jsconfig-paths-plugin moduleName did not match any paths pattern 
next-app-loader
2025-08-31T23:32:47.733Z next:jsconfig-paths-plugin moduleName did not match any paths pattern 
next-app-loader
2025-08-31T23:32:47.733Z next:jsconfig-paths-plugin moduleName did not match any paths pattern 
next-app-loader
2025-08-31T23:32:47.733Z next:jsconfig-paths-plugin moduleName did not match any paths pattern 
next-app-loader
2025-08-31T23:32:47.733Z next:jsconfig-paths-plugin moduleName did not match any paths pattern 
next-app-loader
2025-08-31T23:32:47.733Z next:jsconfig-paths-plugin moduleName did not match any paths pattern 
next-app-loader
2025-08-31T23:32:47.733Z next:jsconfig-paths-plugin moduleName did not match any paths pattern 
next-app-loader
2025-08-31T23:32:47.733Z next:jsconfig-paths-plugin moduleName did not match any paths pattern 
next-app-loader
2025-08-31T23:32:47.734Z next:jsconfig-paths-plugin moduleName did not match any paths pattern 
next-app-loader
2025-08-31T23:32:47.734Z next:jsconfig-paths-plugin moduleName did not match any paths pattern 
next-app-loader
2025-08-31T23:32:47.734Z next:jsconfig-paths-plugin moduleName did not match any paths pattern 
next-app-loader
2025-08-31T23:32:47.734Z next:jsconfig-paths-plugin moduleName did not match any paths pattern 
next-app-loader
2025-08-31T23:32:47.734Z next:jsconfig-paths-plugin moduleName did not match any paths pattern 
next-app-loader
2025-08-31T23:32:47.734Z next:jsconfig-paths-plugin moduleName did not match any paths pattern 
next-app-loader
2025-08-31T23:32:47.734Z next:jsconfig-paths-plugin moduleName did not match any paths pattern 
next-app-loader
2025-08-31T23:32:47.734Z next:jsconfig-paths-plugin moduleName did not match any paths pattern 
next-app-loader
2025-08-31T23:32:47.734Z next:jsconfig-paths-plugin moduleName did not match any paths pattern 
next-app-loader
2025-08-31T23:32:47.735Z next:jsconfig-paths-plugin moduleName did not match any paths pattern 
next-app-loader
2025-08-31T23:32:47.735Z next:jsconfig-paths-plugin moduleName did not match any paths pattern 
next-app-loader
2025-08-31T23:32:47.735Z next:jsconfig-paths-plugin moduleName did not match any paths pattern 
next-app-loader
2025-08-31T23:32:47.735Z next:jsconfig-paths-plugin moduleName did not match any paths pattern 
next-app-loader
2025-08-31T23:32:47.735Z next:jsconfig-paths-plugin moduleName did not match any paths pattern 
next-app-loader
2025-08-31T23:32:47.735Z next:jsconfig-paths-plugin moduleName did not match any paths pattern 
next-app-loader
2025-08-31T23:32:47.735Z next:jsconfig-paths-plugin moduleName did not match any paths pattern 
next-app-loader
2025-08-31T23:32:47.735Z next:jsconfig-paths-plugin moduleName did not match any paths pattern 
next-app-loader
2025-08-31T23:32:47.736Z next:jsconfig-paths-plugin moduleName did not match any paths pattern 
next-app-loader
2025-08-31T23:32:48.968Z next:jsconfig-paths-plugin skipping request as it is an absolute path 
C:\Users\ALICEBELLA\Desktop\HMNQV2\app\app\api\colaborador\export\route.ts
2025-08-31T23:32:48.993Z next:jsconfig-paths-plugin skipping request as it is an absolute path 
C:\Users\ALICEBELLA\Desktop\HMNQV2\app\app\api\colaborador\export\route.ts
2025-08-31T23:32:50.654Z next:jsconfig-paths-plugin moduleName did not match any paths pattern 
react-server-dom-webpack/server.edge
2025-08-31T23:32:50.659Z next:jsconfig-paths-plugin moduleName did not match any paths pattern 
react-server-dom-webpack/server.edge
2025-08-31T23:32:51.609Z next:jsconfig-paths-plugin skipping request as it is an absolute path 
C:\Users\ALICEBELLA\Desktop\HMNQV2\app\components\providers
2025-08-31T23:32:51.617Z next:jsconfig-paths-plugin skipping request as it is an absolute path 
C:\Users\ALICEBELLA\Desktop\HMNQV2\app\lib\utils
2025-08-31T23:32:51.621Z next:jsconfig-paths-plugin skipping request as it is an absolute path 
C:\Users\ALICEBELLA\Desktop\HMNQV2\app\lib\backup-init
2025-08-31T23:32:51.637Z next:jsconfig-paths-plugin moduleName did not match any paths pattern 
next/server
2025-08-31T23:32:51.638Z next:jsconfig-paths-plugin skipping request as it is an absolute path 
C:\Users\ALICEBELLA\Desktop\HMNQV2\app\lib\db
2025-08-31T23:32:51.638Z next:jsconfig-paths-plugin skipping request as it is an absolute path 
C:\Users\ALICEBELLA\Desktop\HMNQV2\app\lib\auth
2025-08-31T23:32:51.640Z next:jsconfig-paths-plugin moduleName did not match any paths pattern 
next/server
2025-08-31T23:32:51.640Z next:jsconfig-paths-plugin skipping request as it is a relative path 
../../../lib/backup
2025-08-31T23:32:51.640Z next:jsconfig-paths-plugin skipping request as it is a relative path 
../../../lib/backup
2025-08-31T23:32:51.642Z next:jsconfig-paths-plugin skipping request as it is an absolute path 
C:\Users\ALICEBELLA\Desktop\HMNQV2\app\lib\auth
2025-08-31T23:32:51.643Z next:jsconfig-paths-plugin moduleName did not match any paths pattern 
next/server
2025-08-31T23:32:51.644Z next:jsconfig-paths-plugin skipping request as it is an absolute path 
C:\Users\ALICEBELLA\Desktop\HMNQV2\app\lib\auth
2025-08-31T23:32:51.644Z next:jsconfig-paths-plugin skipping request as it is an absolute path 
C:\Users\ALICEBELLA\Desktop\HMNQV2\app\lib\db
2025-08-31T23:32:51.644Z next:jsconfig-paths-plugin skipping request as it is an absolute path 
C:\Users\ALICEBELLA\Desktop\HMNQV2\app\lib\archive-reader
2025-08-31T23:32:51.657Z next:jsconfig-paths-plugin skipping request as it is an absolute path 
C:\Users\ALICEBELLA\Desktop\HMNQV2\app\components\providers
2025-08-31T23:32:51.660Z next:jsconfig-paths-plugin skipping request as it is an absolute path 
C:\Users\ALICEBELLA\Desktop\HMNQV2\app\lib\utils
2025-08-31T23:32:51.661Z next:jsconfig-paths-plugin skipping request as it is an absolute path 
C:\Users\ALICEBELLA\Desktop\HMNQV2\app\lib\backup-init
2025-08-31T23:32:51.663Z next:jsconfig-paths-plugin skipping request as it is an absolute path 
C:\Users\ALICEBELLA\Desktop\HMNQV2\app\lib\auth
2025-08-31T23:32:51.664Z next:jsconfig-paths-plugin skipping request as it is an absolute path 
C:\Users\ALICEBELLA\Desktop\HMNQV2\app\lib\db
2025-08-31T23:32:51.664Z next:jsconfig-paths-plugin skipping request as it is an absolute path 
C:\Users\ALICEBELLA\Desktop\HMNQV2\app\lib\auth
2025-08-31T23:32:51.664Z next:jsconfig-paths-plugin skipping request as it is an absolute path 
C:\Users\ALICEBELLA\Desktop\HMNQV2\app\lib\auth
2025-08-31T23:32:51.665Z next:jsconfig-paths-plugin skipping request as it is an absolute path 
C:\Users\ALICEBELLA\Desktop\HMNQV2\app\lib\db
2025-08-31T23:32:51.665Z next:jsconfig-paths-plugin skipping request as it is an absolute path 
C:\Users\ALICEBELLA\Desktop\HMNQV2\app\lib\archive-reader
2025-08-31T23:32:51.676Z next:jsconfig-paths-plugin moduleName did not match any paths pattern 
next/server
2025-08-31T23:32:51.677Z next:jsconfig-paths-plugin skipping request as it is an absolute path 
C:\Users\ALICEBELLA\Desktop\HMNQV2\app\lib\prisma
2025-08-31T23:32:51.677Z next:jsconfig-paths-plugin skipping request as it is an absolute path 
C:\Users\ALICEBELLA\Desktop\HMNQV2\app\lib\audit
2025-08-31T23:32:51.679Z next:jsconfig-paths-plugin skipping request as it is an absolute path 
C:\Users\ALICEBELLA\Desktop\HMNQV2\app\lib\prisma
2025-08-31T23:32:51.680Z next:jsconfig-paths-plugin skipping request as it is an absolute path 
C:\Users\ALICEBELLA\Desktop\HMNQV2\app\lib\audit
2025-08-31T23:32:51.682Z next:jsconfig-paths-plugin moduleName did not match any paths pattern 
next/server
2025-08-31T23:32:51.683Z next:jsconfig-paths-plugin moduleName did not match any paths pattern 
next/server
2025-08-31T23:32:51.684Z next:jsconfig-paths-plugin skipping request as it is an absolute path 
C:\Users\ALICEBELLA\Desktop\HMNQV2\app\lib\db
2025-08-31T23:32:51.684Z next:jsconfig-paths-plugin skipping request as it is an absolute path 
C:\Users\ALICEBELLA\Desktop\HMNQV2\app\lib\auth
2025-08-31T23:32:51.684Z next:jsconfig-paths-plugin skipping request as it is an absolute path 
C:\Users\ALICEBELLA\Desktop\HMNQV2\app\lib\auth
2025-08-31T23:32:51.684Z next:jsconfig-paths-plugin skipping request as it is an absolute path 
C:\Users\ALICEBELLA\Desktop\HMNQV2\app\lib\db
2025-08-31T23:32:51.687Z next:jsconfig-paths-plugin skipping request as it is an absolute path 
C:\Users\ALICEBELLA\Desktop\HMNQV2\app\lib\db
2025-08-31T23:32:51.687Z next:jsconfig-paths-plugin skipping request as it is an absolute path 
C:\Users\ALICEBELLA\Desktop\HMNQV2\app\lib\auth
2025-08-31T23:32:51.687Z next:jsconfig-paths-plugin skipping request as it is an absolute path 
C:\Users\ALICEBELLA\Desktop\HMNQV2\app\lib\auth
2025-08-31T23:32:51.687Z next:jsconfig-paths-plugin skipping request as it is an absolute path 
C:\Users\ALICEBELLA\Desktop\HMNQV2\app\lib\db
2025-08-31T23:32:51.689Z next:jsconfig-paths-plugin moduleName did not match any paths pattern 
next/server
2025-08-31T23:32:51.690Z next:jsconfig-paths-plugin moduleName did not match any paths pattern 
next/server
2025-08-31T23:32:51.692Z next:jsconfig-paths-plugin skipping request as it is an absolute path 
C:\Users\ALICEBELLA\Desktop\HMNQV2\app\lib\auth
2025-08-31T23:32:51.692Z next:jsconfig-paths-plugin skipping request as it is an absolute path 
C:\Users\ALICEBELLA\Desktop\HMNQV2\app\lib\db
2025-08-31T23:32:51.692Z next:jsconfig-paths-plugin skipping request as it is an absolute path 
C:\Users\ALICEBELLA\Desktop\HMNQV2\app\lib\auth
2025-08-31T23:32:51.692Z next:jsconfig-paths-plugin skipping request as it is an absolute path 
C:\Users\ALICEBELLA\Desktop\HMNQV2\app\lib\utils
2025-08-31T23:32:51.692Z next:jsconfig-paths-plugin skipping request as it is an absolute path 
C:\Users\ALICEBELLA\Desktop\HMNQV2\app\lib\db
2025-08-31T23:32:51.692Z next:jsconfig-paths-plugin skipping request as it is an absolute path 
C:\Users\ALICEBELLA\Desktop\HMNQV2\app\lib\utils
2025-08-31T23:32:51.694Z next:jsconfig-paths-plugin skipping request as it is an absolute path 
C:\Users\ALICEBELLA\Desktop\HMNQV2\app\lib\auth
2025-08-31T23:32:51.694Z next:jsconfig-paths-plugin skipping request as it is an absolute path 
C:\Users\ALICEBELLA\Desktop\HMNQV2\app\lib\db
2025-08-31T23:32:51.694Z next:jsconfig-paths-plugin skipping request as it is an absolute path 
C:\Users\ALICEBELLA\Desktop\HMNQV2\app\lib\auth
2025-08-31T23:32:51.694Z next:jsconfig-paths-plugin skipping request as it is an absolute path 
C:\Users\ALICEBELLA\Desktop\HMNQV2\app\lib\utils
2025-08-31T23:32:51.695Z next:jsconfig-paths-plugin skipping request as it is an absolute path 
C:\Users\ALICEBELLA\Desktop\HMNQV2\app\lib\db
2025-08-31T23:32:51.695Z next:jsconfig-paths-plugin skipping request as it is an absolute path 
C:\Users\ALICEBELLA\Desktop\HMNQV2\app\lib\utils
2025-08-31T23:32:51.697Z next:jsconfig-paths-plugin moduleName did not match any paths pattern 
next/server
2025-08-31T23:32:51.697Z next:jsconfig-paths-plugin moduleName did not match any paths pattern 
next/server
2025-08-31T23:32:51.698Z next:jsconfig-paths-plugin skipping request as it is an absolute path 
C:\Users\ALICEBELLA\Desktop\HMNQV2\app\lib\auth
2025-08-31T23:32:51.698Z next:jsconfig-paths-plugin skipping request as it is an absolute path 
C:\Users\ALICEBELLA\Desktop\HMNQV2\app\lib\auth
2025-08-31T23:32:51.699Z next:jsconfig-paths-plugin skipping request as it is an absolute path 
C:\Users\ALICEBELLA\Desktop\HMNQV2\app\lib\auth
2025-08-31T23:32:51.699Z next:jsconfig-paths-plugin skipping request as it is an absolute path 
C:\Users\ALICEBELLA\Desktop\HMNQV2\app\lib\auth
2025-08-31T23:32:51.700Z next:jsconfig-paths-plugin moduleName did not match any paths pattern 
next/server
2025-08-31T23:32:51.701Z next:jsconfig-paths-plugin skipping request as it is an absolute path 
C:\Users\ALICEBELLA\Desktop\HMNQV2\app\lib\auth
2025-08-31T23:32:51.701Z next:jsconfig-paths-plugin skipping request as it is an absolute path 
C:\Users\ALICEBELLA\Desktop\HMNQV2\app\lib\auth
2025-08-31T23:32:51.702Z next:jsconfig-paths-plugin moduleName did not match any paths pattern 
next/server
2025-08-31T23:32:51.703Z next:jsconfig-paths-plugin skipping request as it is an absolute path 
C:\Users\ALICEBELLA\Desktop\HMNQV2\app\lib\auth
2025-08-31T23:32:51.703Z next:jsconfig-paths-plugin skipping request as it is an absolute path 
C:\Users\ALICEBELLA\Desktop\HMNQV2\app\lib\db
2025-08-31T23:32:51.704Z next:jsconfig-paths-plugin skipping request as it is an absolute path 
C:\Users\ALICEBELLA\Desktop\HMNQV2\app\lib\auth
2025-08-31T23:32:51.704Z next:jsconfig-paths-plugin skipping request as it is an absolute path 
C:\Users\ALICEBELLA\Desktop\HMNQV2\app\lib\db
2025-08-31T23:32:51.705Z next:jsconfig-paths-plugin moduleName did not match any paths pattern 
next/server
2025-08-31T23:32:51.707Z next:jsconfig-paths-plugin skipping request as it is an absolute path 
C:\Users\ALICEBELLA\Desktop\HMNQV2\app\lib\db
2025-08-31T23:32:51.708Z next:jsconfig-paths-plugin skipping request as it is an absolute path 
C:\Users\ALICEBELLA\Desktop\HMNQV2\app\lib\auth
2025-08-31T23:32:51.709Z next:jsconfig-paths-plugin skipping request as it is an absolute path 
C:\Users\ALICEBELLA\Desktop\HMNQV2\app\lib\db
2025-08-31T23:32:51.709Z next:jsconfig-paths-plugin skipping request as it is an absolute path 
C:\Users\ALICEBELLA\Desktop\HMNQV2\app\lib\auth
2025-08-31T23:32:51.711Z next:jsconfig-paths-plugin moduleName did not match any paths pattern 
next/server
2025-08-31T23:32:51.712Z next:jsconfig-paths-plugin skipping request as it is an absolute path 
C:\Users\ALICEBELLA\Desktop\HMNQV2\app\lib\auth
2025-08-31T23:32:51.712Z next:jsconfig-paths-plugin skipping request as it is an absolute path 
C:\Users\ALICEBELLA\Desktop\HMNQV2\app\lib\db
2025-08-31T23:32:51.714Z next:jsconfig-paths-plugin skipping request as it is an absolute path 
C:\Users\ALICEBELLA\Desktop\HMNQV2\app\lib\auth
2025-08-31T23:32:51.714Z next:jsconfig-paths-plugin skipping request as it is an absolute path 
C:\Users\ALICEBELLA\Desktop\HMNQV2\app\lib\db
2025-08-31T23:32:51.716Z next:jsconfig-paths-plugin skipping request as it is a relative path 
../../../lib/backup
2025-08-31T23:32:51.717Z next:jsconfig-paths-plugin skipping request as it is an absolute path 
C:\Users\ALICEBELLA\Desktop\HMNQV2\app\lib\ai\graphology-training
2025-08-31T23:32:51.741Z next:jsconfig-paths-plugin moduleName did not match any paths pattern 
next/server
2025-08-31T23:32:51.742Z next:jsconfig-paths-plugin moduleName did not match any paths pattern 
next/server
2025-08-31T23:32:51.743Z next:jsconfig-paths-plugin moduleName did not match any paths pattern 
next/server
2025-08-31T23:32:51.743Z next:jsconfig-paths-plugin moduleName did not match any paths pattern 
next/server
2025-08-31T23:32:51.744Z next:jsconfig-paths-plugin moduleName did not match any paths pattern 
next/server
2025-08-31T23:32:51.744Z next:jsconfig-paths-plugin moduleName did not match any paths pattern 
next/server
2025-08-31T23:32:51.744Z next:jsconfig-paths-plugin moduleName did not match any paths pattern 
next/server
2025-08-31T23:32:51.744Z next:jsconfig-paths-plugin moduleName did not match any paths pattern 
next/server
2025-08-31T23:32:51.745Z next:jsconfig-paths-plugin moduleName did not match any paths pattern 
next/server
2025-08-31T23:32:51.745Z next:jsconfig-paths-plugin moduleName did not match any paths pattern 
next/server
2025-08-31T23:32:51.745Z next:jsconfig-paths-plugin moduleName did not match any paths pattern 
next/server
2025-08-31T23:32:51.746Z next:jsconfig-paths-plugin moduleName did not match any paths pattern 
next/server
2025-08-31T23:32:51.746Z next:jsconfig-paths-plugin moduleName did not match any paths pattern 
next/server
2025-08-31T23:32:51.746Z next:jsconfig-paths-plugin moduleName did not match any paths pattern 
next/server
2025-08-31T23:32:51.762Z next:jsconfig-paths-plugin moduleName did not match any paths pattern 
next/server
2025-08-31T23:32:51.764Z next:jsconfig-paths-plugin moduleName did not match any paths pattern 
next/server
2025-08-31T23:32:51.766Z next:jsconfig-paths-plugin skipping request as it is an absolute path 
C:\Users\ALICEBELLA\Desktop\HMNQV2\app\lib\db
2025-08-31T23:32:51.767Z next:jsconfig-paths-plugin skipping request as it is an absolute path 
C:\Users\ALICEBELLA\Desktop\HMNQV2\app\lib\db
2025-08-31T23:32:51.768Z next:jsconfig-paths-plugin moduleName did not match any paths pattern 
next/server
2025-08-31T23:32:51.769Z next:jsconfig-paths-plugin moduleName did not match any paths pattern 
next/server
2025-08-31T23:32:51.770Z next:jsconfig-paths-plugin skipping request as it is an absolute path 
C:\Users\ALICEBELLA\Desktop\HMNQV2\app\lib\db
2025-08-31T23:32:51.770Z next:jsconfig-paths-plugin skipping request as it is an absolute path 
C:\Users\ALICEBELLA\Desktop\HMNQV2\app\lib\auth
2025-08-31T23:32:51.771Z next:jsconfig-paths-plugin skipping request as it is an absolute path 
C:\Users\ALICEBELLA\Desktop\HMNQV2\app\lib\db
2025-08-31T23:32:51.771Z next:jsconfig-paths-plugin skipping request as it is an absolute path 
C:\Users\ALICEBELLA\Desktop\HMNQV2\app\lib\auth
2025-08-31T23:32:51.772Z next:jsconfig-paths-plugin moduleName did not match any paths pattern 
next/server
2025-08-31T23:32:51.773Z next:jsconfig-paths-plugin moduleName did not match any paths pattern 
next/server
2025-08-31T23:32:51.773Z next:jsconfig-paths-plugin moduleName did not match any paths pattern 
next/server
2025-08-31T23:32:51.774Z next:jsconfig-paths-plugin moduleName did not match any paths pattern 
next/server
2025-08-31T23:32:51.774Z next:jsconfig-paths-plugin moduleName did not match any paths pattern 
next/server
2025-08-31T23:32:51.775Z next:jsconfig-paths-plugin moduleName did not match any paths pattern 
next/server
2025-08-31T23:32:51.777Z next:jsconfig-paths-plugin skipping request as it is an absolute path 
C:\Users\ALICEBELLA\Desktop\HMNQV2\app\lib\auth
2025-08-31T23:32:51.777Z next:jsconfig-paths-plugin skipping request as it is an absolute path 
C:\Users\ALICEBELLA\Desktop\HMNQV2\app\lib\db
2025-08-31T23:32:51.777Z next:jsconfig-paths-plugin skipping request as it is an absolute path 
C:\Users\ALICEBELLA\Desktop\HMNQV2\app\config\test-questions-count
2025-08-31T23:32:51.778Z next:jsconfig-paths-plugin skipping request as it is an absolute path 
C:\Users\ALICEBELLA\Desktop\HMNQV2\app\lib\db
2025-08-31T23:32:51.778Z next:jsconfig-paths-plugin skipping request as it is an absolute path 
C:\Users\ALICEBELLA\Desktop\HMNQV2\app\lib\auth
2025-08-31T23:32:51.779Z next:jsconfig-paths-plugin skipping request as it is an absolute path 
C:\Users\ALICEBELLA\Desktop\HMNQV2\app\lib\auth
2025-08-31T23:32:51.780Z next:jsconfig-paths-plugin skipping request as it is an absolute path 
C:\Users\ALICEBELLA\Desktop\HMNQV2\app\lib\db
2025-08-31T23:32:51.780Z next:jsconfig-paths-plugin skipping request as it is an absolute path 
C:\Users\ALICEBELLA\Desktop\HMNQV2\app\lib\db
2025-08-31T23:32:51.781Z next:jsconfig-paths-plugin skipping request as it is an absolute path 
C:\Users\ALICEBELLA\Desktop\HMNQV2\app\lib\auth
2025-08-31T23:32:51.782Z next:jsconfig-paths-plugin moduleName did not match any paths pattern 
next/server
2025-08-31T23:32:51.783Z next:jsconfig-paths-plugin moduleName did not match any paths pattern 
next/server
2025-08-31T23:32:51.785Z next:jsconfig-paths-plugin skipping request as it is an absolute path 
C:\Users\ALICEBELLA\Desktop\HMNQV2\app\lib\auth
2025-08-31T23:32:51.785Z next:jsconfig-paths-plugin skipping request as it is an absolute path 
C:\Users\ALICEBELLA\Desktop\HMNQV2\app\lib\db
2025-08-31T23:32:51.786Z next:jsconfig-paths-plugin skipping request as it is an absolute path 
C:\Users\ALICEBELLA\Desktop\HMNQV2\app\lib\auth
2025-08-31T23:32:51.786Z next:jsconfig-paths-plugin skipping request as it is an absolute path 
C:\Users\ALICEBELLA\Desktop\HMNQV2\app\lib\db
2025-08-31T23:32:51.788Z next:jsconfig-paths-plugin moduleName did not match any paths pattern 
next/server
2025-08-31T23:32:51.788Z next:jsconfig-paths-plugin moduleName did not match any paths pattern 
next/server
2025-08-31T23:32:51.789Z next:jsconfig-paths-plugin moduleName did not match any paths pattern 
next/server
2025-08-31T23:32:51.790Z next:jsconfig-paths-plugin moduleName did not match any paths pattern 
next/server
2025-08-31T23:32:51.791Z next:jsconfig-paths-plugin moduleName did not match any paths pattern 
next/server
2025-08-31T23:32:51.792Z next:jsconfig-paths-plugin moduleName did not match any paths pattern 
next/server
2025-08-31T23:32:51.792Z next:jsconfig-paths-plugin moduleName did not match any paths pattern 
next/server
2025-08-31T23:32:51.792Z next:jsconfig-paths-plugin moduleName did not match any paths pattern 
next/server
2025-08-31T23:32:51.798Z next:jsconfig-paths-plugin skipping request as it is an absolute path 
C:\Users\ALICEBELLA\Desktop\HMNQV2\app\lib\auth
2025-08-31T23:32:51.798Z next:jsconfig-paths-plugin skipping request as it is an absolute path 
C:\Users\ALICEBELLA\Desktop\HMNQV2\app\lib\db
2025-08-31T23:32:51.798Z next:jsconfig-paths-plugin skipping request as it is an absolute path 
C:\Users\ALICEBELLA\Desktop\HMNQV2\app\lib\auth
2025-08-31T23:32:51.799Z next:jsconfig-paths-plugin skipping request as it is an absolute path 
C:\Users\ALICEBELLA\Desktop\HMNQV2\app\lib\db
2025-08-31T23:32:51.799Z next:jsconfig-paths-plugin skipping request as it is an absolute path 
C:\Users\ALICEBELLA\Desktop\HMNQV2\app\lib\auth
2025-08-31T23:32:51.799Z next:jsconfig-paths-plugin skipping request as it is an absolute path 
C:\Users\ALICEBELLA\Desktop\HMNQV2\app\lib\db
2025-08-31T23:32:51.799Z next:jsconfig-paths-plugin skipping request as it is an absolute path 
C:\Users\ALICEBELLA\Desktop\HMNQV2\app\lib\auth
2025-08-31T23:32:51.799Z next:jsconfig-paths-plugin skipping request as it is an absolute path 
C:\Users\ALICEBELLA\Desktop\HMNQV2\app\lib\db
2025-08-31T23:32:51.799Z next:jsconfig-paths-plugin skipping request as it is an absolute path 
C:\Users\ALICEBELLA\Desktop\HMNQV2\app\lib\utils
2025-08-31T23:32:51.813Z next:jsconfig-paths-plugin skipping request as it is an absolute path 
C:\Users\ALICEBELLA\Desktop\HMNQV2\app\lib\auth
2025-08-31T23:32:51.813Z next:jsconfig-paths-plugin skipping request as it is an absolute path 
C:\Users\ALICEBELLA\Desktop\HMNQV2\app\lib\db
2025-08-31T23:32:51.813Z next:jsconfig-paths-plugin skipping request as it is an absolute path 
C:\Users\ALICEBELLA\Desktop\HMNQV2\app\lib\auth
2025-08-31T23:32:51.813Z next:jsconfig-paths-plugin skipping request as it is an absolute path 
C:\Users\ALICEBELLA\Desktop\HMNQV2\app\lib\db
2025-08-31T23:32:51.815Z next:jsconfig-paths-plugin skipping request as it is an absolute path 
C:\Users\ALICEBELLA\Desktop\HMNQV2\app\lib\auth
2025-08-31T23:32:51.815Z next:jsconfig-paths-plugin skipping request as it is an absolute path 
C:\Users\ALICEBELLA\Desktop\HMNQV2\app\lib\db
2025-08-31T23:32:51.815Z next:jsconfig-paths-plugin skipping request as it is an absolute path 
C:\Users\ALICEBELLA\Desktop\HMNQV2\app\lib\auth
2025-08-31T23:32:51.815Z next:jsconfig-paths-plugin skipping request as it is an absolute path 
C:\Users\ALICEBELLA\Desktop\HMNQV2\app\lib\db
2025-08-31T23:32:51.815Z next:jsconfig-paths-plugin skipping request as it is an absolute path 
C:\Users\ALICEBELLA\Desktop\HMNQV2\app\lib\utils
2025-08-31T23:32:51.820Z next:jsconfig-paths-plugin skipping request as it is a relative path 
../../../lib/backup
2025-08-31T23:32:51.821Z next:jsconfig-paths-plugin skipping request as it is an absolute path 
C:\Users\ALICEBELLA\Desktop\HMNQV2\app\lib\ai\graphology-training
2025-08-31T23:32:51.823Z next:jsconfig-paths-plugin moduleName did not match any paths pattern 
next/server
2025-08-31T23:32:51.824Z next:jsconfig-paths-plugin moduleName did not match any paths pattern 
next/server
2025-08-31T23:32:51.827Z next:jsconfig-paths-plugin skipping request as it is an absolute path 
C:\Users\ALICEBELLA\Desktop\HMNQV2\app\lib\auth
2025-08-31T23:32:51.827Z next:jsconfig-paths-plugin skipping request as it is an absolute path 
C:\Users\ALICEBELLA\Desktop\HMNQV2\app\lib\db
2025-08-31T23:32:51.840Z next:jsconfig-paths-plugin skipping request as it is an absolute path 
C:\Users\ALICEBELLA\Desktop\HMNQV2\app\lib\auth
2025-08-31T23:32:51.840Z next:jsconfig-paths-plugin skipping request as it is an absolute path 
C:\Users\ALICEBELLA\Desktop\HMNQV2\app\lib\db
2025-08-31T23:32:51.842Z next:jsconfig-paths-plugin skipping request as it is an absolute path 
C:\Users\ALICEBELLA\Desktop\HMNQV2\app\components\providers
2025-08-31T23:32:51.844Z next:jsconfig-paths-plugin skipping request as it is an absolute path 
C:\Users\ALICEBELLA\Desktop\HMNQV2\app\components\providers
2025-08-31T23:32:51.846Z next:jsconfig-paths-plugin skipping request as it is an absolute path 
C:\Users\ALICEBELLA\Desktop\HMNQV2\app\lib\utils
2025-08-31T23:32:51.847Z next:jsconfig-paths-plugin skipping request as it is an absolute path 
C:\Users\ALICEBELLA\Desktop\HMNQV2\app\lib\utils
2025-08-31T23:32:51.847Z next:jsconfig-paths-plugin skipping request as it is an absolute path 
C:\Users\ALICEBELLA\Desktop\HMNQV2\app\lib\utils
2025-08-31T23:32:51.847Z next:jsconfig-paths-plugin skipping request as it is an absolute path 
C:\Users\ALICEBELLA\Desktop\HMNQV2\app\lib\utils
2025-08-31T23:32:51.848Z next:jsconfig-paths-plugin skipping request as it is an absolute path 
C:\Users\ALICEBELLA\Desktop\HMNQV2\app\lib\backup-init
2025-08-31T23:32:51.850Z next:jsconfig-paths-plugin skipping request as it is an absolute path 
C:\Users\ALICEBELLA\Desktop\HMNQV2\app\lib\backup-init
2025-08-31T23:32:51.874Z next:jsconfig-paths-plugin skipping request as it is an absolute path 
C:\Users\ALICEBELLA\Desktop\HMNQV2\app\lib\auth
2025-08-31T23:32:51.875Z next:jsconfig-paths-plugin skipping request as it is an absolute path 
C:\Users\ALICEBELLA\Desktop\HMNQV2\app\lib\auth
2025-08-31T23:32:51.875Z next:jsconfig-paths-plugin skipping request as it is an absolute path 
C:\Users\ALICEBELLA\Desktop\HMNQV2\app\lib\auth
2025-08-31T23:32:51.875Z next:jsconfig-paths-plugin skipping request as it is an absolute path 
C:\Users\ALICEBELLA\Desktop\HMNQV2\app\lib\auth
2025-08-31T23:32:51.875Z next:jsconfig-paths-plugin skipping request as it is an absolute path 
C:\Users\ALICEBELLA\Desktop\HMNQV2\app\lib\auth
2025-08-31T23:32:51.875Z next:jsconfig-paths-plugin skipping request as it is an absolute path 
C:\Users\ALICEBELLA\Desktop\HMNQV2\app\lib\auth
2025-08-31T23:32:51.875Z next:jsconfig-paths-plugin skipping request as it is an absolute path 
C:\Users\ALICEBELLA\Desktop\HMNQV2\app\lib\auth
2025-08-31T23:32:51.875Z next:jsconfig-paths-plugin skipping request as it is an absolute path 
C:\Users\ALICEBELLA\Desktop\HMNQV2\app\lib\auth
2025-08-31T23:32:51.875Z next:jsconfig-paths-plugin skipping request as it is an absolute path 
C:\Users\ALICEBELLA\Desktop\HMNQV2\app\lib\auth
2025-08-31T23:32:51.876Z next:jsconfig-paths-plugin skipping request as it is an absolute path 
C:\Users\ALICEBELLA\Desktop\HMNQV2\app\lib\auth
2025-08-31T23:32:51.876Z next:jsconfig-paths-plugin skipping request as it is an absolute path 
C:\Users\ALICEBELLA\Desktop\HMNQV2\app\lib\auth
2025-08-31T23:32:51.876Z next:jsconfig-paths-plugin skipping request as it is an absolute path 
C:\Users\ALICEBELLA\Desktop\HMNQV2\app\lib\auth
2025-08-31T23:32:51.876Z next:jsconfig-paths-plugin skipping request as it is an absolute path 
C:\Users\ALICEBELLA\Desktop\HMNQV2\app\lib\auth
2025-08-31T23:32:51.876Z next:jsconfig-paths-plugin skipping request as it is an absolute path 
C:\Users\ALICEBELLA\Desktop\HMNQV2\app\lib\auth
2025-08-31T23:32:51.876Z next:jsconfig-paths-plugin skipping request as it is an absolute path 
C:\Users\ALICEBELLA\Desktop\HMNQV2\app\lib\auth
2025-08-31T23:32:51.876Z next:jsconfig-paths-plugin skipping request as it is an absolute path 
C:\Users\ALICEBELLA\Desktop\HMNQV2\app\lib\auth
2025-08-31T23:32:51.876Z next:jsconfig-paths-plugin skipping request as it is an absolute path 
C:\Users\ALICEBELLA\Desktop\HMNQV2\app\lib\auth
2025-08-31T23:32:51.877Z next:jsconfig-paths-plugin skipping request as it is an absolute path 
C:\Users\ALICEBELLA\Desktop\HMNQV2\app\lib\auth
2025-08-31T23:32:51.877Z next:jsconfig-paths-plugin skipping request as it is an absolute path 
C:\Users\ALICEBELLA\Desktop\HMNQV2\app\lib\auth
2025-08-31T23:32:51.877Z next:jsconfig-paths-plugin skipping request as it is an absolute path 
C:\Users\ALICEBELLA\Desktop\HMNQV2\app\lib\auth
2025-08-31T23:32:51.877Z next:jsconfig-paths-plugin skipping request as it is an absolute path 
C:\Users\ALICEBELLA\Desktop\HMNQV2\app\lib\auth
2025-08-31T23:32:51.878Z next:jsconfig-paths-plugin skipping request as it is an absolute path 
C:\Users\ALICEBELLA\Desktop\HMNQV2\app\lib\auth
2025-08-31T23:32:51.888Z next:jsconfig-paths-plugin skipping request as it is an absolute path 
C:\Users\ALICEBELLA\Desktop\HMNQV2\app\lib\auth
2025-08-31T23:32:51.888Z next:jsconfig-paths-plugin skipping request as it is an absolute path 
C:\Users\ALICEBELLA\Desktop\HMNQV2\app\lib\auth
2025-08-31T23:32:51.892Z next:jsconfig-paths-plugin skipping request as it is an absolute path 
C:\Users\ALICEBELLA\Desktop\HMNQV2\app\lib\auth
2025-08-31T23:32:51.892Z next:jsconfig-paths-plugin skipping request as it is an absolute path 
C:\Users\ALICEBELLA\Desktop\HMNQV2\app\lib\auth
2025-08-31T23:32:51.892Z next:jsconfig-paths-plugin skipping request as it is an absolute path 
C:\Users\ALICEBELLA\Desktop\HMNQV2\app\lib\auth
2025-08-31T23:32:51.892Z next:jsconfig-paths-plugin skipping request as it is an absolute path 
C:\Users\ALICEBELLA\Desktop\HMNQV2\app\lib\auth
2025-08-31T23:32:51.892Z next:jsconfig-paths-plugin skipping request as it is an absolute path 
C:\Users\ALICEBELLA\Desktop\HMNQV2\app\lib\auth
2025-08-31T23:32:51.892Z next:jsconfig-paths-plugin skipping request as it is an absolute path 
C:\Users\ALICEBELLA\Desktop\HMNQV2\app\lib\auth
2025-08-31T23:32:51.893Z next:jsconfig-paths-plugin skipping request as it is an absolute path 
C:\Users\ALICEBELLA\Desktop\HMNQV2\app\lib\auth
2025-08-31T23:32:51.893Z next:jsconfig-paths-plugin skipping request as it is an absolute path 
C:\Users\ALICEBELLA\Desktop\HMNQV2\app\lib\auth
2025-08-31T23:32:51.893Z next:jsconfig-paths-plugin skipping request as it is an absolute path 
C:\Users\ALICEBELLA\Desktop\HMNQV2\app\lib\auth
2025-08-31T23:32:51.893Z next:jsconfig-paths-plugin skipping request as it is an absolute path 
C:\Users\ALICEBELLA\Desktop\HMNQV2\app\lib\auth
2025-08-31T23:32:51.893Z next:jsconfig-paths-plugin skipping request as it is an absolute path 
C:\Users\ALICEBELLA\Desktop\HMNQV2\app\lib\auth
2025-08-31T23:32:51.893Z next:jsconfig-paths-plugin skipping request as it is an absolute path 
C:\Users\ALICEBELLA\Desktop\HMNQV2\app\lib\auth
2025-08-31T23:32:51.893Z next:jsconfig-paths-plugin skipping request as it is an absolute path 
C:\Users\ALICEBELLA\Desktop\HMNQV2\app\lib\auth
2025-08-31T23:32:51.893Z next:jsconfig-paths-plugin skipping request as it is an absolute path 
C:\Users\ALICEBELLA\Desktop\HMNQV2\app\lib\auth
2025-08-31T23:32:51.893Z next:jsconfig-paths-plugin skipping request as it is an absolute path 
C:\Users\ALICEBELLA\Desktop\HMNQV2\app\lib\auth
2025-08-31T23:32:51.896Z next:jsconfig-paths-plugin skipping request as it is an absolute path 
C:\Users\ALICEBELLA\Desktop\HMNQV2\app\lib\auth
2025-08-31T23:32:51.896Z next:jsconfig-paths-plugin skipping request as it is an absolute path 
C:\Users\ALICEBELLA\Desktop\HMNQV2\app\lib\auth
2025-08-31T23:32:51.896Z next:jsconfig-paths-plugin skipping request as it is an absolute path 
C:\Users\ALICEBELLA\Desktop\HMNQV2\app\lib\auth
2025-08-31T23:32:51.896Z next:jsconfig-paths-plugin skipping request as it is an absolute path 
C:\Users\ALICEBELLA\Desktop\HMNQV2\app\lib\auth
2025-08-31T23:32:51.898Z next:jsconfig-paths-plugin skipping request as it is an absolute path 
C:\Users\ALICEBELLA\Desktop\HMNQV2\app\lib\auth
2025-08-31T23:32:51.908Z next:jsconfig-paths-plugin skipping request as it is an absolute path 
C:\Users\ALICEBELLA\Desktop\HMNQV2\app\lib\db
2025-08-31T23:32:51.909Z next:jsconfig-paths-plugin skipping request as it is an absolute path 
C:\Users\ALICEBELLA\Desktop\HMNQV2\app\lib\db
2025-08-31T23:32:51.909Z next:jsconfig-paths-plugin skipping request as it is an absolute path 
C:\Users\ALICEBELLA\Desktop\HMNQV2\app\lib\db
2025-08-31T23:32:51.909Z next:jsconfig-paths-plugin skipping request as it is an absolute path 
C:\Users\ALICEBELLA\Desktop\HMNQV2\app\lib\db
2025-08-31T23:32:51.909Z next:jsconfig-paths-plugin skipping request as it is an absolute path 
C:\Users\ALICEBELLA\Desktop\HMNQV2\app\lib\db
2025-08-31T23:32:51.909Z next:jsconfig-paths-plugin skipping request as it is an absolute path 
C:\Users\ALICEBELLA\Desktop\HMNQV2\app\lib\db
2025-08-31T23:32:51.909Z next:jsconfig-paths-plugin skipping request as it is an absolute path 
C:\Users\ALICEBELLA\Desktop\HMNQV2\app\lib\db
2025-08-31T23:32:51.909Z next:jsconfig-paths-plugin skipping request as it is an absolute path 
C:\Users\ALICEBELLA\Desktop\HMNQV2\app\lib\db
2025-08-31T23:32:51.909Z next:jsconfig-paths-plugin skipping request as it is an absolute path 
C:\Users\ALICEBELLA\Desktop\HMNQV2\app\lib\db
2025-08-31T23:32:51.909Z next:jsconfig-paths-plugin skipping request as it is an absolute path 
C:\Users\ALICEBELLA\Desktop\HMNQV2\app\lib\db
2025-08-31T23:32:51.910Z next:jsconfig-paths-plugin skipping request as it is an absolute path 
C:\Users\ALICEBELLA\Desktop\HMNQV2\app\lib\db
2025-08-31T23:32:51.910Z next:jsconfig-paths-plugin skipping request as it is an absolute path 
C:\Users\ALICEBELLA\Desktop\HMNQV2\app\lib\db
2025-08-31T23:32:51.910Z next:jsconfig-paths-plugin skipping request as it is an absolute path 
C:\Users\ALICEBELLA\Desktop\HMNQV2\app\lib\db
2025-08-31T23:32:51.911Z next:jsconfig-paths-plugin skipping request as it is an absolute path 
C:\Users\ALICEBELLA\Desktop\HMNQV2\app\lib\db
2025-08-31T23:32:51.911Z next:jsconfig-paths-plugin skipping request as it is an absolute path 
C:\Users\ALICEBELLA\Desktop\HMNQV2\app\lib\db
2025-08-31T23:32:51.911Z next:jsconfig-paths-plugin skipping request as it is an absolute path 
C:\Users\ALICEBELLA\Desktop\HMNQV2\app\lib\db
2025-08-31T23:32:51.911Z next:jsconfig-paths-plugin skipping request as it is an absolute path 
C:\Users\ALICEBELLA\Desktop\HMNQV2\app\lib\db
2025-08-31T23:32:51.911Z next:jsconfig-paths-plugin skipping request as it is an absolute path 
C:\Users\ALICEBELLA\Desktop\HMNQV2\app\lib\db
2025-08-31T23:32:51.912Z next:jsconfig-paths-plugin skipping request as it is an absolute path 
C:\Users\ALICEBELLA\Desktop\HMNQV2\app\lib\db
2025-08-31T23:32:51.917Z next:jsconfig-paths-plugin skipping request as it is an absolute path 
C:\Users\ALICEBELLA\Desktop\HMNQV2\app\lib\db
2025-08-31T23:32:51.921Z next:jsconfig-paths-plugin skipping request as it is an absolute path 
C:\Users\ALICEBELLA\Desktop\HMNQV2\app\lib\db
2025-08-31T23:32:51.921Z next:jsconfig-paths-plugin skipping request as it is an absolute path 
C:\Users\ALICEBELLA\Desktop\HMNQV2\app\lib\db
2025-08-31T23:32:51.922Z next:jsconfig-paths-plugin skipping request as it is an absolute path 
C:\Users\ALICEBELLA\Desktop\HMNQV2\app\lib\db
2025-08-31T23:32:51.922Z next:jsconfig-paths-plugin skipping request as it is an absolute path 
C:\Users\ALICEBELLA\Desktop\HMNQV2\app\lib\db
2025-08-31T23:32:51.922Z next:jsconfig-paths-plugin skipping request as it is an absolute path 
C:\Users\ALICEBELLA\Desktop\HMNQV2\app\lib\db
2025-08-31T23:32:51.922Z next:jsconfig-paths-plugin skipping request as it is an absolute path 
C:\Users\ALICEBELLA\Desktop\HMNQV2\app\lib\db
2025-08-31T23:32:51.922Z next:jsconfig-paths-plugin skipping request as it is an absolute path 
C:\Users\ALICEBELLA\Desktop\HMNQV2\app\lib\db
2025-08-31T23:32:51.922Z next:jsconfig-paths-plugin skipping request as it is an absolute path 
C:\Users\ALICEBELLA\Desktop\HMNQV2\app\lib\db
2025-08-31T23:32:51.922Z next:jsconfig-paths-plugin skipping request as it is an absolute path 
C:\Users\ALICEBELLA\Desktop\HMNQV2\app\lib\db
2025-08-31T23:32:51.922Z next:jsconfig-paths-plugin skipping request as it is an absolute path 
C:\Users\ALICEBELLA\Desktop\HMNQV2\app\lib\db
2025-08-31T23:32:51.922Z next:jsconfig-paths-plugin skipping request as it is an absolute path 
C:\Users\ALICEBELLA\Desktop\HMNQV2\app\lib\db
2025-08-31T23:32:51.925Z next:jsconfig-paths-plugin skipping request as it is an absolute path 
C:\Users\ALICEBELLA\Desktop\HMNQV2\app\lib\db
2025-08-31T23:32:51.925Z next:jsconfig-paths-plugin skipping request as it is an absolute path 
C:\Users\ALICEBELLA\Desktop\HMNQV2\app\lib\db
2025-08-31T23:32:51.925Z next:jsconfig-paths-plugin skipping request as it is an absolute path 
C:\Users\ALICEBELLA\Desktop\HMNQV2\app\lib\db
2025-08-31T23:32:51.925Z next:jsconfig-paths-plugin skipping request as it is an absolute path 
C:\Users\ALICEBELLA\Desktop\HMNQV2\app\lib\db
2025-08-31T23:32:51.925Z next:jsconfig-paths-plugin skipping request as it is an absolute path 
C:\Users\ALICEBELLA\Desktop\HMNQV2\app\lib\db
2025-08-31T23:32:51.925Z next:jsconfig-paths-plugin skipping request as it is an absolute path 
C:\Users\ALICEBELLA\Desktop\HMNQV2\app\lib\db
2025-08-31T23:32:51.931Z next:jsconfig-paths-plugin skipping request as it is an absolute path 
C:\Users\ALICEBELLA\Desktop\HMNQV2\app\lib\db
2025-08-31T23:32:51.935Z next:jsconfig-paths-plugin skipping request as it is an absolute path 
C:\Users\ALICEBELLA\Desktop\HMNQV2\app\lib\archive-reader
2025-08-31T23:32:51.937Z next:jsconfig-paths-plugin skipping request as it is an absolute path 
C:\Users\ALICEBELLA\Desktop\HMNQV2\app\lib\archive-reader
2025-08-31T23:32:51.938Z next:jsconfig-paths-plugin skipping request as it is an absolute path 
C:\Users\ALICEBELLA\Desktop\HMNQV2\app\lib\prisma
2025-08-31T23:32:51.940Z next:jsconfig-paths-plugin skipping request as it is an absolute path 
C:\Users\ALICEBELLA\Desktop\HMNQV2\app\lib\prisma
2025-08-31T23:32:51.942Z next:jsconfig-paths-plugin skipping request as it is an absolute path 
C:\Users\ALICEBELLA\Desktop\HMNQV2\app\lib\audit
2025-08-31T23:32:51.944Z next:jsconfig-paths-plugin skipping request as it is an absolute path 
C:\Users\ALICEBELLA\Desktop\HMNQV2\app\lib\audit
2025-08-31T23:32:51.949Z next:jsconfig-paths-plugin moduleName did not match any paths pattern 
next/server
2025-08-31T23:32:51.951Z next:jsconfig-paths-plugin moduleName did not match any paths pattern 
next/server
2025-08-31T23:32:51.953Z next:jsconfig-paths-plugin skipping request as it is an absolute path 
C:\Users\ALICEBELLA\Desktop\HMNQV2\app\lib\auth
2025-08-31T23:32:51.955Z next:jsconfig-paths-plugin skipping request as it is an absolute path 
C:\Users\ALICEBELLA\Desktop\HMNQV2\app\lib\auth
2025-08-31T23:32:51.957Z next:jsconfig-paths-plugin skipping request as it is an absolute path 
C:\Users\ALICEBELLA\Desktop\HMNQV2\app\lib\auth
2025-08-31T23:32:51.958Z next:jsconfig-paths-plugin skipping request as it is an absolute path 
C:\Users\ALICEBELLA\Desktop\HMNQV2\app\lib\auth
2025-08-31T23:32:51.959Z next:jsconfig-paths-plugin moduleName did not match any paths pattern 
next/server
2025-08-31T23:32:51.960Z next:jsconfig-paths-plugin moduleName did not match any paths pattern 
next/server
2025-08-31T23:32:51.961Z next:jsconfig-paths-plugin skipping request as it is an absolute path 
C:\Users\ALICEBELLA\Desktop\HMNQV2\app\lib\auth
2025-08-31T23:32:51.962Z next:jsconfig-paths-plugin skipping request as it is an absolute path 
C:\Users\ALICEBELLA\Desktop\HMNQV2\app\lib\auth
2025-08-31T23:32:51.963Z next:jsconfig-paths-plugin skipping request as it is an absolute path 
C:\Users\ALICEBELLA\Desktop\HMNQV2\app\lib\auth
2025-08-31T23:32:51.963Z next:jsconfig-paths-plugin skipping request as it is an absolute path 
C:\Users\ALICEBELLA\Desktop\HMNQV2\app\lib\auth
2025-08-31T23:32:51.964Z next:jsconfig-paths-plugin moduleName did not match any paths pattern 
next/server
2025-08-31T23:32:51.965Z next:jsconfig-paths-plugin moduleName did not match any paths pattern 
next/server
2025-08-31T23:32:51.966Z next:jsconfig-paths-plugin skipping request as it is an absolute path 
C:\Users\ALICEBELLA\Desktop\HMNQV2\app\lib\auth
2025-08-31T23:32:51.966Z next:jsconfig-paths-plugin skipping request as it is an absolute path 
C:\Users\ALICEBELLA\Desktop\HMNQV2\app\lib\db
2025-08-31T23:32:51.968Z next:jsconfig-paths-plugin skipping request as it is an absolute path 
C:\Users\ALICEBELLA\Desktop\HMNQV2\app\lib\auth
2025-08-31T23:32:51.968Z next:jsconfig-paths-plugin skipping request as it is an absolute path 
C:\Users\ALICEBELLA\Desktop\HMNQV2\app\lib\db
2025-08-31T23:32:51.969Z next:jsconfig-paths-plugin skipping request as it is an absolute path 
C:\Users\ALICEBELLA\Desktop\HMNQV2\app\lib\auth
2025-08-31T23:32:51.969Z next:jsconfig-paths-plugin skipping request as it is an absolute path 
C:\Users\ALICEBELLA\Desktop\HMNQV2\app\lib\db
2025-08-31T23:32:51.971Z next:jsconfig-paths-plugin skipping request as it is an absolute path 
C:\Users\ALICEBELLA\Desktop\HMNQV2\app\lib\auth
2025-08-31T23:32:51.971Z next:jsconfig-paths-plugin skipping request as it is an absolute path 
C:\Users\ALICEBELLA\Desktop\HMNQV2\app\lib\db
2025-08-31T23:32:51.972Z next:jsconfig-paths-plugin moduleName did not match any paths pattern 
next/server
2025-08-31T23:32:51.974Z next:jsconfig-paths-plugin moduleName did not match any paths pattern 
next/server
2025-08-31T23:32:51.976Z next:jsconfig-paths-plugin skipping request as it is an absolute path 
C:\Users\ALICEBELLA\Desktop\HMNQV2\app\lib\auth
2025-08-31T23:32:51.976Z next:jsconfig-paths-plugin skipping request as it is an absolute path 
C:\Users\ALICEBELLA\Desktop\HMNQV2\app\lib\db
2025-08-31T23:32:51.977Z next:jsconfig-paths-plugin skipping request as it is an absolute path 
C:\Users\ALICEBELLA\Desktop\HMNQV2\app\lib\auth
2025-08-31T23:32:51.978Z next:jsconfig-paths-plugin skipping request as it is an absolute path 
C:\Users\ALICEBELLA\Desktop\HMNQV2\app\lib\db
2025-08-31T23:32:51.979Z next:jsconfig-paths-plugin skipping request as it is an absolute path 
C:\Users\ALICEBELLA\Desktop\HMNQV2\app\lib\auth
2025-08-31T23:32:51.979Z next:jsconfig-paths-plugin skipping request as it is an absolute path 
C:\Users\ALICEBELLA\Desktop\HMNQV2\app\lib\db
2025-08-31T23:32:51.981Z next:jsconfig-paths-plugin skipping request as it is an absolute path 
C:\Users\ALICEBELLA\Desktop\HMNQV2\app\lib\auth
2025-08-31T23:32:51.981Z next:jsconfig-paths-plugin skipping request as it is an absolute path 
C:\Users\ALICEBELLA\Desktop\HMNQV2\app\lib\db
2025-08-31T23:32:51.982Z next:jsconfig-paths-plugin moduleName did not match any paths pattern 
next/server
2025-08-31T23:32:51.983Z next:jsconfig-paths-plugin moduleName did not match any paths pattern 
next/server
2025-08-31T23:32:51.985Z next:jsconfig-paths-plugin skipping request as it is an absolute path 
C:\Users\ALICEBELLA\Desktop\HMNQV2\app\lib\auth
2025-08-31T23:32:51.985Z next:jsconfig-paths-plugin skipping request as it is an absolute path 
C:\Users\ALICEBELLA\Desktop\HMNQV2\app\lib\db
2025-08-31T23:32:51.985Z next:jsconfig-paths-plugin skipping request as it is an absolute path 
C:\Users\ALICEBELLA\Desktop\HMNQV2\app\lib\test-validation
2025-08-31T23:32:51.987Z next:jsconfig-paths-plugin skipping request as it is an absolute path 
C:\Users\ALICEBELLA\Desktop\HMNQV2\app\lib\auth
2025-08-31T23:32:51.988Z next:jsconfig-paths-plugin skipping request as it is an absolute path 
C:\Users\ALICEBELLA\Desktop\HMNQV2\app\lib\db
2025-08-31T23:32:51.988Z next:jsconfig-paths-plugin skipping request as it is an absolute path 
C:\Users\ALICEBELLA\Desktop\HMNQV2\app\lib\test-validation
2025-08-31T23:32:51.991Z next:jsconfig-paths-plugin skipping request as it is an absolute path 
C:\Users\ALICEBELLA\Desktop\HMNQV2\app\lib\auth
2025-08-31T23:32:51.992Z next:jsconfig-paths-plugin skipping request as it is an absolute path 
C:\Users\ALICEBELLA\Desktop\HMNQV2\app\lib\db
2025-08-31T23:32:51.993Z next:jsconfig-paths-plugin skipping request as it is an absolute path 
C:\Users\ALICEBELLA\Desktop\HMNQV2\app\lib\auth
2025-08-31T23:32:51.994Z next:jsconfig-paths-plugin skipping request as it is an absolute path 
C:\Users\ALICEBELLA\Desktop\HMNQV2\app\lib\db
2025-08-31T23:32:52.011Z next:jsconfig-paths-plugin skipping request as it is an absolute path 
C:\Users\ALICEBELLA\Desktop\HMNQV2\app\lib\utils
2025-08-31T23:32:52.014Z next:jsconfig-paths-plugin skipping request as it is an absolute path 
C:\Users\ALICEBELLA\Desktop\HMNQV2\app\lib\utils
2025-08-31T23:32:52.015Z next:jsconfig-paths-plugin skipping request as it is an absolute path 
C:\Users\ALICEBELLA\Desktop\HMNQV2\app\lib\utils
2025-08-31T23:32:52.015Z next:jsconfig-paths-plugin skipping request as it is an absolute path 
C:\Users\ALICEBELLA\Desktop\HMNQV2\app\lib\utils
2025-08-31T23:32:52.021Z next:jsconfig-paths-plugin skipping request as it is an absolute path 
C:\Users\ALICEBELLA\Desktop\HMNQV2\app\lib\ai\graphology-training
2025-08-31T23:32:52.022Z next:jsconfig-paths-plugin skipping request as it is an absolute path 
C:\Users\ALICEBELLA\Desktop\HMNQV2\app\lib\ai\graphology-training
2025-08-31T23:32:52.034Z next:jsconfig-paths-plugin moduleName did not match any paths pattern 
next/server
2025-08-31T23:32:52.035Z next:jsconfig-paths-plugin moduleName did not match any paths pattern 
next/server
2025-08-31T23:32:52.037Z next:jsconfig-paths-plugin skipping request as it is an absolute path 
C:\Users\ALICEBELLA\Desktop\HMNQV2\app\lib\auth
2025-08-31T23:32:52.037Z next:jsconfig-paths-plugin skipping request as it is an absolute path 
C:\Users\ALICEBELLA\Desktop\HMNQV2\app\lib\db
2025-08-31T23:32:52.038Z next:jsconfig-paths-plugin skipping request as it is an absolute path 
C:\Users\ALICEBELLA\Desktop\HMNQV2\app\lib\auth
2025-08-31T23:32:52.038Z next:jsconfig-paths-plugin skipping request as it is an absolute path 
C:\Users\ALICEBELLA\Desktop\HMNQV2\app\lib\db
2025-08-31T23:32:52.040Z next:jsconfig-paths-plugin skipping request as it is an absolute path 
C:\Users\ALICEBELLA\Desktop\HMNQV2\app\lib\auth
2025-08-31T23:32:52.040Z next:jsconfig-paths-plugin skipping request as it is an absolute path 
C:\Users\ALICEBELLA\Desktop\HMNQV2\app\lib\db
2025-08-31T23:32:52.042Z next:jsconfig-paths-plugin skipping request as it is an absolute path 
C:\Users\ALICEBELLA\Desktop\HMNQV2\app\lib\auth
2025-08-31T23:32:52.043Z next:jsconfig-paths-plugin skipping request as it is an absolute path 
C:\Users\ALICEBELLA\Desktop\HMNQV2\app\lib\db
2025-08-31T23:32:52.046Z next:jsconfig-paths-plugin skipping request as it is an absolute path 
C:\Users\ALICEBELLA\Desktop\HMNQV2\app\config\test-questions-count
2025-08-31T23:32:52.048Z next:jsconfig-paths-plugin moduleName did not match any paths pattern 
next/server
2025-08-31T23:32:52.048Z next:jsconfig-paths-plugin moduleName did not match any paths pattern 
next/server
2025-08-31T23:32:52.049Z next:jsconfig-paths-plugin moduleName did not match any paths pattern 
next/server
2025-08-31T23:32:52.049Z next:jsconfig-paths-plugin moduleName did not match any paths pattern 
next/server
2025-08-31T23:32:52.051Z next:jsconfig-paths-plugin skipping request as it is an absolute path 
C:\Users\ALICEBELLA\Desktop\HMNQV2\app\lib\auth
2025-08-31T23:32:52.051Z next:jsconfig-paths-plugin skipping request as it is an absolute path 
C:\Users\ALICEBELLA\Desktop\HMNQV2\app\lib\db
2025-08-31T23:32:52.052Z next:jsconfig-paths-plugin skipping request as it is an absolute path 
C:\Users\ALICEBELLA\Desktop\HMNQV2\app\lib\auth
2025-08-31T23:32:52.052Z next:jsconfig-paths-plugin skipping request as it is an absolute path 
C:\Users\ALICEBELLA\Desktop\HMNQV2\app\lib\db
2025-08-31T23:32:52.053Z next:jsconfig-paths-plugin skipping request as it is an absolute path 
C:\Users\ALICEBELLA\Desktop\HMNQV2\app\lib\auth
2025-08-31T23:32:52.053Z next:jsconfig-paths-plugin skipping request as it is an absolute path 
C:\Users\ALICEBELLA\Desktop\HMNQV2\app\lib\db
2025-08-31T23:32:52.053Z next:jsconfig-paths-plugin skipping request as it is an absolute path 
C:\Users\ALICEBELLA\Desktop\HMNQV2\app\lib\auth
2025-08-31T23:32:52.053Z next:jsconfig-paths-plugin skipping request as it is an absolute path 
C:\Users\ALICEBELLA\Desktop\HMNQV2\app\lib\db
2025-08-31T23:32:52.055Z next:jsconfig-paths-plugin skipping request as it is an absolute path 
C:\Users\ALICEBELLA\Desktop\HMNQV2\app\lib\auth
2025-08-31T23:32:52.055Z next:jsconfig-paths-plugin skipping request as it is an absolute path 
C:\Users\ALICEBELLA\Desktop\HMNQV2\app\lib\db
2025-08-31T23:32:52.055Z next:jsconfig-paths-plugin skipping request as it is an absolute path 
C:\Users\ALICEBELLA\Desktop\HMNQV2\app\lib\auth
2025-08-31T23:32:52.055Z next:jsconfig-paths-plugin skipping request as it is an absolute path 
C:\Users\ALICEBELLA\Desktop\HMNQV2\app\lib\db
2025-08-31T23:32:52.061Z next:jsconfig-paths-plugin skipping request as it is an absolute path 
C:\Users\ALICEBELLA\Desktop\HMNQV2\app\lib\auth
2025-08-31T23:32:52.063Z next:jsconfig-paths-plugin skipping request as it is an absolute path 
C:\Users\ALICEBELLA\Desktop\HMNQV2\app\lib\db
2025-08-31T23:32:52.064Z next:jsconfig-paths-plugin skipping request as it is an absolute path 
C:\Users\ALICEBELLA\Desktop\HMNQV2\app\lib\auth
2025-08-31T23:32:52.065Z next:jsconfig-paths-plugin skipping request as it is an absolute path 
C:\Users\ALICEBELLA\Desktop\HMNQV2\app\lib\db
2025-08-31T23:32:52.074Z next:jsconfig-paths-plugin moduleName did not match any paths pattern 
next/server
2025-08-31T23:32:52.075Z next:jsconfig-paths-plugin moduleName did not match any paths pattern 
next/server
2025-08-31T23:32:52.078Z next:jsconfig-paths-plugin skipping request as it is an absolute path 
C:\Users\ALICEBELLA\Desktop\HMNQV2\app\lib\auth
2025-08-31T23:32:52.079Z next:jsconfig-paths-plugin skipping request as it is an absolute path 
C:\Users\ALICEBELLA\Desktop\HMNQV2\app\lib\db
2025-08-31T23:32:52.080Z next:jsconfig-paths-plugin skipping request as it is an absolute path 
C:\Users\ALICEBELLA\Desktop\HMNQV2\app\lib\auth
2025-08-31T23:32:52.082Z next:jsconfig-paths-plugin skipping request as it is an absolute path 
C:\Users\ALICEBELLA\Desktop\HMNQV2\app\lib\db
2025-08-31T23:32:52.084Z next:jsconfig-paths-plugin skipping request as it is an absolute path 
C:\Users\ALICEBELLA\Desktop\HMNQV2\app\lib\auth
2025-08-31T23:32:52.085Z next:jsconfig-paths-plugin skipping request as it is an absolute path 
C:\Users\ALICEBELLA\Desktop\HMNQV2\app\lib\db
2025-08-31T23:32:52.086Z next:jsconfig-paths-plugin skipping request as it is an absolute path 
C:\Users\ALICEBELLA\Desktop\HMNQV2\app\lib\auth
2025-08-31T23:32:52.086Z next:jsconfig-paths-plugin skipping request as it is an absolute path 
C:\Users\ALICEBELLA\Desktop\HMNQV2\app\lib\db
2025-08-31T23:32:52.088Z next:jsconfig-paths-plugin moduleName did not match any paths pattern 
next/server
2025-08-31T23:32:52.090Z next:jsconfig-paths-plugin moduleName did not match any paths pattern 
next/server
2025-08-31T23:32:52.091Z next:jsconfig-paths-plugin skipping request as it is an absolute path 
C:\Users\ALICEBELLA\Desktop\HMNQV2\app\lib\auth
2025-08-31T23:32:52.092Z next:jsconfig-paths-plugin skipping request as it is an absolute path 
C:\Users\ALICEBELLA\Desktop\HMNQV2\app\lib\db
2025-08-31T23:32:52.092Z next:jsconfig-paths-plugin skipping request as it is an absolute path 
C:\Users\ALICEBELLA\Desktop\HMNQV2\app\lib\ai\analysis-templates
2025-08-31T23:32:52.094Z next:jsconfig-paths-plugin skipping request as it is an absolute path 
C:\Users\ALICEBELLA\Desktop\HMNQV2\app\lib\auth
2025-08-31T23:32:52.094Z next:jsconfig-paths-plugin skipping request as it is an absolute path 
C:\Users\ALICEBELLA\Desktop\HMNQV2\app\lib\db
2025-08-31T23:32:52.094Z next:jsconfig-paths-plugin skipping request as it is an absolute path 
C:\Users\ALICEBELLA\Desktop\HMNQV2\app\lib\ai\analysis-templates
2025-08-31T23:32:52.096Z next:jsconfig-paths-plugin skipping request as it is an absolute path 
C:\Users\ALICEBELLA\Desktop\HMNQV2\app\lib\auth
2025-08-31T23:32:52.096Z next:jsconfig-paths-plugin skipping request as it is an absolute path 
C:\Users\ALICEBELLA\Desktop\HMNQV2\app\lib\db
2025-08-31T23:32:52.098Z next:jsconfig-paths-plugin skipping request as it is an absolute path 
C:\Users\ALICEBELLA\Desktop\HMNQV2\app\lib\auth
2025-08-31T23:32:52.098Z next:jsconfig-paths-plugin skipping request as it is an absolute path 
C:\Users\ALICEBELLA\Desktop\HMNQV2\app\lib\db
2025-08-31T23:32:52.103Z next:jsconfig-paths-plugin skipping request as it is an absolute path 
C:\Users\ALICEBELLA\Desktop\HMNQV2\app\lib\test-validation
2025-08-31T23:32:52.104Z next:jsconfig-paths-plugin skipping request as it is an absolute path 
C:\Users\ALICEBELLA\Desktop\HMNQV2\app\lib\test-validation
2025-08-31T23:32:52.125Z next:jsconfig-paths-plugin moduleName did not match any paths pattern 
next/server
2025-08-31T23:32:52.126Z next:jsconfig-paths-plugin moduleName did not match any paths pattern 
next/server
2025-08-31T23:32:52.128Z next:jsconfig-paths-plugin moduleName did not match any paths pattern 
next/server
2025-08-31T23:32:52.130Z next:jsconfig-paths-plugin moduleName did not match any paths pattern 
next/server
2025-08-31T23:32:52.134Z next:jsconfig-paths-plugin skipping request as it is an absolute path 
C:\Users\ALICEBELLA\Desktop\HMNQV2\app\lib\auth
2025-08-31T23:32:52.138Z next:jsconfig-paths-plugin skipping request as it is an absolute path 
C:\Users\ALICEBELLA\Desktop\HMNQV2\app\lib\db
2025-08-31T23:32:52.138Z next:jsconfig-paths-plugin skipping request as it is an absolute path 
C:\Users\ALICEBELLA\Desktop\HMNQV2\app\config\test-questions-count
2025-08-31T23:32:52.139Z next:jsconfig-paths-plugin skipping request as it is an absolute path 
C:\Users\ALICEBELLA\Desktop\HMNQV2\app\lib\auth
2025-08-31T23:32:52.139Z next:jsconfig-paths-plugin skipping request as it is an absolute path 
C:\Users\ALICEBELLA\Desktop\HMNQV2\app\lib\db
2025-08-31T23:32:52.139Z next:jsconfig-paths-plugin skipping request as it is an absolute path 
C:\Users\ALICEBELLA\Desktop\HMNQV2\app\lib\test-validation
2025-08-31T23:32:52.140Z next:jsconfig-paths-plugin skipping request as it is an absolute path 
C:\Users\ALICEBELLA\Desktop\HMNQV2\app\lib\archive-reader
2025-08-31T23:32:52.142Z next:jsconfig-paths-plugin skipping request as it is an absolute path 
C:\Users\ALICEBELLA\Desktop\HMNQV2\app\lib\auth
2025-08-31T23:32:52.143Z next:jsconfig-paths-plugin skipping request as it is an absolute path 
C:\Users\ALICEBELLA\Desktop\HMNQV2\app\lib\db
2025-08-31T23:32:52.143Z next:jsconfig-paths-plugin skipping request as it is an absolute path 
C:\Users\ALICEBELLA\Desktop\HMNQV2\app\config\test-questions-count
2025-08-31T23:32:52.144Z next:jsconfig-paths-plugin skipping request as it is an absolute path 
C:\Users\ALICEBELLA\Desktop\HMNQV2\app\lib\auth
2025-08-31T23:32:52.144Z next:jsconfig-paths-plugin skipping request as it is an absolute path 
C:\Users\ALICEBELLA\Desktop\HMNQV2\app\lib\db
2025-08-31T23:32:52.144Z next:jsconfig-paths-plugin skipping request as it is an absolute path 
C:\Users\ALICEBELLA\Desktop\HMNQV2\app\lib\test-validation
2025-08-31T23:32:52.144Z next:jsconfig-paths-plugin skipping request as it is an absolute path 
C:\Users\ALICEBELLA\Desktop\HMNQV2\app\lib\archive-reader
2025-08-31T23:32:52.148Z next:jsconfig-paths-plugin skipping request as it is an absolute path 
C:\Users\ALICEBELLA\Desktop\HMNQV2\app\lib\auth
2025-08-31T23:32:52.148Z next:jsconfig-paths-plugin skipping request as it is an absolute path 
C:\Users\ALICEBELLA\Desktop\HMNQV2\app\lib\db
2025-08-31T23:32:52.148Z next:jsconfig-paths-plugin skipping request as it is an absolute path 
C:\Users\ALICEBELLA\Desktop\HMNQV2\app\lib\auth
2025-08-31T23:32:52.149Z next:jsconfig-paths-plugin skipping request as it is an absolute path 
C:\Users\ALICEBELLA\Desktop\HMNQV2\app\lib\db
2025-08-31T23:32:52.149Z next:jsconfig-paths-plugin skipping request as it is an absolute path 
C:\Users\ALICEBELLA\Desktop\HMNQV2\app\lib\test-validation
2025-08-31T23:32:52.150Z next:jsconfig-paths-plugin skipping request as it is an absolute path 
C:\Users\ALICEBELLA\Desktop\HMNQV2\app\lib\archive-reader
2025-08-31T23:32:52.160Z next:jsconfig-paths-plugin skipping request as it is an absolute path 
C:\Users\ALICEBELLA\Desktop\HMNQV2\app\lib\auth
2025-08-31T23:32:52.160Z next:jsconfig-paths-plugin skipping request as it is an absolute path 
C:\Users\ALICEBELLA\Desktop\HMNQV2\app\lib\db
2025-08-31T23:32:52.168Z next:jsconfig-paths-plugin skipping request as it is an absolute path 
C:\Users\ALICEBELLA\Desktop\HMNQV2\app\lib\auth
2025-08-31T23:32:52.168Z next:jsconfig-paths-plugin skipping request as it is an absolute path 
C:\Users\ALICEBELLA\Desktop\HMNQV2\app\lib\db
2025-08-31T23:32:52.168Z next:jsconfig-paths-plugin skipping request as it is an absolute path 
C:\Users\ALICEBELLA\Desktop\HMNQV2\app\lib\test-validation
2025-08-31T23:32:52.168Z next:jsconfig-paths-plugin skipping request as it is an absolute path 
C:\Users\ALICEBELLA\Desktop\HMNQV2\app\lib\archive-reader
2025-08-31T23:32:52.174Z next:jsconfig-paths-plugin skipping request as it is an absolute path 
C:\Users\ALICEBELLA\Desktop\HMNQV2\app\archives\utils\archiver
2025-08-31T23:32:52.182Z next:jsconfig-paths-plugin moduleName did not match any paths pattern 
next/server
2025-08-31T23:32:52.183Z next:jsconfig-paths-plugin moduleName did not match any paths pattern 
next/server
2025-08-31T23:32:52.184Z next:jsconfig-paths-plugin skipping request as it is an absolute path 
C:\Users\ALICEBELLA\Desktop\HMNQV2\app\lib\auth
2025-08-31T23:32:52.184Z next:jsconfig-paths-plugin skipping request as it is an absolute path 
C:\Users\ALICEBELLA\Desktop\HMNQV2\app\lib\db
2025-08-31T23:32:52.184Z next:jsconfig-paths-plugin skipping request as it is an absolute path 
C:\Users\ALICEBELLA\Desktop\HMNQV2\app\lib\erp\sync-service
2025-08-31T23:32:52.185Z next:jsconfig-paths-plugin skipping request as it is an absolute path 
C:\Users\ALICEBELLA\Desktop\HMNQV2\app\lib\auth
2025-08-31T23:32:52.186Z next:jsconfig-paths-plugin skipping request as it is an absolute path 
C:\Users\ALICEBELLA\Desktop\HMNQV2\app\lib\db
2025-08-31T23:32:52.188Z next:jsconfig-paths-plugin skipping request as it is an absolute path 
C:\Users\ALICEBELLA\Desktop\HMNQV2\app\lib\auth
2025-08-31T23:32:52.188Z next:jsconfig-paths-plugin skipping request as it is an absolute path 
C:\Users\ALICEBELLA\Desktop\HMNQV2\app\lib\db
2025-08-31T23:32:52.189Z next:jsconfig-paths-plugin skipping request as it is an absolute path 
C:\Users\ALICEBELLA\Desktop\HMNQV2\app\lib\auth
2025-08-31T23:32:52.190Z next:jsconfig-paths-plugin skipping request as it is an absolute path 
C:\Users\ALICEBELLA\Desktop\HMNQV2\app\lib\db
2025-08-31T23:32:52.191Z next:jsconfig-paths-plugin moduleName did not match any paths pattern 
next/server
2025-08-31T23:32:52.192Z next:jsconfig-paths-plugin moduleName did not match any paths pattern 
next/server
2025-08-31T23:32:52.194Z next:jsconfig-paths-plugin skipping request as it is an absolute path 
C:\Users\ALICEBELLA\Desktop\HMNQV2\app\lib\auth
2025-08-31T23:32:52.194Z next:jsconfig-paths-plugin skipping request as it is an absolute path 
C:\Users\ALICEBELLA\Desktop\HMNQV2\app\lib\db
2025-08-31T23:32:52.194Z next:jsconfig-paths-plugin skipping request as it is an absolute path 
C:\Users\ALICEBELLA\Desktop\HMNQV2\app\lib\erp\connector-factory
2025-08-31T23:32:52.195Z next:jsconfig-paths-plugin skipping request as it is an absolute path 
C:\Users\ALICEBELLA\Desktop\HMNQV2\app\lib\auth
2025-08-31T23:32:52.195Z next:jsconfig-paths-plugin skipping request as it is an absolute path 
C:\Users\ALICEBELLA\Desktop\HMNQV2\app\lib\db
2025-08-31T23:32:52.197Z next:jsconfig-paths-plugin skipping request as it is an absolute path 
C:\Users\ALICEBELLA\Desktop\HMNQV2\app\lib\auth
2025-08-31T23:32:52.197Z next:jsconfig-paths-plugin skipping request as it is an absolute path 
C:\Users\ALICEBELLA\Desktop\HMNQV2\app\lib\db
2025-08-31T23:32:52.198Z next:jsconfig-paths-plugin skipping request as it is an absolute path 
C:\Users\ALICEBELLA\Desktop\HMNQV2\app\lib\auth
2025-08-31T23:32:52.198Z next:jsconfig-paths-plugin skipping request as it is an absolute path 
C:\Users\ALICEBELLA\Desktop\HMNQV2\app\lib\db
2025-08-31T23:32:52.200Z next:jsconfig-paths-plugin moduleName did not match any paths pattern 
next/server
2025-08-31T23:32:52.200Z next:jsconfig-paths-plugin moduleName did not match any paths pattern 
next/server
2025-08-31T23:32:52.201Z next:jsconfig-paths-plugin moduleName did not match any paths pattern 
next/server
2025-08-31T23:32:52.202Z next:jsconfig-paths-plugin moduleName did not match any paths pattern 
next/server
2025-08-31T23:32:52.203Z next:jsconfig-paths-plugin skipping request as it is an absolute path 
C:\Users\ALICEBELLA\Desktop\HMNQV2\app\lib\auth
2025-08-31T23:32:52.204Z next:jsconfig-paths-plugin skipping request as it is an absolute path 
C:\Users\ALICEBELLA\Desktop\HMNQV2\app\lib\db
2025-08-31T23:32:52.204Z next:jsconfig-paths-plugin skipping request as it is an absolute path 
C:\Users\ALICEBELLA\Desktop\HMNQV2\app\archives\utils\archiver
2025-08-31T23:32:52.205Z next:jsconfig-paths-plugin skipping request as it is an absolute path 
C:\Users\ALICEBELLA\Desktop\HMNQV2\app\lib\auth
2025-08-31T23:32:52.205Z next:jsconfig-paths-plugin skipping request as it is an absolute path 
C:\Users\ALICEBELLA\Desktop\HMNQV2\app\lib\db
2025-08-31T23:32:52.206Z next:jsconfig-paths-plugin skipping request as it is an absolute path 
C:\Users\ALICEBELLA\Desktop\HMNQV2\app\lib\auth
2025-08-31T23:32:52.206Z next:jsconfig-paths-plugin skipping request as it is an absolute path 
C:\Users\ALICEBELLA\Desktop\HMNQV2\app\lib\db
2025-08-31T23:32:52.208Z next:jsconfig-paths-plugin skipping request as it is an absolute path 
C:\Users\ALICEBELLA\Desktop\HMNQV2\app\lib\auth
2025-08-31T23:32:52.208Z next:jsconfig-paths-plugin skipping request as it is an absolute path 
C:\Users\ALICEBELLA\Desktop\HMNQV2\app\lib\db
2025-08-31T23:32:52.209Z next:jsconfig-paths-plugin moduleName did not match any paths pattern 
next/server
2025-08-31T23:32:52.210Z next:jsconfig-paths-plugin moduleName did not match any paths pattern 
next/server
2025-08-31T23:32:52.213Z next:jsconfig-paths-plugin skipping request as it is an absolute path 
C:\Users\ALICEBELLA\Desktop\HMNQV2\app\lib\auth
2025-08-31T23:32:52.213Z next:jsconfig-paths-plugin skipping request as it is an absolute path 
C:\Users\ALICEBELLA\Desktop\HMNQV2\app\lib\db
2025-08-31T23:32:52.213Z next:jsconfig-paths-plugin skipping request as it is an absolute path 
C:\Users\ALICEBELLA\Desktop\HMNQV2\app\data\enneagram-subtypes
2025-08-31T23:32:52.214Z next:jsconfig-paths-plugin skipping request as it is an absolute path 
C:\Users\ALICEBELLA\Desktop\HMNQV2\app\lib\auth
2025-08-31T23:32:52.215Z next:jsconfig-paths-plugin skipping request as it is an absolute path 
C:\Users\ALICEBELLA\Desktop\HMNQV2\app\lib\db
2025-08-31T23:32:52.225Z next:jsconfig-paths-plugin skipping request as it is an absolute path 
C:\Users\ALICEBELLA\Desktop\HMNQV2\app\lib\auth
2025-08-31T23:32:52.225Z next:jsconfig-paths-plugin skipping request as it is an absolute path 
C:\Users\ALICEBELLA\Desktop\HMNQV2\app\lib\db
2025-08-31T23:32:52.226Z next:jsconfig-paths-plugin skipping request as it is an absolute path 
C:\Users\ALICEBELLA\Desktop\HMNQV2\app\lib\auth
2025-08-31T23:32:52.227Z next:jsconfig-paths-plugin skipping request as it is an absolute path 
C:\Users\ALICEBELLA\Desktop\HMNQV2\app\lib\db
2025-08-31T23:32:52.232Z next:jsconfig-paths-plugin moduleName did not match any paths pattern 
next/server
2025-08-31T23:32:52.233Z next:jsconfig-paths-plugin moduleName did not match any paths pattern 
next/server
2025-08-31T23:32:52.235Z next:jsconfig-paths-plugin skipping request as it is an absolute path 
C:\Users\ALICEBELLA\Desktop\HMNQV2\app\lib\auth
2025-08-31T23:32:52.235Z next:jsconfig-paths-plugin skipping request as it is an absolute path 
C:\Users\ALICEBELLA\Desktop\HMNQV2\app\lib\db
2025-08-31T23:32:52.236Z next:jsconfig-paths-plugin skipping request as it is an absolute path 
C:\Users\ALICEBELLA\Desktop\HMNQV2\app\lib\auth
2025-08-31T23:32:52.236Z next:jsconfig-paths-plugin skipping request as it is an absolute path 
C:\Users\ALICEBELLA\Desktop\HMNQV2\app\lib\db
2025-08-31T23:32:52.238Z next:jsconfig-paths-plugin skipping request as it is an absolute path 
C:\Users\ALICEBELLA\Desktop\HMNQV2\app\lib\auth
2025-08-31T23:32:52.238Z next:jsconfig-paths-plugin skipping request as it is an absolute path 
C:\Users\ALICEBELLA\Desktop\HMNQV2\app\lib\db
2025-08-31T23:32:52.239Z next:jsconfig-paths-plugin skipping request as it is an absolute path 
C:\Users\ALICEBELLA\Desktop\HMNQV2\app\lib\auth
2025-08-31T23:32:52.240Z next:jsconfig-paths-plugin skipping request as it is an absolute path 
C:\Users\ALICEBELLA\Desktop\HMNQV2\app\lib\db
2025-08-31T23:32:52.241Z next:jsconfig-paths-plugin skipping request as it is an absolute path 
C:\Users\ALICEBELLA\Desktop\HMNQV2\app\config\test-questions-count
2025-08-31T23:32:52.242Z next:jsconfig-paths-plugin skipping request as it is an absolute path 
C:\Users\ALICEBELLA\Desktop\HMNQV2\app\config\test-questions-count
2025-08-31T23:32:52.243Z next:jsconfig-paths-plugin skipping request as it is an absolute path 
C:\Users\ALICEBELLA\Desktop\HMNQV2\app\config\test-questions-count
2025-08-31T23:32:52.243Z next:jsconfig-paths-plugin skipping request as it is an absolute path 
C:\Users\ALICEBELLA\Desktop\HMNQV2\app\config\test-questions-count
2025-08-31T23:32:52.245Z next:jsconfig-paths-plugin skipping request as it is an absolute path 
C:\Users\ALICEBELLA\Desktop\HMNQV2\app\lib\ai\analysis-templates
2025-08-31T23:32:52.245Z next:jsconfig-paths-plugin skipping request as it is an absolute path 
C:\Users\ALICEBELLA\Desktop\HMNQV2\app\lib\ai\analysis-templates
2025-08-31T23:32:52.248Z next:jsconfig-paths-plugin skipping request as it is an absolute path 
C:\Users\ALICEBELLA\Desktop\HMNQV2\app\lib\monitoring\performance
2025-08-31T23:32:52.254Z next:jsconfig-paths-plugin skipping request as it is an absolute path 
C:\Users\ALICEBELLA\Desktop\HMNQV2\app\lib\erp\sync-service
2025-08-31T23:32:52.254Z next:jsconfig-paths-plugin skipping request as it is an absolute path 
C:\Users\ALICEBELLA\Desktop\HMNQV2\app\lib\erp\connector-factory
2025-08-31T23:32:52.256Z next:jsconfig-paths-plugin moduleName did not match any paths pattern 
next/server
2025-08-31T23:32:52.256Z next:jsconfig-paths-plugin moduleName did not match any paths pattern 
next/server
2025-08-31T23:32:52.257Z next:jsconfig-paths-plugin moduleName did not match any paths pattern 
next/server
2025-08-31T23:32:52.257Z next:jsconfig-paths-plugin moduleName did not match any paths pattern 
next/server
2025-08-31T23:32:52.259Z next:jsconfig-paths-plugin skipping request as it is an absolute path 
C:\Users\ALICEBELLA\Desktop\HMNQV2\app\lib\auth
2025-08-31T23:32:52.259Z next:jsconfig-paths-plugin skipping request as it is an absolute path 
C:\Users\ALICEBELLA\Desktop\HMNQV2\app\lib\db
2025-08-31T23:32:52.260Z next:jsconfig-paths-plugin skipping request as it is an absolute path 
C:\Users\ALICEBELLA\Desktop\HMNQV2\app\lib\auth
2025-08-31T23:32:52.260Z next:jsconfig-paths-plugin skipping request as it is an absolute path 
C:\Users\ALICEBELLA\Desktop\HMNQV2\app\lib\db
2025-08-31T23:32:52.261Z next:jsconfig-paths-plugin skipping request as it is an absolute path 
C:\Users\ALICEBELLA\Desktop\HMNQV2\app\lib\auth
2025-08-31T23:32:52.261Z next:jsconfig-paths-plugin skipping request as it is an absolute path 
C:\Users\ALICEBELLA\Desktop\HMNQV2\app\lib\db
2025-08-31T23:32:52.262Z next:jsconfig-paths-plugin skipping request as it is an absolute path 
C:\Users\ALICEBELLA\Desktop\HMNQV2\app\lib\auth
2025-08-31T23:32:52.262Z next:jsconfig-paths-plugin skipping request as it is an absolute path 
C:\Users\ALICEBELLA\Desktop\HMNQV2\app\lib\db
2025-08-31T23:32:52.264Z next:jsconfig-paths-plugin moduleName did not match any paths pattern 
next/server
2025-08-31T23:32:52.265Z next:jsconfig-paths-plugin moduleName did not match any paths pattern 
next/server
2025-08-31T23:32:52.266Z next:jsconfig-paths-plugin skipping request as it is an absolute path 
C:\Users\ALICEBELLA\Desktop\HMNQV2\app\lib\auth
2025-08-31T23:32:52.266Z next:jsconfig-paths-plugin skipping request as it is an absolute path 
C:\Users\ALICEBELLA\Desktop\HMNQV2\app\lib\db
2025-08-31T23:32:52.267Z next:jsconfig-paths-plugin skipping request as it is an absolute path 
C:\Users\ALICEBELLA\Desktop\HMNQV2\app\lib\auth
2025-08-31T23:32:52.267Z next:jsconfig-paths-plugin skipping request as it is an absolute path 
C:\Users\ALICEBELLA\Desktop\HMNQV2\app\lib\db
2025-08-31T23:32:52.268Z next:jsconfig-paths-plugin skipping request as it is an absolute path 
C:\Users\ALICEBELLA\Desktop\HMNQV2\app\lib\auth
2025-08-31T23:32:52.268Z next:jsconfig-paths-plugin skipping request as it is an absolute path 
C:\Users\ALICEBELLA\Desktop\HMNQV2\app\lib\db
2025-08-31T23:32:52.269Z next:jsconfig-paths-plugin skipping request as it is an absolute path 
C:\Users\ALICEBELLA\Desktop\HMNQV2\app\lib\auth
2025-08-31T23:32:52.269Z next:jsconfig-paths-plugin skipping request as it is an absolute path 
C:\Users\ALICEBELLA\Desktop\HMNQV2\app\lib\db
2025-08-31T23:32:52.285Z next:jsconfig-paths-plugin moduleName did not match any paths pattern 
next/server
2025-08-31T23:32:52.286Z next:jsconfig-paths-plugin moduleName did not match any paths pattern 
next/server
2025-08-31T23:32:52.287Z next:jsconfig-paths-plugin skipping request as it is an absolute path 
C:\Users\ALICEBELLA\Desktop\HMNQV2\app\lib\auth
2025-08-31T23:32:52.290Z next:jsconfig-paths-plugin skipping request as it is an absolute path 
C:\Users\ALICEBELLA\Desktop\HMNQV2\app\lib\prisma
2025-08-31T23:32:52.291Z next:jsconfig-paths-plugin skipping request as it is an absolute path 
C:\Users\ALICEBELLA\Desktop\HMNQV2\app\lib\auth
2025-08-31T23:32:52.291Z next:jsconfig-paths-plugin skipping request as it is an absolute path 
C:\Users\ALICEBELLA\Desktop\HMNQV2\app\lib\prisma
2025-08-31T23:32:52.293Z next:jsconfig-paths-plugin skipping request as it is an absolute path 
C:\Users\ALICEBELLA\Desktop\HMNQV2\app\lib\auth
2025-08-31T23:32:52.293Z next:jsconfig-paths-plugin skipping request as it is an absolute path 
C:\Users\ALICEBELLA\Desktop\HMNQV2\app\lib\prisma
2025-08-31T23:32:52.294Z next:jsconfig-paths-plugin skipping request as it is an absolute path 
C:\Users\ALICEBELLA\Desktop\HMNQV2\app\lib\auth
2025-08-31T23:32:52.294Z next:jsconfig-paths-plugin skipping request as it is an absolute path 
C:\Users\ALICEBELLA\Desktop\HMNQV2\app\lib\prisma
2025-08-31T23:32:52.296Z next:jsconfig-paths-plugin skipping request as it is an absolute path 
C:\Users\ALICEBELLA\Desktop\HMNQV2\app\lib\monitoring\performance
2025-08-31T23:32:52.297Z next:jsconfig-paths-plugin moduleName did not match any paths pattern 
next/server
2025-08-31T23:32:52.298Z next:jsconfig-paths-plugin moduleName did not match any paths pattern 
next/server
2025-08-31T23:32:52.299Z next:jsconfig-paths-plugin skipping request as it is an absolute path 
C:\Users\ALICEBELLA\Desktop\HMNQV2\app\archives\utils\archiver
2025-08-31T23:32:52.300Z next:jsconfig-paths-plugin skipping request as it is an absolute path 
C:\Users\ALICEBELLA\Desktop\HMNQV2\app\lib\auth
2025-08-31T23:32:52.300Z next:jsconfig-paths-plugin skipping request as it is an absolute path 
C:\Users\ALICEBELLA\Desktop\HMNQV2\app\lib\db
2025-08-31T23:32:52.301Z next:jsconfig-paths-plugin skipping request as it is an absolute path 
C:\Users\ALICEBELLA\Desktop\HMNQV2\app\lib\auth
2025-08-31T23:32:52.301Z next:jsconfig-paths-plugin skipping request as it is an absolute path 
C:\Users\ALICEBELLA\Desktop\HMNQV2\app\lib\db
2025-08-31T23:32:52.302Z next:jsconfig-paths-plugin skipping request as it is an absolute path 
C:\Users\ALICEBELLA\Desktop\HMNQV2\app\lib\auth
2025-08-31T23:32:52.302Z next:jsconfig-paths-plugin skipping request as it is an absolute path 
C:\Users\ALICEBELLA\Desktop\HMNQV2\app\lib\db
2025-08-31T23:32:52.303Z next:jsconfig-paths-plugin skipping request as it is an absolute path 
C:\Users\ALICEBELLA\Desktop\HMNQV2\app\lib\auth
2025-08-31T23:32:52.303Z next:jsconfig-paths-plugin skipping request as it is an absolute path 
C:\Users\ALICEBELLA\Desktop\HMNQV2\app\lib\db
2025-08-31T23:32:52.333Z next:jsconfig-paths-plugin moduleName did not match any paths pattern 
next/server
2025-08-31T23:32:52.333Z next:jsconfig-paths-plugin moduleName did not match any paths pattern 
next/server
2025-08-31T23:32:52.341Z next:jsconfig-paths-plugin skipping request as it is an absolute path 
C:\Users\ALICEBELLA\Desktop\HMNQV2\app\lib\db
2025-08-31T23:32:52.342Z next:jsconfig-paths-plugin skipping request as it is an absolute path 
C:\Users\ALICEBELLA\Desktop\HMNQV2\app\lib\db
2025-08-31T23:32:52.343Z next:jsconfig-paths-plugin skipping request as it is an absolute path 
C:\Users\ALICEBELLA\Desktop\HMNQV2\app\lib\db
2025-08-31T23:32:52.345Z next:jsconfig-paths-plugin skipping request as it is an absolute path 
C:\Users\ALICEBELLA\Desktop\HMNQV2\app\lib\db
2025-08-31T23:32:52.348Z next:jsconfig-paths-plugin skipping request as it is an absolute path 
C:\Users\ALICEBELLA\Desktop\HMNQV2\app\data\enneagram-subtypes
2025-08-31T23:32:52.350Z next:jsconfig-paths-plugin skipping request as it is an absolute path 
C:\Users\ALICEBELLA\Desktop\HMNQV2\app\archives\utils\archiver
2025-08-31T23:32:52.350Z next:jsconfig-paths-plugin skipping request as it is an absolute path 
C:\Users\ALICEBELLA\Desktop\HMNQV2\app\archives\utils\archiver
2025-08-31T23:32:52.351Z next:jsconfig-paths-plugin skipping request as it is an absolute path 
C:\Users\ALICEBELLA\Desktop\HMNQV2\app\archives\utils\archiver
2025-08-31T23:32:52.353Z next:jsconfig-paths-plugin skipping request as it is a relative path 
./_components/admin-dashboard
2025-08-31T23:32:52.361Z next:jsconfig-paths-plugin skipping request as it is an absolute path 
C:\Users\ALICEBELLA\Desktop\HMNQV2\app\lib\auth
2025-08-31T23:32:52.362Z next:jsconfig-paths-plugin skipping request as it is an absolute path 
C:\Users\ALICEBELLA\Desktop\HMNQV2\app\lib\db
2025-08-31T23:32:52.363Z next:jsconfig-paths-plugin skipping request as it is an absolute path 
C:\Users\ALICEBELLA\Desktop\HMNQV2\app\lib\auth
2025-08-31T23:32:52.363Z next:jsconfig-paths-plugin skipping request as it is an absolute path 
C:\Users\ALICEBELLA\Desktop\HMNQV2\app\lib\db
2025-08-31T23:32:52.364Z next:jsconfig-paths-plugin skipping request as it is an absolute path 
C:\Users\ALICEBELLA\Desktop\HMNQV2\app\lib\auth
2025-08-31T23:32:52.364Z next:jsconfig-paths-plugin skipping request as it is an absolute path 
C:\Users\ALICEBELLA\Desktop\HMNQV2\app\lib\db
2025-08-31T23:32:52.366Z next:jsconfig-paths-plugin skipping request as it is an absolute path 
C:\Users\ALICEBELLA\Desktop\HMNQV2\app\lib\auth
2025-08-31T23:32:52.366Z next:jsconfig-paths-plugin skipping request as it is an absolute path 
C:\Users\ALICEBELLA\Desktop\HMNQV2\app\lib\db
2025-08-31T23:32:52.368Z next:jsconfig-paths-plugin skipping request as it is an absolute path 
C:\Users\ALICEBELLA\Desktop\HMNQV2\app\lib\erp\sync-service
2025-08-31T23:32:52.369Z next:jsconfig-paths-plugin skipping request as it is an absolute path 
C:\Users\ALICEBELLA\Desktop\HMNQV2\app\lib\erp\sync-service
2025-08-31T23:32:52.371Z next:jsconfig-paths-plugin skipping request as it is an absolute path 
C:\Users\ALICEBELLA\Desktop\HMNQV2\app\lib\erp\connector-factory
2025-08-31T23:32:52.373Z next:jsconfig-paths-plugin skipping request as it is an absolute path 
C:\Users\ALICEBELLA\Desktop\HMNQV2\app\lib\erp\connector-factory
2025-08-31T23:32:52.384Z next:jsconfig-paths-plugin skipping request as it is an absolute path 
C:\Users\ALICEBELLA\Desktop\HMNQV2\app\lib\monitoring\performance
2025-08-31T23:32:52.385Z next:jsconfig-paths-plugin skipping request as it is an absolute path 
C:\Users\ALICEBELLA\Desktop\HMNQV2\app\lib\monitoring\performance
2025-08-31T23:32:52.422Z next:jsconfig-paths-plugin skipping request as it is a relative path 
./login-form
2025-08-31T23:32:52.422Z next:jsconfig-paths-plugin skipping request as it is a relative path 
./signup-form
2025-08-31T23:32:52.423Z next:jsconfig-paths-plugin skipping request as it is a relative path 
./login-form
2025-08-31T23:32:52.423Z next:jsconfig-paths-plugin skipping request as it is a relative path 
./signup-form
2025-08-31T23:32:52.423Z next:jsconfig-paths-plugin skipping request as it is an absolute path 
C:\Users\ALICEBELLA\Desktop\HMNQV2\app\components\auth\AuthErrorBoundary
2025-08-31T23:32:52.424Z next:jsconfig-paths-plugin skipping request as it is a relative path 
./_components/admin-dashboard
2025-08-31T23:32:52.425Z next:jsconfig-paths-plugin skipping request as it is an absolute path 
C:\Users\ALICEBELLA\Desktop\HMNQV2\app\data\enneagram-subtypes
2025-08-31T23:32:52.425Z next:jsconfig-paths-plugin skipping request as it is an absolute path 
C:\Users\ALICEBELLA\Desktop\HMNQV2\app\data\enneagram-subtypes
2025-08-31T23:32:52.427Z next:jsconfig-paths-plugin skipping request as it is an absolute path 
C:\Users\ALICEBELLA\Desktop\HMNQV2\app\archives\utils\archiver
2025-08-31T23:32:52.427Z next:jsconfig-paths-plugin skipping request as it is an absolute path 
C:\Users\ALICEBELLA\Desktop\HMNQV2\app\archives\utils\archiver
2025-08-31T23:32:52.427Z next:jsconfig-paths-plugin skipping request as it is an absolute path 
C:\Users\ALICEBELLA\Desktop\HMNQV2\app\archives\utils\archiver
2025-08-31T23:32:52.428Z next:jsconfig-paths-plugin skipping request as it is an absolute path 
C:\Users\ALICEBELLA\Desktop\HMNQV2\app\archives\utils\archiver
2025-08-31T23:32:52.429Z next:jsconfig-paths-plugin skipping request as it is an absolute path 
C:\Users\ALICEBELLA\Desktop\HMNQV2\app\archives\utils\archiver
2025-08-31T23:32:52.429Z next:jsconfig-paths-plugin skipping request as it is an absolute path 
C:\Users\ALICEBELLA\Desktop\HMNQV2\app\archives\utils\archiver
2025-08-31T23:32:52.465Z next:jsconfig-paths-plugin skipping request as it is an absolute path 
C:\Users\ALICEBELLA\Desktop\HMNQV2\app\components\auth\AuthErrorBoundary
2025-08-31T23:32:52.469Z next:jsconfig-paths-plugin moduleName did not match any paths pattern 
next/server
2025-08-31T23:32:52.470Z next:jsconfig-paths-plugin moduleName did not match any paths pattern 
next/server
2025-08-31T23:32:52.472Z next:jsconfig-paths-plugin skipping request as it is an absolute path 
C:\Users\ALICEBELLA\Desktop\HMNQV2\app\lib\prisma
2025-08-31T23:32:52.472Z next:jsconfig-paths-plugin skipping request as it is an absolute path 
C:\Users\ALICEBELLA\Desktop\HMNQV2\app\lib\audit
2025-08-31T23:32:52.473Z next:jsconfig-paths-plugin skipping request as it is an absolute path 
C:\Users\ALICEBELLA\Desktop\HMNQV2\app\lib\prisma
2025-08-31T23:32:52.474Z next:jsconfig-paths-plugin skipping request as it is an absolute path 
C:\Users\ALICEBELLA\Desktop\HMNQV2\app\lib\audit
2025-08-31T23:32:52.475Z next:jsconfig-paths-plugin skipping request as it is an absolute path 
C:\Users\ALICEBELLA\Desktop\HMNQV2\app\lib\prisma
2025-08-31T23:32:52.475Z next:jsconfig-paths-plugin skipping request as it is an absolute path 
C:\Users\ALICEBELLA\Desktop\HMNQV2\app\lib\audit
2025-08-31T23:32:52.476Z next:jsconfig-paths-plugin skipping request as it is an absolute path 
C:\Users\ALICEBELLA\Desktop\HMNQV2\app\lib\prisma
2025-08-31T23:32:52.476Z next:jsconfig-paths-plugin skipping request as it is an absolute path 
C:\Users\ALICEBELLA\Desktop\HMNQV2\app\lib\audit
2025-08-31T23:32:52.478Z next:jsconfig-paths-plugin skipping request as it is a relative path 
./login-form
2025-08-31T23:32:52.478Z next:jsconfig-paths-plugin skipping request as it is a relative path 
./login-form
2025-08-31T23:32:52.479Z next:jsconfig-paths-plugin skipping request as it is a relative path 
./signup-form
2025-08-31T23:32:52.479Z next:jsconfig-paths-plugin skipping request as it is a relative path 
./signup-form
2025-08-31T23:32:52.480Z next:jsconfig-paths-plugin skipping request as it is a relative path 
./_components/admin-dashboard
2025-08-31T23:32:52.480Z next:jsconfig-paths-plugin skipping request as it is a relative path 
./_components/admin-dashboard
2025-08-31T23:32:52.507Z next:jsconfig-paths-plugin skipping request as it is an absolute path 
C:\Users\ALICEBELLA\Desktop\HMNQV2\app\components\auth\AuthErrorBoundary
2025-08-31T23:32:52.508Z next:jsconfig-paths-plugin skipping request as it is an absolute path 
C:\Users\ALICEBELLA\Desktop\HMNQV2\app\components\auth\AuthErrorBoundary
2025-08-31T23:32:52.576Z next:jsconfig-paths-plugin moduleName did not match any paths pattern 
react-server-dom-webpack/server.edge
2025-08-31T23:32:52.576Z next:jsconfig-paths-plugin moduleName did not match any paths pattern 
react-server-dom-webpack/server.edge
2025-08-31T23:32:52.601Z next:jsconfig-paths-plugin skipping request as it is a relative path ./db
2025-08-31T23:32:52.601Z next:jsconfig-paths-plugin skipping request as it is a relative path ./db
2025-08-31T23:32:52.601Z next:jsconfig-paths-plugin skipping request as it is a relative path 
./connector-factory
2025-08-31T23:32:52.602Z next:jsconfig-paths-plugin skipping request as it is a relative path ./db
2025-08-31T23:32:52.602Z next:jsconfig-paths-plugin skipping request as it is a relative path ./db
2025-08-31T23:32:52.602Z next:jsconfig-paths-plugin skipping request as it is a relative path 
./connector-factory
2025-08-31T23:32:52.602Z next:jsconfig-paths-plugin skipping request as it is a relative path ./db
2025-08-31T23:32:52.602Z next:jsconfig-paths-plugin skipping request as it is a relative path ./db
2025-08-31T23:32:52.602Z next:jsconfig-paths-plugin skipping request as it is a relative path 
./connector-factory
2025-08-31T23:32:52.603Z next:jsconfig-paths-plugin skipping request as it is a relative path ./db
2025-08-31T23:32:52.603Z next:jsconfig-paths-plugin skipping request as it is a relative path ./db
2025-08-31T23:32:52.603Z next:jsconfig-paths-plugin skipping request as it is a relative path 
./connector-factory
2025-08-31T23:32:52.620Z next:jsconfig-paths-plugin skipping request as it is inside node_modules 
../client/components/headers
2025-08-31T23:32:52.620Z next:jsconfig-paths-plugin skipping request as it is inside node_modules 
../server/web/exports/index
2025-08-31T23:32:52.620Z next:jsconfig-paths-plugin skipping request as it is inside node_modules 
../client/link
2025-08-31T23:32:52.620Z next:jsconfig-paths-plugin skipping request as it is inside node_modules 
../client/components/navigation.react-server
2025-08-31T23:32:52.621Z next:jsconfig-paths-plugin skipping request as it is a relative path 
./process-manager
2025-08-31T23:32:52.621Z next:jsconfig-paths-plugin skipping request as it is a relative path 
./process-manager
2025-08-31T23:32:52.621Z next:jsconfig-paths-plugin skipping request as it is a relative path 
./process-manager
2025-08-31T23:32:52.621Z next:jsconfig-paths-plugin skipping request as it is a relative path 
./process-manager
2025-08-31T23:32:52.622Z next:jsconfig-paths-plugin skipping request as it is a relative path 
./backup-scheduler
2025-08-31T23:32:52.622Z next:jsconfig-paths-plugin skipping request as it is a relative path 
./backup-scheduler
2025-08-31T23:32:52.625Z next:jsconfig-paths-plugin skipping request as it is an absolute path 
C:\Users\ALICEBELLA\Desktop\HMNQV2\app\lib\db
2025-08-31T23:32:52.625Z next:jsconfig-paths-plugin skipping request as it is an absolute path 
C:\Users\ALICEBELLA\Desktop\HMNQV2\app\lib\prisma
2025-08-31T23:32:52.625Z next:jsconfig-paths-plugin skipping request as it is an absolute path 
C:\Users\ALICEBELLA\Desktop\HMNQV2\app\lib\auth
2025-08-31T23:32:52.626Z next:jsconfig-paths-plugin skipping request as it is an absolute path 
C:\Users\ALICEBELLA\Desktop\HMNQV2\app\lib\db
2025-08-31T23:32:52.626Z next:jsconfig-paths-plugin skipping request as it is an absolute path 
C:\Users\ALICEBELLA\Desktop\HMNQV2\app\lib\prisma
2025-08-31T23:32:52.626Z next:jsconfig-paths-plugin skipping request as it is an absolute path 
C:\Users\ALICEBELLA\Desktop\HMNQV2\app\lib\auth
2025-08-31T23:32:52.628Z next:jsconfig-paths-plugin skipping request as it is an absolute path 
C:\Users\ALICEBELLA\Desktop\HMNQV2\app\lib\db
2025-08-31T23:32:52.628Z next:jsconfig-paths-plugin skipping request as it is an absolute path 
C:\Users\ALICEBELLA\Desktop\HMNQV2\app\lib\prisma
2025-08-31T23:32:52.628Z next:jsconfig-paths-plugin skipping request as it is an absolute path 
C:\Users\ALICEBELLA\Desktop\HMNQV2\app\lib\auth
2025-08-31T23:32:52.629Z next:jsconfig-paths-plugin skipping request as it is an absolute path 
C:\Users\ALICEBELLA\Desktop\HMNQV2\app\lib\db
2025-08-31T23:32:52.629Z next:jsconfig-paths-plugin skipping request as it is an absolute path 
C:\Users\ALICEBELLA\Desktop\HMNQV2\app\lib\prisma
2025-08-31T23:32:52.630Z next:jsconfig-paths-plugin skipping request as it is an absolute path 
C:\Users\ALICEBELLA\Desktop\HMNQV2\app\lib\auth
2025-08-31T23:32:52.632Z next:jsconfig-paths-plugin skipping request as it is an absolute path 
C:\Users\ALICEBELLA\Desktop\HMNQV2\app\lib\db
2025-08-31T23:32:52.632Z next:jsconfig-paths-plugin skipping request as it is an absolute path 
C:\Users\ALICEBELLA\Desktop\HMNQV2\app\lib\db
2025-08-31T23:32:52.633Z next:jsconfig-paths-plugin skipping request as it is an absolute path 
C:\Users\ALICEBELLA\Desktop\HMNQV2\app\lib\db
2025-08-31T23:32:52.633Z next:jsconfig-paths-plugin skipping request as it is an absolute path 
C:\Users\ALICEBELLA\Desktop\HMNQV2\app\lib\db
2025-08-31T23:32:52.634Z next:jsconfig-paths-plugin skipping request as it is a relative path 
./connectors/totvs-protheus
2025-08-31T23:32:52.634Z next:jsconfig-paths-plugin skipping request as it is a relative path 
./connectors/totvs-rm
2025-08-31T23:32:52.634Z next:jsconfig-paths-plugin skipping request as it is a relative path 
./connectors/totvs-datasul
2025-08-31T23:32:52.634Z next:jsconfig-paths-plugin skipping request as it is a relative path 
./connectors/sap-successfactors
2025-08-31T23:32:52.634Z next:jsconfig-paths-plugin skipping request as it is a relative path 
./connectors/oracle-fusion
2025-08-31T23:32:52.635Z next:jsconfig-paths-plugin skipping request as it is a relative path 
./connectors/oracle-peoplesoft
2025-08-31T23:32:52.635Z next:jsconfig-paths-plugin skipping request as it is a relative path 
./connectors/adp-globalview
2025-08-31T23:32:52.635Z next:jsconfig-paths-plugin skipping request as it is a relative path 
./connectors/adp-vantage
2025-08-31T23:32:52.635Z next:jsconfig-paths-plugin skipping request as it is a relative path 
./connectors/senior-hcm
2025-08-31T23:32:52.635Z next:jsconfig-paths-plugin skipping request as it is a relative path 
./connectors/lg-lugar-de-gente
2025-08-31T23:32:52.635Z next:jsconfig-paths-plugin skipping request as it is a relative path 
./connectors/solides-gestao
2025-08-31T23:32:52.635Z next:jsconfig-paths-plugin skipping request as it is a relative path 
./connectors/solides-rh
2025-08-31T23:32:52.635Z next:jsconfig-paths-plugin skipping request as it is a relative path 
./connectors/benner
2025-08-31T23:32:52.635Z next:jsconfig-paths-plugin skipping request as it is a relative path 
./connectors/generic
2025-08-31T23:32:52.635Z next:jsconfig-paths-plugin skipping request as it is a relative path 
../utils/logger
2025-08-31T23:32:52.635Z next:jsconfig-paths-plugin skipping request as it is a relative path 
../utils/logger
2025-08-31T23:32:52.636Z next:jsconfig-paths-plugin skipping request as it is a relative path 
../config/redis
2025-08-31T23:32:52.636Z next:jsconfig-paths-plugin skipping request as it is a relative path ./indexer
2025-08-31T23:32:52.636Z next:jsconfig-paths-plugin skipping request as it is a relative path ./indexer
2025-08-31T23:32:52.642Z next:jsconfig-paths-plugin moduleName did not match any paths pattern 
@opentelemetry/api
2025-08-31T23:32:52.644Z next:jsconfig-paths-plugin skipping request as it is a relative path 
./connectors/totvs-protheus
2025-08-31T23:32:52.644Z next:jsconfig-paths-plugin skipping request as it is a relative path 
./connectors/totvs-rm
2025-08-31T23:32:52.644Z next:jsconfig-paths-plugin skipping request as it is a relative path 
./connectors/totvs-datasul
2025-08-31T23:32:52.644Z next:jsconfig-paths-plugin skipping request as it is a relative path 
./connectors/sap-successfactors
2025-08-31T23:32:52.644Z next:jsconfig-paths-plugin skipping request as it is a relative path 
./connectors/oracle-fusion
2025-08-31T23:32:52.644Z next:jsconfig-paths-plugin skipping request as it is a relative path 
./connectors/oracle-peoplesoft
2025-08-31T23:32:52.644Z next:jsconfig-paths-plugin skipping request as it is a relative path 
./connectors/adp-globalview
2025-08-31T23:32:52.645Z next:jsconfig-paths-plugin skipping request as it is a relative path 
./connectors/adp-vantage
2025-08-31T23:32:52.645Z next:jsconfig-paths-plugin skipping request as it is a relative path 
./connectors/senior-hcm
2025-08-31T23:32:52.645Z next:jsconfig-paths-plugin skipping request as it is a relative path 
./connectors/lg-lugar-de-gente
2025-08-31T23:32:52.645Z next:jsconfig-paths-plugin skipping request as it is a relative path 
./connectors/solides-gestao
2025-08-31T23:32:52.645Z next:jsconfig-paths-plugin skipping request as it is a relative path 
./connectors/solides-rh
2025-08-31T23:32:52.645Z next:jsconfig-paths-plugin skipping request as it is a relative path 
./connectors/benner
2025-08-31T23:32:52.645Z next:jsconfig-paths-plugin skipping request as it is a relative path 
./connectors/generic
2025-08-31T23:32:52.647Z next:jsconfig-paths-plugin skipping request as it is a relative path 
../config/redis
2025-08-31T23:32:52.648Z next:jsconfig-paths-plugin skipping request as it is a relative path 
./process-manager
2025-08-31T23:32:52.648Z next:jsconfig-paths-plugin skipping request as it is a relative path 
./process-manager
2025-08-31T23:32:52.648Z next:jsconfig-paths-plugin skipping request as it is a relative path 
./process-manager
2025-08-31T23:32:52.648Z next:jsconfig-paths-plugin skipping request as it is a relative path 
./process-manager
2025-08-31T23:32:52.649Z next:jsconfig-paths-plugin skipping request as it is a relative path 
./backup-scheduler
2025-08-31T23:32:52.649Z next:jsconfig-paths-plugin skipping request as it is a relative path 
./backup-scheduler
2025-08-31T23:32:52.649Z next:jsconfig-paths-plugin skipping request as it is a relative path 
../utils/logger
2025-08-31T23:32:52.650Z next:jsconfig-paths-plugin skipping request as it is a relative path 
../utils/logger
2025-08-31T23:32:52.650Z next:jsconfig-paths-plugin skipping request as it is a relative path ./indexer
2025-08-31T23:32:52.650Z next:jsconfig-paths-plugin skipping request as it is a relative path ./indexer
2025-08-31T23:32:52.677Z next:jsconfig-paths-plugin skipping request as it is inside node_modules 
../client/link
2025-08-31T23:32:52.678Z next:jsconfig-paths-plugin skipping request as it is inside node_modules 
../client/components/headers
2025-08-31T23:32:52.678Z next:jsconfig-paths-plugin skipping request as it is inside node_modules 
../client/components/navigation.react-server
2025-08-31T23:32:52.680Z next:jsconfig-paths-plugin skipping request as it is an absolute path 
C:\Users\ALICEBELLA\Desktop\HMNQV2\app\lib\auth
2025-08-31T23:32:52.681Z next:jsconfig-paths-plugin skipping request as it is an absolute path 
C:\Users\ALICEBELLA\Desktop\HMNQV2\app\components\BackupManager
2025-08-31T23:32:52.681Z next:jsconfig-paths-plugin skipping request as it is an absolute path 
C:\Users\ALICEBELLA\Desktop\HMNQV2\app\components\ui\card
2025-08-31T23:32:52.681Z next:jsconfig-paths-plugin skipping request as it is an absolute path 
C:\Users\ALICEBELLA\Desktop\HMNQV2\app\components\ui\alert
2025-08-31T23:32:52.682Z next:jsconfig-paths-plugin skipping request as it is an absolute path 
C:\Users\ALICEBELLA\Desktop\HMNQV2\app\lib\auth
2025-08-31T23:32:52.682Z next:jsconfig-paths-plugin skipping request as it is an absolute path 
C:\Users\ALICEBELLA\Desktop\HMNQV2\app\components\BackupManager
2025-08-31T23:32:52.683Z next:jsconfig-paths-plugin skipping request as it is an absolute path 
C:\Users\ALICEBELLA\Desktop\HMNQV2\app\lib\auth
2025-08-31T23:32:52.683Z next:jsconfig-paths-plugin skipping request as it is an absolute path 
C:\Users\ALICEBELLA\Desktop\HMNQV2\app\lib\auth
2025-08-31T23:32:52.685Z next:jsconfig-paths-plugin skipping request as it is a relative path 
./connectors/totvs-protheus
2025-08-31T23:32:52.685Z next:jsconfig-paths-plugin skipping request as it is a relative path 
./connectors/totvs-protheus
2025-08-31T23:32:52.685Z next:jsconfig-paths-plugin skipping request as it is a relative path 
./connectors/totvs-rm
2025-08-31T23:32:52.686Z next:jsconfig-paths-plugin skipping request as it is a relative path 
./connectors/totvs-rm
2025-08-31T23:32:52.686Z next:jsconfig-paths-plugin skipping request as it is a relative path 
./connectors/totvs-datasul
2025-08-31T23:32:52.687Z next:jsconfig-paths-plugin skipping request as it is a relative path 
./connectors/totvs-datasul
2025-08-31T23:32:52.692Z next:jsconfig-paths-plugin skipping request as it is a relative path 
./connectors/sap-successfactors
2025-08-31T23:32:52.692Z next:jsconfig-paths-plugin skipping request as it is a relative path 
./connectors/sap-successfactors
2025-08-31T23:32:52.693Z next:jsconfig-paths-plugin skipping request as it is a relative path 
./connectors/oracle-fusion
2025-08-31T23:32:52.693Z next:jsconfig-paths-plugin skipping request as it is a relative path 
./connectors/oracle-fusion
2025-08-31T23:32:52.694Z next:jsconfig-paths-plugin skipping request as it is a relative path 
./connectors/oracle-peoplesoft
2025-08-31T23:32:52.694Z next:jsconfig-paths-plugin skipping request as it is a relative path 
./connectors/oracle-peoplesoft
2025-08-31T23:32:52.695Z next:jsconfig-paths-plugin skipping request as it is a relative path 
./connectors/adp-globalview
2025-08-31T23:32:52.695Z next:jsconfig-paths-plugin skipping request as it is a relative path 
./connectors/adp-globalview
2025-08-31T23:32:52.696Z next:jsconfig-paths-plugin skipping request as it is a relative path 
./connectors/adp-vantage
2025-08-31T23:32:52.696Z next:jsconfig-paths-plugin skipping request as it is a relative path 
./connectors/adp-vantage
2025-08-31T23:32:52.697Z next:jsconfig-paths-plugin skipping request as it is a relative path 
./connectors/senior-hcm
2025-08-31T23:32:52.697Z next:jsconfig-paths-plugin skipping request as it is a relative path 
./connectors/senior-hcm
2025-08-31T23:32:52.702Z next:jsconfig-paths-plugin skipping request as it is a relative path 
./connectors/lg-lugar-de-gente
2025-08-31T23:32:52.702Z next:jsconfig-paths-plugin skipping request as it is a relative path 
./connectors/lg-lugar-de-gente
2025-08-31T23:32:52.703Z next:jsconfig-paths-plugin skipping request as it is a relative path ../page
2025-08-31T23:32:52.704Z next:jsconfig-paths-plugin skipping request as it is a relative path ../page
2025-08-31T23:32:52.705Z next:jsconfig-paths-plugin skipping request as it is an absolute path 
C:\Users\ALICEBELLA\Desktop\HMNQV2\app\components\ui\card
2025-08-31T23:32:52.705Z next:jsconfig-paths-plugin skipping request as it is an absolute path 
C:\Users\ALICEBELLA\Desktop\HMNQV2\app\components\ui\alert
2025-08-31T23:32:52.706Z next:jsconfig-paths-plugin skipping request as it is a relative path 
./_components/individual-invite-content
2025-08-31T23:32:52.707Z next:jsconfig-paths-plugin skipping request as it is a relative path 
./_components/erp-integrations-content
2025-08-31T23:32:52.707Z next:jsconfig-paths-plugin skipping request as it is a relative path 
./_components/bulk-invite-content
2025-08-31T23:32:52.708Z next:jsconfig-paths-plugin skipping request as it is an absolute path 
C:\Users\ALICEBELLA\Desktop\HMNQV2\app\lib\auth
2025-08-31T23:32:52.708Z next:jsconfig-paths-plugin skipping request as it is an absolute path 
C:\Users\ALICEBELLA\Desktop\HMNQV2\app\lib\db
2025-08-31T23:32:52.708Z next:jsconfig-paths-plugin skipping request as it is an absolute path 
C:\Users\ALICEBELLA\Desktop\HMNQV2\app\lib\auth
2025-08-31T23:32:52.708Z next:jsconfig-paths-plugin skipping request as it is an absolute path 
C:\Users\ALICEBELLA\Desktop\HMNQV2\app\lib\db
2025-08-31T23:32:52.709Z next:jsconfig-paths-plugin skipping request as it is an absolute path 
C:\Users\ALICEBELLA\Desktop\HMNQV2\app\lib\auth
2025-08-31T23:32:52.709Z next:jsconfig-paths-plugin skipping request as it is an absolute path 
C:\Users\ALICEBELLA\Desktop\HMNQV2\app\lib\db
2025-08-31T23:32:52.709Z next:jsconfig-paths-plugin skipping request as it is an absolute path 
C:\Users\ALICEBELLA\Desktop\HMNQV2\app\lib\auth
2025-08-31T23:32:52.709Z next:jsconfig-paths-plugin skipping request as it is an absolute path 
C:\Users\ALICEBELLA\Desktop\HMNQV2\app\lib\db
2025-08-31T23:32:52.712Z next:jsconfig-paths-plugin skipping request as it is an absolute path 
C:\Users\ALICEBELLA\Desktop\HMNQV2\app\lib\auth
2025-08-31T23:32:52.712Z next:jsconfig-paths-plugin skipping request as it is an absolute path 
C:\Users\ALICEBELLA\Desktop\HMNQV2\app\lib\db
2025-08-31T23:32:52.712Z next:jsconfig-paths-plugin skipping request as it is an absolute path 
C:\Users\ALICEBELLA\Desktop\HMNQV2\app\lib\auth
2025-08-31T23:32:52.712Z next:jsconfig-paths-plugin skipping request as it is an absolute path 
C:\Users\ALICEBELLA\Desktop\HMNQV2\app\lib\db
2025-08-31T23:32:52.714Z next:jsconfig-paths-plugin skipping request as it is an absolute path 
C:\Users\ALICEBELLA\Desktop\HMNQV2\app\lib\auth
2025-08-31T23:32:52.714Z next:jsconfig-paths-plugin skipping request as it is an absolute path 
C:\Users\ALICEBELLA\Desktop\HMNQV2\app\lib\db
2025-08-31T23:32:52.714Z next:jsconfig-paths-plugin skipping request as it is an absolute path 
C:\Users\ALICEBELLA\Desktop\HMNQV2\app\lib\auth
2025-08-31T23:32:52.714Z next:jsconfig-paths-plugin skipping request as it is an absolute path 
C:\Users\ALICEBELLA\Desktop\HMNQV2\app\lib\db
2025-08-31T23:32:52.717Z next:jsconfig-paths-plugin skipping request as it is a relative path 
./connectors/solides-rh
2025-08-31T23:32:52.717Z next:jsconfig-paths-plugin skipping request as it is a relative path 
./connectors/solides-rh
2025-08-31T23:32:52.718Z next:jsconfig-paths-plugin skipping request as it is a relative path 
./connectors/solides-gestao
2025-08-31T23:32:52.718Z next:jsconfig-paths-plugin skipping request as it is a relative path 
./connectors/solides-gestao
2025-08-31T23:32:52.719Z next:jsconfig-paths-plugin skipping request as it is a relative path 
./connectors/benner
2025-08-31T23:32:52.719Z next:jsconfig-paths-plugin skipping request as it is a relative path 
./connectors/benner
2025-08-31T23:32:52.719Z next:jsconfig-paths-plugin skipping request as it is a relative path 
./connectors/generic
2025-08-31T23:32:52.720Z next:jsconfig-paths-plugin skipping request as it is a relative path 
./connectors/generic
2025-08-31T23:32:52.720Z next:jsconfig-paths-plugin skipping request as it is a relative path 
../config/redis
2025-08-31T23:32:52.721Z next:jsconfig-paths-plugin skipping request as it is a relative path 
../config/redis
2025-08-31T23:32:52.747Z next:jsconfig-paths-plugin skipping request as it is inside node_modules 
../server/web/exports/index
2025-08-31T23:32:52.748Z next:jsconfig-paths-plugin skipping request as it is a relative path 
./_components/individual-invite-content
2025-08-31T23:32:52.749Z next:jsconfig-paths-plugin skipping request as it is a relative path 
./_components/erp-integrations-content
2025-08-31T23:32:52.750Z next:jsconfig-paths-plugin skipping request as it is a relative path 
./_components/bulk-invite-content
2025-08-31T23:32:52.751Z next:jsconfig-paths-plugin skipping request as it is an absolute path 
C:\Users\ALICEBELLA\Desktop\HMNQV2\app\components\BackupManager
2025-08-31T23:32:52.751Z next:jsconfig-paths-plugin skipping request as it is an absolute path 
C:\Users\ALICEBELLA\Desktop\HMNQV2\app\components\BackupManager
2025-08-31T23:32:52.768Z next:jsconfig-paths-plugin skipping request as it is a relative path ../page
2025-08-31T23:32:52.769Z next:jsconfig-paths-plugin skipping request as it is a relative path ../page
2025-08-31T23:32:52.770Z next:jsconfig-paths-plugin skipping request as it is an absolute path 
C:\Users\ALICEBELLA\Desktop\HMNQV2\app\components\ui\card
2025-08-31T23:32:52.771Z next:jsconfig-paths-plugin skipping request as it is an absolute path 
C:\Users\ALICEBELLA\Desktop\HMNQV2\app\components\ui\card
2025-08-31T23:32:52.773Z next:jsconfig-paths-plugin skipping request as it is an absolute path 
C:\Users\ALICEBELLA\Desktop\HMNQV2\app\components\ui\alert
2025-08-31T23:32:52.774Z next:jsconfig-paths-plugin skipping request as it is an absolute path 
C:\Users\ALICEBELLA\Desktop\HMNQV2\app\components\ui\alert
2025-08-31T23:32:52.801Z next:jsconfig-paths-plugin moduleName did not match any paths pattern 
@opentelemetry/api
2025-08-31T23:32:52.802Z next:jsconfig-paths-plugin skipping request as it is a relative path 
./_components/individual-invite-content
2025-08-31T23:32:52.803Z next:jsconfig-paths-plugin skipping request as it is a relative path 
./_components/individual-invite-content
2025-08-31T23:32:52.804Z next:jsconfig-paths-plugin skipping request as it is a relative path 
./_components/erp-integrations-content
2025-08-31T23:32:52.804Z next:jsconfig-paths-plugin skipping request as it is a relative path 
./_components/erp-integrations-content
2025-08-31T23:32:52.805Z next:jsconfig-paths-plugin skipping request as it is a relative path 
./_components/bulk-invite-content
2025-08-31T23:32:52.805Z next:jsconfig-paths-plugin skipping request as it is a relative path 
./_components/bulk-invite-content
2025-08-31T23:32:52.824Z next:jsconfig-paths-plugin skipping request as it is a relative path 
./process-manager
2025-08-31T23:32:52.824Z next:jsconfig-paths-plugin skipping request as it is a relative path 
./process-manager
2025-08-31T23:32:52.836Z next:jsconfig-paths-plugin skipping request as it is a relative path 
./process-manager
2025-08-31T23:32:52.836Z next:jsconfig-paths-plugin skipping request as it is a relative path ./backup
2025-08-31T23:32:52.836Z next:jsconfig-paths-plugin skipping request as it is a relative path ./backup
2025-08-31T23:32:52.840Z next:jsconfig-paths-plugin skipping request as it is a relative path 
./process-manager
2025-08-31T23:32:52.841Z next:jsconfig-paths-plugin skipping request as it is a relative path ./backup
2025-08-31T23:32:52.841Z next:jsconfig-paths-plugin skipping request as it is a relative path ./backup
2025-08-31T23:32:52.846Z next:jsconfig-paths-plugin skipping request as it is a relative path 
../base-connector
2025-08-31T23:32:52.846Z next:jsconfig-paths-plugin skipping request as it is a relative path 
../base-connector
2025-08-31T23:32:52.846Z next:jsconfig-paths-plugin skipping request as it is a relative path 
../base-connector
2025-08-31T23:32:52.846Z next:jsconfig-paths-plugin skipping request as it is a relative path 
../base-connector
2025-08-31T23:32:52.846Z next:jsconfig-paths-plugin skipping request as it is a relative path 
../base-connector
2025-08-31T23:32:52.846Z next:jsconfig-paths-plugin skipping request as it is a relative path 
../base-connector
2025-08-31T23:32:52.846Z next:jsconfig-paths-plugin skipping request as it is a relative path 
../base-connector
2025-08-31T23:32:52.846Z next:jsconfig-paths-plugin skipping request as it is a relative path 
../base-connector
2025-08-31T23:32:52.846Z next:jsconfig-paths-plugin skipping request as it is a relative path 
../base-connector
2025-08-31T23:32:52.847Z next:jsconfig-paths-plugin skipping request as it is a relative path 
../base-connector
2025-08-31T23:32:52.847Z next:jsconfig-paths-plugin skipping request as it is a relative path 
../base-connector
2025-08-31T23:32:52.847Z next:jsconfig-paths-plugin skipping request as it is a relative path 
../base-connector
2025-08-31T23:32:52.847Z next:jsconfig-paths-plugin skipping request as it is a relative path 
../base-connector
2025-08-31T23:32:52.847Z next:jsconfig-paths-plugin skipping request as it is a relative path 
../base-connector
2025-08-31T23:32:52.847Z next:jsconfig-paths-plugin skipping request as it is a relative path 
../base-connector
2025-08-31T23:32:52.848Z next:jsconfig-paths-plugin skipping request as it is a relative path 
../base-connector
2025-08-31T23:32:52.848Z next:jsconfig-paths-plugin skipping request as it is a relative path 
../base-connector
2025-08-31T23:32:52.848Z next:jsconfig-paths-plugin skipping request as it is a relative path 
../base-connector
2025-08-31T23:32:52.848Z next:jsconfig-paths-plugin skipping request as it is a relative path 
../base-connector
2025-08-31T23:32:52.848Z next:jsconfig-paths-plugin skipping request as it is a relative path 
../base-connector
2025-08-31T23:32:52.848Z next:jsconfig-paths-plugin skipping request as it is a relative path 
../base-connector
2025-08-31T23:32:52.848Z next:jsconfig-paths-plugin skipping request as it is a relative path 
../base-connector
2025-08-31T23:32:52.848Z next:jsconfig-paths-plugin skipping request as it is a relative path 
../base-connector
2025-08-31T23:32:52.848Z next:jsconfig-paths-plugin skipping request as it is a relative path 
../base-connector
2025-08-31T23:32:52.848Z next:jsconfig-paths-plugin skipping request as it is a relative path 
../base-connector
2025-08-31T23:32:52.848Z next:jsconfig-paths-plugin skipping request as it is a relative path 
../base-connector
2025-08-31T23:32:52.848Z next:jsconfig-paths-plugin skipping request as it is a relative path 
../base-connector
2025-08-31T23:32:52.848Z next:jsconfig-paths-plugin skipping request as it is a relative path 
../base-connector
2025-08-31T23:32:52.853Z next:jsconfig-paths-plugin skipping request as it is a relative path 
../redis/config
2025-08-31T23:32:52.865Z next:jsconfig-paths-plugin skipping request as it is a relative path 
../base-connector
2025-08-31T23:32:52.865Z next:jsconfig-paths-plugin skipping request as it is a relative path 
../base-connector
2025-08-31T23:32:52.865Z next:jsconfig-paths-plugin skipping request as it is a relative path 
../base-connector
2025-08-31T23:32:52.865Z next:jsconfig-paths-plugin skipping request as it is a relative path 
../base-connector
2025-08-31T23:32:52.865Z next:jsconfig-paths-plugin skipping request as it is a relative path 
../base-connector
2025-08-31T23:32:52.865Z next:jsconfig-paths-plugin skipping request as it is a relative path 
../base-connector
2025-08-31T23:32:52.865Z next:jsconfig-paths-plugin skipping request as it is a relative path 
../base-connector
2025-08-31T23:32:52.866Z next:jsconfig-paths-plugin skipping request as it is a relative path 
../base-connector
2025-08-31T23:32:52.866Z next:jsconfig-paths-plugin skipping request as it is a relative path 
../base-connector
2025-08-31T23:32:52.866Z next:jsconfig-paths-plugin skipping request as it is a relative path 
../base-connector
2025-08-31T23:32:52.866Z next:jsconfig-paths-plugin skipping request as it is a relative path 
../base-connector
2025-08-31T23:32:52.866Z next:jsconfig-paths-plugin skipping request as it is a relative path 
../base-connector
2025-08-31T23:32:52.866Z next:jsconfig-paths-plugin skipping request as it is a relative path 
../base-connector
2025-08-31T23:32:52.866Z next:jsconfig-paths-plugin skipping request as it is a relative path 
../base-connector
2025-08-31T23:32:52.867Z next:jsconfig-paths-plugin skipping request as it is a relative path 
../base-connector
2025-08-31T23:32:52.867Z next:jsconfig-paths-plugin skipping request as it is a relative path 
../base-connector
2025-08-31T23:32:52.867Z next:jsconfig-paths-plugin skipping request as it is a relative path 
../base-connector
2025-08-31T23:32:52.867Z next:jsconfig-paths-plugin skipping request as it is a relative path 
../base-connector
2025-08-31T23:32:52.867Z next:jsconfig-paths-plugin skipping request as it is a relative path 
../base-connector
2025-08-31T23:32:52.867Z next:jsconfig-paths-plugin skipping request as it is a relative path 
../base-connector
2025-08-31T23:32:52.867Z next:jsconfig-paths-plugin skipping request as it is a relative path 
../base-connector
2025-08-31T23:32:52.867Z next:jsconfig-paths-plugin skipping request as it is a relative path 
../base-connector
2025-08-31T23:32:52.868Z next:jsconfig-paths-plugin skipping request as it is a relative path 
../base-connector
2025-08-31T23:32:52.868Z next:jsconfig-paths-plugin skipping request as it is a relative path 
../base-connector
2025-08-31T23:32:52.868Z next:jsconfig-paths-plugin skipping request as it is a relative path 
../base-connector
2025-08-31T23:32:52.868Z next:jsconfig-paths-plugin skipping request as it is a relative path 
../base-connector
2025-08-31T23:32:52.868Z next:jsconfig-paths-plugin skipping request as it is a relative path 
../base-connector
2025-08-31T23:32:52.869Z next:jsconfig-paths-plugin skipping request as it is a relative path 
../base-connector
2025-08-31T23:32:52.873Z next:jsconfig-paths-plugin skipping request as it is an absolute path 
C:\Users\ALICEBELLA\Desktop\HMNQV2\app\lib\utils
2025-08-31T23:32:52.873Z next:jsconfig-paths-plugin skipping request as it is an absolute path 
C:\Users\ALICEBELLA\Desktop\HMNQV2\app\lib\utils
2025-08-31T23:32:52.874Z next:jsconfig-paths-plugin skipping request as it is an absolute path 
C:\Users\ALICEBELLA\Desktop\HMNQV2\app\lib\utils
2025-08-31T23:32:52.874Z next:jsconfig-paths-plugin skipping request as it is an absolute path 
C:\Users\ALICEBELLA\Desktop\HMNQV2\app\lib\utils
2025-08-31T23:32:52.875Z next:jsconfig-paths-plugin skipping request as it is an absolute path 
C:\Users\ALICEBELLA\Desktop\HMNQV2\app\lib\utils
2025-08-31T23:32:52.875Z next:jsconfig-paths-plugin skipping request as it is an absolute path 
C:\Users\ALICEBELLA\Desktop\HMNQV2\app\lib\utils
2025-08-31T23:32:52.876Z next:jsconfig-paths-plugin skipping request as it is an absolute path 
C:\Users\ALICEBELLA\Desktop\HMNQV2\app\lib\utils
2025-08-31T23:32:52.877Z next:jsconfig-paths-plugin skipping request as it is an absolute path 
C:\Users\ALICEBELLA\Desktop\HMNQV2\app\lib\utils
2025-08-31T23:32:52.879Z next:jsconfig-paths-plugin skipping request as it is a relative path 
../redis/config
2025-08-31T23:32:52.891Z next:jsconfig-paths-plugin skipping request as it is a relative path 
../redis/config
2025-08-31T23:32:52.891Z next:jsconfig-paths-plugin skipping request as it is a relative path 
../redis/config
2025-08-31T23:32:53.090Z next:jsconfig-paths-plugin skipping request as it is inside node_modules 
node:crypto
2025-08-31T23:32:53.238Z next:jsconfig-paths-plugin skipping request as it is inside node_modules 
node:crypto
2025-08-31T23:32:53.969Z next:jsconfig-paths-plugin moduleName did not match any paths pattern 
next-flight-client-entry-loader
2025-08-31T23:32:53.970Z next:jsconfig-paths-plugin moduleName did not match any paths pattern 
next-flight-client-entry-loader
2025-08-31T23:32:53.970Z next:jsconfig-paths-plugin moduleName did not match any paths pattern 
next-flight-client-entry-loader
2025-08-31T23:32:53.970Z next:jsconfig-paths-plugin moduleName did not match any paths pattern 
next-flight-client-entry-loader
2025-08-31T23:32:53.970Z next:jsconfig-paths-plugin moduleName did not match any paths pattern 
next-flight-client-entry-loader
2025-08-31T23:32:53.970Z next:jsconfig-paths-plugin moduleName did not match any paths pattern 
next-flight-client-entry-loader
2025-08-31T23:32:53.970Z next:jsconfig-paths-plugin moduleName did not match any paths pattern 
next-flight-client-entry-loader
2025-08-31T23:32:53.970Z next:jsconfig-paths-plugin moduleName did not match any paths pattern 
next-flight-client-entry-loader
2025-08-31T23:32:53.970Z next:jsconfig-paths-plugin moduleName did not match any paths pattern 
next-flight-client-entry-loader
2025-08-31T23:32:53.970Z next:jsconfig-paths-plugin moduleName did not match any paths pattern 
next-flight-client-entry-loader
2025-08-31T23:32:53.970Z next:jsconfig-paths-plugin moduleName did not match any paths pattern 
next-flight-client-entry-loader
2025-08-31T23:32:53.970Z next:jsconfig-paths-plugin moduleName did not match any paths pattern 
next-flight-client-entry-loader
2025-08-31T23:32:53.970Z next:jsconfig-paths-plugin moduleName did not match any paths pattern 
next-flight-client-entry-loader
2025-08-31T23:32:53.970Z next:jsconfig-paths-plugin moduleName did not match any paths pattern 
next-flight-client-entry-loader
2025-08-31T23:32:53.971Z next:jsconfig-paths-plugin moduleName did not match any paths pattern 
next-flight-client-entry-loader
2025-08-31T23:32:53.971Z next:jsconfig-paths-plugin moduleName did not match any paths pattern 
next-flight-client-entry-loader
2025-08-31T23:32:53.971Z next:jsconfig-paths-plugin moduleName did not match any paths pattern 
next-flight-client-entry-loader
2025-08-31T23:32:53.971Z next:jsconfig-paths-plugin moduleName did not match any paths pattern 
next-flight-client-entry-loader
2025-08-31T23:32:53.971Z next:jsconfig-paths-plugin moduleName did not match any paths pattern 
next-flight-client-entry-loader
2025-08-31T23:32:53.971Z next:jsconfig-paths-plugin moduleName did not match any paths pattern 
next-flight-client-entry-loader
2025-08-31T23:32:53.971Z next:jsconfig-paths-plugin moduleName did not match any paths pattern 
next-flight-client-entry-loader
2025-08-31T23:32:53.971Z next:jsconfig-paths-plugin moduleName did not match any paths pattern 
next-flight-client-entry-loader
2025-08-31T23:32:53.971Z next:jsconfig-paths-plugin moduleName did not match any paths pattern 
next-flight-client-entry-loader
2025-08-31T23:32:53.971Z next:jsconfig-paths-plugin moduleName did not match any paths pattern 
next-flight-client-entry-loader
2025-08-31T23:32:53.971Z next:jsconfig-paths-plugin moduleName did not match any paths pattern 
next-flight-client-entry-loader
2025-08-31T23:32:53.972Z next:jsconfig-paths-plugin moduleName did not match any paths pattern 
next-flight-client-entry-loader
2025-08-31T23:32:53.972Z next:jsconfig-paths-plugin moduleName did not match any paths pattern 
next-flight-client-entry-loader
2025-08-31T23:32:53.972Z next:jsconfig-paths-plugin moduleName did not match any paths pattern 
next-flight-client-entry-loader
2025-08-31T23:32:53.972Z next:jsconfig-paths-plugin moduleName did not match any paths pattern 
next-flight-client-entry-loader
2025-08-31T23:32:53.972Z next:jsconfig-paths-plugin moduleName did not match any paths pattern 
next-flight-client-entry-loader
2025-08-31T23:32:53.972Z next:jsconfig-paths-plugin moduleName did not match any paths pattern 
next-flight-client-entry-loader
2025-08-31T23:32:53.972Z next:jsconfig-paths-plugin moduleName did not match any paths pattern 
next-flight-client-entry-loader
2025-08-31T23:32:53.972Z next:jsconfig-paths-plugin moduleName did not match any paths pattern 
next-flight-client-entry-loader
2025-08-31T23:32:53.972Z next:jsconfig-paths-plugin moduleName did not match any paths pattern 
next-flight-client-entry-loader
2025-08-31T23:32:53.972Z next:jsconfig-paths-plugin moduleName did not match any paths pattern 
next-flight-client-entry-loader
2025-08-31T23:32:53.972Z next:jsconfig-paths-plugin moduleName did not match any paths pattern 
next-flight-client-entry-loader
2025-08-31T23:32:53.972Z next:jsconfig-paths-plugin moduleName did not match any paths pattern 
next-flight-client-entry-loader
2025-08-31T23:32:53.973Z next:jsconfig-paths-plugin moduleName did not match any paths pattern 
next-flight-client-entry-loader
2025-08-31T23:32:53.973Z next:jsconfig-paths-plugin moduleName did not match any paths pattern 
next-flight-client-entry-loader
2025-08-31T23:32:53.973Z next:jsconfig-paths-plugin moduleName did not match any paths pattern 
next-flight-client-entry-loader
2025-08-31T23:32:53.973Z next:jsconfig-paths-plugin moduleName did not match any paths pattern 
next-flight-client-entry-loader
2025-08-31T23:32:53.973Z next:jsconfig-paths-plugin moduleName did not match any paths pattern 
next-flight-client-entry-loader
2025-08-31T23:32:53.973Z next:jsconfig-paths-plugin moduleName did not match any paths pattern 
next-flight-client-entry-loader
2025-08-31T23:32:53.973Z next:jsconfig-paths-plugin moduleName did not match any paths pattern 
next-flight-client-entry-loader
2025-08-31T23:32:53.973Z next:jsconfig-paths-plugin moduleName did not match any paths pattern 
next-flight-client-entry-loader
2025-08-31T23:32:53.973Z next:jsconfig-paths-plugin moduleName did not match any paths pattern 
next-flight-client-entry-loader
2025-08-31T23:32:53.973Z next:jsconfig-paths-plugin moduleName did not match any paths pattern 
next-flight-client-entry-loader
2025-08-31T23:32:53.974Z next:jsconfig-paths-plugin moduleName did not match any paths pattern 
next-flight-client-entry-loader
2025-08-31T23:32:53.974Z next:jsconfig-paths-plugin moduleName did not match any paths pattern 
next-flight-client-entry-loader
2025-08-31T23:32:53.974Z next:jsconfig-paths-plugin moduleName did not match any paths pattern 
next-flight-client-entry-loader
2025-08-31T23:32:53.974Z next:jsconfig-paths-plugin moduleName did not match any paths pattern 
next-flight-client-entry-loader
2025-08-31T23:32:53.974Z next:jsconfig-paths-plugin moduleName did not match any paths pattern 
next-flight-client-entry-loader
2025-08-31T23:32:53.974Z next:jsconfig-paths-plugin moduleName did not match any paths pattern 
next-flight-client-entry-loader
2025-08-31T23:32:53.974Z next:jsconfig-paths-plugin moduleName did not match any paths pattern 
next-flight-client-entry-loader
2025-08-31T23:32:53.975Z next:jsconfig-paths-plugin moduleName did not match any paths pattern 
next-flight-client-entry-loader
2025-08-31T23:32:53.975Z next:jsconfig-paths-plugin moduleName did not match any paths pattern 
next-flight-client-entry-loader
2025-08-31T23:32:53.975Z next:jsconfig-paths-plugin moduleName did not match any paths pattern 
next-flight-client-entry-loader
2025-08-31T23:32:53.976Z next:jsconfig-paths-plugin moduleName did not match any paths pattern 
next-flight-client-entry-loader
2025-08-31T23:32:53.976Z next:jsconfig-paths-plugin moduleName did not match any paths pattern 
next-flight-client-entry-loader
2025-08-31T23:32:53.976Z next:jsconfig-paths-plugin moduleName did not match any paths pattern 
next-flight-client-entry-loader
2025-08-31T23:32:53.976Z next:jsconfig-paths-plugin moduleName did not match any paths pattern 
next-flight-client-entry-loader
2025-08-31T23:32:53.976Z next:jsconfig-paths-plugin moduleName did not match any paths pattern 
next-flight-client-entry-loader
2025-08-31T23:32:53.976Z next:jsconfig-paths-plugin moduleName did not match any paths pattern 
next-flight-client-entry-loader
2025-08-31T23:32:53.976Z next:jsconfig-paths-plugin moduleName did not match any paths pattern 
next-flight-client-entry-loader
2025-08-31T23:32:53.976Z next:jsconfig-paths-plugin moduleName did not match any paths pattern 
next-flight-client-entry-loader
2025-08-31T23:32:53.976Z next:jsconfig-paths-plugin moduleName did not match any paths pattern 
next-flight-client-entry-loader
2025-08-31T23:32:53.976Z next:jsconfig-paths-plugin moduleName did not match any paths pattern 
next-flight-client-entry-loader
2025-08-31T23:32:53.977Z next:jsconfig-paths-plugin moduleName did not match any paths pattern 
next-flight-client-entry-loader
2025-08-31T23:32:53.977Z next:jsconfig-paths-plugin moduleName did not match any paths pattern 
next-flight-client-entry-loader
2025-08-31T23:32:53.977Z next:jsconfig-paths-plugin moduleName did not match any paths pattern 
next-flight-client-entry-loader
2025-08-31T23:32:53.977Z next:jsconfig-paths-plugin moduleName did not match any paths pattern 
next-flight-client-entry-loader
2025-08-31T23:32:53.977Z next:jsconfig-paths-plugin moduleName did not match any paths pattern 
next-flight-client-entry-loader
2025-08-31T23:32:53.977Z next:jsconfig-paths-plugin moduleName did not match any paths pattern 
next-flight-client-entry-loader
2025-08-31T23:32:53.977Z next:jsconfig-paths-plugin moduleName did not match any paths pattern 
next-flight-client-entry-loader
2025-08-31T23:32:53.977Z next:jsconfig-paths-plugin moduleName did not match any paths pattern 
next-flight-client-entry-loader
2025-08-31T23:32:53.977Z next:jsconfig-paths-plugin moduleName did not match any paths pattern 
next-flight-client-entry-loader
2025-08-31T23:32:53.978Z next:jsconfig-paths-plugin moduleName did not match any paths pattern 
next-flight-client-entry-loader
2025-08-31T23:32:53.978Z next:jsconfig-paths-plugin moduleName did not match any paths pattern 
next-flight-client-entry-loader
2025-08-31T23:32:53.978Z next:jsconfig-paths-plugin moduleName did not match any paths pattern 
next-flight-client-entry-loader
2025-08-31T23:32:53.978Z next:jsconfig-paths-plugin moduleName did not match any paths pattern 
next-flight-client-entry-loader
2025-08-31T23:32:53.978Z next:jsconfig-paths-plugin moduleName did not match any paths pattern 
next-flight-client-entry-loader
2025-08-31T23:32:53.978Z next:jsconfig-paths-plugin moduleName did not match any paths pattern 
next-flight-client-entry-loader
2025-08-31T23:32:53.978Z next:jsconfig-paths-plugin moduleName did not match any paths pattern 
next-flight-client-entry-loader
2025-08-31T23:32:53.978Z next:jsconfig-paths-plugin moduleName did not match any paths pattern 
next-flight-client-entry-loader
2025-08-31T23:32:53.978Z next:jsconfig-paths-plugin moduleName did not match any paths pattern 
next-flight-client-entry-loader
2025-08-31T23:32:53.978Z next:jsconfig-paths-plugin moduleName did not match any paths pattern 
next-flight-client-entry-loader
2025-08-31T23:32:53.978Z next:jsconfig-paths-plugin moduleName did not match any paths pattern 
next-flight-client-entry-loader
2025-08-31T23:32:53.978Z next:jsconfig-paths-plugin moduleName did not match any paths pattern 
next-flight-client-entry-loader
2025-08-31T23:32:53.979Z next:jsconfig-paths-plugin moduleName did not match any paths pattern 
next-flight-client-entry-loader
2025-08-31T23:32:53.979Z next:jsconfig-paths-plugin moduleName did not match any paths pattern 
next-flight-client-entry-loader
2025-08-31T23:32:53.979Z next:jsconfig-paths-plugin moduleName did not match any paths pattern 
next-flight-client-entry-loader
2025-08-31T23:32:53.979Z next:jsconfig-paths-plugin moduleName did not match any paths pattern 
next-flight-client-entry-loader
2025-08-31T23:32:53.979Z next:jsconfig-paths-plugin moduleName did not match any paths pattern 
next-flight-client-entry-loader
2025-08-31T23:32:53.979Z next:jsconfig-paths-plugin moduleName did not match any paths pattern 
next-flight-client-entry-loader
2025-08-31T23:32:53.979Z next:jsconfig-paths-plugin moduleName did not match any paths pattern 
next-flight-client-entry-loader
2025-08-31T23:32:53.979Z next:jsconfig-paths-plugin moduleName did not match any paths pattern 
next-flight-client-entry-loader
2025-08-31T23:32:53.979Z next:jsconfig-paths-plugin moduleName did not match any paths pattern 
next-flight-client-entry-loader
2025-08-31T23:32:53.979Z next:jsconfig-paths-plugin moduleName did not match any paths pattern 
next-flight-client-entry-loader
2025-08-31T23:32:53.980Z next:jsconfig-paths-plugin moduleName did not match any paths pattern 
next-flight-client-entry-loader
2025-08-31T23:32:53.980Z next:jsconfig-paths-plugin moduleName did not match any paths pattern 
next-flight-client-entry-loader
2025-08-31T23:32:54.011Z next:jsconfig-paths-plugin moduleName did not match any paths pattern 
next-flight-client-entry-loader
2025-08-31T23:32:54.011Z next:jsconfig-paths-plugin moduleName did not match any paths pattern 
next-flight-client-entry-loader
2025-08-31T23:32:54.012Z next:jsconfig-paths-plugin moduleName did not match any paths pattern 
next-flight-client-entry-loader
2025-08-31T23:32:54.012Z next:jsconfig-paths-plugin moduleName did not match any paths pattern 
next-flight-client-entry-loader
2025-08-31T23:32:54.012Z next:jsconfig-paths-plugin moduleName did not match any paths pattern 
next-flight-client-entry-loader
2025-08-31T23:32:54.012Z next:jsconfig-paths-plugin moduleName did not match any paths pattern 
next-flight-client-entry-loader
2025-08-31T23:32:54.012Z next:jsconfig-paths-plugin moduleName did not match any paths pattern 
next-flight-client-entry-loader
2025-08-31T23:32:54.012Z next:jsconfig-paths-plugin moduleName did not match any paths pattern 
next-flight-client-entry-loader
2025-08-31T23:32:54.014Z next:jsconfig-paths-plugin moduleName did not match any paths pattern 
next-flight-client-entry-loader
2025-08-31T23:32:54.014Z next:jsconfig-paths-plugin moduleName did not match any paths pattern 
next-flight-client-entry-loader
2025-08-31T23:32:54.014Z next:jsconfig-paths-plugin moduleName did not match any paths pattern 
next-flight-client-entry-loader
2025-08-31T23:32:54.015Z next:jsconfig-paths-plugin moduleName did not match any paths pattern 
next-flight-client-entry-loader
2025-08-31T23:32:54.015Z next:jsconfig-paths-plugin moduleName did not match any paths pattern 
next-flight-client-entry-loader
2025-08-31T23:32:54.015Z next:jsconfig-paths-plugin moduleName did not match any paths pattern 
next-flight-client-entry-loader
2025-08-31T23:32:54.015Z next:jsconfig-paths-plugin moduleName did not match any paths pattern 
next-flight-client-entry-loader
2025-08-31T23:32:54.016Z next:jsconfig-paths-plugin moduleName did not match any paths pattern 
next-flight-client-entry-loader
2025-08-31T23:32:54.016Z next:jsconfig-paths-plugin moduleName did not match any paths pattern 
next-flight-client-entry-loader
2025-08-31T23:32:54.016Z next:jsconfig-paths-plugin moduleName did not match any paths pattern 
next-flight-client-entry-loader
2025-08-31T23:32:54.016Z next:jsconfig-paths-plugin moduleName did not match any paths pattern 
next-flight-client-entry-loader
2025-08-31T23:32:54.016Z next:jsconfig-paths-plugin moduleName did not match any paths pattern 
next-flight-client-entry-loader
2025-08-31T23:32:54.016Z next:jsconfig-paths-plugin moduleName did not match any paths pattern 
next-flight-client-entry-loader
2025-08-31T23:32:54.016Z next:jsconfig-paths-plugin moduleName did not match any paths pattern 
next-flight-client-entry-loader
2025-08-31T23:32:54.016Z next:jsconfig-paths-plugin moduleName did not match any paths pattern 
next-flight-client-entry-loader
2025-08-31T23:32:54.016Z next:jsconfig-paths-plugin moduleName did not match any paths pattern 
next-flight-client-entry-loader
2025-08-31T23:32:54.017Z next:jsconfig-paths-plugin moduleName did not match any paths pattern 
next-flight-client-entry-loader
2025-08-31T23:32:54.017Z next:jsconfig-paths-plugin moduleName did not match any paths pattern 
next-flight-client-entry-loader
2025-08-31T23:32:54.017Z next:jsconfig-paths-plugin moduleName did not match any paths pattern 
next-flight-client-entry-loader
2025-08-31T23:32:54.017Z next:jsconfig-paths-plugin moduleName did not match any paths pattern 
next-flight-client-entry-loader
2025-08-31T23:32:54.017Z next:jsconfig-paths-plugin moduleName did not match any paths pattern 
next-flight-client-entry-loader
2025-08-31T23:32:54.017Z next:jsconfig-paths-plugin moduleName did not match any paths pattern 
next-flight-client-entry-loader
2025-08-31T23:32:54.017Z next:jsconfig-paths-plugin moduleName did not match any paths pattern 
next-flight-client-entry-loader
2025-08-31T23:32:54.018Z next:jsconfig-paths-plugin moduleName did not match any paths pattern 
next-flight-client-entry-loader
2025-08-31T23:32:54.018Z next:jsconfig-paths-plugin moduleName did not match any paths pattern 
next-flight-client-entry-loader
2025-08-31T23:32:54.018Z next:jsconfig-paths-plugin moduleName did not match any paths pattern 
next-flight-client-entry-loader
2025-08-31T23:32:54.018Z next:jsconfig-paths-plugin moduleName did not match any paths pattern 
next-flight-client-entry-loader
2025-08-31T23:32:54.018Z next:jsconfig-paths-plugin moduleName did not match any paths pattern 
next-flight-client-entry-loader
2025-08-31T23:32:54.019Z next:jsconfig-paths-plugin moduleName did not match any paths pattern 
next-flight-client-entry-loader
2025-08-31T23:32:54.019Z next:jsconfig-paths-plugin moduleName did not match any paths pattern 
next-flight-client-entry-loader
2025-08-31T23:32:54.019Z next:jsconfig-paths-plugin moduleName did not match any paths pattern 
next-flight-client-entry-loader
2025-08-31T23:32:54.019Z next:jsconfig-paths-plugin moduleName did not match any paths pattern 
next-flight-client-entry-loader
2025-08-31T23:32:54.019Z next:jsconfig-paths-plugin moduleName did not match any paths pattern 
next-flight-client-entry-loader
2025-08-31T23:32:54.019Z next:jsconfig-paths-plugin moduleName did not match any paths pattern 
next-flight-client-entry-loader
2025-08-31T23:32:54.020Z next:jsconfig-paths-plugin moduleName did not match any paths pattern 
next-flight-client-entry-loader
2025-08-31T23:32:54.020Z next:jsconfig-paths-plugin moduleName did not match any paths pattern 
next-flight-client-entry-loader
2025-08-31T23:32:54.020Z next:jsconfig-paths-plugin moduleName did not match any paths pattern 
next-flight-client-entry-loader
2025-08-31T23:32:54.020Z next:jsconfig-paths-plugin moduleName did not match any paths pattern 
next-flight-client-entry-loader
2025-08-31T23:32:54.021Z next:jsconfig-paths-plugin moduleName did not match any paths pattern 
next-flight-client-entry-loader
2025-08-31T23:32:54.021Z next:jsconfig-paths-plugin moduleName did not match any paths pattern 
next-flight-client-entry-loader
2025-08-31T23:32:54.021Z next:jsconfig-paths-plugin moduleName did not match any paths pattern 
next-flight-client-entry-loader
2025-08-31T23:32:54.022Z next:jsconfig-paths-plugin moduleName did not match any paths pattern 
next-flight-client-entry-loader
2025-08-31T23:32:54.022Z next:jsconfig-paths-plugin moduleName did not match any paths pattern 
next-flight-client-entry-loader
2025-08-31T23:32:54.022Z next:jsconfig-paths-plugin moduleName did not match any paths pattern 
next-flight-client-entry-loader
2025-08-31T23:32:54.022Z next:jsconfig-paths-plugin moduleName did not match any paths pattern 
next-flight-client-entry-loader
2025-08-31T23:32:54.022Z next:jsconfig-paths-plugin moduleName did not match any paths pattern 
next-flight-client-entry-loader
2025-08-31T23:32:54.022Z next:jsconfig-paths-plugin moduleName did not match any paths pattern 
next-flight-client-entry-loader
2025-08-31T23:32:54.022Z next:jsconfig-paths-plugin moduleName did not match any paths pattern 
next-flight-client-entry-loader
2025-08-31T23:32:54.022Z next:jsconfig-paths-plugin moduleName did not match any paths pattern 
next-flight-client-entry-loader
2025-08-31T23:32:54.022Z next:jsconfig-paths-plugin moduleName did not match any paths pattern 
next-flight-client-entry-loader
2025-08-31T23:32:54.023Z next:jsconfig-paths-plugin moduleName did not match any paths pattern 
next-flight-client-entry-loader
2025-08-31T23:32:54.023Z next:jsconfig-paths-plugin moduleName did not match any paths pattern 
next-flight-client-entry-loader
2025-08-31T23:32:54.023Z next:jsconfig-paths-plugin moduleName did not match any paths pattern 
next-flight-client-entry-loader
2025-08-31T23:32:54.023Z next:jsconfig-paths-plugin moduleName did not match any paths pattern 
next-flight-client-entry-loader
2025-08-31T23:32:54.023Z next:jsconfig-paths-plugin moduleName did not match any paths pattern 
next-flight-client-entry-loader
2025-08-31T23:32:54.023Z next:jsconfig-paths-plugin moduleName did not match any paths pattern 
next-flight-client-entry-loader
2025-08-31T23:32:54.023Z next:jsconfig-paths-plugin moduleName did not match any paths pattern 
next-flight-client-entry-loader
2025-08-31T23:32:54.023Z next:jsconfig-paths-plugin moduleName did not match any paths pattern 
next-flight-client-entry-loader
2025-08-31T23:32:54.023Z next:jsconfig-paths-plugin moduleName did not match any paths pattern 
next-flight-client-entry-loader
2025-08-31T23:32:54.023Z next:jsconfig-paths-plugin moduleName did not match any paths pattern 
next-flight-client-entry-loader
2025-08-31T23:32:54.023Z next:jsconfig-paths-plugin moduleName did not match any paths pattern 
next-flight-client-entry-loader
2025-08-31T23:32:54.024Z next:jsconfig-paths-plugin moduleName did not match any paths pattern 
next-flight-client-entry-loader
2025-08-31T23:32:54.024Z next:jsconfig-paths-plugin moduleName did not match any paths pattern 
next-flight-client-entry-loader
2025-08-31T23:32:54.024Z next:jsconfig-paths-plugin moduleName did not match any paths pattern 
next-flight-client-entry-loader
2025-08-31T23:32:54.024Z next:jsconfig-paths-plugin moduleName did not match any paths pattern 
next-flight-client-entry-loader
2025-08-31T23:32:54.024Z next:jsconfig-paths-plugin moduleName did not match any paths pattern 
next-flight-client-entry-loader
2025-08-31T23:32:54.024Z next:jsconfig-paths-plugin moduleName did not match any paths pattern 
next-flight-client-entry-loader
2025-08-31T23:32:54.024Z next:jsconfig-paths-plugin moduleName did not match any paths pattern 
next-flight-client-entry-loader
2025-08-31T23:32:54.024Z next:jsconfig-paths-plugin moduleName did not match any paths pattern 
next-flight-client-entry-loader
2025-08-31T23:32:54.024Z next:jsconfig-paths-plugin moduleName did not match any paths pattern 
next-flight-client-entry-loader
2025-08-31T23:32:54.024Z next:jsconfig-paths-plugin moduleName did not match any paths pattern 
next-flight-client-entry-loader
2025-08-31T23:32:54.024Z next:jsconfig-paths-plugin moduleName did not match any paths pattern 
next-flight-client-entry-loader
2025-08-31T23:32:54.024Z next:jsconfig-paths-plugin moduleName did not match any paths pattern 
next-flight-client-entry-loader
2025-08-31T23:32:54.024Z next:jsconfig-paths-plugin moduleName did not match any paths pattern 
next-flight-client-entry-loader
2025-08-31T23:32:54.025Z next:jsconfig-paths-plugin moduleName did not match any paths pattern 
next-flight-client-entry-loader
2025-08-31T23:32:54.025Z next:jsconfig-paths-plugin moduleName did not match any paths pattern 
next-flight-client-entry-loader
2025-08-31T23:32:54.025Z next:jsconfig-paths-plugin moduleName did not match any paths pattern 
next-flight-client-entry-loader
2025-08-31T23:32:54.025Z next:jsconfig-paths-plugin moduleName did not match any paths pattern 
next-flight-client-entry-loader
2025-08-31T23:32:54.025Z next:jsconfig-paths-plugin moduleName did not match any paths pattern 
next-flight-client-entry-loader
2025-08-31T23:32:54.026Z next:jsconfig-paths-plugin moduleName did not match any paths pattern 
next-flight-client-entry-loader
2025-08-31T23:32:54.027Z next:jsconfig-paths-plugin moduleName did not match any paths pattern 
next-flight-client-entry-loader
2025-08-31T23:32:54.027Z next:jsconfig-paths-plugin moduleName did not match any paths pattern 
next-flight-client-entry-loader
2025-08-31T23:32:54.027Z next:jsconfig-paths-plugin moduleName did not match any paths pattern 
next-flight-client-entry-loader
2025-08-31T23:32:54.027Z next:jsconfig-paths-plugin moduleName did not match any paths pattern 
next-flight-client-entry-loader
2025-08-31T23:32:54.027Z next:jsconfig-paths-plugin moduleName did not match any paths pattern 
next-flight-client-entry-loader
2025-08-31T23:32:54.027Z next:jsconfig-paths-plugin moduleName did not match any paths pattern 
next-flight-client-entry-loader
2025-08-31T23:32:54.027Z next:jsconfig-paths-plugin moduleName did not match any paths pattern 
next-flight-client-entry-loader
2025-08-31T23:32:54.027Z next:jsconfig-paths-plugin moduleName did not match any paths pattern 
next-flight-client-entry-loader
2025-08-31T23:32:54.027Z next:jsconfig-paths-plugin moduleName did not match any paths pattern 
next-flight-client-entry-loader
2025-08-31T23:32:54.027Z next:jsconfig-paths-plugin moduleName did not match any paths pattern 
next-flight-client-entry-loader
2025-08-31T23:32:54.027Z next:jsconfig-paths-plugin moduleName did not match any paths pattern 
next-flight-client-entry-loader
2025-08-31T23:32:54.027Z next:jsconfig-paths-plugin moduleName did not match any paths pattern 
next-flight-client-entry-loader
2025-08-31T23:32:54.090Z next:jsconfig-paths-plugin moduleName did not match any paths pattern 
next-flight-client-entry-loader
2025-08-31T23:32:54.090Z next:jsconfig-paths-plugin moduleName did not match any paths pattern 
next-flight-client-entry-loader
2025-08-31T23:32:54.090Z next:jsconfig-paths-plugin moduleName did not match any paths pattern 
next-flight-client-entry-loader
2025-08-31T23:32:54.091Z next:jsconfig-paths-plugin moduleName did not match any paths pattern 
next-flight-client-entry-loader
2025-08-31T23:32:54.091Z next:jsconfig-paths-plugin moduleName did not match any paths pattern 
next-flight-client-entry-loader
2025-08-31T23:32:54.091Z next:jsconfig-paths-plugin moduleName did not match any paths pattern 
next-flight-client-entry-loader
2025-08-31T23:32:54.091Z next:jsconfig-paths-plugin moduleName did not match any paths pattern 
next-flight-client-entry-loader
2025-08-31T23:32:54.091Z next:jsconfig-paths-plugin moduleName did not match any paths pattern 
next-flight-client-entry-loader
2025-08-31T23:32:54.091Z next:jsconfig-paths-plugin moduleName did not match any paths pattern 
next-flight-client-entry-loader
2025-08-31T23:32:54.091Z next:jsconfig-paths-plugin moduleName did not match any paths pattern 
next-flight-client-entry-loader
2025-08-31T23:32:54.091Z next:jsconfig-paths-plugin moduleName did not match any paths pattern 
next-flight-client-entry-loader
2025-08-31T23:32:54.091Z next:jsconfig-paths-plugin moduleName did not match any paths pattern 
next-flight-client-entry-loader
2025-08-31T23:32:54.091Z next:jsconfig-paths-plugin moduleName did not match any paths pattern 
next-flight-client-entry-loader
2025-08-31T23:32:54.092Z next:jsconfig-paths-plugin moduleName did not match any paths pattern 
next-flight-client-entry-loader
2025-08-31T23:32:54.092Z next:jsconfig-paths-plugin moduleName did not match any paths pattern 
next-flight-client-entry-loader
2025-08-31T23:32:54.092Z next:jsconfig-paths-plugin moduleName did not match any paths pattern 
next-flight-client-entry-loader
2025-08-31T23:32:54.092Z next:jsconfig-paths-plugin moduleName did not match any paths pattern 
next-flight-client-entry-loader
2025-08-31T23:32:54.092Z next:jsconfig-paths-plugin moduleName did not match any paths pattern 
next-flight-client-entry-loader
2025-08-31T23:32:54.092Z next:jsconfig-paths-plugin moduleName did not match any paths pattern 
next-flight-client-entry-loader
2025-08-31T23:32:54.092Z next:jsconfig-paths-plugin moduleName did not match any paths pattern 
next-flight-client-entry-loader
2025-08-31T23:32:54.092Z next:jsconfig-paths-plugin moduleName did not match any paths pattern 
next-flight-client-entry-loader
2025-08-31T23:32:54.092Z next:jsconfig-paths-plugin moduleName did not match any paths pattern 
next-flight-client-entry-loader
2025-08-31T23:32:54.092Z next:jsconfig-paths-plugin moduleName did not match any paths pattern 
next-flight-client-entry-loader
2025-08-31T23:32:54.092Z next:jsconfig-paths-plugin moduleName did not match any paths pattern 
next-flight-client-entry-loader
2025-08-31T23:32:54.093Z next:jsconfig-paths-plugin moduleName did not match any paths pattern 
next-flight-client-entry-loader
2025-08-31T23:32:54.093Z next:jsconfig-paths-plugin moduleName did not match any paths pattern 
next-flight-client-entry-loader
2025-08-31T23:32:54.093Z next:jsconfig-paths-plugin moduleName did not match any paths pattern 
next-flight-client-entry-loader
2025-08-31T23:32:54.093Z next:jsconfig-paths-plugin moduleName did not match any paths pattern 
next-flight-client-entry-loader
2025-08-31T23:32:54.093Z next:jsconfig-paths-plugin moduleName did not match any paths pattern 
next-flight-client-entry-loader
2025-08-31T23:32:54.093Z next:jsconfig-paths-plugin moduleName did not match any paths pattern 
next-flight-client-entry-loader
2025-08-31T23:32:54.093Z next:jsconfig-paths-plugin moduleName did not match any paths pattern 
next-flight-client-entry-loader
2025-08-31T23:32:54.093Z next:jsconfig-paths-plugin moduleName did not match any paths pattern 
next-flight-client-entry-loader
2025-08-31T23:32:54.094Z next:jsconfig-paths-plugin moduleName did not match any paths pattern 
next-flight-client-entry-loader
2025-08-31T23:32:54.094Z next:jsconfig-paths-plugin moduleName did not match any paths pattern 
next-flight-client-entry-loader
2025-08-31T23:32:54.094Z next:jsconfig-paths-plugin moduleName did not match any paths pattern 
next-flight-client-entry-loader
2025-08-31T23:32:54.095Z next:jsconfig-paths-plugin moduleName did not match any paths pattern 
next-flight-client-entry-loader
2025-08-31T23:32:54.095Z next:jsconfig-paths-plugin moduleName did not match any paths pattern 
next-flight-client-entry-loader
2025-08-31T23:32:54.095Z next:jsconfig-paths-plugin moduleName did not match any paths pattern 
next-flight-client-entry-loader
2025-08-31T23:32:54.095Z next:jsconfig-paths-plugin moduleName did not match any paths pattern 
next-flight-client-entry-loader
2025-08-31T23:32:54.097Z next:jsconfig-paths-plugin moduleName did not match any paths pattern 
next-flight-client-entry-loader
2025-08-31T23:32:54.098Z next:jsconfig-paths-plugin moduleName did not match any paths pattern 
next-flight-client-entry-loader
2025-08-31T23:32:54.098Z next:jsconfig-paths-plugin moduleName did not match any paths pattern 
next-flight-client-entry-loader
2025-08-31T23:32:54.098Z next:jsconfig-paths-plugin moduleName did not match any paths pattern 
next-flight-client-entry-loader
2025-08-31T23:32:54.098Z next:jsconfig-paths-plugin moduleName did not match any paths pattern 
next-flight-client-entry-loader
2025-08-31T23:32:54.098Z next:jsconfig-paths-plugin moduleName did not match any paths pattern 
next-flight-client-entry-loader
2025-08-31T23:32:54.098Z next:jsconfig-paths-plugin moduleName did not match any paths pattern 
next-flight-client-entry-loader
2025-08-31T23:32:54.099Z next:jsconfig-paths-plugin moduleName did not match any paths pattern 
next-flight-client-entry-loader
2025-08-31T23:32:54.099Z next:jsconfig-paths-plugin moduleName did not match any paths pattern 
next-flight-client-entry-loader
2025-08-31T23:32:54.099Z next:jsconfig-paths-plugin moduleName did not match any paths pattern 
next-flight-client-entry-loader
2025-08-31T23:32:54.099Z next:jsconfig-paths-plugin moduleName did not match any paths pattern 
next-flight-client-entry-loader
2025-08-31T23:32:54.099Z next:jsconfig-paths-plugin moduleName did not match any paths pattern 
next-flight-client-entry-loader
2025-08-31T23:32:54.099Z next:jsconfig-paths-plugin moduleName did not match any paths pattern 
next-flight-client-entry-loader
2025-08-31T23:32:54.100Z next:jsconfig-paths-plugin moduleName did not match any paths pattern 
next-flight-client-entry-loader
2025-08-31T23:32:54.100Z next:jsconfig-paths-plugin moduleName did not match any paths pattern 
next-flight-client-entry-loader
2025-08-31T23:32:54.100Z next:jsconfig-paths-plugin moduleName did not match any paths pattern 
next-flight-client-entry-loader
2025-08-31T23:32:54.100Z next:jsconfig-paths-plugin moduleName did not match any paths pattern 
next-flight-client-entry-loader
2025-08-31T23:32:54.101Z next:jsconfig-paths-plugin moduleName did not match any paths pattern 
next-flight-client-entry-loader
2025-08-31T23:32:54.101Z next:jsconfig-paths-plugin moduleName did not match any paths pattern 
next-flight-client-entry-loader
2025-08-31T23:32:54.101Z next:jsconfig-paths-plugin moduleName did not match any paths pattern 
next-flight-client-entry-loader
2025-08-31T23:32:54.101Z next:jsconfig-paths-plugin moduleName did not match any paths pattern 
next-flight-client-entry-loader
2025-08-31T23:32:54.101Z next:jsconfig-paths-plugin moduleName did not match any paths pattern 
next-flight-client-entry-loader
2025-08-31T23:32:54.101Z next:jsconfig-paths-plugin moduleName did not match any paths pattern 
next-flight-client-entry-loader
2025-08-31T23:32:54.101Z next:jsconfig-paths-plugin moduleName did not match any paths pattern 
next-flight-client-entry-loader
2025-08-31T23:32:54.101Z next:jsconfig-paths-plugin moduleName did not match any paths pattern 
next-flight-client-entry-loader
2025-08-31T23:32:54.101Z next:jsconfig-paths-plugin moduleName did not match any paths pattern 
next-flight-client-entry-loader
2025-08-31T23:32:54.102Z next:jsconfig-paths-plugin moduleName did not match any paths pattern 
next-flight-client-entry-loader
2025-08-31T23:32:54.102Z next:jsconfig-paths-plugin moduleName did not match any paths pattern 
next-flight-client-entry-loader
2025-08-31T23:32:54.102Z next:jsconfig-paths-plugin moduleName did not match any paths pattern 
next-flight-client-entry-loader
2025-08-31T23:32:54.102Z next:jsconfig-paths-plugin moduleName did not match any paths pattern 
next-flight-client-entry-loader
2025-08-31T23:32:54.102Z next:jsconfig-paths-plugin moduleName did not match any paths pattern 
next-flight-client-entry-loader
2025-08-31T23:32:54.102Z next:jsconfig-paths-plugin moduleName did not match any paths pattern 
next-flight-client-entry-loader
2025-08-31T23:32:54.102Z next:jsconfig-paths-plugin moduleName did not match any paths pattern 
next-flight-client-entry-loader
2025-08-31T23:32:54.103Z next:jsconfig-paths-plugin moduleName did not match any paths pattern 
next-flight-client-entry-loader
2025-08-31T23:32:54.103Z next:jsconfig-paths-plugin moduleName did not match any paths pattern 
next-flight-client-entry-loader
2025-08-31T23:32:54.103Z next:jsconfig-paths-plugin moduleName did not match any paths pattern 
next-flight-client-entry-loader
2025-08-31T23:32:54.103Z next:jsconfig-paths-plugin moduleName did not match any paths pattern 
next-flight-client-entry-loader
2025-08-31T23:32:54.104Z next:jsconfig-paths-plugin moduleName did not match any paths pattern 
next-flight-client-entry-loader
2025-08-31T23:32:54.104Z next:jsconfig-paths-plugin moduleName did not match any paths pattern 
next-flight-client-entry-loader
2025-08-31T23:32:54.104Z next:jsconfig-paths-plugin moduleName did not match any paths pattern 
next-flight-client-entry-loader
2025-08-31T23:32:54.104Z next:jsconfig-paths-plugin moduleName did not match any paths pattern 
next-flight-client-entry-loader
2025-08-31T23:32:54.104Z next:jsconfig-paths-plugin moduleName did not match any paths pattern 
next-flight-client-entry-loader
2025-08-31T23:32:54.104Z next:jsconfig-paths-plugin moduleName did not match any paths pattern 
next-flight-client-entry-loader
2025-08-31T23:32:54.104Z next:jsconfig-paths-plugin moduleName did not match any paths pattern 
next-flight-client-entry-loader
2025-08-31T23:32:54.105Z next:jsconfig-paths-plugin moduleName did not match any paths pattern 
next-flight-client-entry-loader
2025-08-31T23:32:54.105Z next:jsconfig-paths-plugin moduleName did not match any paths pattern 
next-flight-client-entry-loader
2025-08-31T23:32:54.105Z next:jsconfig-paths-plugin moduleName did not match any paths pattern 
next-flight-client-entry-loader
2025-08-31T23:32:54.105Z next:jsconfig-paths-plugin moduleName did not match any paths pattern 
next-flight-client-entry-loader
2025-08-31T23:32:54.105Z next:jsconfig-paths-plugin moduleName did not match any paths pattern 
next-flight-client-entry-loader
2025-08-31T23:32:54.105Z next:jsconfig-paths-plugin moduleName did not match any paths pattern 
next-flight-client-entry-loader
2025-08-31T23:32:54.105Z next:jsconfig-paths-plugin moduleName did not match any paths pattern 
next-flight-client-entry-loader
2025-08-31T23:32:54.106Z next:jsconfig-paths-plugin moduleName did not match any paths pattern 
next-flight-client-entry-loader
2025-08-31T23:32:54.106Z next:jsconfig-paths-plugin moduleName did not match any paths pattern 
next-flight-client-entry-loader
2025-08-31T23:32:54.106Z next:jsconfig-paths-plugin moduleName did not match any paths pattern 
next-flight-client-entry-loader
2025-08-31T23:32:54.106Z next:jsconfig-paths-plugin moduleName did not match any paths pattern 
next-flight-client-entry-loader
2025-08-31T23:32:54.106Z next:jsconfig-paths-plugin moduleName did not match any paths pattern 
next-flight-client-entry-loader
2025-08-31T23:32:54.107Z next:jsconfig-paths-plugin moduleName did not match any paths pattern 
next-flight-client-entry-loader
2025-08-31T23:32:54.107Z next:jsconfig-paths-plugin moduleName did not match any paths pattern 
next-flight-client-entry-loader
2025-08-31T23:32:54.107Z next:jsconfig-paths-plugin moduleName did not match any paths pattern 
next-flight-client-entry-loader
2025-08-31T23:32:54.107Z next:jsconfig-paths-plugin moduleName did not match any paths pattern 
next-flight-client-entry-loader
2025-08-31T23:32:54.107Z next:jsconfig-paths-plugin moduleName did not match any paths pattern 
next-flight-client-entry-loader
2025-08-31T23:32:54.134Z next:jsconfig-paths-plugin moduleName did not match any paths pattern 
next-flight-client-entry-loader
2025-08-31T23:32:54.134Z next:jsconfig-paths-plugin moduleName did not match any paths pattern 
next-flight-client-entry-loader
2025-08-31T23:32:54.134Z next:jsconfig-paths-plugin moduleName did not match any paths pattern 
next-flight-client-entry-loader
2025-08-31T23:32:54.134Z next:jsconfig-paths-plugin moduleName did not match any paths pattern 
next-flight-client-entry-loader
2025-08-31T23:32:54.135Z next:jsconfig-paths-plugin moduleName did not match any paths pattern 
next-flight-client-entry-loader
2025-08-31T23:32:54.135Z next:jsconfig-paths-plugin moduleName did not match any paths pattern 
next-flight-client-entry-loader
2025-08-31T23:32:54.135Z next:jsconfig-paths-plugin moduleName did not match any paths pattern 
next-flight-client-entry-loader
2025-08-31T23:32:54.135Z next:jsconfig-paths-plugin moduleName did not match any paths pattern 
next-flight-client-entry-loader
2025-08-31T23:32:54.135Z next:jsconfig-paths-plugin moduleName did not match any paths pattern 
next-flight-client-entry-loader
2025-08-31T23:32:54.135Z next:jsconfig-paths-plugin moduleName did not match any paths pattern 
next-flight-client-entry-loader
2025-08-31T23:32:54.135Z next:jsconfig-paths-plugin moduleName did not match any paths pattern 
next-flight-client-entry-loader
2025-08-31T23:32:54.135Z next:jsconfig-paths-plugin moduleName did not match any paths pattern 
next-flight-client-entry-loader
2025-08-31T23:32:54.135Z next:jsconfig-paths-plugin moduleName did not match any paths pattern 
next-flight-client-entry-loader
2025-08-31T23:32:54.136Z next:jsconfig-paths-plugin moduleName did not match any paths pattern 
next-flight-client-entry-loader
2025-08-31T23:32:54.136Z next:jsconfig-paths-plugin moduleName did not match any paths pattern 
next-flight-client-entry-loader
2025-08-31T23:32:54.136Z next:jsconfig-paths-plugin moduleName did not match any paths pattern 
next-flight-client-entry-loader
2025-08-31T23:32:54.136Z next:jsconfig-paths-plugin moduleName did not match any paths pattern 
next-flight-client-entry-loader
2025-08-31T23:32:54.136Z next:jsconfig-paths-plugin moduleName did not match any paths pattern 
next-flight-client-entry-loader
2025-08-31T23:32:54.136Z next:jsconfig-paths-plugin moduleName did not match any paths pattern 
next-flight-client-entry-loader
2025-08-31T23:32:54.137Z next:jsconfig-paths-plugin moduleName did not match any paths pattern 
next-flight-client-entry-loader
2025-08-31T23:32:54.137Z next:jsconfig-paths-plugin moduleName did not match any paths pattern 
next-flight-client-entry-loader
2025-08-31T23:32:54.138Z next:jsconfig-paths-plugin moduleName did not match any paths pattern 
next-flight-client-entry-loader
2025-08-31T23:32:54.139Z next:jsconfig-paths-plugin moduleName did not match any paths pattern 
next-flight-client-entry-loader
2025-08-31T23:32:54.139Z next:jsconfig-paths-plugin moduleName did not match any paths pattern 
next-flight-client-entry-loader
2025-08-31T23:32:54.139Z next:jsconfig-paths-plugin moduleName did not match any paths pattern 
next-flight-client-entry-loader
2025-08-31T23:32:54.139Z next:jsconfig-paths-plugin moduleName did not match any paths pattern 
next-flight-client-entry-loader
2025-08-31T23:32:54.139Z next:jsconfig-paths-plugin moduleName did not match any paths pattern 
next-flight-client-entry-loader
2025-08-31T23:32:54.139Z next:jsconfig-paths-plugin moduleName did not match any paths pattern 
next-flight-client-entry-loader
2025-08-31T23:32:54.140Z next:jsconfig-paths-plugin moduleName did not match any paths pattern 
next-flight-client-entry-loader
2025-08-31T23:32:54.140Z next:jsconfig-paths-plugin moduleName did not match any paths pattern 
next-flight-client-entry-loader
2025-08-31T23:32:54.140Z next:jsconfig-paths-plugin moduleName did not match any paths pattern 
next-flight-client-entry-loader
2025-08-31T23:32:54.140Z next:jsconfig-paths-plugin moduleName did not match any paths pattern 
next-flight-client-entry-loader
2025-08-31T23:32:54.140Z next:jsconfig-paths-plugin moduleName did not match any paths pattern 
next-flight-client-entry-loader
2025-08-31T23:32:54.141Z next:jsconfig-paths-plugin moduleName did not match any paths pattern 
next-flight-client-entry-loader
2025-08-31T23:32:54.141Z next:jsconfig-paths-plugin moduleName did not match any paths pattern 
next-flight-client-entry-loader
2025-08-31T23:32:54.141Z next:jsconfig-paths-plugin moduleName did not match any paths pattern 
next-flight-client-entry-loader
2025-08-31T23:32:54.141Z next:jsconfig-paths-plugin moduleName did not match any paths pattern 
next-flight-client-entry-loader
2025-08-31T23:32:54.141Z next:jsconfig-paths-plugin moduleName did not match any paths pattern 
next-flight-client-entry-loader
2025-08-31T23:32:54.141Z next:jsconfig-paths-plugin moduleName did not match any paths pattern 
next-flight-client-entry-loader
2025-08-31T23:32:54.141Z next:jsconfig-paths-plugin moduleName did not match any paths pattern 
next-flight-client-entry-loader
2025-08-31T23:32:54.141Z next:jsconfig-paths-plugin moduleName did not match any paths pattern 
next-flight-client-entry-loader
2025-08-31T23:32:54.142Z next:jsconfig-paths-plugin moduleName did not match any paths pattern 
next-flight-client-entry-loader
2025-08-31T23:32:54.142Z next:jsconfig-paths-plugin moduleName did not match any paths pattern 
next-flight-client-entry-loader
2025-08-31T23:32:54.142Z next:jsconfig-paths-plugin moduleName did not match any paths pattern 
next-flight-client-entry-loader
2025-08-31T23:32:54.142Z next:jsconfig-paths-plugin moduleName did not match any paths pattern 
next-flight-client-entry-loader
2025-08-31T23:32:54.142Z next:jsconfig-paths-plugin moduleName did not match any paths pattern 
next-flight-client-entry-loader
2025-08-31T23:32:54.142Z next:jsconfig-paths-plugin moduleName did not match any paths pattern 
next-flight-client-entry-loader
2025-08-31T23:32:54.142Z next:jsconfig-paths-plugin moduleName did not match any paths pattern 
next-flight-client-entry-loader
2025-08-31T23:32:54.142Z next:jsconfig-paths-plugin moduleName did not match any paths pattern 
next-flight-client-entry-loader
2025-08-31T23:32:54.142Z next:jsconfig-paths-plugin moduleName did not match any paths pattern 
next-flight-client-entry-loader
2025-08-31T23:32:54.143Z next:jsconfig-paths-plugin moduleName did not match any paths pattern 
next-flight-client-entry-loader
2025-08-31T23:32:54.143Z next:jsconfig-paths-plugin moduleName did not match any paths pattern 
next-flight-client-entry-loader
2025-08-31T23:32:54.143Z next:jsconfig-paths-plugin moduleName did not match any paths pattern 
next-flight-client-entry-loader
2025-08-31T23:32:54.143Z next:jsconfig-paths-plugin moduleName did not match any paths pattern 
next-flight-client-entry-loader
2025-08-31T23:32:54.143Z next:jsconfig-paths-plugin moduleName did not match any paths pattern 
next-flight-client-entry-loader
2025-08-31T23:32:54.143Z next:jsconfig-paths-plugin moduleName did not match any paths pattern 
next-flight-client-entry-loader
2025-08-31T23:32:54.143Z next:jsconfig-paths-plugin moduleName did not match any paths pattern 
next-flight-client-entry-loader
2025-08-31T23:32:54.143Z next:jsconfig-paths-plugin moduleName did not match any paths pattern 
next-flight-client-entry-loader
2025-08-31T23:32:54.143Z next:jsconfig-paths-plugin moduleName did not match any paths pattern 
next-flight-client-entry-loader
2025-08-31T23:32:54.144Z next:jsconfig-paths-plugin moduleName did not match any paths pattern 
next-flight-client-entry-loader
2025-08-31T23:32:54.144Z next:jsconfig-paths-plugin moduleName did not match any paths pattern 
next-flight-client-entry-loader
2025-08-31T23:32:54.150Z next:jsconfig-paths-plugin moduleName did not match any paths pattern 
next-flight-client-entry-loader
2025-08-31T23:32:54.151Z next:jsconfig-paths-plugin moduleName did not match any paths pattern 
next-flight-client-entry-loader
2025-08-31T23:32:54.151Z next:jsconfig-paths-plugin moduleName did not match any paths pattern 
next-flight-client-entry-loader
2025-08-31T23:32:54.151Z next:jsconfig-paths-plugin moduleName did not match any paths pattern 
next-flight-client-entry-loader
2025-08-31T23:32:54.152Z next:jsconfig-paths-plugin moduleName did not match any paths pattern 
next-flight-client-entry-loader
2025-08-31T23:32:54.152Z next:jsconfig-paths-plugin moduleName did not match any paths pattern 
next-flight-client-entry-loader
2025-08-31T23:32:54.152Z next:jsconfig-paths-plugin moduleName did not match any paths pattern 
next-flight-client-entry-loader
2025-08-31T23:32:54.152Z next:jsconfig-paths-plugin moduleName did not match any paths pattern 
next-flight-client-entry-loader
2025-08-31T23:32:54.152Z next:jsconfig-paths-plugin moduleName did not match any paths pattern 
next-flight-client-entry-loader
2025-08-31T23:32:54.152Z next:jsconfig-paths-plugin moduleName did not match any paths pattern 
next-flight-client-entry-loader
2025-08-31T23:32:54.152Z next:jsconfig-paths-plugin moduleName did not match any paths pattern 
next-flight-client-entry-loader
2025-08-31T23:32:54.152Z next:jsconfig-paths-plugin moduleName did not match any paths pattern 
next-flight-client-entry-loader
2025-08-31T23:32:54.152Z next:jsconfig-paths-plugin moduleName did not match any paths pattern 
next-flight-client-entry-loader
2025-08-31T23:32:54.152Z next:jsconfig-paths-plugin moduleName did not match any paths pattern 
next-flight-client-entry-loader
2025-08-31T23:32:54.153Z next:jsconfig-paths-plugin moduleName did not match any paths pattern 
next-flight-client-entry-loader
2025-08-31T23:32:54.153Z next:jsconfig-paths-plugin moduleName did not match any paths pattern 
next-flight-client-entry-loader
2025-08-31T23:32:54.153Z next:jsconfig-paths-plugin moduleName did not match any paths pattern 
next-flight-client-entry-loader
2025-08-31T23:32:54.153Z next:jsconfig-paths-plugin moduleName did not match any paths pattern 
next-flight-client-entry-loader
2025-08-31T23:32:54.153Z next:jsconfig-paths-plugin moduleName did not match any paths pattern 
next-flight-client-entry-loader
2025-08-31T23:32:54.153Z next:jsconfig-paths-plugin moduleName did not match any paths pattern 
next-flight-client-entry-loader
2025-08-31T23:32:54.153Z next:jsconfig-paths-plugin moduleName did not match any paths pattern 
next-flight-client-entry-loader
2025-08-31T23:32:54.153Z next:jsconfig-paths-plugin moduleName did not match any paths pattern 
next-flight-client-entry-loader
2025-08-31T23:32:54.153Z next:jsconfig-paths-plugin moduleName did not match any paths pattern 
next-flight-client-entry-loader
2025-08-31T23:32:54.153Z next:jsconfig-paths-plugin moduleName did not match any paths pattern 
next-flight-client-entry-loader
2025-08-31T23:32:54.153Z next:jsconfig-paths-plugin moduleName did not match any paths pattern 
next-flight-client-entry-loader
2025-08-31T23:32:54.153Z next:jsconfig-paths-plugin moduleName did not match any paths pattern 
next-flight-client-entry-loader
2025-08-31T23:32:54.153Z next:jsconfig-paths-plugin moduleName did not match any paths pattern 
next-flight-client-entry-loader
2025-08-31T23:32:54.154Z next:jsconfig-paths-plugin moduleName did not match any paths pattern 
next-flight-client-entry-loader
2025-08-31T23:32:54.154Z next:jsconfig-paths-plugin moduleName did not match any paths pattern 
next-flight-client-entry-loader
2025-08-31T23:32:54.154Z next:jsconfig-paths-plugin moduleName did not match any paths pattern 
next-flight-client-entry-loader
2025-08-31T23:32:54.154Z next:jsconfig-paths-plugin moduleName did not match any paths pattern 
next-flight-client-entry-loader
2025-08-31T23:32:54.154Z next:jsconfig-paths-plugin moduleName did not match any paths pattern 
next-flight-client-entry-loader
2025-08-31T23:32:54.154Z next:jsconfig-paths-plugin moduleName did not match any paths pattern 
next-flight-client-entry-loader
2025-08-31T23:32:54.154Z next:jsconfig-paths-plugin moduleName did not match any paths pattern 
next-flight-client-entry-loader
2025-08-31T23:32:54.155Z next:jsconfig-paths-plugin moduleName did not match any paths pattern 
next-flight-client-entry-loader
2025-08-31T23:32:54.155Z next:jsconfig-paths-plugin moduleName did not match any paths pattern 
next-flight-client-entry-loader
2025-08-31T23:32:54.155Z next:jsconfig-paths-plugin moduleName did not match any paths pattern 
next-flight-client-entry-loader
2025-08-31T23:32:54.155Z next:jsconfig-paths-plugin moduleName did not match any paths pattern 
next-flight-client-entry-loader
2025-08-31T23:32:54.155Z next:jsconfig-paths-plugin moduleName did not match any paths pattern 
next-flight-client-entry-loader
2025-08-31T23:32:54.205Z next:jsconfig-paths-plugin moduleName did not match any paths pattern 
next-flight-client-entry-loader
2025-08-31T23:32:54.205Z next:jsconfig-paths-plugin moduleName did not match any paths pattern 
next-flight-client-entry-loader
2025-08-31T23:32:54.205Z next:jsconfig-paths-plugin moduleName did not match any paths pattern 
next-flight-client-entry-loader
2025-08-31T23:32:54.205Z next:jsconfig-paths-plugin moduleName did not match any paths pattern 
next-flight-client-entry-loader
2025-08-31T23:32:54.205Z next:jsconfig-paths-plugin moduleName did not match any paths pattern 
next-flight-client-entry-loader
2025-08-31T23:32:54.205Z next:jsconfig-paths-plugin moduleName did not match any paths pattern 
next-flight-client-entry-loader
2025-08-31T23:32:54.205Z next:jsconfig-paths-plugin moduleName did not match any paths pattern 
next-flight-client-entry-loader
2025-08-31T23:32:54.205Z next:jsconfig-paths-plugin moduleName did not match any paths pattern 
next-flight-client-entry-loader
2025-08-31T23:32:54.206Z next:jsconfig-paths-plugin moduleName did not match any paths pattern 
next-flight-client-entry-loader
2025-08-31T23:32:54.206Z next:jsconfig-paths-plugin moduleName did not match any paths pattern 
next-flight-client-entry-loader
2025-08-31T23:32:54.206Z next:jsconfig-paths-plugin moduleName did not match any paths pattern 
next-flight-client-entry-loader
2025-08-31T23:32:54.206Z next:jsconfig-paths-plugin moduleName did not match any paths pattern 
next-flight-client-entry-loader
2025-08-31T23:32:54.206Z next:jsconfig-paths-plugin moduleName did not match any paths pattern 
next-flight-client-entry-loader
2025-08-31T23:32:54.206Z next:jsconfig-paths-plugin moduleName did not match any paths pattern 
next-flight-client-entry-loader
2025-08-31T23:32:54.206Z next:jsconfig-paths-plugin moduleName did not match any paths pattern 
next-flight-client-entry-loader
2025-08-31T23:32:54.206Z next:jsconfig-paths-plugin moduleName did not match any paths pattern 
next-flight-client-entry-loader
2025-08-31T23:32:54.206Z next:jsconfig-paths-plugin moduleName did not match any paths pattern 
next-flight-client-entry-loader
2025-08-31T23:32:54.206Z next:jsconfig-paths-plugin moduleName did not match any paths pattern 
next-flight-client-entry-loader
2025-08-31T23:32:54.207Z next:jsconfig-paths-plugin moduleName did not match any paths pattern 
next-flight-client-entry-loader
2025-08-31T23:32:54.207Z next:jsconfig-paths-plugin moduleName did not match any paths pattern 
next-flight-client-entry-loader
2025-08-31T23:32:54.207Z next:jsconfig-paths-plugin moduleName did not match any paths pattern 
next-flight-client-entry-loader
2025-08-31T23:32:54.207Z next:jsconfig-paths-plugin moduleName did not match any paths pattern 
next-flight-client-entry-loader
2025-08-31T23:32:54.207Z next:jsconfig-paths-plugin moduleName did not match any paths pattern 
next-flight-client-entry-loader
2025-08-31T23:32:54.207Z next:jsconfig-paths-plugin moduleName did not match any paths pattern 
next-flight-client-entry-loader
2025-08-31T23:32:54.207Z next:jsconfig-paths-plugin moduleName did not match any paths pattern 
next-flight-client-entry-loader
2025-08-31T23:32:54.207Z next:jsconfig-paths-plugin moduleName did not match any paths pattern 
next-flight-client-entry-loader
2025-08-31T23:32:54.208Z next:jsconfig-paths-plugin moduleName did not match any paths pattern 
next-flight-client-entry-loader
2025-08-31T23:32:54.208Z next:jsconfig-paths-plugin moduleName did not match any paths pattern 
next-flight-client-entry-loader
2025-08-31T23:32:54.208Z next:jsconfig-paths-plugin moduleName did not match any paths pattern 
next-flight-client-entry-loader
2025-08-31T23:32:54.208Z next:jsconfig-paths-plugin moduleName did not match any paths pattern 
next-flight-client-entry-loader
2025-08-31T23:32:54.209Z next:jsconfig-paths-plugin moduleName did not match any paths pattern 
next-flight-client-entry-loader
2025-08-31T23:32:54.209Z next:jsconfig-paths-plugin moduleName did not match any paths pattern 
next-flight-client-entry-loader
2025-08-31T23:32:54.209Z next:jsconfig-paths-plugin moduleName did not match any paths pattern 
next-flight-client-entry-loader
2025-08-31T23:32:54.209Z next:jsconfig-paths-plugin moduleName did not match any paths pattern 
next-flight-client-entry-loader
2025-08-31T23:32:54.209Z next:jsconfig-paths-plugin moduleName did not match any paths pattern 
next-flight-client-entry-loader
2025-08-31T23:32:54.210Z next:jsconfig-paths-plugin moduleName did not match any paths pattern 
next-flight-client-entry-loader
2025-08-31T23:32:54.210Z next:jsconfig-paths-plugin moduleName did not match any paths pattern 
next-flight-client-entry-loader
2025-08-31T23:32:54.210Z next:jsconfig-paths-plugin moduleName did not match any paths pattern 
next-flight-client-entry-loader
2025-08-31T23:32:54.210Z next:jsconfig-paths-plugin moduleName did not match any paths pattern 
next-flight-client-entry-loader
2025-08-31T23:32:54.210Z next:jsconfig-paths-plugin moduleName did not match any paths pattern 
next-flight-client-entry-loader
2025-08-31T23:32:54.210Z next:jsconfig-paths-plugin moduleName did not match any paths pattern 
next-flight-client-entry-loader
2025-08-31T23:32:54.210Z next:jsconfig-paths-plugin moduleName did not match any paths pattern 
next-flight-client-entry-loader
2025-08-31T23:32:54.210Z next:jsconfig-paths-plugin moduleName did not match any paths pattern 
next-flight-client-entry-loader
2025-08-31T23:32:54.210Z next:jsconfig-paths-plugin moduleName did not match any paths pattern 
next-flight-client-entry-loader
2025-08-31T23:32:54.211Z next:jsconfig-paths-plugin moduleName did not match any paths pattern 
next-flight-client-entry-loader
2025-08-31T23:32:54.211Z next:jsconfig-paths-plugin moduleName did not match any paths pattern 
next-flight-client-entry-loader
2025-08-31T23:32:54.211Z next:jsconfig-paths-plugin moduleName did not match any paths pattern 
next-flight-client-entry-loader
2025-08-31T23:32:54.211Z next:jsconfig-paths-plugin moduleName did not match any paths pattern 
next-flight-client-entry-loader
2025-08-31T23:32:54.211Z next:jsconfig-paths-plugin moduleName did not match any paths pattern 
next-flight-client-entry-loader
2025-08-31T23:32:54.211Z next:jsconfig-paths-plugin moduleName did not match any paths pattern 
next-flight-client-entry-loader
2025-08-31T23:32:54.211Z next:jsconfig-paths-plugin moduleName did not match any paths pattern 
next-flight-client-entry-loader
2025-08-31T23:32:54.211Z next:jsconfig-paths-plugin moduleName did not match any paths pattern 
next-flight-client-entry-loader
2025-08-31T23:32:54.211Z next:jsconfig-paths-plugin moduleName did not match any paths pattern 
next-flight-client-entry-loader
2025-08-31T23:32:54.211Z next:jsconfig-paths-plugin moduleName did not match any paths pattern 
next-flight-client-entry-loader
2025-08-31T23:32:54.211Z next:jsconfig-paths-plugin moduleName did not match any paths pattern 
next-flight-client-entry-loader
2025-08-31T23:32:54.212Z next:jsconfig-paths-plugin moduleName did not match any paths pattern 
next-flight-client-entry-loader
2025-08-31T23:32:54.212Z next:jsconfig-paths-plugin moduleName did not match any paths pattern 
next-flight-client-entry-loader
2025-08-31T23:32:54.226Z next:jsconfig-paths-plugin moduleName did not match any paths pattern 
next-flight-client-entry-loader
2025-08-31T23:32:54.227Z next:jsconfig-paths-plugin moduleName did not match any paths pattern 
next-flight-client-entry-loader
2025-08-31T23:32:54.227Z next:jsconfig-paths-plugin moduleName did not match any paths pattern 
next-flight-client-entry-loader
2025-08-31T23:32:54.227Z next:jsconfig-paths-plugin moduleName did not match any paths pattern 
next-flight-client-entry-loader
2025-08-31T23:32:54.227Z next:jsconfig-paths-plugin moduleName did not match any paths pattern 
next-flight-client-entry-loader
2025-08-31T23:32:54.228Z next:jsconfig-paths-plugin moduleName did not match any paths pattern 
next-flight-client-entry-loader
2025-08-31T23:32:54.228Z next:jsconfig-paths-plugin moduleName did not match any paths pattern 
next-flight-client-entry-loader
2025-08-31T23:32:54.228Z next:jsconfig-paths-plugin moduleName did not match any paths pattern 
next-flight-client-entry-loader
2025-08-31T23:32:54.229Z next:jsconfig-paths-plugin moduleName did not match any paths pattern 
next-flight-client-entry-loader
2025-08-31T23:32:54.229Z next:jsconfig-paths-plugin moduleName did not match any paths pattern 
next-flight-client-entry-loader
2025-08-31T23:32:54.229Z next:jsconfig-paths-plugin moduleName did not match any paths pattern 
next-flight-client-entry-loader
2025-08-31T23:32:54.229Z next:jsconfig-paths-plugin moduleName did not match any paths pattern 
next-flight-client-entry-loader
2025-08-31T23:32:54.229Z next:jsconfig-paths-plugin moduleName did not match any paths pattern 
next-flight-client-entry-loader
2025-08-31T23:32:54.229Z next:jsconfig-paths-plugin moduleName did not match any paths pattern 
next-flight-client-entry-loader
2025-08-31T23:32:54.229Z next:jsconfig-paths-plugin moduleName did not match any paths pattern 
next-flight-client-entry-loader
2025-08-31T23:32:54.229Z next:jsconfig-paths-plugin moduleName did not match any paths pattern 
next-flight-client-entry-loader
2025-08-31T23:32:54.229Z next:jsconfig-paths-plugin moduleName did not match any paths pattern 
next-flight-client-entry-loader
2025-08-31T23:32:54.229Z next:jsconfig-paths-plugin moduleName did not match any paths pattern 
next-flight-client-entry-loader
2025-08-31T23:32:54.230Z next:jsconfig-paths-plugin moduleName did not match any paths pattern 
next-flight-client-entry-loader
2025-08-31T23:32:54.230Z next:jsconfig-paths-plugin moduleName did not match any paths pattern 
next-flight-client-entry-loader
2025-08-31T23:32:54.230Z next:jsconfig-paths-plugin moduleName did not match any paths pattern 
next-flight-client-entry-loader
2025-08-31T23:32:54.230Z next:jsconfig-paths-plugin moduleName did not match any paths pattern 
next-flight-client-entry-loader
2025-08-31T23:32:54.230Z next:jsconfig-paths-plugin moduleName did not match any paths pattern 
next-flight-client-entry-loader
2025-08-31T23:32:54.230Z next:jsconfig-paths-plugin moduleName did not match any paths pattern 
next-flight-client-entry-loader
2025-08-31T23:32:54.230Z next:jsconfig-paths-plugin moduleName did not match any paths pattern 
next-flight-client-entry-loader
2025-08-31T23:32:54.231Z next:jsconfig-paths-plugin moduleName did not match any paths pattern 
next-flight-client-entry-loader
2025-08-31T23:32:54.231Z next:jsconfig-paths-plugin moduleName did not match any paths pattern 
next-flight-client-entry-loader
2025-08-31T23:32:54.231Z next:jsconfig-paths-plugin moduleName did not match any paths pattern 
next-flight-client-entry-loader
2025-08-31T23:32:54.231Z next:jsconfig-paths-plugin moduleName did not match any paths pattern 
next-flight-client-entry-loader
2025-08-31T23:32:54.231Z next:jsconfig-paths-plugin moduleName did not match any paths pattern 
next-flight-client-entry-loader
2025-08-31T23:32:54.231Z next:jsconfig-paths-plugin moduleName did not match any paths pattern 
next-flight-client-entry-loader
2025-08-31T23:32:54.231Z next:jsconfig-paths-plugin moduleName did not match any paths pattern 
next-flight-client-entry-loader
2025-08-31T23:32:54.231Z next:jsconfig-paths-plugin moduleName did not match any paths pattern 
next-flight-client-entry-loader
2025-08-31T23:32:54.231Z next:jsconfig-paths-plugin moduleName did not match any paths pattern 
next-flight-client-entry-loader
2025-08-31T23:32:54.231Z next:jsconfig-paths-plugin moduleName did not match any paths pattern 
next-flight-client-entry-loader
2025-08-31T23:32:54.232Z next:jsconfig-paths-plugin moduleName did not match any paths pattern 
next-flight-client-entry-loader
2025-08-31T23:32:54.232Z next:jsconfig-paths-plugin moduleName did not match any paths pattern 
next-flight-client-entry-loader
2025-08-31T23:32:54.232Z next:jsconfig-paths-plugin moduleName did not match any paths pattern 
next-flight-client-entry-loader
2025-08-31T23:32:54.232Z next:jsconfig-paths-plugin moduleName did not match any paths pattern 
next-flight-client-entry-loader
2025-08-31T23:32:54.232Z next:jsconfig-paths-plugin moduleName did not match any paths pattern 
next-flight-client-entry-loader
2025-08-31T23:32:54.232Z next:jsconfig-paths-plugin moduleName did not match any paths pattern 
next-flight-client-entry-loader
2025-08-31T23:32:54.234Z next:jsconfig-paths-plugin moduleName did not match any paths pattern 
next-flight-client-entry-loader
2025-08-31T23:32:54.235Z next:jsconfig-paths-plugin moduleName did not match any paths pattern 
next-flight-client-entry-loader
2025-08-31T23:32:54.235Z next:jsconfig-paths-plugin moduleName did not match any paths pattern 
next-flight-client-entry-loader
2025-08-31T23:32:54.235Z next:jsconfig-paths-plugin moduleName did not match any paths pattern 
next-flight-client-entry-loader
2025-08-31T23:32:54.235Z next:jsconfig-paths-plugin moduleName did not match any paths pattern 
next-flight-client-entry-loader
2025-08-31T23:32:54.236Z next:jsconfig-paths-plugin moduleName did not match any paths pattern 
next-flight-client-entry-loader
2025-08-31T23:32:54.236Z next:jsconfig-paths-plugin moduleName did not match any paths pattern 
next-flight-client-entry-loader
2025-08-31T23:32:54.236Z next:jsconfig-paths-plugin moduleName did not match any paths pattern 
next-flight-client-entry-loader
2025-08-31T23:32:54.237Z next:jsconfig-paths-plugin moduleName did not match any paths pattern 
next-flight-client-entry-loader
2025-08-31T23:32:54.237Z next:jsconfig-paths-plugin moduleName did not match any paths pattern 
next-flight-client-entry-loader
2025-08-31T23:32:54.238Z next:jsconfig-paths-plugin moduleName did not match any paths pattern 
next-flight-client-entry-loader
2025-08-31T23:32:54.238Z next:jsconfig-paths-plugin moduleName did not match any paths pattern 
next-flight-client-entry-loader
2025-08-31T23:32:54.238Z next:jsconfig-paths-plugin moduleName did not match any paths pattern 
next-flight-client-entry-loader
2025-08-31T23:32:54.238Z next:jsconfig-paths-plugin moduleName did not match any paths pattern 
next-flight-client-entry-loader
2025-08-31T23:32:54.238Z next:jsconfig-paths-plugin moduleName did not match any paths pattern 
next-flight-client-entry-loader
2025-08-31T23:32:54.238Z next:jsconfig-paths-plugin moduleName did not match any paths pattern 
next-flight-client-entry-loader
2025-08-31T23:32:54.266Z next:jsconfig-paths-plugin moduleName did not match any paths pattern 
next-flight-client-entry-loader
2025-08-31T23:32:54.266Z next:jsconfig-paths-plugin moduleName did not match any paths pattern 
next-flight-client-entry-loader
2025-08-31T23:32:54.266Z next:jsconfig-paths-plugin moduleName did not match any paths pattern 
next-flight-client-entry-loader
2025-08-31T23:32:54.266Z next:jsconfig-paths-plugin moduleName did not match any paths pattern 
next-flight-client-entry-loader
2025-08-31T23:32:54.266Z next:jsconfig-paths-plugin moduleName did not match any paths pattern 
next-flight-client-entry-loader
2025-08-31T23:32:54.266Z next:jsconfig-paths-plugin moduleName did not match any paths pattern 
next-flight-client-entry-loader
2025-08-31T23:32:54.266Z next:jsconfig-paths-plugin moduleName did not match any paths pattern 
next-flight-client-entry-loader
2025-08-31T23:32:54.266Z next:jsconfig-paths-plugin moduleName did not match any paths pattern 
next-flight-client-entry-loader
2025-08-31T23:32:54.266Z next:jsconfig-paths-plugin moduleName did not match any paths pattern 
next-flight-client-entry-loader
2025-08-31T23:32:54.267Z next:jsconfig-paths-plugin moduleName did not match any paths pattern 
next-flight-client-entry-loader
2025-08-31T23:32:54.267Z next:jsconfig-paths-plugin moduleName did not match any paths pattern 
next-flight-client-entry-loader
2025-08-31T23:32:54.267Z next:jsconfig-paths-plugin moduleName did not match any paths pattern 
next-flight-client-entry-loader
2025-08-31T23:32:54.268Z next:jsconfig-paths-plugin moduleName did not match any paths pattern 
next-flight-client-entry-loader
2025-08-31T23:32:54.269Z next:jsconfig-paths-plugin moduleName did not match any paths pattern 
next-flight-client-entry-loader
2025-08-31T23:32:54.269Z next:jsconfig-paths-plugin moduleName did not match any paths pattern 
next-flight-client-entry-loader
2025-08-31T23:32:54.269Z next:jsconfig-paths-plugin moduleName did not match any paths pattern 
next-flight-client-entry-loader
2025-08-31T23:32:54.270Z next:jsconfig-paths-plugin moduleName did not match any paths pattern 
next-flight-client-entry-loader
2025-08-31T23:32:54.270Z next:jsconfig-paths-plugin moduleName did not match any paths pattern 
next-flight-client-entry-loader
2025-08-31T23:32:54.270Z next:jsconfig-paths-plugin moduleName did not match any paths pattern 
next-flight-client-entry-loader
2025-08-31T23:32:54.271Z next:jsconfig-paths-plugin moduleName did not match any paths pattern 
next-flight-client-entry-loader
2025-08-31T23:32:54.271Z next:jsconfig-paths-plugin moduleName did not match any paths pattern 
next-flight-client-entry-loader
2025-08-31T23:32:54.271Z next:jsconfig-paths-plugin moduleName did not match any paths pattern 
next-flight-client-entry-loader
2025-08-31T23:32:54.271Z next:jsconfig-paths-plugin moduleName did not match any paths pattern 
next-flight-client-entry-loader
2025-08-31T23:32:54.271Z next:jsconfig-paths-plugin moduleName did not match any paths pattern 
next-flight-client-entry-loader
2025-08-31T23:32:54.271Z next:jsconfig-paths-plugin moduleName did not match any paths pattern 
next-flight-client-entry-loader
2025-08-31T23:32:54.271Z next:jsconfig-paths-plugin moduleName did not match any paths pattern 
next-flight-client-entry-loader
2025-08-31T23:32:54.271Z next:jsconfig-paths-plugin moduleName did not match any paths pattern 
next-flight-client-entry-loader
2025-08-31T23:32:54.271Z next:jsconfig-paths-plugin moduleName did not match any paths pattern 
next-flight-client-entry-loader
2025-08-31T23:32:54.271Z next:jsconfig-paths-plugin moduleName did not match any paths pattern 
next-flight-client-entry-loader
2025-08-31T23:32:54.271Z next:jsconfig-paths-plugin moduleName did not match any paths pattern 
next-flight-client-entry-loader
2025-08-31T23:32:54.272Z next:jsconfig-paths-plugin moduleName did not match any paths pattern 
next-flight-client-entry-loader
2025-08-31T23:32:54.272Z next:jsconfig-paths-plugin moduleName did not match any paths pattern 
next-flight-client-entry-loader
2025-08-31T23:32:54.272Z next:jsconfig-paths-plugin moduleName did not match any paths pattern 
next-flight-client-entry-loader
2025-08-31T23:32:54.272Z next:jsconfig-paths-plugin moduleName did not match any paths pattern 
next-flight-client-entry-loader
2025-08-31T23:32:54.272Z next:jsconfig-paths-plugin moduleName did not match any paths pattern 
next-flight-client-entry-loader
2025-08-31T23:32:54.272Z next:jsconfig-paths-plugin moduleName did not match any paths pattern 
next-flight-client-entry-loader
2025-08-31T23:32:54.272Z next:jsconfig-paths-plugin moduleName did not match any paths pattern 
next-flight-client-entry-loader
2025-08-31T23:32:54.272Z next:jsconfig-paths-plugin moduleName did not match any paths pattern 
next-flight-client-entry-loader
2025-08-31T23:32:54.272Z next:jsconfig-paths-plugin moduleName did not match any paths pattern 
next-flight-client-entry-loader
2025-08-31T23:32:54.272Z next:jsconfig-paths-plugin moduleName did not match any paths pattern 
next-flight-client-entry-loader
2025-08-31T23:32:54.272Z next:jsconfig-paths-plugin moduleName did not match any paths pattern 
next-flight-client-entry-loader
2025-08-31T23:32:54.272Z next:jsconfig-paths-plugin moduleName did not match any paths pattern 
next-flight-client-entry-loader
2025-08-31T23:32:54.273Z next:jsconfig-paths-plugin moduleName did not match any paths pattern 
next-flight-client-entry-loader
2025-08-31T23:32:54.273Z next:jsconfig-paths-plugin moduleName did not match any paths pattern 
next-flight-client-entry-loader
2025-08-31T23:32:54.273Z next:jsconfig-paths-plugin moduleName did not match any paths pattern 
next-flight-client-entry-loader
2025-08-31T23:32:54.273Z next:jsconfig-paths-plugin moduleName did not match any paths pattern 
next-flight-client-entry-loader
2025-08-31T23:32:54.273Z next:jsconfig-paths-plugin moduleName did not match any paths pattern 
next-flight-client-entry-loader
2025-08-31T23:32:54.273Z next:jsconfig-paths-plugin moduleName did not match any paths pattern 
next-flight-client-entry-loader
2025-08-31T23:32:54.273Z next:jsconfig-paths-plugin moduleName did not match any paths pattern 
next-flight-client-entry-loader
2025-08-31T23:32:54.273Z next:jsconfig-paths-plugin moduleName did not match any paths pattern 
next-flight-client-entry-loader
2025-08-31T23:32:54.273Z next:jsconfig-paths-plugin moduleName did not match any paths pattern 
next-flight-client-entry-loader
2025-08-31T23:32:54.274Z next:jsconfig-paths-plugin moduleName did not match any paths pattern 
next-flight-client-entry-loader
2025-08-31T23:32:54.274Z next:jsconfig-paths-plugin moduleName did not match any paths pattern 
next-flight-client-entry-loader
2025-08-31T23:32:54.274Z next:jsconfig-paths-plugin moduleName did not match any paths pattern 
next-flight-client-entry-loader
2025-08-31T23:32:54.274Z next:jsconfig-paths-plugin moduleName did not match any paths pattern 
next-flight-client-entry-loader
2025-08-31T23:32:54.274Z next:jsconfig-paths-plugin moduleName did not match any paths pattern 
next-flight-client-entry-loader
2025-08-31T23:32:54.274Z next:jsconfig-paths-plugin moduleName did not match any paths pattern 
next-flight-client-entry-loader
2025-08-31T23:32:54.274Z next:jsconfig-paths-plugin moduleName did not match any paths pattern 
next-flight-client-entry-loader
2025-08-31T23:32:54.274Z next:jsconfig-paths-plugin moduleName did not match any paths pattern 
next-flight-client-entry-loader
2025-08-31T23:32:54.274Z next:jsconfig-paths-plugin moduleName did not match any paths pattern 
next-flight-client-entry-loader
2025-08-31T23:32:54.274Z next:jsconfig-paths-plugin moduleName did not match any paths pattern 
next-flight-client-entry-loader
2025-08-31T23:32:54.274Z next:jsconfig-paths-plugin moduleName did not match any paths pattern 
next-flight-client-entry-loader
2025-08-31T23:32:54.275Z next:jsconfig-paths-plugin moduleName did not match any paths pattern 
next-flight-client-entry-loader
2025-08-31T23:32:54.275Z next:jsconfig-paths-plugin moduleName did not match any paths pattern 
next-flight-client-entry-loader
2025-08-31T23:32:54.275Z next:jsconfig-paths-plugin moduleName did not match any paths pattern 
next-flight-client-entry-loader
2025-08-31T23:32:54.275Z next:jsconfig-paths-plugin moduleName did not match any paths pattern 
next-flight-client-entry-loader
2025-08-31T23:32:54.275Z next:jsconfig-paths-plugin moduleName did not match any paths pattern 
next-flight-client-entry-loader
2025-08-31T23:32:54.275Z next:jsconfig-paths-plugin moduleName did not match any paths pattern 
next-flight-client-entry-loader
2025-08-31T23:32:54.275Z next:jsconfig-paths-plugin moduleName did not match any paths pattern 
next-flight-client-entry-loader
2025-08-31T23:32:54.275Z next:jsconfig-paths-plugin moduleName did not match any paths pattern 
next-flight-client-entry-loader
2025-08-31T23:32:54.275Z next:jsconfig-paths-plugin moduleName did not match any paths pattern 
next-flight-client-entry-loader
2025-08-31T23:32:54.275Z next:jsconfig-paths-plugin moduleName did not match any paths pattern 
next-flight-client-entry-loader
2025-08-31T23:32:54.275Z next:jsconfig-paths-plugin moduleName did not match any paths pattern 
next-flight-client-entry-loader
2025-08-31T23:32:54.275Z next:jsconfig-paths-plugin moduleName did not match any paths pattern 
next-flight-client-entry-loader
2025-08-31T23:32:54.275Z next:jsconfig-paths-plugin moduleName did not match any paths pattern 
next-flight-client-entry-loader
2025-08-31T23:32:54.275Z next:jsconfig-paths-plugin moduleName did not match any paths pattern 
next-flight-client-entry-loader
2025-08-31T23:32:54.275Z next:jsconfig-paths-plugin moduleName did not match any paths pattern 
next-flight-client-entry-loader
2025-08-31T23:32:54.276Z next:jsconfig-paths-plugin moduleName did not match any paths pattern 
next-flight-client-entry-loader
2025-08-31T23:32:54.276Z next:jsconfig-paths-plugin moduleName did not match any paths pattern 
next-flight-client-entry-loader
2025-08-31T23:32:54.276Z next:jsconfig-paths-plugin moduleName did not match any paths pattern 
next-flight-client-entry-loader
2025-08-31T23:32:54.276Z next:jsconfig-paths-plugin moduleName did not match any paths pattern 
next-flight-client-entry-loader
2025-08-31T23:32:54.276Z next:jsconfig-paths-plugin moduleName did not match any paths pattern 
next-flight-client-entry-loader
2025-08-31T23:32:54.276Z next:jsconfig-paths-plugin moduleName did not match any paths pattern 
next-flight-client-entry-loader
2025-08-31T23:32:54.297Z next:jsconfig-paths-plugin moduleName did not match any paths pattern 
next-flight-client-entry-loader
2025-08-31T23:32:54.297Z next:jsconfig-paths-plugin moduleName did not match any paths pattern 
next-flight-client-entry-loader
2025-08-31T23:32:54.297Z next:jsconfig-paths-plugin moduleName did not match any paths pattern 
next-flight-client-entry-loader
2025-08-31T23:32:54.297Z next:jsconfig-paths-plugin moduleName did not match any paths pattern 
next-flight-client-entry-loader
2025-08-31T23:32:54.298Z next:jsconfig-paths-plugin moduleName did not match any paths pattern 
next-flight-client-entry-loader
2025-08-31T23:32:54.298Z next:jsconfig-paths-plugin moduleName did not match any paths pattern 
next-flight-client-entry-loader
2025-08-31T23:32:54.298Z next:jsconfig-paths-plugin moduleName did not match any paths pattern 
next-flight-client-entry-loader
2025-08-31T23:32:54.299Z next:jsconfig-paths-plugin moduleName did not match any paths pattern 
next-flight-client-entry-loader
2025-08-31T23:32:54.299Z next:jsconfig-paths-plugin moduleName did not match any paths pattern 
next-flight-client-entry-loader
2025-08-31T23:32:54.299Z next:jsconfig-paths-plugin moduleName did not match any paths pattern 
next-flight-client-entry-loader
2025-08-31T23:32:54.299Z next:jsconfig-paths-plugin moduleName did not match any paths pattern 
next-flight-client-entry-loader
2025-08-31T23:32:54.299Z next:jsconfig-paths-plugin moduleName did not match any paths pattern 
next-flight-client-entry-loader
2025-08-31T23:32:54.299Z next:jsconfig-paths-plugin moduleName did not match any paths pattern 
next-flight-client-entry-loader
2025-08-31T23:32:54.299Z next:jsconfig-paths-plugin moduleName did not match any paths pattern 
next-flight-client-entry-loader
2025-08-31T23:32:54.299Z next:jsconfig-paths-plugin moduleName did not match any paths pattern 
next-flight-client-entry-loader
2025-08-31T23:32:54.300Z next:jsconfig-paths-plugin moduleName did not match any paths pattern 
next-flight-client-entry-loader
2025-08-31T23:32:54.300Z next:jsconfig-paths-plugin moduleName did not match any paths pattern 
next-flight-client-entry-loader
2025-08-31T23:32:54.300Z next:jsconfig-paths-plugin moduleName did not match any paths pattern 
next-flight-client-entry-loader
2025-08-31T23:32:54.300Z next:jsconfig-paths-plugin moduleName did not match any paths pattern 
next-flight-client-entry-loader
2025-08-31T23:32:54.300Z next:jsconfig-paths-plugin moduleName did not match any paths pattern 
next-flight-client-entry-loader
2025-08-31T23:32:54.300Z next:jsconfig-paths-plugin moduleName did not match any paths pattern 
next-flight-client-entry-loader
2025-08-31T23:32:54.300Z next:jsconfig-paths-plugin moduleName did not match any paths pattern 
next-flight-client-entry-loader
2025-08-31T23:32:54.300Z next:jsconfig-paths-plugin moduleName did not match any paths pattern 
next-flight-client-entry-loader
2025-08-31T23:32:54.300Z next:jsconfig-paths-plugin moduleName did not match any paths pattern 
next-flight-client-entry-loader
2025-08-31T23:32:54.301Z next:jsconfig-paths-plugin moduleName did not match any paths pattern 
next-flight-client-entry-loader
2025-08-31T23:32:54.301Z next:jsconfig-paths-plugin moduleName did not match any paths pattern 
next-flight-client-entry-loader
2025-08-31T23:32:54.301Z next:jsconfig-paths-plugin moduleName did not match any paths pattern 
next-flight-client-entry-loader
2025-08-31T23:32:54.301Z next:jsconfig-paths-plugin moduleName did not match any paths pattern 
next-flight-client-entry-loader
2025-08-31T23:32:54.301Z next:jsconfig-paths-plugin moduleName did not match any paths pattern 
next-flight-client-entry-loader
2025-08-31T23:32:54.301Z next:jsconfig-paths-plugin moduleName did not match any paths pattern 
next-flight-client-entry-loader
2025-08-31T23:32:54.301Z next:jsconfig-paths-plugin moduleName did not match any paths pattern 
next-flight-client-entry-loader
2025-08-31T23:32:54.301Z next:jsconfig-paths-plugin moduleName did not match any paths pattern 
next-flight-client-entry-loader
2025-08-31T23:32:54.302Z next:jsconfig-paths-plugin moduleName did not match any paths pattern 
next-flight-client-entry-loader
2025-08-31T23:32:54.302Z next:jsconfig-paths-plugin moduleName did not match any paths pattern 
next-flight-client-entry-loader
2025-08-31T23:32:54.302Z next:jsconfig-paths-plugin moduleName did not match any paths pattern 
next-flight-client-entry-loader
2025-08-31T23:32:54.302Z next:jsconfig-paths-plugin moduleName did not match any paths pattern 
next-flight-client-entry-loader
2025-08-31T23:32:54.302Z next:jsconfig-paths-plugin moduleName did not match any paths pattern 
next-flight-client-entry-loader
2025-08-31T23:32:54.302Z next:jsconfig-paths-plugin moduleName did not match any paths pattern 
next-flight-client-entry-loader
2025-08-31T23:32:54.302Z next:jsconfig-paths-plugin moduleName did not match any paths pattern 
next-flight-client-entry-loader
2025-08-31T23:32:54.302Z next:jsconfig-paths-plugin moduleName did not match any paths pattern 
next-flight-client-entry-loader
2025-08-31T23:32:54.302Z next:jsconfig-paths-plugin moduleName did not match any paths pattern 
next-flight-client-entry-loader
2025-08-31T23:32:54.302Z next:jsconfig-paths-plugin moduleName did not match any paths pattern 
next-flight-client-entry-loader
2025-08-31T23:32:54.303Z next:jsconfig-paths-plugin moduleName did not match any paths pattern 
next-flight-client-entry-loader
2025-08-31T23:32:54.303Z next:jsconfig-paths-plugin moduleName did not match any paths pattern 
next-flight-client-entry-loader
2025-08-31T23:32:54.303Z next:jsconfig-paths-plugin moduleName did not match any paths pattern 
next-flight-client-entry-loader
2025-08-31T23:32:54.303Z next:jsconfig-paths-plugin moduleName did not match any paths pattern 
next-flight-client-entry-loader
2025-08-31T23:32:54.303Z next:jsconfig-paths-plugin moduleName did not match any paths pattern 
next-flight-client-entry-loader
2025-08-31T23:32:54.303Z next:jsconfig-paths-plugin moduleName did not match any paths pattern 
next-flight-client-entry-loader
2025-08-31T23:32:54.303Z next:jsconfig-paths-plugin moduleName did not match any paths pattern 
next-flight-client-entry-loader
2025-08-31T23:32:54.303Z next:jsconfig-paths-plugin moduleName did not match any paths pattern 
next-flight-client-entry-loader
2025-08-31T23:32:54.303Z next:jsconfig-paths-plugin moduleName did not match any paths pattern 
next-flight-client-entry-loader
2025-08-31T23:32:54.303Z next:jsconfig-paths-plugin moduleName did not match any paths pattern 
next-flight-client-entry-loader
2025-08-31T23:32:54.303Z next:jsconfig-paths-plugin moduleName did not match any paths pattern 
next-flight-client-entry-loader
2025-08-31T23:32:54.304Z next:jsconfig-paths-plugin moduleName did not match any paths pattern 
next-flight-client-entry-loader
2025-08-31T23:32:54.304Z next:jsconfig-paths-plugin moduleName did not match any paths pattern 
next-flight-client-entry-loader
2025-08-31T23:32:54.304Z next:jsconfig-paths-plugin moduleName did not match any paths pattern 
next-flight-client-entry-loader
2025-08-31T23:32:54.304Z next:jsconfig-paths-plugin moduleName did not match any paths pattern 
next-flight-client-entry-loader
2025-08-31T23:32:54.304Z next:jsconfig-paths-plugin moduleName did not match any paths pattern 
next-flight-client-entry-loader
2025-08-31T23:32:54.304Z next:jsconfig-paths-plugin moduleName did not match any paths pattern 
next-flight-client-entry-loader
2025-08-31T23:32:54.304Z next:jsconfig-paths-plugin moduleName did not match any paths pattern 
next-flight-client-entry-loader
2025-08-31T23:32:54.304Z next:jsconfig-paths-plugin moduleName did not match any paths pattern 
next-flight-client-entry-loader
2025-08-31T23:32:54.304Z next:jsconfig-paths-plugin moduleName did not match any paths pattern 
next-flight-client-entry-loader
2025-08-31T23:32:54.304Z next:jsconfig-paths-plugin moduleName did not match any paths pattern 
next-flight-client-entry-loader
2025-08-31T23:32:54.305Z next:jsconfig-paths-plugin moduleName did not match any paths pattern 
next-flight-client-entry-loader
2025-08-31T23:32:54.305Z next:jsconfig-paths-plugin moduleName did not match any paths pattern 
next-flight-client-entry-loader
2025-08-31T23:32:54.305Z next:jsconfig-paths-plugin moduleName did not match any paths pattern 
next-flight-client-entry-loader
2025-08-31T23:32:54.305Z next:jsconfig-paths-plugin moduleName did not match any paths pattern 
next-flight-client-entry-loader
2025-08-31T23:32:54.305Z next:jsconfig-paths-plugin moduleName did not match any paths pattern 
next-flight-client-entry-loader
2025-08-31T23:32:54.305Z next:jsconfig-paths-plugin moduleName did not match any paths pattern 
next-flight-client-entry-loader
2025-08-31T23:32:54.305Z next:jsconfig-paths-plugin moduleName did not match any paths pattern 
next-flight-client-entry-loader
2025-08-31T23:32:54.305Z next:jsconfig-paths-plugin moduleName did not match any paths pattern 
next-flight-client-entry-loader
2025-08-31T23:32:54.305Z next:jsconfig-paths-plugin moduleName did not match any paths pattern 
next-flight-client-entry-loader
2025-08-31T23:32:54.305Z next:jsconfig-paths-plugin moduleName did not match any paths pattern 
next-flight-client-entry-loader
2025-08-31T23:32:54.305Z next:jsconfig-paths-plugin moduleName did not match any paths pattern 
next-flight-client-entry-loader
2025-08-31T23:32:54.305Z next:jsconfig-paths-plugin moduleName did not match any paths pattern 
next-flight-client-entry-loader
2025-08-31T23:32:54.306Z next:jsconfig-paths-plugin moduleName did not match any paths pattern 
next-flight-client-entry-loader
2025-08-31T23:32:54.306Z next:jsconfig-paths-plugin moduleName did not match any paths pattern 
next-flight-client-entry-loader
2025-08-31T23:32:54.306Z next:jsconfig-paths-plugin moduleName did not match any paths pattern 
next-flight-client-entry-loader
2025-08-31T23:32:54.306Z next:jsconfig-paths-plugin moduleName did not match any paths pattern 
next-flight-client-entry-loader
2025-08-31T23:32:54.309Z next:jsconfig-paths-plugin moduleName did not match any paths pattern 
next-flight-client-entry-loader
2025-08-31T23:32:54.309Z next:jsconfig-paths-plugin moduleName did not match any paths pattern 
next-flight-client-entry-loader
2025-08-31T23:32:54.309Z next:jsconfig-paths-plugin moduleName did not match any paths pattern 
next-flight-client-entry-loader
2025-08-31T23:32:54.309Z next:jsconfig-paths-plugin moduleName did not match any paths pattern 
next-flight-client-entry-loader
2025-08-31T23:32:54.365Z next:jsconfig-paths-plugin moduleName did not match any paths pattern 
next-flight-client-entry-loader
2025-08-31T23:32:54.365Z next:jsconfig-paths-plugin moduleName did not match any paths pattern 
next-flight-client-entry-loader
2025-08-31T23:32:54.366Z next:jsconfig-paths-plugin moduleName did not match any paths pattern 
next-flight-client-entry-loader
2025-08-31T23:32:54.367Z next:jsconfig-paths-plugin moduleName did not match any paths pattern 
next-flight-client-entry-loader
2025-08-31T23:32:54.367Z next:jsconfig-paths-plugin moduleName did not match any paths pattern 
next-flight-client-entry-loader
2025-08-31T23:32:54.367Z next:jsconfig-paths-plugin moduleName did not match any paths pattern 
next-flight-client-entry-loader
2025-08-31T23:32:54.367Z next:jsconfig-paths-plugin moduleName did not match any paths pattern 
next-flight-client-entry-loader
2025-08-31T23:32:54.367Z next:jsconfig-paths-plugin moduleName did not match any paths pattern 
next-flight-client-entry-loader
2025-08-31T23:32:54.367Z next:jsconfig-paths-plugin moduleName did not match any paths pattern 
next-flight-client-entry-loader
2025-08-31T23:32:54.367Z next:jsconfig-paths-plugin moduleName did not match any paths pattern 
next-flight-client-entry-loader
2025-08-31T23:32:54.367Z next:jsconfig-paths-plugin moduleName did not match any paths pattern 
next-flight-client-entry-loader
2025-08-31T23:32:54.368Z next:jsconfig-paths-plugin moduleName did not match any paths pattern 
next-flight-client-entry-loader
2025-08-31T23:32:54.368Z next:jsconfig-paths-plugin moduleName did not match any paths pattern 
next-flight-client-entry-loader
2025-08-31T23:32:54.368Z next:jsconfig-paths-plugin moduleName did not match any paths pattern 
next-flight-client-entry-loader
2025-08-31T23:32:54.368Z next:jsconfig-paths-plugin moduleName did not match any paths pattern 
next-flight-client-entry-loader
2025-08-31T23:32:54.368Z next:jsconfig-paths-plugin moduleName did not match any paths pattern 
next-flight-client-entry-loader
2025-08-31T23:32:54.368Z next:jsconfig-paths-plugin moduleName did not match any paths pattern 
next-flight-client-entry-loader
2025-08-31T23:32:54.368Z next:jsconfig-paths-plugin moduleName did not match any paths pattern 
next-flight-client-entry-loader
2025-08-31T23:32:54.368Z next:jsconfig-paths-plugin moduleName did not match any paths pattern 
next-flight-client-entry-loader
2025-08-31T23:32:54.368Z next:jsconfig-paths-plugin moduleName did not match any paths pattern 
next-flight-client-entry-loader
2025-08-31T23:32:54.368Z next:jsconfig-paths-plugin moduleName did not match any paths pattern 
next-flight-client-entry-loader
2025-08-31T23:32:54.368Z next:jsconfig-paths-plugin moduleName did not match any paths pattern 
next-flight-client-entry-loader
2025-08-31T23:32:54.368Z next:jsconfig-paths-plugin moduleName did not match any paths pattern 
next-flight-client-entry-loader
2025-08-31T23:32:54.369Z next:jsconfig-paths-plugin moduleName did not match any paths pattern 
next-flight-client-entry-loader
2025-08-31T23:32:54.369Z next:jsconfig-paths-plugin moduleName did not match any paths pattern 
next-flight-client-entry-loader
2025-08-31T23:32:54.369Z next:jsconfig-paths-plugin moduleName did not match any paths pattern 
next-flight-client-entry-loader
2025-08-31T23:32:54.374Z next:jsconfig-paths-plugin moduleName did not match any paths pattern 
next-flight-client-entry-loader
2025-08-31T23:32:54.375Z next:jsconfig-paths-plugin moduleName did not match any paths pattern 
next-flight-client-entry-loader
2025-08-31T23:32:54.375Z next:jsconfig-paths-plugin moduleName did not match any paths pattern 
next-flight-client-entry-loader
2025-08-31T23:32:54.375Z next:jsconfig-paths-plugin moduleName did not match any paths pattern 
next-flight-client-entry-loader
2025-08-31T23:32:54.375Z next:jsconfig-paths-plugin moduleName did not match any paths pattern 
next-flight-client-entry-loader
2025-08-31T23:32:54.375Z next:jsconfig-paths-plugin moduleName did not match any paths pattern 
next-flight-client-entry-loader
2025-08-31T23:32:54.377Z next:jsconfig-paths-plugin moduleName did not match any paths pattern 
next-flight-client-entry-loader
2025-08-31T23:32:54.377Z next:jsconfig-paths-plugin moduleName did not match any paths pattern 
next-flight-client-entry-loader
2025-08-31T23:32:54.378Z next:jsconfig-paths-plugin moduleName did not match any paths pattern 
next-flight-client-entry-loader
2025-08-31T23:32:54.378Z next:jsconfig-paths-plugin moduleName did not match any paths pattern 
next-flight-client-entry-loader
2025-08-31T23:32:54.378Z next:jsconfig-paths-plugin moduleName did not match any paths pattern 
next-flight-client-entry-loader
2025-08-31T23:32:54.378Z next:jsconfig-paths-plugin moduleName did not match any paths pattern 
next-flight-client-entry-loader
2025-08-31T23:32:54.378Z next:jsconfig-paths-plugin moduleName did not match any paths pattern 
next-flight-client-entry-loader
2025-08-31T23:32:54.379Z next:jsconfig-paths-plugin moduleName did not match any paths pattern 
next-flight-client-entry-loader
2025-08-31T23:32:54.380Z next:jsconfig-paths-plugin moduleName did not match any paths pattern 
next-flight-client-entry-loader
2025-08-31T23:32:54.381Z next:jsconfig-paths-plugin moduleName did not match any paths pattern 
next-flight-client-entry-loader
2025-08-31T23:32:54.382Z next:jsconfig-paths-plugin moduleName did not match any paths pattern 
next-flight-client-entry-loader
2025-08-31T23:32:54.382Z next:jsconfig-paths-plugin moduleName did not match any paths pattern 
next-flight-client-entry-loader
2025-08-31T23:32:54.382Z next:jsconfig-paths-plugin moduleName did not match any paths pattern 
next-flight-client-entry-loader
2025-08-31T23:32:54.383Z next:jsconfig-paths-plugin moduleName did not match any paths pattern 
next-flight-client-entry-loader
2025-08-31T23:32:54.383Z next:jsconfig-paths-plugin moduleName did not match any paths pattern 
next-flight-client-entry-loader
2025-08-31T23:32:54.383Z next:jsconfig-paths-plugin moduleName did not match any paths pattern 
next-flight-client-entry-loader
2025-08-31T23:32:54.383Z next:jsconfig-paths-plugin moduleName did not match any paths pattern 
next-flight-client-entry-loader
2025-08-31T23:32:54.383Z next:jsconfig-paths-plugin moduleName did not match any paths pattern 
next-flight-client-entry-loader
2025-08-31T23:32:54.385Z next:jsconfig-paths-plugin moduleName did not match any paths pattern 
next-flight-client-entry-loader
2025-08-31T23:32:54.385Z next:jsconfig-paths-plugin moduleName did not match any paths pattern 
next-flight-client-entry-loader
2025-08-31T23:32:54.407Z next:jsconfig-paths-plugin moduleName did not match any paths pattern 
next-flight-client-entry-loader
2025-08-31T23:32:54.408Z next:jsconfig-paths-plugin moduleName did not match any paths pattern 
next-flight-client-entry-loader
2025-08-31T23:32:54.408Z next:jsconfig-paths-plugin moduleName did not match any paths pattern 
next-flight-client-entry-loader
2025-08-31T23:32:54.408Z next:jsconfig-paths-plugin moduleName did not match any paths pattern 
next-flight-client-entry-loader
2025-08-31T23:32:54.408Z next:jsconfig-paths-plugin moduleName did not match any paths pattern 
next-flight-client-entry-loader
2025-08-31T23:32:54.409Z next:jsconfig-paths-plugin moduleName did not match any paths pattern 
next-flight-client-entry-loader
2025-08-31T23:32:54.409Z next:jsconfig-paths-plugin moduleName did not match any paths pattern 
next-flight-client-entry-loader
2025-08-31T23:32:54.409Z next:jsconfig-paths-plugin moduleName did not match any paths pattern 
next-flight-client-entry-loader
2025-08-31T23:32:54.409Z next:jsconfig-paths-plugin moduleName did not match any paths pattern 
next-flight-client-entry-loader
2025-08-31T23:32:54.409Z next:jsconfig-paths-plugin moduleName did not match any paths pattern 
next-flight-client-entry-loader
2025-08-31T23:32:54.409Z next:jsconfig-paths-plugin moduleName did not match any paths pattern 
next-flight-client-entry-loader
2025-08-31T23:32:54.409Z next:jsconfig-paths-plugin moduleName did not match any paths pattern 
next-flight-client-entry-loader
2025-08-31T23:32:54.409Z next:jsconfig-paths-plugin moduleName did not match any paths pattern 
next-flight-client-entry-loader
2025-08-31T23:32:54.409Z next:jsconfig-paths-plugin moduleName did not match any paths pattern 
next-flight-client-entry-loader
2025-08-31T23:32:54.410Z next:jsconfig-paths-plugin moduleName did not match any paths pattern 
next-flight-client-entry-loader
2025-08-31T23:32:54.411Z next:jsconfig-paths-plugin moduleName did not match any paths pattern 
next-flight-client-entry-loader
2025-08-31T23:32:54.411Z next:jsconfig-paths-plugin moduleName did not match any paths pattern 
next-flight-client-entry-loader
2025-08-31T23:32:54.412Z next:jsconfig-paths-plugin moduleName did not match any paths pattern 
next-flight-client-entry-loader
2025-08-31T23:32:54.414Z next:jsconfig-paths-plugin moduleName did not match any paths pattern 
next-flight-client-entry-loader
2025-08-31T23:32:54.414Z next:jsconfig-paths-plugin moduleName did not match any paths pattern 
next-flight-client-entry-loader
2025-08-31T23:32:54.414Z next:jsconfig-paths-plugin moduleName did not match any paths pattern 
next-flight-client-entry-loader
2025-08-31T23:32:54.414Z next:jsconfig-paths-plugin moduleName did not match any paths pattern 
next-flight-client-entry-loader
2025-08-31T23:32:54.414Z next:jsconfig-paths-plugin moduleName did not match any paths pattern 
next-flight-client-entry-loader
2025-08-31T23:32:54.414Z next:jsconfig-paths-plugin moduleName did not match any paths pattern 
next-flight-client-entry-loader
2025-08-31T23:32:54.414Z next:jsconfig-paths-plugin moduleName did not match any paths pattern 
next-flight-client-entry-loader
2025-08-31T23:32:54.415Z next:jsconfig-paths-plugin moduleName did not match any paths pattern 
next-flight-client-entry-loader
2025-08-31T23:32:54.415Z next:jsconfig-paths-plugin moduleName did not match any paths pattern 
next-flight-client-entry-loader
2025-08-31T23:32:54.415Z next:jsconfig-paths-plugin moduleName did not match any paths pattern 
next-flight-client-entry-loader
2025-08-31T23:32:54.415Z next:jsconfig-paths-plugin moduleName did not match any paths pattern 
next-flight-client-entry-loader
2025-08-31T23:32:54.415Z next:jsconfig-paths-plugin moduleName did not match any paths pattern 
next-flight-client-entry-loader
2025-08-31T23:32:54.415Z next:jsconfig-paths-plugin moduleName did not match any paths pattern 
next-flight-client-entry-loader
2025-08-31T23:32:54.415Z next:jsconfig-paths-plugin moduleName did not match any paths pattern 
next-flight-client-entry-loader
2025-08-31T23:32:54.415Z next:jsconfig-paths-plugin moduleName did not match any paths pattern 
next-flight-client-entry-loader
2025-08-31T23:32:54.415Z next:jsconfig-paths-plugin moduleName did not match any paths pattern 
next-flight-client-entry-loader
2025-08-31T23:32:54.415Z next:jsconfig-paths-plugin moduleName did not match any paths pattern 
next-flight-client-entry-loader
2025-08-31T23:32:54.416Z next:jsconfig-paths-plugin moduleName did not match any paths pattern 
next-flight-client-entry-loader
2025-08-31T23:32:54.416Z next:jsconfig-paths-plugin moduleName did not match any paths pattern 
next-flight-client-entry-loader
2025-08-31T23:32:54.416Z next:jsconfig-paths-plugin moduleName did not match any paths pattern 
next-flight-client-entry-loader
2025-08-31T23:32:54.416Z next:jsconfig-paths-plugin moduleName did not match any paths pattern 
next-flight-client-entry-loader
2025-08-31T23:32:54.416Z next:jsconfig-paths-plugin moduleName did not match any paths pattern 
next-flight-client-entry-loader
2025-08-31T23:32:54.416Z next:jsconfig-paths-plugin moduleName did not match any paths pattern 
next-flight-client-entry-loader
2025-08-31T23:32:54.417Z next:jsconfig-paths-plugin moduleName did not match any paths pattern 
next-flight-client-entry-loader
2025-08-31T23:32:54.417Z next:jsconfig-paths-plugin moduleName did not match any paths pattern 
next-flight-client-entry-loader
2025-08-31T23:32:54.417Z next:jsconfig-paths-plugin moduleName did not match any paths pattern 
next-flight-client-entry-loader
2025-08-31T23:32:54.417Z next:jsconfig-paths-plugin moduleName did not match any paths pattern 
next-flight-client-entry-loader
2025-08-31T23:32:54.417Z next:jsconfig-paths-plugin moduleName did not match any paths pattern 
next-flight-client-entry-loader
2025-08-31T23:32:54.417Z next:jsconfig-paths-plugin moduleName did not match any paths pattern 
next-flight-client-entry-loader
2025-08-31T23:32:54.417Z next:jsconfig-paths-plugin moduleName did not match any paths pattern 
next-flight-client-entry-loader
2025-08-31T23:32:54.417Z next:jsconfig-paths-plugin moduleName did not match any paths pattern 
next-flight-client-entry-loader
2025-08-31T23:32:54.417Z next:jsconfig-paths-plugin moduleName did not match any paths pattern 
next-flight-client-entry-loader
2025-08-31T23:32:54.417Z next:jsconfig-paths-plugin moduleName did not match any paths pattern 
next-flight-client-entry-loader
2025-08-31T23:32:54.417Z next:jsconfig-paths-plugin moduleName did not match any paths pattern 
next-flight-client-entry-loader
2025-08-31T23:32:54.418Z next:jsconfig-paths-plugin moduleName did not match any paths pattern 
next-flight-client-entry-loader
2025-08-31T23:32:54.418Z next:jsconfig-paths-plugin moduleName did not match any paths pattern 
next-flight-client-entry-loader
2025-08-31T23:32:54.418Z next:jsconfig-paths-plugin moduleName did not match any paths pattern 
next-flight-client-entry-loader
2025-08-31T23:32:54.418Z next:jsconfig-paths-plugin moduleName did not match any paths pattern 
next-flight-client-entry-loader
2025-08-31T23:32:54.418Z next:jsconfig-paths-plugin moduleName did not match any paths pattern 
next-flight-client-entry-loader
2025-08-31T23:32:54.418Z next:jsconfig-paths-plugin moduleName did not match any paths pattern 
next-flight-client-entry-loader
2025-08-31T23:32:54.418Z next:jsconfig-paths-plugin moduleName did not match any paths pattern 
next-flight-client-entry-loader
2025-08-31T23:32:54.419Z next:jsconfig-paths-plugin moduleName did not match any paths pattern 
next-flight-client-entry-loader
2025-08-31T23:32:54.420Z next:jsconfig-paths-plugin moduleName did not match any paths pattern 
next-flight-client-entry-loader
2025-08-31T23:32:54.423Z next:jsconfig-paths-plugin moduleName did not match any paths pattern 
next-flight-client-entry-loader
2025-08-31T23:32:54.423Z next:jsconfig-paths-plugin moduleName did not match any paths pattern 
next-flight-client-entry-loader
2025-08-31T23:32:54.423Z next:jsconfig-paths-plugin moduleName did not match any paths pattern 
next-flight-client-entry-loader
2025-08-31T23:32:54.424Z next:jsconfig-paths-plugin moduleName did not match any paths pattern 
next-flight-client-entry-loader
2025-08-31T23:32:54.425Z next:jsconfig-paths-plugin moduleName did not match any paths pattern 
next-flight-client-entry-loader
2025-08-31T23:32:54.425Z next:jsconfig-paths-plugin moduleName did not match any paths pattern 
next-flight-client-entry-loader
2025-08-31T23:32:54.425Z next:jsconfig-paths-plugin moduleName did not match any paths pattern 
next-flight-client-entry-loader
2025-08-31T23:32:54.425Z next:jsconfig-paths-plugin moduleName did not match any paths pattern 
next-flight-client-entry-loader
2025-08-31T23:32:54.425Z next:jsconfig-paths-plugin moduleName did not match any paths pattern 
next-flight-client-entry-loader
2025-08-31T23:32:54.425Z next:jsconfig-paths-plugin moduleName did not match any paths pattern 
next-flight-client-entry-loader
2025-08-31T23:32:54.440Z next:jsconfig-paths-plugin moduleName did not match any paths pattern 
next-flight-client-entry-loader
2025-08-31T23:32:54.440Z next:jsconfig-paths-plugin moduleName did not match any paths pattern 
next-flight-client-entry-loader
2025-08-31T23:32:54.440Z next:jsconfig-paths-plugin moduleName did not match any paths pattern 
next-flight-client-entry-loader
2025-08-31T23:32:54.441Z next:jsconfig-paths-plugin moduleName did not match any paths pattern 
next-flight-client-entry-loader
2025-08-31T23:32:54.441Z next:jsconfig-paths-plugin moduleName did not match any paths pattern 
next-flight-client-entry-loader
2025-08-31T23:32:54.441Z next:jsconfig-paths-plugin moduleName did not match any paths pattern 
next-flight-client-entry-loader
2025-08-31T23:32:54.441Z next:jsconfig-paths-plugin moduleName did not match any paths pattern 
next-flight-client-entry-loader
2025-08-31T23:32:54.441Z next:jsconfig-paths-plugin moduleName did not match any paths pattern 
next-flight-client-entry-loader
2025-08-31T23:32:54.441Z next:jsconfig-paths-plugin moduleName did not match any paths pattern 
next-flight-client-entry-loader
2025-08-31T23:32:54.441Z next:jsconfig-paths-plugin moduleName did not match any paths pattern 
next-flight-client-entry-loader
2025-08-31T23:32:54.441Z next:jsconfig-paths-plugin moduleName did not match any paths pattern 
next-flight-client-entry-loader
2025-08-31T23:32:54.441Z next:jsconfig-paths-plugin moduleName did not match any paths pattern 
next-flight-client-entry-loader
2025-08-31T23:32:54.441Z next:jsconfig-paths-plugin moduleName did not match any paths pattern 
next-flight-client-entry-loader
2025-08-31T23:32:54.441Z next:jsconfig-paths-plugin moduleName did not match any paths pattern 
next-flight-client-entry-loader
2025-08-31T23:32:54.441Z next:jsconfig-paths-plugin moduleName did not match any paths pattern 
next-flight-client-entry-loader
2025-08-31T23:32:54.441Z next:jsconfig-paths-plugin moduleName did not match any paths pattern 
next-flight-client-entry-loader
2025-08-31T23:32:54.442Z next:jsconfig-paths-plugin moduleName did not match any paths pattern 
next-flight-client-entry-loader
2025-08-31T23:32:54.442Z next:jsconfig-paths-plugin moduleName did not match any paths pattern 
next-flight-client-entry-loader
2025-08-31T23:32:54.442Z next:jsconfig-paths-plugin moduleName did not match any paths pattern 
next-flight-client-entry-loader
2025-08-31T23:32:54.442Z next:jsconfig-paths-plugin moduleName did not match any paths pattern 
next-flight-client-entry-loader
2025-08-31T23:32:54.442Z next:jsconfig-paths-plugin moduleName did not match any paths pattern 
next-flight-client-entry-loader
2025-08-31T23:32:54.442Z next:jsconfig-paths-plugin moduleName did not match any paths pattern 
next-flight-client-entry-loader
2025-08-31T23:32:54.442Z next:jsconfig-paths-plugin moduleName did not match any paths pattern 
next-flight-client-entry-loader
2025-08-31T23:32:54.442Z next:jsconfig-paths-plugin moduleName did not match any paths pattern 
next-flight-client-entry-loader
2025-08-31T23:32:54.442Z next:jsconfig-paths-plugin moduleName did not match any paths pattern 
next-flight-client-entry-loader
2025-08-31T23:32:54.442Z next:jsconfig-paths-plugin moduleName did not match any paths pattern 
next-flight-client-entry-loader
2025-08-31T23:32:54.442Z next:jsconfig-paths-plugin moduleName did not match any paths pattern 
next-flight-client-entry-loader
2025-08-31T23:32:54.442Z next:jsconfig-paths-plugin moduleName did not match any paths pattern 
next-flight-client-entry-loader
2025-08-31T23:32:54.442Z next:jsconfig-paths-plugin moduleName did not match any paths pattern 
next-flight-client-entry-loader
2025-08-31T23:32:54.443Z next:jsconfig-paths-plugin moduleName did not match any paths pattern 
next-flight-client-entry-loader
2025-08-31T23:32:54.443Z next:jsconfig-paths-plugin moduleName did not match any paths pattern 
next-flight-client-entry-loader
2025-08-31T23:32:54.443Z next:jsconfig-paths-plugin moduleName did not match any paths pattern 
next-flight-client-entry-loader
2025-08-31T23:32:54.443Z next:jsconfig-paths-plugin moduleName did not match any paths pattern 
next-flight-client-entry-loader
2025-08-31T23:32:54.443Z next:jsconfig-paths-plugin moduleName did not match any paths pattern 
next-flight-client-entry-loader
2025-08-31T23:32:54.443Z next:jsconfig-paths-plugin moduleName did not match any paths pattern 
next-flight-client-entry-loader
2025-08-31T23:32:54.443Z next:jsconfig-paths-plugin moduleName did not match any paths pattern 
next-flight-client-entry-loader
2025-08-31T23:32:54.443Z next:jsconfig-paths-plugin moduleName did not match any paths pattern 
next-flight-client-entry-loader
2025-08-31T23:32:54.443Z next:jsconfig-paths-plugin moduleName did not match any paths pattern 
next-flight-client-entry-loader
2025-08-31T23:32:54.444Z next:jsconfig-paths-plugin moduleName did not match any paths pattern 
next-flight-client-entry-loader
2025-08-31T23:32:54.444Z next:jsconfig-paths-plugin moduleName did not match any paths pattern 
next-flight-client-entry-loader
2025-08-31T23:32:54.444Z next:jsconfig-paths-plugin moduleName did not match any paths pattern 
next-flight-client-entry-loader
2025-08-31T23:32:54.444Z next:jsconfig-paths-plugin moduleName did not match any paths pattern 
next-flight-client-entry-loader
2025-08-31T23:32:54.444Z next:jsconfig-paths-plugin moduleName did not match any paths pattern 
next-flight-client-entry-loader
2025-08-31T23:32:54.444Z next:jsconfig-paths-plugin moduleName did not match any paths pattern 
next-flight-client-entry-loader
2025-08-31T23:32:54.444Z next:jsconfig-paths-plugin moduleName did not match any paths pattern 
next-flight-client-entry-loader
2025-08-31T23:32:54.444Z next:jsconfig-paths-plugin moduleName did not match any paths pattern 
next-flight-client-entry-loader
2025-08-31T23:32:54.444Z next:jsconfig-paths-plugin moduleName did not match any paths pattern 
next-flight-client-entry-loader
2025-08-31T23:32:54.444Z next:jsconfig-paths-plugin moduleName did not match any paths pattern 
next-flight-client-entry-loader
2025-08-31T23:32:54.444Z next:jsconfig-paths-plugin moduleName did not match any paths pattern 
next-flight-client-entry-loader
2025-08-31T23:32:54.444Z next:jsconfig-paths-plugin moduleName did not match any paths pattern 
next-flight-client-entry-loader
2025-08-31T23:32:54.445Z next:jsconfig-paths-plugin moduleName did not match any paths pattern 
next-flight-client-entry-loader
2025-08-31T23:32:54.445Z next:jsconfig-paths-plugin moduleName did not match any paths pattern 
next-flight-client-entry-loader
2025-08-31T23:32:54.445Z next:jsconfig-paths-plugin moduleName did not match any paths pattern 
next-flight-client-entry-loader
2025-08-31T23:32:54.445Z next:jsconfig-paths-plugin moduleName did not match any paths pattern 
next-flight-client-entry-loader
2025-08-31T23:32:54.445Z next:jsconfig-paths-plugin moduleName did not match any paths pattern 
next-flight-client-entry-loader
2025-08-31T23:32:54.445Z next:jsconfig-paths-plugin moduleName did not match any paths pattern 
next-flight-client-entry-loader
2025-08-31T23:32:54.445Z next:jsconfig-paths-plugin moduleName did not match any paths pattern 
next-flight-client-entry-loader
2025-08-31T23:32:54.445Z next:jsconfig-paths-plugin moduleName did not match any paths pattern 
next-flight-client-entry-loader
2025-08-31T23:32:54.446Z next:jsconfig-paths-plugin moduleName did not match any paths pattern 
next-flight-client-entry-loader
2025-08-31T23:32:54.446Z next:jsconfig-paths-plugin moduleName did not match any paths pattern 
next-flight-client-entry-loader
2025-08-31T23:32:54.446Z next:jsconfig-paths-plugin moduleName did not match any paths pattern 
next-flight-client-entry-loader
2025-08-31T23:32:54.446Z next:jsconfig-paths-plugin moduleName did not match any paths pattern 
next-flight-client-entry-loader
2025-08-31T23:32:54.446Z next:jsconfig-paths-plugin moduleName did not match any paths pattern 
next-flight-client-entry-loader
2025-08-31T23:32:54.446Z next:jsconfig-paths-plugin moduleName did not match any paths pattern 
next-flight-client-entry-loader
2025-08-31T23:32:54.446Z next:jsconfig-paths-plugin moduleName did not match any paths pattern 
next-flight-client-entry-loader
2025-08-31T23:32:54.446Z next:jsconfig-paths-plugin moduleName did not match any paths pattern 
next-flight-client-entry-loader
2025-08-31T23:32:54.446Z next:jsconfig-paths-plugin moduleName did not match any paths pattern 
next-flight-client-entry-loader
2025-08-31T23:32:54.447Z next:jsconfig-paths-plugin moduleName did not match any paths pattern 
next-flight-client-entry-loader
2025-08-31T23:32:54.447Z next:jsconfig-paths-plugin moduleName did not match any paths pattern 
next-flight-client-entry-loader
2025-08-31T23:32:54.447Z next:jsconfig-paths-plugin moduleName did not match any paths pattern 
next-flight-client-entry-loader
2025-08-31T23:32:54.447Z next:jsconfig-paths-plugin moduleName did not match any paths pattern 
next-flight-client-entry-loader
2025-08-31T23:32:54.477Z next:jsconfig-paths-plugin moduleName did not match any paths pattern 
next-flight-client-entry-loader
2025-08-31T23:32:54.477Z next:jsconfig-paths-plugin moduleName did not match any paths pattern 
next-flight-client-entry-loader
2025-08-31T23:32:54.477Z next:jsconfig-paths-plugin moduleName did not match any paths pattern 
next-flight-client-entry-loader
2025-08-31T23:32:54.477Z next:jsconfig-paths-plugin moduleName did not match any paths pattern 
next-flight-client-entry-loader
2025-08-31T23:32:54.477Z next:jsconfig-paths-plugin moduleName did not match any paths pattern 
next-flight-client-entry-loader
2025-08-31T23:32:54.477Z next:jsconfig-paths-plugin moduleName did not match any paths pattern 
next-flight-client-entry-loader
2025-08-31T23:32:54.477Z next:jsconfig-paths-plugin moduleName did not match any paths pattern 
next-flight-client-entry-loader
2025-08-31T23:32:54.477Z next:jsconfig-paths-plugin moduleName did not match any paths pattern 
next-flight-client-entry-loader
2025-08-31T23:32:54.477Z next:jsconfig-paths-plugin moduleName did not match any paths pattern 
next-flight-client-entry-loader
2025-08-31T23:32:54.478Z next:jsconfig-paths-plugin moduleName did not match any paths pattern 
next-flight-client-entry-loader
2025-08-31T23:32:54.478Z next:jsconfig-paths-plugin moduleName did not match any paths pattern 
next-flight-client-entry-loader
2025-08-31T23:32:54.478Z next:jsconfig-paths-plugin moduleName did not match any paths pattern 
next-flight-client-entry-loader
2025-08-31T23:32:54.478Z next:jsconfig-paths-plugin moduleName did not match any paths pattern 
next-flight-client-entry-loader
2025-08-31T23:32:54.478Z next:jsconfig-paths-plugin moduleName did not match any paths pattern 
next-flight-client-entry-loader
2025-08-31T23:32:54.478Z next:jsconfig-paths-plugin moduleName did not match any paths pattern 
next-flight-client-entry-loader
2025-08-31T23:32:54.478Z next:jsconfig-paths-plugin moduleName did not match any paths pattern 
next-flight-client-entry-loader
2025-08-31T23:32:54.478Z next:jsconfig-paths-plugin moduleName did not match any paths pattern 
next-flight-client-entry-loader
2025-08-31T23:32:54.478Z next:jsconfig-paths-plugin moduleName did not match any paths pattern 
next-flight-client-entry-loader
2025-08-31T23:32:54.478Z next:jsconfig-paths-plugin moduleName did not match any paths pattern 
next-flight-client-entry-loader
2025-08-31T23:32:54.478Z next:jsconfig-paths-plugin moduleName did not match any paths pattern 
next-flight-client-entry-loader
2025-08-31T23:32:54.479Z next:jsconfig-paths-plugin moduleName did not match any paths pattern 
next-flight-client-entry-loader
2025-08-31T23:32:54.479Z next:jsconfig-paths-plugin moduleName did not match any paths pattern 
next-flight-client-entry-loader
2025-08-31T23:32:54.479Z next:jsconfig-paths-plugin moduleName did not match any paths pattern 
next-flight-client-entry-loader
2025-08-31T23:32:54.479Z next:jsconfig-paths-plugin moduleName did not match any paths pattern 
next-flight-client-entry-loader
2025-08-31T23:32:54.479Z next:jsconfig-paths-plugin moduleName did not match any paths pattern 
next-flight-client-entry-loader
2025-08-31T23:32:54.482Z next:jsconfig-paths-plugin moduleName did not match any paths pattern 
next-flight-client-entry-loader
2025-08-31T23:32:54.482Z next:jsconfig-paths-plugin moduleName did not match any paths pattern 
next-flight-client-entry-loader
2025-08-31T23:32:54.483Z next:jsconfig-paths-plugin moduleName did not match any paths pattern 
next-flight-client-entry-loader
2025-08-31T23:32:54.484Z next:jsconfig-paths-plugin moduleName did not match any paths pattern 
next-flight-client-entry-loader
2025-08-31T23:32:54.484Z next:jsconfig-paths-plugin moduleName did not match any paths pattern 
next-flight-client-entry-loader
2025-08-31T23:32:54.486Z next:jsconfig-paths-plugin moduleName did not match any paths pattern 
next-flight-client-entry-loader
2025-08-31T23:32:54.486Z next:jsconfig-paths-plugin moduleName did not match any paths pattern 
next-flight-client-entry-loader
2025-08-31T23:32:54.486Z next:jsconfig-paths-plugin moduleName did not match any paths pattern 
next-flight-client-entry-loader
2025-08-31T23:32:54.487Z next:jsconfig-paths-plugin moduleName did not match any paths pattern 
next-flight-client-entry-loader
2025-08-31T23:32:54.488Z next:jsconfig-paths-plugin moduleName did not match any paths pattern 
next-flight-client-entry-loader
2025-08-31T23:32:54.488Z next:jsconfig-paths-plugin moduleName did not match any paths pattern 
next-flight-client-entry-loader
2025-08-31T23:32:54.488Z next:jsconfig-paths-plugin moduleName did not match any paths pattern 
next-flight-client-entry-loader
2025-08-31T23:32:54.488Z next:jsconfig-paths-plugin moduleName did not match any paths pattern 
next-flight-client-entry-loader
2025-08-31T23:32:54.488Z next:jsconfig-paths-plugin moduleName did not match any paths pattern 
next-flight-client-entry-loader
2025-08-31T23:32:54.488Z next:jsconfig-paths-plugin moduleName did not match any paths pattern 
next-flight-client-entry-loader
2025-08-31T23:32:54.488Z next:jsconfig-paths-plugin moduleName did not match any paths pattern 
next-flight-client-entry-loader
2025-08-31T23:32:54.489Z next:jsconfig-paths-plugin moduleName did not match any paths pattern 
next-flight-client-entry-loader
2025-08-31T23:32:54.489Z next:jsconfig-paths-plugin moduleName did not match any paths pattern 
next-flight-client-entry-loader
2025-08-31T23:32:54.489Z next:jsconfig-paths-plugin moduleName did not match any paths pattern 
next-flight-client-entry-loader
2025-08-31T23:32:54.489Z next:jsconfig-paths-plugin moduleName did not match any paths pattern 
next-flight-client-entry-loader
2025-08-31T23:32:54.489Z next:jsconfig-paths-plugin moduleName did not match any paths pattern 
next-flight-client-entry-loader
2025-08-31T23:32:54.489Z next:jsconfig-paths-plugin moduleName did not match any paths pattern 
next-flight-client-entry-loader
2025-08-31T23:32:54.489Z next:jsconfig-paths-plugin moduleName did not match any paths pattern 
next-flight-client-entry-loader
2025-08-31T23:32:54.489Z next:jsconfig-paths-plugin moduleName did not match any paths pattern 
next-flight-client-entry-loader
2025-08-31T23:32:54.489Z next:jsconfig-paths-plugin moduleName did not match any paths pattern 
next-flight-client-entry-loader
2025-08-31T23:32:54.489Z next:jsconfig-paths-plugin moduleName did not match any paths pattern 
next-flight-client-entry-loader
2025-08-31T23:32:54.489Z next:jsconfig-paths-plugin moduleName did not match any paths pattern 
next-flight-client-entry-loader
2025-08-31T23:32:54.489Z next:jsconfig-paths-plugin moduleName did not match any paths pattern 
next-flight-client-entry-loader
2025-08-31T23:32:54.490Z next:jsconfig-paths-plugin moduleName did not match any paths pattern 
next-flight-client-entry-loader
2025-08-31T23:32:54.490Z next:jsconfig-paths-plugin moduleName did not match any paths pattern 
next-flight-client-entry-loader
2025-08-31T23:32:54.490Z next:jsconfig-paths-plugin moduleName did not match any paths pattern 
next-flight-client-entry-loader
2025-08-31T23:32:54.490Z next:jsconfig-paths-plugin moduleName did not match any paths pattern 
next-flight-client-entry-loader
2025-08-31T23:32:54.490Z next:jsconfig-paths-plugin moduleName did not match any paths pattern 
next-flight-client-entry-loader
2025-08-31T23:32:54.490Z next:jsconfig-paths-plugin moduleName did not match any paths pattern 
next-flight-client-entry-loader
2025-08-31T23:32:54.490Z next:jsconfig-paths-plugin moduleName did not match any paths pattern 
next-flight-client-entry-loader
2025-08-31T23:32:54.490Z next:jsconfig-paths-plugin moduleName did not match any paths pattern 
next-flight-client-entry-loader
2025-08-31T23:32:54.490Z next:jsconfig-paths-plugin moduleName did not match any paths pattern 
next-flight-client-entry-loader
2025-08-31T23:32:54.490Z next:jsconfig-paths-plugin moduleName did not match any paths pattern 
next-flight-client-entry-loader
2025-08-31T23:32:54.490Z next:jsconfig-paths-plugin moduleName did not match any paths pattern 
next-flight-client-entry-loader
2025-08-31T23:32:54.491Z next:jsconfig-paths-plugin moduleName did not match any paths pattern 
next-flight-client-entry-loader
2025-08-31T23:32:54.491Z next:jsconfig-paths-plugin moduleName did not match any paths pattern 
next-flight-client-entry-loader
2025-08-31T23:32:54.491Z next:jsconfig-paths-plugin moduleName did not match any paths pattern 
next-flight-client-entry-loader
2025-08-31T23:32:54.491Z next:jsconfig-paths-plugin moduleName did not match any paths pattern 
next-flight-client-entry-loader
2025-08-31T23:32:54.491Z next:jsconfig-paths-plugin moduleName did not match any paths pattern 
next-flight-client-entry-loader
2025-08-31T23:32:54.491Z next:jsconfig-paths-plugin moduleName did not match any paths pattern 
next-flight-client-entry-loader
2025-08-31T23:32:54.491Z next:jsconfig-paths-plugin moduleName did not match any paths pattern 
next-flight-client-entry-loader
2025-08-31T23:32:54.491Z next:jsconfig-paths-plugin moduleName did not match any paths pattern 
next-flight-client-entry-loader
2025-08-31T23:32:54.491Z next:jsconfig-paths-plugin moduleName did not match any paths pattern 
next-flight-client-entry-loader
2025-08-31T23:32:54.491Z next:jsconfig-paths-plugin moduleName did not match any paths pattern 
next-flight-client-entry-loader
2025-08-31T23:32:54.491Z next:jsconfig-paths-plugin moduleName did not match any paths pattern 
next-flight-client-entry-loader
2025-08-31T23:32:54.492Z next:jsconfig-paths-plugin moduleName did not match any paths pattern 
next-flight-client-entry-loader
2025-08-31T23:32:54.492Z next:jsconfig-paths-plugin moduleName did not match any paths pattern 
next-flight-client-entry-loader
2025-08-31T23:32:54.492Z next:jsconfig-paths-plugin moduleName did not match any paths pattern 
next-flight-client-entry-loader
2025-08-31T23:32:54.492Z next:jsconfig-paths-plugin moduleName did not match any paths pattern 
next-flight-client-entry-loader
2025-08-31T23:32:54.492Z next:jsconfig-paths-plugin moduleName did not match any paths pattern 
next-flight-client-entry-loader
2025-08-31T23:32:54.492Z next:jsconfig-paths-plugin moduleName did not match any paths pattern 
next-flight-client-entry-loader
2025-08-31T23:32:54.492Z next:jsconfig-paths-plugin moduleName did not match any paths pattern 
next-flight-client-entry-loader
2025-08-31T23:32:54.492Z next:jsconfig-paths-plugin moduleName did not match any paths pattern 
next-flight-client-entry-loader
2025-08-31T23:32:54.492Z next:jsconfig-paths-plugin moduleName did not match any paths pattern 
next-flight-client-entry-loader
2025-08-31T23:32:54.493Z next:jsconfig-paths-plugin moduleName did not match any paths pattern 
next-flight-client-entry-loader
2025-08-31T23:32:54.493Z next:jsconfig-paths-plugin moduleName did not match any paths pattern 
next-flight-client-entry-loader
2025-08-31T23:32:54.493Z next:jsconfig-paths-plugin moduleName did not match any paths pattern 
next-flight-client-entry-loader
2025-08-31T23:32:54.493Z next:jsconfig-paths-plugin moduleName did not match any paths pattern 
next-flight-client-entry-loader
2025-08-31T23:32:54.493Z next:jsconfig-paths-plugin moduleName did not match any paths pattern 
next-flight-client-entry-loader
2025-08-31T23:32:54.493Z next:jsconfig-paths-plugin moduleName did not match any paths pattern 
next-flight-client-entry-loader
2025-08-31T23:32:54.493Z next:jsconfig-paths-plugin moduleName did not match any paths pattern 
next-flight-client-entry-loader
2025-08-31T23:32:54.524Z next:jsconfig-paths-plugin moduleName did not match any paths pattern 
next-flight-client-entry-loader
2025-08-31T23:32:54.525Z next:jsconfig-paths-plugin moduleName did not match any paths pattern 
next-flight-client-entry-loader
2025-08-31T23:32:54.526Z next:jsconfig-paths-plugin moduleName did not match any paths pattern 
next-flight-client-entry-loader
2025-08-31T23:32:54.526Z next:jsconfig-paths-plugin moduleName did not match any paths pattern 
next-flight-client-entry-loader
2025-08-31T23:32:54.527Z next:jsconfig-paths-plugin moduleName did not match any paths pattern 
next-flight-client-entry-loader
2025-08-31T23:32:54.527Z next:jsconfig-paths-plugin moduleName did not match any paths pattern 
next-flight-client-entry-loader
2025-08-31T23:32:54.527Z next:jsconfig-paths-plugin moduleName did not match any paths pattern 
next-flight-client-entry-loader
2025-08-31T23:32:54.527Z next:jsconfig-paths-plugin moduleName did not match any paths pattern 
next-flight-client-entry-loader
2025-08-31T23:32:54.527Z next:jsconfig-paths-plugin moduleName did not match any paths pattern 
next-flight-client-entry-loader
2025-08-31T23:32:54.528Z next:jsconfig-paths-plugin moduleName did not match any paths pattern 
next-flight-client-entry-loader
2025-08-31T23:32:54.528Z next:jsconfig-paths-plugin moduleName did not match any paths pattern 
next-flight-client-entry-loader
2025-08-31T23:32:54.528Z next:jsconfig-paths-plugin moduleName did not match any paths pattern 
next-flight-client-entry-loader
2025-08-31T23:32:54.528Z next:jsconfig-paths-plugin moduleName did not match any paths pattern 
next-flight-client-entry-loader
2025-08-31T23:32:54.528Z next:jsconfig-paths-plugin moduleName did not match any paths pattern 
next-flight-client-entry-loader
2025-08-31T23:32:54.528Z next:jsconfig-paths-plugin moduleName did not match any paths pattern 
next-flight-client-entry-loader
2025-08-31T23:32:54.528Z next:jsconfig-paths-plugin moduleName did not match any paths pattern 
next-flight-client-entry-loader
2025-08-31T23:32:54.528Z next:jsconfig-paths-plugin moduleName did not match any paths pattern 
next-flight-client-entry-loader
2025-08-31T23:32:54.528Z next:jsconfig-paths-plugin moduleName did not match any paths pattern 
next-flight-client-entry-loader
2025-08-31T23:32:54.528Z next:jsconfig-paths-plugin moduleName did not match any paths pattern 
next-flight-client-entry-loader
2025-08-31T23:32:54.529Z next:jsconfig-paths-plugin moduleName did not match any paths pattern 
next-flight-client-entry-loader
2025-08-31T23:32:54.529Z next:jsconfig-paths-plugin moduleName did not match any paths pattern 
next-flight-client-entry-loader
2025-08-31T23:32:54.529Z next:jsconfig-paths-plugin moduleName did not match any paths pattern 
next-flight-client-entry-loader
2025-08-31T23:32:54.529Z next:jsconfig-paths-plugin moduleName did not match any paths pattern 
next-flight-client-entry-loader
2025-08-31T23:32:54.529Z next:jsconfig-paths-plugin moduleName did not match any paths pattern 
next-flight-client-entry-loader
2025-08-31T23:32:54.529Z next:jsconfig-paths-plugin moduleName did not match any paths pattern 
next-flight-client-entry-loader
2025-08-31T23:32:54.530Z next:jsconfig-paths-plugin moduleName did not match any paths pattern 
next-flight-client-entry-loader
2025-08-31T23:32:54.530Z next:jsconfig-paths-plugin moduleName did not match any paths pattern 
next-flight-client-entry-loader
2025-08-31T23:32:54.530Z next:jsconfig-paths-plugin moduleName did not match any paths pattern 
next-flight-client-entry-loader
2025-08-31T23:32:54.530Z next:jsconfig-paths-plugin moduleName did not match any paths pattern 
next-flight-client-entry-loader
2025-08-31T23:32:54.531Z next:jsconfig-paths-plugin moduleName did not match any paths pattern 
next-flight-client-entry-loader
2025-08-31T23:32:54.531Z next:jsconfig-paths-plugin moduleName did not match any paths pattern 
next-flight-client-entry-loader
2025-08-31T23:32:54.531Z next:jsconfig-paths-plugin moduleName did not match any paths pattern 
next-flight-client-entry-loader
2025-08-31T23:32:54.531Z next:jsconfig-paths-plugin moduleName did not match any paths pattern 
next-flight-client-entry-loader
2025-08-31T23:32:54.532Z next:jsconfig-paths-plugin moduleName did not match any paths pattern 
next-flight-client-entry-loader
2025-08-31T23:32:54.532Z next:jsconfig-paths-plugin moduleName did not match any paths pattern 
next-flight-client-entry-loader
2025-08-31T23:32:54.532Z next:jsconfig-paths-plugin moduleName did not match any paths pattern 
next-flight-client-entry-loader
2025-08-31T23:32:54.532Z next:jsconfig-paths-plugin moduleName did not match any paths pattern 
next-flight-client-entry-loader
2025-08-31T23:32:54.532Z next:jsconfig-paths-plugin moduleName did not match any paths pattern 
next-flight-client-entry-loader
2025-08-31T23:32:54.532Z next:jsconfig-paths-plugin moduleName did not match any paths pattern 
next-flight-client-entry-loader
2025-08-31T23:32:54.533Z next:jsconfig-paths-plugin moduleName did not match any paths pattern 
next-flight-client-entry-loader
2025-08-31T23:32:54.533Z next:jsconfig-paths-plugin moduleName did not match any paths pattern 
next-flight-client-entry-loader
2025-08-31T23:32:54.533Z next:jsconfig-paths-plugin moduleName did not match any paths pattern 
next-flight-client-entry-loader
2025-08-31T23:32:54.533Z next:jsconfig-paths-plugin moduleName did not match any paths pattern 
next-flight-client-entry-loader
2025-08-31T23:32:54.533Z next:jsconfig-paths-plugin moduleName did not match any paths pattern 
next-flight-client-entry-loader
2025-08-31T23:32:54.533Z next:jsconfig-paths-plugin moduleName did not match any paths pattern 
next-flight-client-entry-loader
2025-08-31T23:32:54.533Z next:jsconfig-paths-plugin moduleName did not match any paths pattern 
next-flight-client-entry-loader
2025-08-31T23:32:54.533Z next:jsconfig-paths-plugin moduleName did not match any paths pattern 
next-flight-client-entry-loader
2025-08-31T23:32:54.533Z next:jsconfig-paths-plugin moduleName did not match any paths pattern 
next-flight-client-entry-loader
2025-08-31T23:32:54.534Z next:jsconfig-paths-plugin moduleName did not match any paths pattern 
next-flight-client-entry-loader
2025-08-31T23:32:54.534Z next:jsconfig-paths-plugin moduleName did not match any paths pattern 
next-flight-client-entry-loader
2025-08-31T23:32:54.534Z next:jsconfig-paths-plugin moduleName did not match any paths pattern 
next-flight-client-entry-loader
2025-08-31T23:32:54.534Z next:jsconfig-paths-plugin moduleName did not match any paths pattern 
next-flight-client-entry-loader
2025-08-31T23:32:54.535Z next:jsconfig-paths-plugin moduleName did not match any paths pattern 
next-flight-client-entry-loader
2025-08-31T23:32:54.535Z next:jsconfig-paths-plugin moduleName did not match any paths pattern 
next-flight-client-entry-loader
2025-08-31T23:32:54.535Z next:jsconfig-paths-plugin moduleName did not match any paths pattern 
next-flight-client-entry-loader
2025-08-31T23:32:54.535Z next:jsconfig-paths-plugin moduleName did not match any paths pattern 
next-flight-client-entry-loader
2025-08-31T23:32:54.535Z next:jsconfig-paths-plugin moduleName did not match any paths pattern 
next-flight-client-entry-loader
2025-08-31T23:32:54.535Z next:jsconfig-paths-plugin moduleName did not match any paths pattern 
next-flight-client-entry-loader
2025-08-31T23:32:54.535Z next:jsconfig-paths-plugin moduleName did not match any paths pattern 
next-flight-client-entry-loader
2025-08-31T23:32:54.535Z next:jsconfig-paths-plugin moduleName did not match any paths pattern 
next-flight-client-entry-loader
2025-08-31T23:32:54.535Z next:jsconfig-paths-plugin moduleName did not match any paths pattern 
next-flight-client-entry-loader
2025-08-31T23:32:54.536Z next:jsconfig-paths-plugin moduleName did not match any paths pattern 
next-flight-client-entry-loader
2025-08-31T23:32:54.536Z next:jsconfig-paths-plugin moduleName did not match any paths pattern 
next-flight-client-entry-loader
2025-08-31T23:32:54.536Z next:jsconfig-paths-plugin moduleName did not match any paths pattern 
next-flight-client-entry-loader
2025-08-31T23:32:54.536Z next:jsconfig-paths-plugin moduleName did not match any paths pattern 
next-flight-client-entry-loader
2025-08-31T23:32:54.536Z next:jsconfig-paths-plugin moduleName did not match any paths pattern 
next-flight-client-entry-loader
2025-08-31T23:32:54.536Z next:jsconfig-paths-plugin moduleName did not match any paths pattern 
next-flight-client-entry-loader
2025-08-31T23:32:54.536Z next:jsconfig-paths-plugin moduleName did not match any paths pattern 
next-flight-client-entry-loader
2025-08-31T23:32:54.536Z next:jsconfig-paths-plugin moduleName did not match any paths pattern 
next-flight-client-entry-loader
2025-08-31T23:32:54.536Z next:jsconfig-paths-plugin moduleName did not match any paths pattern 
next-flight-client-entry-loader
2025-08-31T23:32:54.536Z next:jsconfig-paths-plugin moduleName did not match any paths pattern 
next-flight-client-entry-loader
2025-08-31T23:32:54.537Z next:jsconfig-paths-plugin moduleName did not match any paths pattern 
next-flight-client-entry-loader
2025-08-31T23:32:54.537Z next:jsconfig-paths-plugin moduleName did not match any paths pattern 
next-flight-client-entry-loader
2025-08-31T23:32:54.539Z next:jsconfig-paths-plugin moduleName did not match any paths pattern 
next-flight-client-entry-loader
2025-08-31T23:32:54.539Z next:jsconfig-paths-plugin moduleName did not match any paths pattern 
next-flight-client-entry-loader
2025-08-31T23:32:54.539Z next:jsconfig-paths-plugin moduleName did not match any paths pattern 
next-flight-client-entry-loader
2025-08-31T23:32:54.540Z next:jsconfig-paths-plugin moduleName did not match any paths pattern 
next-flight-client-entry-loader
2025-08-31T23:32:54.540Z next:jsconfig-paths-plugin moduleName did not match any paths pattern 
next-flight-client-entry-loader
2025-08-31T23:32:54.540Z next:jsconfig-paths-plugin moduleName did not match any paths pattern 
next-flight-client-entry-loader
2025-08-31T23:32:54.540Z next:jsconfig-paths-plugin moduleName did not match any paths pattern 
next-flight-client-entry-loader
2025-08-31T23:32:54.540Z next:jsconfig-paths-plugin moduleName did not match any paths pattern 
next-flight-client-entry-loader
2025-08-31T23:32:54.540Z next:jsconfig-paths-plugin moduleName did not match any paths pattern 
next-flight-client-entry-loader
2025-08-31T23:32:54.540Z next:jsconfig-paths-plugin moduleName did not match any paths pattern 
next-flight-client-entry-loader
2025-08-31T23:32:54.540Z next:jsconfig-paths-plugin moduleName did not match any paths pattern 
next-flight-client-entry-loader
2025-08-31T23:32:54.541Z next:jsconfig-paths-plugin moduleName did not match any paths pattern 
next-flight-client-entry-loader
2025-08-31T23:32:54.541Z next:jsconfig-paths-plugin moduleName did not match any paths pattern 
next-flight-client-entry-loader
2025-08-31T23:32:54.541Z next:jsconfig-paths-plugin moduleName did not match any paths pattern 
next-flight-client-entry-loader
2025-08-31T23:32:54.541Z next:jsconfig-paths-plugin moduleName did not match any paths pattern 
next-flight-client-entry-loader
2025-08-31T23:32:54.541Z next:jsconfig-paths-plugin moduleName did not match any paths pattern 
next-flight-client-entry-loader
2025-08-31T23:32:54.541Z next:jsconfig-paths-plugin moduleName did not match any paths pattern 
next-flight-client-entry-loader
2025-08-31T23:32:54.542Z next:jsconfig-paths-plugin moduleName did not match any paths pattern 
next-flight-client-entry-loader
2025-08-31T23:32:54.584Z next:jsconfig-paths-plugin moduleName did not match any paths pattern 
next-flight-client-entry-loader
2025-08-31T23:32:54.586Z next:jsconfig-paths-plugin moduleName did not match any paths pattern 
next-flight-client-entry-loader
2025-08-31T23:32:54.586Z next:jsconfig-paths-plugin moduleName did not match any paths pattern 
next-flight-client-entry-loader
2025-08-31T23:32:54.586Z next:jsconfig-paths-plugin moduleName did not match any paths pattern 
next-flight-client-entry-loader
2025-08-31T23:32:54.586Z next:jsconfig-paths-plugin moduleName did not match any paths pattern 
next-flight-client-entry-loader
2025-08-31T23:32:54.586Z next:jsconfig-paths-plugin moduleName did not match any paths pattern 
next-flight-client-entry-loader
2025-08-31T23:32:54.586Z next:jsconfig-paths-plugin moduleName did not match any paths pattern 
next-flight-client-entry-loader
2025-08-31T23:32:54.586Z next:jsconfig-paths-plugin moduleName did not match any paths pattern 
next-flight-client-entry-loader
2025-08-31T23:32:54.586Z next:jsconfig-paths-plugin moduleName did not match any paths pattern 
next-flight-client-entry-loader
2025-08-31T23:32:54.586Z next:jsconfig-paths-plugin moduleName did not match any paths pattern 
next-flight-client-entry-loader
2025-08-31T23:32:54.587Z next:jsconfig-paths-plugin moduleName did not match any paths pattern 
next-flight-client-entry-loader
2025-08-31T23:32:54.587Z next:jsconfig-paths-plugin moduleName did not match any paths pattern 
next-flight-client-entry-loader
2025-08-31T23:32:54.587Z next:jsconfig-paths-plugin moduleName did not match any paths pattern 
next-flight-client-entry-loader
2025-08-31T23:32:54.587Z next:jsconfig-paths-plugin moduleName did not match any paths pattern 
next-flight-client-entry-loader
2025-08-31T23:32:54.587Z next:jsconfig-paths-plugin moduleName did not match any paths pattern 
next-flight-client-entry-loader
2025-08-31T23:32:54.587Z next:jsconfig-paths-plugin moduleName did not match any paths pattern 
next-flight-client-entry-loader
2025-08-31T23:32:54.587Z next:jsconfig-paths-plugin moduleName did not match any paths pattern 
next-flight-client-entry-loader
2025-08-31T23:32:54.587Z next:jsconfig-paths-plugin moduleName did not match any paths pattern 
next-flight-client-entry-loader
2025-08-31T23:32:54.587Z next:jsconfig-paths-plugin moduleName did not match any paths pattern 
next-flight-client-entry-loader
2025-08-31T23:32:54.587Z next:jsconfig-paths-plugin moduleName did not match any paths pattern 
next-flight-client-entry-loader
2025-08-31T23:32:54.591Z next:jsconfig-paths-plugin moduleName did not match any paths pattern 
next-flight-client-entry-loader
2025-08-31T23:32:54.591Z next:jsconfig-paths-plugin moduleName did not match any paths pattern 
next-flight-client-entry-loader
2025-08-31T23:32:54.591Z next:jsconfig-paths-plugin moduleName did not match any paths pattern 
next-flight-client-entry-loader
2025-08-31T23:32:54.591Z next:jsconfig-paths-plugin moduleName did not match any paths pattern 
next-flight-client-entry-loader
2025-08-31T23:32:54.591Z next:jsconfig-paths-plugin moduleName did not match any paths pattern 
next-flight-client-entry-loader
2025-08-31T23:32:54.591Z next:jsconfig-paths-plugin moduleName did not match any paths pattern 
next-flight-client-entry-loader
2025-08-31T23:32:54.591Z next:jsconfig-paths-plugin moduleName did not match any paths pattern 
next-flight-client-entry-loader
2025-08-31T23:32:54.591Z next:jsconfig-paths-plugin moduleName did not match any paths pattern 
next-flight-client-entry-loader
2025-08-31T23:32:54.592Z next:jsconfig-paths-plugin moduleName did not match any paths pattern 
next-flight-client-entry-loader
2025-08-31T23:32:54.592Z next:jsconfig-paths-plugin moduleName did not match any paths pattern 
next-flight-client-entry-loader
2025-08-31T23:32:54.592Z next:jsconfig-paths-plugin moduleName did not match any paths pattern 
next-flight-client-entry-loader
2025-08-31T23:32:54.592Z next:jsconfig-paths-plugin moduleName did not match any paths pattern 
next-flight-client-entry-loader
2025-08-31T23:32:54.592Z next:jsconfig-paths-plugin moduleName did not match any paths pattern 
next-flight-client-entry-loader
2025-08-31T23:32:54.592Z next:jsconfig-paths-plugin moduleName did not match any paths pattern 
next-flight-client-entry-loader
2025-08-31T23:32:54.592Z next:jsconfig-paths-plugin moduleName did not match any paths pattern 
next-flight-client-entry-loader
2025-08-31T23:32:54.592Z next:jsconfig-paths-plugin moduleName did not match any paths pattern 
next-flight-client-entry-loader
2025-08-31T23:32:54.592Z next:jsconfig-paths-plugin moduleName did not match any paths pattern 
next-flight-client-entry-loader
2025-08-31T23:32:54.592Z next:jsconfig-paths-plugin moduleName did not match any paths pattern 
next-flight-client-entry-loader
2025-08-31T23:32:54.592Z next:jsconfig-paths-plugin moduleName did not match any paths pattern 
next-flight-client-entry-loader
2025-08-31T23:32:54.593Z next:jsconfig-paths-plugin moduleName did not match any paths pattern 
next-flight-client-entry-loader
2025-08-31T23:32:54.605Z next:jsconfig-paths-plugin moduleName did not match any paths pattern 
next-flight-client-entry-loader
2025-08-31T23:32:54.605Z next:jsconfig-paths-plugin moduleName did not match any paths pattern 
next-flight-client-entry-loader
2025-08-31T23:32:54.606Z next:jsconfig-paths-plugin moduleName did not match any paths pattern 
next-flight-client-entry-loader
2025-08-31T23:32:54.606Z next:jsconfig-paths-plugin moduleName did not match any paths pattern 
next-flight-client-entry-loader
2025-08-31T23:32:54.606Z next:jsconfig-paths-plugin moduleName did not match any paths pattern 
next-flight-client-entry-loader
2025-08-31T23:32:54.606Z next:jsconfig-paths-plugin moduleName did not match any paths pattern 
next-flight-client-entry-loader
2025-08-31T23:32:54.606Z next:jsconfig-paths-plugin moduleName did not match any paths pattern 
next-flight-client-entry-loader
2025-08-31T23:32:54.606Z next:jsconfig-paths-plugin moduleName did not match any paths pattern 
next-flight-client-entry-loader
2025-08-31T23:32:54.606Z next:jsconfig-paths-plugin moduleName did not match any paths pattern 
next-flight-client-entry-loader
2025-08-31T23:32:54.606Z next:jsconfig-paths-plugin moduleName did not match any paths pattern 
next-flight-client-entry-loader
2025-08-31T23:32:54.606Z next:jsconfig-paths-plugin moduleName did not match any paths pattern 
next-flight-client-entry-loader
2025-08-31T23:32:54.606Z next:jsconfig-paths-plugin moduleName did not match any paths pattern 
next-flight-client-entry-loader
2025-08-31T23:32:54.606Z next:jsconfig-paths-plugin moduleName did not match any paths pattern 
next-flight-client-entry-loader
2025-08-31T23:32:54.606Z next:jsconfig-paths-plugin moduleName did not match any paths pattern 
next-flight-client-entry-loader
2025-08-31T23:32:54.607Z next:jsconfig-paths-plugin moduleName did not match any paths pattern 
next-flight-client-entry-loader
2025-08-31T23:32:54.607Z next:jsconfig-paths-plugin moduleName did not match any paths pattern 
next-flight-client-entry-loader
2025-08-31T23:32:54.607Z next:jsconfig-paths-plugin moduleName did not match any paths pattern 
next-flight-client-entry-loader
2025-08-31T23:32:54.607Z next:jsconfig-paths-plugin moduleName did not match any paths pattern 
next-flight-client-entry-loader
2025-08-31T23:32:54.607Z next:jsconfig-paths-plugin moduleName did not match any paths pattern 
next-flight-client-entry-loader
2025-08-31T23:32:54.607Z next:jsconfig-paths-plugin moduleName did not match any paths pattern 
next-flight-client-entry-loader
2025-08-31T23:32:54.607Z next:jsconfig-paths-plugin moduleName did not match any paths pattern 
next-flight-client-entry-loader
2025-08-31T23:32:54.607Z next:jsconfig-paths-plugin moduleName did not match any paths pattern 
next-flight-client-entry-loader
2025-08-31T23:32:54.607Z next:jsconfig-paths-plugin moduleName did not match any paths pattern 
next-flight-client-entry-loader
2025-08-31T23:32:54.607Z next:jsconfig-paths-plugin moduleName did not match any paths pattern 
next-flight-client-entry-loader
2025-08-31T23:32:54.608Z next:jsconfig-paths-plugin moduleName did not match any paths pattern 
next-flight-client-entry-loader
2025-08-31T23:32:54.608Z next:jsconfig-paths-plugin moduleName did not match any paths pattern 
next-flight-client-entry-loader
2025-08-31T23:32:54.608Z next:jsconfig-paths-plugin moduleName did not match any paths pattern 
next-flight-client-entry-loader
2025-08-31T23:32:54.608Z next:jsconfig-paths-plugin moduleName did not match any paths pattern 
next-flight-client-entry-loader
2025-08-31T23:32:54.608Z next:jsconfig-paths-plugin moduleName did not match any paths pattern 
next-flight-client-entry-loader
2025-08-31T23:32:54.608Z next:jsconfig-paths-plugin moduleName did not match any paths pattern 
next-flight-client-entry-loader
2025-08-31T23:32:54.608Z next:jsconfig-paths-plugin moduleName did not match any paths pattern 
next-flight-client-entry-loader
2025-08-31T23:32:54.608Z next:jsconfig-paths-plugin moduleName did not match any paths pattern 
next-flight-client-entry-loader
2025-08-31T23:32:54.608Z next:jsconfig-paths-plugin moduleName did not match any paths pattern 
next-flight-client-entry-loader
2025-08-31T23:32:54.608Z next:jsconfig-paths-plugin moduleName did not match any paths pattern 
next-flight-client-entry-loader
2025-08-31T23:32:54.608Z next:jsconfig-paths-plugin moduleName did not match any paths pattern 
next-flight-client-entry-loader
2025-08-31T23:32:54.609Z next:jsconfig-paths-plugin moduleName did not match any paths pattern 
next-flight-client-entry-loader
2025-08-31T23:32:54.609Z next:jsconfig-paths-plugin moduleName did not match any paths pattern 
next-flight-client-entry-loader
2025-08-31T23:32:54.609Z next:jsconfig-paths-plugin moduleName did not match any paths pattern 
next-flight-client-entry-loader
2025-08-31T23:32:54.609Z next:jsconfig-paths-plugin moduleName did not match any paths pattern 
next-flight-client-entry-loader
2025-08-31T23:32:54.609Z next:jsconfig-paths-plugin moduleName did not match any paths pattern 
next-flight-client-entry-loader
2025-08-31T23:32:54.609Z next:jsconfig-paths-plugin moduleName did not match any paths pattern 
next-flight-client-entry-loader
2025-08-31T23:32:54.609Z next:jsconfig-paths-plugin moduleName did not match any paths pattern 
next-flight-client-entry-loader
2025-08-31T23:32:54.609Z next:jsconfig-paths-plugin moduleName did not match any paths pattern 
next-flight-client-entry-loader
2025-08-31T23:32:54.609Z next:jsconfig-paths-plugin moduleName did not match any paths pattern 
next-flight-client-entry-loader
2025-08-31T23:32:54.609Z next:jsconfig-paths-plugin moduleName did not match any paths pattern 
next-flight-client-entry-loader
2025-08-31T23:32:54.609Z next:jsconfig-paths-plugin moduleName did not match any paths pattern 
next-flight-client-entry-loader
2025-08-31T23:32:54.609Z next:jsconfig-paths-plugin moduleName did not match any paths pattern 
next-flight-client-entry-loader
2025-08-31T23:32:54.610Z next:jsconfig-paths-plugin moduleName did not match any paths pattern 
next-flight-client-entry-loader
2025-08-31T23:32:54.610Z next:jsconfig-paths-plugin moduleName did not match any paths pattern 
next-flight-client-entry-loader
2025-08-31T23:32:54.610Z next:jsconfig-paths-plugin moduleName did not match any paths pattern 
next-flight-client-entry-loader
2025-08-31T23:32:54.610Z next:jsconfig-paths-plugin moduleName did not match any paths pattern 
next-flight-client-entry-loader
2025-08-31T23:32:54.610Z next:jsconfig-paths-plugin moduleName did not match any paths pattern 
next-flight-client-entry-loader
2025-08-31T23:32:54.610Z next:jsconfig-paths-plugin moduleName did not match any paths pattern 
next-flight-client-entry-loader
2025-08-31T23:32:54.610Z next:jsconfig-paths-plugin moduleName did not match any paths pattern 
next-flight-client-entry-loader
2025-08-31T23:32:54.610Z next:jsconfig-paths-plugin moduleName did not match any paths pattern 
next-flight-client-entry-loader
2025-08-31T23:32:54.610Z next:jsconfig-paths-plugin moduleName did not match any paths pattern 
next-flight-client-entry-loader
2025-08-31T23:32:54.610Z next:jsconfig-paths-plugin moduleName did not match any paths pattern 
next-flight-client-entry-loader
2025-08-31T23:32:54.610Z next:jsconfig-paths-plugin moduleName did not match any paths pattern 
next-flight-client-entry-loader
2025-08-31T23:32:54.610Z next:jsconfig-paths-plugin moduleName did not match any paths pattern 
next-flight-client-entry-loader
2025-08-31T23:32:54.611Z next:jsconfig-paths-plugin moduleName did not match any paths pattern 
next-flight-client-entry-loader
2025-08-31T23:32:54.611Z next:jsconfig-paths-plugin moduleName did not match any paths pattern 
next-flight-client-entry-loader
2025-08-31T23:32:54.611Z next:jsconfig-paths-plugin moduleName did not match any paths pattern 
next-flight-client-entry-loader
2025-08-31T23:32:54.611Z next:jsconfig-paths-plugin moduleName did not match any paths pattern 
next-flight-client-entry-loader
2025-08-31T23:32:54.611Z next:jsconfig-paths-plugin moduleName did not match any paths pattern 
next-flight-client-entry-loader
2025-08-31T23:32:54.611Z next:jsconfig-paths-plugin moduleName did not match any paths pattern 
next-flight-client-entry-loader
2025-08-31T23:32:54.611Z next:jsconfig-paths-plugin moduleName did not match any paths pattern 
next-flight-client-entry-loader
2025-08-31T23:32:54.611Z next:jsconfig-paths-plugin moduleName did not match any paths pattern 
next-flight-client-entry-loader
2025-08-31T23:32:54.611Z next:jsconfig-paths-plugin moduleName did not match any paths pattern 
next-flight-client-entry-loader
2025-08-31T23:32:54.611Z next:jsconfig-paths-plugin moduleName did not match any paths pattern 
next-flight-client-entry-loader
2025-08-31T23:32:54.611Z next:jsconfig-paths-plugin moduleName did not match any paths pattern 
next-flight-client-entry-loader
2025-08-31T23:32:54.623Z next:jsconfig-paths-plugin moduleName did not match any paths pattern 
next-flight-client-entry-loader
2025-08-31T23:32:54.623Z next:jsconfig-paths-plugin moduleName did not match any paths pattern 
next-flight-client-entry-loader
2025-08-31T23:32:54.623Z next:jsconfig-paths-plugin moduleName did not match any paths pattern 
next-flight-client-entry-loader
2025-08-31T23:32:54.623Z next:jsconfig-paths-plugin moduleName did not match any paths pattern 
next-flight-client-entry-loader
2025-08-31T23:32:54.623Z next:jsconfig-paths-plugin moduleName did not match any paths pattern 
next-flight-client-entry-loader
2025-08-31T23:32:54.623Z next:jsconfig-paths-plugin moduleName did not match any paths pattern 
next-flight-client-entry-loader
2025-08-31T23:32:54.623Z next:jsconfig-paths-plugin moduleName did not match any paths pattern 
next-flight-client-entry-loader
2025-08-31T23:32:54.623Z next:jsconfig-paths-plugin moduleName did not match any paths pattern 
next-flight-client-entry-loader
2025-08-31T23:32:54.624Z next:jsconfig-paths-plugin moduleName did not match any paths pattern 
next-flight-client-entry-loader
2025-08-31T23:32:54.624Z next:jsconfig-paths-plugin moduleName did not match any paths pattern 
next-flight-client-entry-loader
2025-08-31T23:32:54.624Z next:jsconfig-paths-plugin moduleName did not match any paths pattern 
next-flight-client-entry-loader
2025-08-31T23:32:54.624Z next:jsconfig-paths-plugin moduleName did not match any paths pattern 
next-flight-client-entry-loader
2025-08-31T23:32:54.624Z next:jsconfig-paths-plugin moduleName did not match any paths pattern 
next-flight-client-entry-loader
2025-08-31T23:32:54.624Z next:jsconfig-paths-plugin moduleName did not match any paths pattern 
next-flight-client-entry-loader
2025-08-31T23:32:54.624Z next:jsconfig-paths-plugin moduleName did not match any paths pattern 
next-flight-client-entry-loader
2025-08-31T23:32:54.624Z next:jsconfig-paths-plugin moduleName did not match any paths pattern 
next-flight-client-entry-loader
2025-08-31T23:32:54.624Z next:jsconfig-paths-plugin moduleName did not match any paths pattern 
next-flight-client-entry-loader
2025-08-31T23:32:54.624Z next:jsconfig-paths-plugin moduleName did not match any paths pattern 
next-flight-client-entry-loader
2025-08-31T23:32:54.624Z next:jsconfig-paths-plugin moduleName did not match any paths pattern 
next-flight-client-entry-loader
2025-08-31T23:32:54.624Z next:jsconfig-paths-plugin moduleName did not match any paths pattern 
next-flight-client-entry-loader
2025-08-31T23:32:54.625Z next:jsconfig-paths-plugin moduleName did not match any paths pattern 
next-flight-client-entry-loader
2025-08-31T23:32:54.625Z next:jsconfig-paths-plugin moduleName did not match any paths pattern 
next-flight-client-entry-loader
2025-08-31T23:32:54.625Z next:jsconfig-paths-plugin moduleName did not match any paths pattern 
next-flight-client-entry-loader
2025-08-31T23:32:54.625Z next:jsconfig-paths-plugin moduleName did not match any paths pattern 
next-flight-client-entry-loader
2025-08-31T23:32:54.629Z next:jsconfig-paths-plugin moduleName did not match any paths pattern 
next-flight-client-entry-loader
2025-08-31T23:32:54.629Z next:jsconfig-paths-plugin moduleName did not match any paths pattern 
next-flight-client-entry-loader
2025-08-31T23:32:54.629Z next:jsconfig-paths-plugin moduleName did not match any paths pattern 
next-flight-client-entry-loader
2025-08-31T23:32:54.629Z next:jsconfig-paths-plugin moduleName did not match any paths pattern 
next-flight-client-entry-loader
2025-08-31T23:32:54.629Z next:jsconfig-paths-plugin moduleName did not match any paths pattern 
next-flight-client-entry-loader
2025-08-31T23:32:54.630Z next:jsconfig-paths-plugin moduleName did not match any paths pattern 
next-flight-client-entry-loader
2025-08-31T23:32:54.630Z next:jsconfig-paths-plugin moduleName did not match any paths pattern 
next-flight-client-entry-loader
2025-08-31T23:32:54.630Z next:jsconfig-paths-plugin moduleName did not match any paths pattern 
next-flight-client-entry-loader
2025-08-31T23:32:54.630Z next:jsconfig-paths-plugin moduleName did not match any paths pattern 
next-flight-client-entry-loader
2025-08-31T23:32:54.630Z next:jsconfig-paths-plugin moduleName did not match any paths pattern 
next-flight-client-entry-loader
2025-08-31T23:32:54.630Z next:jsconfig-paths-plugin moduleName did not match any paths pattern 
next-flight-client-entry-loader
2025-08-31T23:32:54.630Z next:jsconfig-paths-plugin moduleName did not match any paths pattern 
next-flight-client-entry-loader
2025-08-31T23:32:54.630Z next:jsconfig-paths-plugin moduleName did not match any paths pattern 
next-flight-client-entry-loader
2025-08-31T23:32:54.630Z next:jsconfig-paths-plugin moduleName did not match any paths pattern 
next-flight-client-entry-loader
2025-08-31T23:32:54.630Z next:jsconfig-paths-plugin moduleName did not match any paths pattern 
next-flight-client-entry-loader
2025-08-31T23:32:54.630Z next:jsconfig-paths-plugin moduleName did not match any paths pattern 
next-flight-client-entry-loader
2025-08-31T23:32:54.630Z next:jsconfig-paths-plugin moduleName did not match any paths pattern 
next-flight-client-entry-loader
2025-08-31T23:32:54.630Z next:jsconfig-paths-plugin moduleName did not match any paths pattern 
next-flight-client-entry-loader
2025-08-31T23:32:54.631Z next:jsconfig-paths-plugin moduleName did not match any paths pattern 
next-flight-client-entry-loader
2025-08-31T23:32:54.631Z next:jsconfig-paths-plugin moduleName did not match any paths pattern 
next-flight-client-entry-loader
2025-08-31T23:32:54.631Z next:jsconfig-paths-plugin moduleName did not match any paths pattern 
next-flight-client-entry-loader
2025-08-31T23:32:54.631Z next:jsconfig-paths-plugin moduleName did not match any paths pattern 
next-flight-client-entry-loader
2025-08-31T23:32:54.631Z next:jsconfig-paths-plugin moduleName did not match any paths pattern 
next-flight-client-entry-loader
2025-08-31T23:32:54.631Z next:jsconfig-paths-plugin moduleName did not match any paths pattern 
next-flight-client-entry-loader
2025-08-31T23:32:54.632Z next:jsconfig-paths-plugin moduleName did not match any paths pattern 
next-flight-client-entry-loader
2025-08-31T23:32:54.632Z next:jsconfig-paths-plugin moduleName did not match any paths pattern 
next-flight-client-entry-loader
2025-08-31T23:32:54.632Z next:jsconfig-paths-plugin moduleName did not match any paths pattern 
next-flight-client-entry-loader
2025-08-31T23:32:54.632Z next:jsconfig-paths-plugin moduleName did not match any paths pattern 
next-flight-client-entry-loader
2025-08-31T23:32:54.632Z next:jsconfig-paths-plugin moduleName did not match any paths pattern 
next-flight-client-entry-loader
2025-08-31T23:32:54.632Z next:jsconfig-paths-plugin moduleName did not match any paths pattern 
next-flight-client-entry-loader
2025-08-31T23:32:54.632Z next:jsconfig-paths-plugin moduleName did not match any paths pattern 
next-flight-client-entry-loader
2025-08-31T23:32:54.632Z next:jsconfig-paths-plugin moduleName did not match any paths pattern 
next-flight-client-entry-loader
2025-08-31T23:32:54.633Z next:jsconfig-paths-plugin moduleName did not match any paths pattern 
next-flight-client-entry-loader
2025-08-31T23:32:54.633Z next:jsconfig-paths-plugin moduleName did not match any paths pattern 
next-flight-client-entry-loader
2025-08-31T23:32:54.633Z next:jsconfig-paths-plugin moduleName did not match any paths pattern 
next-flight-client-entry-loader
2025-08-31T23:32:54.633Z next:jsconfig-paths-plugin moduleName did not match any paths pattern 
next-flight-client-entry-loader
2025-08-31T23:32:54.633Z next:jsconfig-paths-plugin moduleName did not match any paths pattern 
next-flight-client-entry-loader
2025-08-31T23:32:54.633Z next:jsconfig-paths-plugin moduleName did not match any paths pattern 
next-flight-client-entry-loader
2025-08-31T23:32:54.633Z next:jsconfig-paths-plugin moduleName did not match any paths pattern 
next-flight-client-entry-loader
2025-08-31T23:32:54.634Z next:jsconfig-paths-plugin moduleName did not match any paths pattern 
next-flight-client-entry-loader
2025-08-31T23:32:54.634Z next:jsconfig-paths-plugin moduleName did not match any paths pattern 
next-flight-client-entry-loader
2025-08-31T23:32:54.634Z next:jsconfig-paths-plugin moduleName did not match any paths pattern 
next-flight-client-entry-loader
2025-08-31T23:32:54.634Z next:jsconfig-paths-plugin moduleName did not match any paths pattern 
next-flight-client-entry-loader
2025-08-31T23:32:54.634Z next:jsconfig-paths-plugin moduleName did not match any paths pattern 
next-flight-client-entry-loader
2025-08-31T23:32:54.635Z next:jsconfig-paths-plugin moduleName did not match any paths pattern 
next-flight-client-entry-loader
2025-08-31T23:32:54.635Z next:jsconfig-paths-plugin moduleName did not match any paths pattern 
next-flight-client-entry-loader
2025-08-31T23:32:54.653Z next:jsconfig-paths-plugin moduleName did not match any paths pattern 
next-flight-client-entry-loader
2025-08-31T23:32:54.654Z next:jsconfig-paths-plugin moduleName did not match any paths pattern 
next-flight-client-entry-loader
2025-08-31T23:32:54.654Z next:jsconfig-paths-plugin moduleName did not match any paths pattern 
next-flight-client-entry-loader
2025-08-31T23:32:54.655Z next:jsconfig-paths-plugin moduleName did not match any paths pattern 
next-flight-client-entry-loader
2025-08-31T23:32:54.655Z next:jsconfig-paths-plugin moduleName did not match any paths pattern 
next-flight-client-entry-loader
2025-08-31T23:32:54.655Z next:jsconfig-paths-plugin moduleName did not match any paths pattern 
next-flight-client-entry-loader
2025-08-31T23:32:54.655Z next:jsconfig-paths-plugin moduleName did not match any paths pattern 
next-flight-client-entry-loader
2025-08-31T23:32:54.655Z next:jsconfig-paths-plugin moduleName did not match any paths pattern 
next-flight-client-entry-loader
2025-08-31T23:32:54.655Z next:jsconfig-paths-plugin moduleName did not match any paths pattern 
next-flight-client-entry-loader
2025-08-31T23:32:54.655Z next:jsconfig-paths-plugin moduleName did not match any paths pattern 
next-flight-client-entry-loader
2025-08-31T23:32:54.655Z next:jsconfig-paths-plugin moduleName did not match any paths pattern 
next-flight-client-entry-loader
2025-08-31T23:32:54.656Z next:jsconfig-paths-plugin moduleName did not match any paths pattern 
next-flight-client-entry-loader
2025-08-31T23:32:54.656Z next:jsconfig-paths-plugin moduleName did not match any paths pattern 
next-flight-client-entry-loader
2025-08-31T23:32:54.656Z next:jsconfig-paths-plugin moduleName did not match any paths pattern 
next-flight-client-entry-loader
2025-08-31T23:32:54.656Z next:jsconfig-paths-plugin moduleName did not match any paths pattern 
next-flight-client-entry-loader
2025-08-31T23:32:54.656Z next:jsconfig-paths-plugin moduleName did not match any paths pattern 
next-flight-client-entry-loader
2025-08-31T23:32:54.656Z next:jsconfig-paths-plugin moduleName did not match any paths pattern 
next-flight-client-entry-loader
2025-08-31T23:32:54.656Z next:jsconfig-paths-plugin moduleName did not match any paths pattern 
next-flight-client-entry-loader
2025-08-31T23:32:54.656Z next:jsconfig-paths-plugin moduleName did not match any paths pattern 
next-flight-client-entry-loader
2025-08-31T23:32:54.656Z next:jsconfig-paths-plugin moduleName did not match any paths pattern 
next-flight-client-entry-loader
2025-08-31T23:32:54.656Z next:jsconfig-paths-plugin moduleName did not match any paths pattern 
next-flight-client-entry-loader
2025-08-31T23:32:54.656Z next:jsconfig-paths-plugin moduleName did not match any paths pattern 
next-flight-client-entry-loader
2025-08-31T23:32:54.656Z next:jsconfig-paths-plugin moduleName did not match any paths pattern 
next-flight-client-entry-loader
2025-08-31T23:32:54.656Z next:jsconfig-paths-plugin moduleName did not match any paths pattern 
next-flight-client-entry-loader
2025-08-31T23:32:54.657Z next:jsconfig-paths-plugin moduleName did not match any paths pattern 
next-flight-client-entry-loader
2025-08-31T23:32:54.657Z next:jsconfig-paths-plugin moduleName did not match any paths pattern 
next-flight-client-entry-loader
2025-08-31T23:32:54.657Z next:jsconfig-paths-plugin moduleName did not match any paths pattern 
next-flight-client-entry-loader
2025-08-31T23:32:54.657Z next:jsconfig-paths-plugin moduleName did not match any paths pattern 
next-flight-client-entry-loader
2025-08-31T23:32:54.657Z next:jsconfig-paths-plugin moduleName did not match any paths pattern 
next-flight-client-entry-loader
2025-08-31T23:32:54.657Z next:jsconfig-paths-plugin moduleName did not match any paths pattern 
next-flight-client-entry-loader
2025-08-31T23:32:54.657Z next:jsconfig-paths-plugin moduleName did not match any paths pattern 
next-flight-client-entry-loader
2025-08-31T23:32:54.657Z next:jsconfig-paths-plugin moduleName did not match any paths pattern 
next-flight-client-entry-loader
2025-08-31T23:32:54.657Z next:jsconfig-paths-plugin moduleName did not match any paths pattern 
next-flight-client-entry-loader
2025-08-31T23:32:54.657Z next:jsconfig-paths-plugin moduleName did not match any paths pattern 
next-flight-client-entry-loader
2025-08-31T23:32:54.657Z next:jsconfig-paths-plugin moduleName did not match any paths pattern 
next-flight-client-entry-loader
2025-08-31T23:32:54.657Z next:jsconfig-paths-plugin moduleName did not match any paths pattern 
next-flight-client-entry-loader
2025-08-31T23:32:54.657Z next:jsconfig-paths-plugin moduleName did not match any paths pattern 
next-flight-client-entry-loader
2025-08-31T23:32:54.657Z next:jsconfig-paths-plugin moduleName did not match any paths pattern 
next-flight-client-entry-loader
2025-08-31T23:32:54.658Z next:jsconfig-paths-plugin moduleName did not match any paths pattern 
next-flight-client-entry-loader
2025-08-31T23:32:54.658Z next:jsconfig-paths-plugin moduleName did not match any paths pattern 
next-flight-client-entry-loader
2025-08-31T23:32:54.658Z next:jsconfig-paths-plugin moduleName did not match any paths pattern 
next-flight-client-entry-loader
2025-08-31T23:32:54.658Z next:jsconfig-paths-plugin moduleName did not match any paths pattern 
next-flight-client-entry-loader
2025-08-31T23:32:54.658Z next:jsconfig-paths-plugin moduleName did not match any paths pattern 
next-flight-client-entry-loader
2025-08-31T23:32:54.658Z next:jsconfig-paths-plugin moduleName did not match any paths pattern 
next-flight-client-entry-loader
2025-08-31T23:32:54.658Z next:jsconfig-paths-plugin moduleName did not match any paths pattern 
next-flight-client-entry-loader
2025-08-31T23:32:54.658Z next:jsconfig-paths-plugin moduleName did not match any paths pattern 
next-flight-client-entry-loader
2025-08-31T23:32:54.658Z next:jsconfig-paths-plugin moduleName did not match any paths pattern 
next-flight-client-entry-loader
2025-08-31T23:32:54.658Z next:jsconfig-paths-plugin moduleName did not match any paths pattern 
next-flight-client-entry-loader
2025-08-31T23:32:54.658Z next:jsconfig-paths-plugin moduleName did not match any paths pattern 
next-flight-client-entry-loader
2025-08-31T23:32:54.658Z next:jsconfig-paths-plugin moduleName did not match any paths pattern 
next-flight-client-entry-loader
2025-08-31T23:32:54.659Z next:jsconfig-paths-plugin moduleName did not match any paths pattern 
next-flight-client-entry-loader
2025-08-31T23:32:54.659Z next:jsconfig-paths-plugin moduleName did not match any paths pattern 
next-flight-client-entry-loader
2025-08-31T23:32:54.659Z next:jsconfig-paths-plugin moduleName did not match any paths pattern 
next-flight-client-entry-loader
2025-08-31T23:32:54.659Z next:jsconfig-paths-plugin moduleName did not match any paths pattern 
next-flight-client-entry-loader
2025-08-31T23:32:54.659Z next:jsconfig-paths-plugin moduleName did not match any paths pattern 
next-flight-client-entry-loader
2025-08-31T23:32:54.659Z next:jsconfig-paths-plugin moduleName did not match any paths pattern 
next-flight-client-entry-loader
2025-08-31T23:32:54.659Z next:jsconfig-paths-plugin moduleName did not match any paths pattern 
next-flight-client-entry-loader
2025-08-31T23:32:54.659Z next:jsconfig-paths-plugin moduleName did not match any paths pattern 
next-flight-client-entry-loader
2025-08-31T23:32:54.659Z next:jsconfig-paths-plugin moduleName did not match any paths pattern 
next-flight-client-entry-loader
2025-08-31T23:32:54.659Z next:jsconfig-paths-plugin moduleName did not match any paths pattern 
next-flight-client-entry-loader
2025-08-31T23:32:54.659Z next:jsconfig-paths-plugin moduleName did not match any paths pattern 
next-flight-client-entry-loader
2025-08-31T23:32:54.659Z next:jsconfig-paths-plugin moduleName did not match any paths pattern 
next-flight-client-entry-loader
2025-08-31T23:32:54.660Z next:jsconfig-paths-plugin moduleName did not match any paths pattern 
next-flight-client-entry-loader
2025-08-31T23:32:54.660Z next:jsconfig-paths-plugin moduleName did not match any paths pattern 
next-flight-client-entry-loader
2025-08-31T23:32:54.660Z next:jsconfig-paths-plugin moduleName did not match any paths pattern 
next-flight-client-entry-loader
2025-08-31T23:32:54.660Z next:jsconfig-paths-plugin moduleName did not match any paths pattern 
next-flight-client-entry-loader
2025-08-31T23:32:54.660Z next:jsconfig-paths-plugin moduleName did not match any paths pattern 
next-flight-client-entry-loader
2025-08-31T23:32:54.660Z next:jsconfig-paths-plugin moduleName did not match any paths pattern 
next-flight-client-entry-loader
2025-08-31T23:32:54.660Z next:jsconfig-paths-plugin moduleName did not match any paths pattern 
next-flight-client-entry-loader
2025-08-31T23:32:54.661Z next:jsconfig-paths-plugin moduleName did not match any paths pattern 
next-flight-client-entry-loader
2025-08-31T23:32:54.661Z next:jsconfig-paths-plugin moduleName did not match any paths pattern 
next-flight-client-entry-loader
2025-08-31T23:32:54.661Z next:jsconfig-paths-plugin moduleName did not match any paths pattern 
next-flight-client-entry-loader
2025-08-31T23:32:54.661Z next:jsconfig-paths-plugin moduleName did not match any paths pattern 
next-flight-client-entry-loader
2025-08-31T23:32:54.661Z next:jsconfig-paths-plugin moduleName did not match any paths pattern 
next-flight-client-entry-loader
2025-08-31T23:32:54.662Z next:jsconfig-paths-plugin moduleName did not match any paths pattern 
next-flight-client-entry-loader
2025-08-31T23:32:54.662Z next:jsconfig-paths-plugin moduleName did not match any paths pattern 
next-flight-client-entry-loader
2025-08-31T23:32:54.662Z next:jsconfig-paths-plugin moduleName did not match any paths pattern 
next-flight-client-entry-loader
2025-08-31T23:32:54.662Z next:jsconfig-paths-plugin moduleName did not match any paths pattern 
next-flight-client-entry-loader
2025-08-31T23:32:54.662Z next:jsconfig-paths-plugin moduleName did not match any paths pattern 
next-flight-client-entry-loader
2025-08-31T23:32:54.662Z next:jsconfig-paths-plugin moduleName did not match any paths pattern 
next-flight-client-entry-loader
2025-08-31T23:32:54.662Z next:jsconfig-paths-plugin moduleName did not match any paths pattern 
next-flight-client-entry-loader
2025-08-31T23:32:54.662Z next:jsconfig-paths-plugin moduleName did not match any paths pattern 
next-flight-client-entry-loader
2025-08-31T23:32:54.662Z next:jsconfig-paths-plugin moduleName did not match any paths pattern 
next-flight-client-entry-loader
2025-08-31T23:32:54.662Z next:jsconfig-paths-plugin moduleName did not match any paths pattern 
next-flight-client-entry-loader
2025-08-31T23:32:54.662Z next:jsconfig-paths-plugin moduleName did not match any paths pattern 
next-flight-client-entry-loader
2025-08-31T23:32:54.662Z next:jsconfig-paths-plugin moduleName did not match any paths pattern 
next-flight-client-entry-loader
2025-08-31T23:32:54.662Z next:jsconfig-paths-plugin moduleName did not match any paths pattern 
next-flight-client-entry-loader
2025-08-31T23:32:54.662Z next:jsconfig-paths-plugin moduleName did not match any paths pattern 
next-flight-client-entry-loader
2025-08-31T23:32:54.662Z next:jsconfig-paths-plugin moduleName did not match any paths pattern 
next-flight-client-entry-loader
2025-08-31T23:32:54.663Z next:jsconfig-paths-plugin moduleName did not match any paths pattern 
next-flight-client-entry-loader
2025-08-31T23:32:54.683Z next:jsconfig-paths-plugin moduleName did not match any paths pattern 
next-flight-client-entry-loader
2025-08-31T23:32:54.684Z next:jsconfig-paths-plugin moduleName did not match any paths pattern 
next-flight-client-entry-loader
2025-08-31T23:32:54.684Z next:jsconfig-paths-plugin moduleName did not match any paths pattern 
next-flight-client-entry-loader
2025-08-31T23:32:54.684Z next:jsconfig-paths-plugin moduleName did not match any paths pattern 
next-flight-client-entry-loader
2025-08-31T23:32:54.684Z next:jsconfig-paths-plugin moduleName did not match any paths pattern 
next-flight-client-entry-loader
2025-08-31T23:32:54.684Z next:jsconfig-paths-plugin moduleName did not match any paths pattern 
next-flight-client-entry-loader
2025-08-31T23:32:54.684Z next:jsconfig-paths-plugin moduleName did not match any paths pattern 
next-flight-client-entry-loader
2025-08-31T23:32:54.684Z next:jsconfig-paths-plugin moduleName did not match any paths pattern 
next-flight-client-entry-loader
2025-08-31T23:32:54.684Z next:jsconfig-paths-plugin moduleName did not match any paths pattern 
next-flight-client-entry-loader
2025-08-31T23:32:54.684Z next:jsconfig-paths-plugin moduleName did not match any paths pattern 
next-flight-client-entry-loader
2025-08-31T23:32:54.684Z next:jsconfig-paths-plugin moduleName did not match any paths pattern 
next-flight-client-entry-loader
2025-08-31T23:32:54.685Z next:jsconfig-paths-plugin moduleName did not match any paths pattern 
next-flight-client-entry-loader
2025-08-31T23:32:54.685Z next:jsconfig-paths-plugin moduleName did not match any paths pattern 
next-flight-client-entry-loader
2025-08-31T23:32:54.685Z next:jsconfig-paths-plugin moduleName did not match any paths pattern 
next-flight-client-entry-loader
2025-08-31T23:32:54.685Z next:jsconfig-paths-plugin moduleName did not match any paths pattern 
next-flight-client-entry-loader
2025-08-31T23:32:54.685Z next:jsconfig-paths-plugin moduleName did not match any paths pattern 
next-flight-client-entry-loader
2025-08-31T23:32:54.685Z next:jsconfig-paths-plugin moduleName did not match any paths pattern 
next-flight-client-entry-loader
2025-08-31T23:32:54.685Z next:jsconfig-paths-plugin moduleName did not match any paths pattern 
next-flight-client-entry-loader
2025-08-31T23:32:54.685Z next:jsconfig-paths-plugin moduleName did not match any paths pattern 
next-flight-client-entry-loader
2025-08-31T23:32:54.685Z next:jsconfig-paths-plugin moduleName did not match any paths pattern 
next-flight-client-entry-loader
2025-08-31T23:32:54.685Z next:jsconfig-paths-plugin moduleName did not match any paths pattern 
next-flight-client-entry-loader
2025-08-31T23:32:54.685Z next:jsconfig-paths-plugin moduleName did not match any paths pattern 
next-flight-client-entry-loader
2025-08-31T23:32:54.685Z next:jsconfig-paths-plugin moduleName did not match any paths pattern 
next-flight-client-entry-loader
2025-08-31T23:32:54.685Z next:jsconfig-paths-plugin moduleName did not match any paths pattern 
next-flight-client-entry-loader
2025-08-31T23:32:54.685Z next:jsconfig-paths-plugin moduleName did not match any paths pattern 
next-flight-client-entry-loader
2025-08-31T23:32:54.686Z next:jsconfig-paths-plugin moduleName did not match any paths pattern 
next-flight-client-entry-loader
2025-08-31T23:32:54.686Z next:jsconfig-paths-plugin moduleName did not match any paths pattern 
next-flight-client-entry-loader
2025-08-31T23:32:54.686Z next:jsconfig-paths-plugin moduleName did not match any paths pattern 
next-flight-client-entry-loader
2025-08-31T23:32:54.686Z next:jsconfig-paths-plugin moduleName did not match any paths pattern 
next-flight-client-entry-loader
2025-08-31T23:32:54.686Z next:jsconfig-paths-plugin moduleName did not match any paths pattern 
next-flight-client-entry-loader
2025-08-31T23:32:54.686Z next:jsconfig-paths-plugin moduleName did not match any paths pattern 
next-flight-client-entry-loader
2025-08-31T23:32:54.686Z next:jsconfig-paths-plugin moduleName did not match any paths pattern 
next-flight-client-entry-loader
2025-08-31T23:32:54.686Z next:jsconfig-paths-plugin moduleName did not match any paths pattern 
next-flight-client-entry-loader
2025-08-31T23:32:54.686Z next:jsconfig-paths-plugin moduleName did not match any paths pattern 
next-flight-client-entry-loader
2025-08-31T23:32:54.686Z next:jsconfig-paths-plugin moduleName did not match any paths pattern 
next-flight-client-entry-loader
2025-08-31T23:32:54.686Z next:jsconfig-paths-plugin moduleName did not match any paths pattern 
next-flight-client-entry-loader
2025-08-31T23:32:54.686Z next:jsconfig-paths-plugin moduleName did not match any paths pattern 
next-flight-client-entry-loader
2025-08-31T23:32:54.686Z next:jsconfig-paths-plugin moduleName did not match any paths pattern 
next-flight-client-entry-loader
2025-08-31T23:32:54.686Z next:jsconfig-paths-plugin moduleName did not match any paths pattern 
next-flight-client-entry-loader
2025-08-31T23:32:54.687Z next:jsconfig-paths-plugin moduleName did not match any paths pattern 
next-flight-client-entry-loader
2025-08-31T23:32:54.687Z next:jsconfig-paths-plugin moduleName did not match any paths pattern 
next-flight-client-entry-loader
2025-08-31T23:32:54.687Z next:jsconfig-paths-plugin moduleName did not match any paths pattern 
next-flight-client-entry-loader
2025-08-31T23:32:54.687Z next:jsconfig-paths-plugin moduleName did not match any paths pattern 
next-flight-client-entry-loader
2025-08-31T23:32:54.687Z next:jsconfig-paths-plugin moduleName did not match any paths pattern 
next-flight-client-entry-loader
2025-08-31T23:32:54.687Z next:jsconfig-paths-plugin moduleName did not match any paths pattern 
next-flight-client-entry-loader
2025-08-31T23:32:54.687Z next:jsconfig-paths-plugin moduleName did not match any paths pattern 
next-flight-client-entry-loader
2025-08-31T23:32:54.687Z next:jsconfig-paths-plugin moduleName did not match any paths pattern 
next-flight-client-entry-loader
2025-08-31T23:32:54.687Z next:jsconfig-paths-plugin moduleName did not match any paths pattern 
next-flight-client-entry-loader
2025-08-31T23:32:54.687Z next:jsconfig-paths-plugin moduleName did not match any paths pattern 
next-flight-client-entry-loader
2025-08-31T23:32:54.687Z next:jsconfig-paths-plugin moduleName did not match any paths pattern 
next-flight-client-entry-loader
2025-08-31T23:32:54.688Z next:jsconfig-paths-plugin moduleName did not match any paths pattern 
next-flight-client-entry-loader
2025-08-31T23:32:54.688Z next:jsconfig-paths-plugin moduleName did not match any paths pattern 
next-flight-client-entry-loader
2025-08-31T23:32:54.688Z next:jsconfig-paths-plugin moduleName did not match any paths pattern 
next-flight-client-entry-loader
2025-08-31T23:32:54.688Z next:jsconfig-paths-plugin moduleName did not match any paths pattern 
next-flight-client-entry-loader
2025-08-31T23:32:54.688Z next:jsconfig-paths-plugin moduleName did not match any paths pattern 
next-flight-client-entry-loader
2025-08-31T23:32:54.688Z next:jsconfig-paths-plugin moduleName did not match any paths pattern 
next-flight-client-entry-loader
2025-08-31T23:32:54.688Z next:jsconfig-paths-plugin moduleName did not match any paths pattern 
next-flight-client-entry-loader
2025-08-31T23:32:54.688Z next:jsconfig-paths-plugin moduleName did not match any paths pattern 
next-flight-client-entry-loader
2025-08-31T23:32:54.688Z next:jsconfig-paths-plugin moduleName did not match any paths pattern 
next-flight-client-entry-loader
2025-08-31T23:32:54.688Z next:jsconfig-paths-plugin moduleName did not match any paths pattern 
next-flight-client-entry-loader
2025-08-31T23:32:54.688Z next:jsconfig-paths-plugin moduleName did not match any paths pattern 
next-flight-client-entry-loader
2025-08-31T23:32:54.688Z next:jsconfig-paths-plugin moduleName did not match any paths pattern 
next-flight-client-entry-loader
2025-08-31T23:32:54.688Z next:jsconfig-paths-plugin moduleName did not match any paths pattern 
next-flight-client-entry-loader
2025-08-31T23:32:54.688Z next:jsconfig-paths-plugin moduleName did not match any paths pattern 
next-flight-client-entry-loader
2025-08-31T23:32:54.689Z next:jsconfig-paths-plugin moduleName did not match any paths pattern 
next-flight-client-entry-loader
2025-08-31T23:32:54.689Z next:jsconfig-paths-plugin moduleName did not match any paths pattern 
next-flight-client-entry-loader
2025-08-31T23:32:54.689Z next:jsconfig-paths-plugin moduleName did not match any paths pattern 
next-flight-client-entry-loader
2025-08-31T23:32:54.689Z next:jsconfig-paths-plugin moduleName did not match any paths pattern 
next-flight-client-entry-loader
2025-08-31T23:32:54.689Z next:jsconfig-paths-plugin moduleName did not match any paths pattern 
next-flight-client-entry-loader
2025-08-31T23:32:54.689Z next:jsconfig-paths-plugin moduleName did not match any paths pattern 
next-flight-client-entry-loader
2025-08-31T23:32:54.689Z next:jsconfig-paths-plugin moduleName did not match any paths pattern 
next-flight-client-entry-loader
2025-08-31T23:32:54.689Z next:jsconfig-paths-plugin moduleName did not match any paths pattern 
next-flight-client-entry-loader
2025-08-31T23:32:54.689Z next:jsconfig-paths-plugin moduleName did not match any paths pattern 
next-flight-client-entry-loader
2025-08-31T23:32:54.689Z next:jsconfig-paths-plugin moduleName did not match any paths pattern 
next-flight-client-entry-loader
2025-08-31T23:32:54.689Z next:jsconfig-paths-plugin moduleName did not match any paths pattern 
next-flight-client-entry-loader
2025-08-31T23:32:54.689Z next:jsconfig-paths-plugin moduleName did not match any paths pattern 
next-flight-client-entry-loader
2025-08-31T23:32:54.689Z next:jsconfig-paths-plugin moduleName did not match any paths pattern 
next-flight-client-entry-loader
2025-08-31T23:32:54.689Z next:jsconfig-paths-plugin moduleName did not match any paths pattern 
next-flight-client-entry-loader
2025-08-31T23:32:54.689Z next:jsconfig-paths-plugin moduleName did not match any paths pattern 
next-flight-client-entry-loader
2025-08-31T23:32:54.690Z next:jsconfig-paths-plugin moduleName did not match any paths pattern 
next-flight-client-entry-loader
2025-08-31T23:32:54.690Z next:jsconfig-paths-plugin moduleName did not match any paths pattern 
next-flight-client-entry-loader
2025-08-31T23:32:54.690Z next:jsconfig-paths-plugin moduleName did not match any paths pattern 
next-flight-client-entry-loader
2025-08-31T23:32:54.690Z next:jsconfig-paths-plugin moduleName did not match any paths pattern 
next-flight-client-entry-loader
2025-08-31T23:32:54.690Z next:jsconfig-paths-plugin moduleName did not match any paths pattern 
next-flight-client-entry-loader
2025-08-31T23:32:54.690Z next:jsconfig-paths-plugin moduleName did not match any paths pattern 
next-flight-client-entry-loader
2025-08-31T23:32:54.690Z next:jsconfig-paths-plugin moduleName did not match any paths pattern 
next-flight-client-entry-loader
2025-08-31T23:32:54.690Z next:jsconfig-paths-plugin moduleName did not match any paths pattern 
next-flight-client-entry-loader
2025-08-31T23:32:54.690Z next:jsconfig-paths-plugin moduleName did not match any paths pattern 
next-flight-client-entry-loader
2025-08-31T23:32:54.690Z next:jsconfig-paths-plugin moduleName did not match any paths pattern 
next-flight-client-entry-loader
2025-08-31T23:32:54.690Z next:jsconfig-paths-plugin moduleName did not match any paths pattern 
next-flight-client-entry-loader
2025-08-31T23:32:54.719Z next:jsconfig-paths-plugin moduleName did not match any paths pattern 
next-flight-client-entry-loader
2025-08-31T23:32:54.720Z next:jsconfig-paths-plugin moduleName did not match any paths pattern 
next-flight-client-entry-loader
2025-08-31T23:32:54.720Z next:jsconfig-paths-plugin moduleName did not match any paths pattern 
next-flight-client-entry-loader
2025-08-31T23:32:54.720Z next:jsconfig-paths-plugin moduleName did not match any paths pattern 
next-flight-client-entry-loader
2025-08-31T23:32:54.720Z next:jsconfig-paths-plugin moduleName did not match any paths pattern 
next-flight-client-entry-loader
2025-08-31T23:32:54.720Z next:jsconfig-paths-plugin moduleName did not match any paths pattern 
next-flight-client-entry-loader
2025-08-31T23:32:54.720Z next:jsconfig-paths-plugin moduleName did not match any paths pattern 
next-flight-client-entry-loader
2025-08-31T23:32:54.720Z next:jsconfig-paths-plugin moduleName did not match any paths pattern 
next-flight-client-entry-loader
2025-08-31T23:32:54.720Z next:jsconfig-paths-plugin moduleName did not match any paths pattern 
next-flight-client-entry-loader
2025-08-31T23:32:54.720Z next:jsconfig-paths-plugin moduleName did not match any paths pattern 
next-flight-client-entry-loader
2025-08-31T23:32:54.720Z next:jsconfig-paths-plugin moduleName did not match any paths pattern 
next-flight-client-entry-loader
2025-08-31T23:32:54.720Z next:jsconfig-paths-plugin moduleName did not match any paths pattern 
next-flight-client-entry-loader
2025-08-31T23:32:54.720Z next:jsconfig-paths-plugin moduleName did not match any paths pattern 
next-flight-client-entry-loader
2025-08-31T23:32:54.721Z next:jsconfig-paths-plugin moduleName did not match any paths pattern 
next-flight-client-entry-loader
2025-08-31T23:32:54.721Z next:jsconfig-paths-plugin moduleName did not match any paths pattern 
next-flight-client-entry-loader
2025-08-31T23:32:54.721Z next:jsconfig-paths-plugin moduleName did not match any paths pattern 
next-flight-client-entry-loader
2025-08-31T23:32:54.721Z next:jsconfig-paths-plugin moduleName did not match any paths pattern 
next-flight-client-entry-loader
2025-08-31T23:32:54.721Z next:jsconfig-paths-plugin moduleName did not match any paths pattern 
next-flight-client-entry-loader
2025-08-31T23:32:54.721Z next:jsconfig-paths-plugin moduleName did not match any paths pattern 
next-flight-client-entry-loader
2025-08-31T23:32:54.721Z next:jsconfig-paths-plugin moduleName did not match any paths pattern 
next-flight-client-entry-loader
2025-08-31T23:32:54.723Z next:jsconfig-paths-plugin moduleName did not match any paths pattern 
next-flight-client-entry-loader
2025-08-31T23:32:54.723Z next:jsconfig-paths-plugin moduleName did not match any paths pattern 
next-flight-client-entry-loader
2025-08-31T23:32:54.723Z next:jsconfig-paths-plugin moduleName did not match any paths pattern 
next-flight-client-entry-loader
2025-08-31T23:32:54.723Z next:jsconfig-paths-plugin moduleName did not match any paths pattern 
next-flight-client-entry-loader
2025-08-31T23:32:54.723Z next:jsconfig-paths-plugin moduleName did not match any paths pattern 
next-flight-client-entry-loader
2025-08-31T23:32:54.723Z next:jsconfig-paths-plugin moduleName did not match any paths pattern 
next-flight-client-entry-loader
2025-08-31T23:32:54.723Z next:jsconfig-paths-plugin moduleName did not match any paths pattern 
next-flight-client-entry-loader
2025-08-31T23:32:54.723Z next:jsconfig-paths-plugin moduleName did not match any paths pattern 
next-flight-client-entry-loader
2025-08-31T23:32:54.723Z next:jsconfig-paths-plugin moduleName did not match any paths pattern 
next-flight-client-entry-loader
2025-08-31T23:32:54.724Z next:jsconfig-paths-plugin moduleName did not match any paths pattern 
next-flight-client-entry-loader
2025-08-31T23:32:54.724Z next:jsconfig-paths-plugin moduleName did not match any paths pattern 
next-flight-client-entry-loader
2025-08-31T23:32:54.724Z next:jsconfig-paths-plugin moduleName did not match any paths pattern 
next-flight-client-entry-loader
2025-08-31T23:32:54.724Z next:jsconfig-paths-plugin moduleName did not match any paths pattern 
next-flight-client-entry-loader
2025-08-31T23:32:54.724Z next:jsconfig-paths-plugin moduleName did not match any paths pattern 
next-flight-client-entry-loader
2025-08-31T23:32:54.724Z next:jsconfig-paths-plugin moduleName did not match any paths pattern 
next-flight-client-entry-loader
2025-08-31T23:32:54.724Z next:jsconfig-paths-plugin moduleName did not match any paths pattern 
next-flight-client-entry-loader
2025-08-31T23:32:54.724Z next:jsconfig-paths-plugin moduleName did not match any paths pattern 
next-flight-client-entry-loader
2025-08-31T23:32:54.724Z next:jsconfig-paths-plugin moduleName did not match any paths pattern 
next-flight-client-entry-loader
2025-08-31T23:32:54.724Z next:jsconfig-paths-plugin moduleName did not match any paths pattern 
next-flight-client-entry-loader
2025-08-31T23:32:54.724Z next:jsconfig-paths-plugin moduleName did not match any paths pattern 
next-flight-client-entry-loader
2025-08-31T23:32:54.730Z next:jsconfig-paths-plugin moduleName did not match any paths pattern 
next-flight-client-entry-loader
2025-08-31T23:32:54.731Z next:jsconfig-paths-plugin moduleName did not match any paths pattern 
next-flight-client-entry-loader
2025-08-31T23:32:54.731Z next:jsconfig-paths-plugin moduleName did not match any paths pattern 
next-flight-client-entry-loader
2025-08-31T23:32:54.731Z next:jsconfig-paths-plugin moduleName did not match any paths pattern 
next-flight-client-entry-loader
2025-08-31T23:32:54.731Z next:jsconfig-paths-plugin moduleName did not match any paths pattern 
next-flight-client-entry-loader
2025-08-31T23:32:54.731Z next:jsconfig-paths-plugin moduleName did not match any paths pattern 
next-flight-client-entry-loader
2025-08-31T23:32:54.731Z next:jsconfig-paths-plugin moduleName did not match any paths pattern 
next-flight-client-entry-loader
2025-08-31T23:32:54.731Z next:jsconfig-paths-plugin moduleName did not match any paths pattern 
next-flight-client-entry-loader
2025-08-31T23:32:54.731Z next:jsconfig-paths-plugin moduleName did not match any paths pattern 
next-flight-client-entry-loader
2025-08-31T23:32:54.731Z next:jsconfig-paths-plugin moduleName did not match any paths pattern 
next-flight-client-entry-loader
2025-08-31T23:32:54.731Z next:jsconfig-paths-plugin moduleName did not match any paths pattern 
next-flight-client-entry-loader
2025-08-31T23:32:54.731Z next:jsconfig-paths-plugin moduleName did not match any paths pattern 
next-flight-client-entry-loader
2025-08-31T23:32:54.732Z next:jsconfig-paths-plugin moduleName did not match any paths pattern 
next-flight-client-entry-loader
2025-08-31T23:32:54.733Z next:jsconfig-paths-plugin moduleName did not match any paths pattern 
next-flight-client-entry-loader
2025-08-31T23:32:54.733Z next:jsconfig-paths-plugin moduleName did not match any paths pattern 
next-flight-client-entry-loader
2025-08-31T23:32:54.733Z next:jsconfig-paths-plugin moduleName did not match any paths pattern 
next-flight-client-entry-loader
2025-08-31T23:32:54.733Z next:jsconfig-paths-plugin moduleName did not match any paths pattern 
next-flight-client-entry-loader
2025-08-31T23:32:54.733Z next:jsconfig-paths-plugin moduleName did not match any paths pattern 
next-flight-client-entry-loader
2025-08-31T23:32:54.734Z next:jsconfig-paths-plugin moduleName did not match any paths pattern 
next-flight-client-entry-loader
2025-08-31T23:32:54.734Z next:jsconfig-paths-plugin moduleName did not match any paths pattern 
next-flight-client-entry-loader
2025-08-31T23:32:54.734Z next:jsconfig-paths-plugin moduleName did not match any paths pattern 
next-flight-client-entry-loader
2025-08-31T23:32:54.734Z next:jsconfig-paths-plugin moduleName did not match any paths pattern 
next-flight-client-entry-loader
2025-08-31T23:32:54.734Z next:jsconfig-paths-plugin moduleName did not match any paths pattern 
next-flight-client-entry-loader
2025-08-31T23:32:54.734Z next:jsconfig-paths-plugin moduleName did not match any paths pattern 
next-flight-client-entry-loader
2025-08-31T23:32:54.734Z next:jsconfig-paths-plugin moduleName did not match any paths pattern 
next-flight-client-entry-loader
2025-08-31T23:32:54.734Z next:jsconfig-paths-plugin moduleName did not match any paths pattern 
next-flight-client-entry-loader
2025-08-31T23:32:54.734Z next:jsconfig-paths-plugin moduleName did not match any paths pattern 
next-flight-client-entry-loader
2025-08-31T23:32:54.734Z next:jsconfig-paths-plugin moduleName did not match any paths pattern 
next-flight-client-entry-loader
2025-08-31T23:32:54.734Z next:jsconfig-paths-plugin moduleName did not match any paths pattern 
next-flight-client-entry-loader
2025-08-31T23:32:54.734Z next:jsconfig-paths-plugin moduleName did not match any paths pattern 
next-flight-client-entry-loader
2025-08-31T23:32:54.734Z next:jsconfig-paths-plugin moduleName did not match any paths pattern 
next-flight-client-entry-loader
2025-08-31T23:32:54.734Z next:jsconfig-paths-plugin moduleName did not match any paths pattern 
next-flight-client-entry-loader
2025-08-31T23:32:54.735Z next:jsconfig-paths-plugin moduleName did not match any paths pattern 
next-flight-client-entry-loader
2025-08-31T23:32:54.735Z next:jsconfig-paths-plugin moduleName did not match any paths pattern 
next-flight-client-entry-loader
2025-08-31T23:32:54.735Z next:jsconfig-paths-plugin moduleName did not match any paths pattern 
next-flight-client-entry-loader
2025-08-31T23:32:54.735Z next:jsconfig-paths-plugin moduleName did not match any paths pattern 
next-flight-client-entry-loader
2025-08-31T23:32:54.735Z next:jsconfig-paths-plugin moduleName did not match any paths pattern 
next-flight-client-entry-loader
2025-08-31T23:32:54.735Z next:jsconfig-paths-plugin moduleName did not match any paths pattern 
next-flight-client-entry-loader
2025-08-31T23:32:54.735Z next:jsconfig-paths-plugin moduleName did not match any paths pattern 
next-flight-client-entry-loader
2025-08-31T23:32:54.735Z next:jsconfig-paths-plugin moduleName did not match any paths pattern 
next-flight-client-entry-loader
2025-08-31T23:32:54.735Z next:jsconfig-paths-plugin moduleName did not match any paths pattern 
next-flight-client-entry-loader
2025-08-31T23:32:54.735Z next:jsconfig-paths-plugin moduleName did not match any paths pattern 
next-flight-client-entry-loader
2025-08-31T23:32:54.735Z next:jsconfig-paths-plugin moduleName did not match any paths pattern 
next-flight-client-entry-loader
2025-08-31T23:32:54.735Z next:jsconfig-paths-plugin moduleName did not match any paths pattern 
next-flight-client-entry-loader
2025-08-31T23:32:54.735Z next:jsconfig-paths-plugin moduleName did not match any paths pattern 
next-flight-client-entry-loader
2025-08-31T23:32:54.735Z next:jsconfig-paths-plugin moduleName did not match any paths pattern 
next-flight-client-entry-loader
2025-08-31T23:32:54.736Z next:jsconfig-paths-plugin moduleName did not match any paths pattern 
next-flight-client-entry-loader
2025-08-31T23:32:54.736Z next:jsconfig-paths-plugin moduleName did not match any paths pattern 
next-flight-client-entry-loader
2025-08-31T23:32:54.736Z next:jsconfig-paths-plugin moduleName did not match any paths pattern 
next-flight-client-entry-loader
2025-08-31T23:32:54.736Z next:jsconfig-paths-plugin moduleName did not match any paths pattern 
next-flight-client-entry-loader
2025-08-31T23:32:54.736Z next:jsconfig-paths-plugin moduleName did not match any paths pattern 
next-flight-client-entry-loader
2025-08-31T23:32:54.736Z next:jsconfig-paths-plugin moduleName did not match any paths pattern 
next-flight-client-entry-loader
2025-08-31T23:32:54.736Z next:jsconfig-paths-plugin moduleName did not match any paths pattern 
next-flight-client-entry-loader
2025-08-31T23:32:54.736Z next:jsconfig-paths-plugin moduleName did not match any paths pattern 
next-flight-client-entry-loader
2025-08-31T23:32:54.736Z next:jsconfig-paths-plugin moduleName did not match any paths pattern 
next-flight-client-entry-loader
2025-08-31T23:32:54.736Z next:jsconfig-paths-plugin moduleName did not match any paths pattern 
next-flight-client-entry-loader
2025-08-31T23:32:54.736Z next:jsconfig-paths-plugin moduleName did not match any paths pattern 
next-flight-client-entry-loader
2025-08-31T23:32:54.736Z next:jsconfig-paths-plugin moduleName did not match any paths pattern 
next-flight-client-entry-loader
2025-08-31T23:32:54.736Z next:jsconfig-paths-plugin moduleName did not match any paths pattern 
next-flight-client-entry-loader
2025-08-31T23:32:54.736Z next:jsconfig-paths-plugin moduleName did not match any paths pattern 
next-flight-client-entry-loader
2025-08-31T23:32:54.736Z next:jsconfig-paths-plugin moduleName did not match any paths pattern 
next-flight-client-entry-loader
2025-08-31T23:32:54.736Z next:jsconfig-paths-plugin moduleName did not match any paths pattern 
next-flight-client-entry-loader
2025-08-31T23:32:54.737Z next:jsconfig-paths-plugin moduleName did not match any paths pattern 
next-flight-client-entry-loader
2025-08-31T23:32:54.737Z next:jsconfig-paths-plugin moduleName did not match any paths pattern 
next-flight-client-entry-loader
2025-08-31T23:32:54.737Z next:jsconfig-paths-plugin moduleName did not match any paths pattern 
next-flight-client-entry-loader
2025-08-31T23:32:54.737Z next:jsconfig-paths-plugin moduleName did not match any paths pattern 
next-flight-client-entry-loader
2025-08-31T23:32:54.737Z next:jsconfig-paths-plugin moduleName did not match any paths pattern 
next-flight-client-entry-loader
2025-08-31T23:32:54.737Z next:jsconfig-paths-plugin moduleName did not match any paths pattern 
next-flight-client-entry-loader
2025-08-31T23:32:54.737Z next:jsconfig-paths-plugin moduleName did not match any paths pattern 
next-flight-client-entry-loader
2025-08-31T23:32:54.737Z next:jsconfig-paths-plugin moduleName did not match any paths pattern 
next-flight-client-entry-loader
2025-08-31T23:32:54.749Z next:jsconfig-paths-plugin moduleName did not match any paths pattern 
next-flight-client-entry-loader
2025-08-31T23:32:54.753Z next:jsconfig-paths-plugin moduleName did not match any paths pattern 
next-flight-client-entry-loader
2025-08-31T23:32:54.753Z next:jsconfig-paths-plugin moduleName did not match any paths pattern 
next-flight-client-entry-loader
2025-08-31T23:32:54.753Z next:jsconfig-paths-plugin moduleName did not match any paths pattern 
next-flight-client-entry-loader
2025-08-31T23:32:54.753Z next:jsconfig-paths-plugin moduleName did not match any paths pattern 
next-flight-client-entry-loader
2025-08-31T23:32:54.753Z next:jsconfig-paths-plugin moduleName did not match any paths pattern 
next-flight-client-entry-loader
2025-08-31T23:32:54.753Z next:jsconfig-paths-plugin moduleName did not match any paths pattern 
next-flight-client-entry-loader
2025-08-31T23:32:54.753Z next:jsconfig-paths-plugin moduleName did not match any paths pattern 
next-flight-client-entry-loader
2025-08-31T23:32:54.753Z next:jsconfig-paths-plugin moduleName did not match any paths pattern 
next-flight-client-entry-loader
2025-08-31T23:32:54.753Z next:jsconfig-paths-plugin moduleName did not match any paths pattern 
next-flight-client-entry-loader
2025-08-31T23:32:54.753Z next:jsconfig-paths-plugin moduleName did not match any paths pattern 
next-flight-client-entry-loader
2025-08-31T23:32:54.753Z next:jsconfig-paths-plugin moduleName did not match any paths pattern 
next-flight-client-entry-loader
2025-08-31T23:32:54.754Z next:jsconfig-paths-plugin moduleName did not match any paths pattern 
next-flight-client-entry-loader
2025-08-31T23:32:54.754Z next:jsconfig-paths-plugin moduleName did not match any paths pattern 
next-flight-client-entry-loader
2025-08-31T23:32:54.754Z next:jsconfig-paths-plugin moduleName did not match any paths pattern 
next-flight-client-entry-loader
2025-08-31T23:32:54.754Z next:jsconfig-paths-plugin moduleName did not match any paths pattern 
next-flight-client-entry-loader
2025-08-31T23:32:54.754Z next:jsconfig-paths-plugin moduleName did not match any paths pattern 
next-flight-client-entry-loader
2025-08-31T23:32:54.754Z next:jsconfig-paths-plugin moduleName did not match any paths pattern 
next-flight-client-entry-loader
2025-08-31T23:32:54.754Z next:jsconfig-paths-plugin moduleName did not match any paths pattern 
next-flight-client-entry-loader
2025-08-31T23:32:54.754Z next:jsconfig-paths-plugin moduleName did not match any paths pattern 
next-flight-client-entry-loader
2025-08-31T23:32:54.754Z next:jsconfig-paths-plugin moduleName did not match any paths pattern 
next-flight-client-entry-loader
2025-08-31T23:32:54.754Z next:jsconfig-paths-plugin moduleName did not match any paths pattern 
next-flight-client-entry-loader
2025-08-31T23:32:54.754Z next:jsconfig-paths-plugin moduleName did not match any paths pattern 
next-flight-client-entry-loader
2025-08-31T23:32:54.754Z next:jsconfig-paths-plugin moduleName did not match any paths pattern 
next-flight-client-entry-loader
2025-08-31T23:32:54.754Z next:jsconfig-paths-plugin moduleName did not match any paths pattern 
next-flight-client-entry-loader
2025-08-31T23:32:54.754Z next:jsconfig-paths-plugin moduleName did not match any paths pattern 
next-flight-client-entry-loader
2025-08-31T23:32:54.754Z next:jsconfig-paths-plugin moduleName did not match any paths pattern 
next-flight-client-entry-loader
2025-08-31T23:32:54.755Z next:jsconfig-paths-plugin moduleName did not match any paths pattern 
next-flight-client-entry-loader
2025-08-31T23:32:54.755Z next:jsconfig-paths-plugin moduleName did not match any paths pattern 
next-flight-client-entry-loader
2025-08-31T23:32:54.755Z next:jsconfig-paths-plugin moduleName did not match any paths pattern 
next-flight-client-entry-loader
2025-08-31T23:32:54.755Z next:jsconfig-paths-plugin moduleName did not match any paths pattern 
next-flight-client-entry-loader
2025-08-31T23:32:54.755Z next:jsconfig-paths-plugin moduleName did not match any paths pattern 
next-flight-client-entry-loader
2025-08-31T23:32:54.755Z next:jsconfig-paths-plugin moduleName did not match any paths pattern 
next-flight-client-entry-loader
2025-08-31T23:32:54.755Z next:jsconfig-paths-plugin moduleName did not match any paths pattern 
next-flight-client-entry-loader
2025-08-31T23:32:54.755Z next:jsconfig-paths-plugin moduleName did not match any paths pattern 
next-flight-client-entry-loader
2025-08-31T23:32:54.755Z next:jsconfig-paths-plugin moduleName did not match any paths pattern 
next-flight-client-entry-loader
2025-08-31T23:32:54.755Z next:jsconfig-paths-plugin moduleName did not match any paths pattern 
next-flight-client-entry-loader
2025-08-31T23:32:54.755Z next:jsconfig-paths-plugin moduleName did not match any paths pattern 
next-flight-client-entry-loader
2025-08-31T23:32:54.755Z next:jsconfig-paths-plugin moduleName did not match any paths pattern 
next-flight-client-entry-loader
2025-08-31T23:32:54.755Z next:jsconfig-paths-plugin moduleName did not match any paths pattern 
next-flight-client-entry-loader
2025-08-31T23:32:54.755Z next:jsconfig-paths-plugin moduleName did not match any paths pattern 
next-flight-client-entry-loader
2025-08-31T23:32:54.755Z next:jsconfig-paths-plugin moduleName did not match any paths pattern 
next-flight-client-entry-loader
2025-08-31T23:32:54.755Z next:jsconfig-paths-plugin moduleName did not match any paths pattern 
next-flight-client-entry-loader
2025-08-31T23:32:54.756Z next:jsconfig-paths-plugin moduleName did not match any paths pattern 
next-flight-client-entry-loader
2025-08-31T23:32:54.756Z next:jsconfig-paths-plugin moduleName did not match any paths pattern 
next-flight-client-entry-loader
2025-08-31T23:32:54.756Z next:jsconfig-paths-plugin moduleName did not match any paths pattern 
next-flight-client-entry-loader
2025-08-31T23:32:54.756Z next:jsconfig-paths-plugin moduleName did not match any paths pattern 
next-flight-client-entry-loader
2025-08-31T23:32:54.756Z next:jsconfig-paths-plugin moduleName did not match any paths pattern 
next-flight-client-entry-loader
2025-08-31T23:32:54.756Z next:jsconfig-paths-plugin moduleName did not match any paths pattern 
next-flight-client-entry-loader
2025-08-31T23:32:54.756Z next:jsconfig-paths-plugin moduleName did not match any paths pattern 
next-flight-client-entry-loader
2025-08-31T23:32:54.756Z next:jsconfig-paths-plugin moduleName did not match any paths pattern 
next-flight-client-entry-loader
2025-08-31T23:32:54.756Z next:jsconfig-paths-plugin moduleName did not match any paths pattern 
next-flight-client-entry-loader
2025-08-31T23:32:54.756Z next:jsconfig-paths-plugin moduleName did not match any paths pattern 
next-flight-client-entry-loader
2025-08-31T23:32:54.756Z next:jsconfig-paths-plugin moduleName did not match any paths pattern 
next-flight-client-entry-loader
2025-08-31T23:32:54.756Z next:jsconfig-paths-plugin moduleName did not match any paths pattern 
next-flight-client-entry-loader
2025-08-31T23:32:54.756Z next:jsconfig-paths-plugin moduleName did not match any paths pattern 
next-flight-client-entry-loader
2025-08-31T23:32:54.756Z next:jsconfig-paths-plugin moduleName did not match any paths pattern 
next-flight-client-entry-loader
2025-08-31T23:32:54.756Z next:jsconfig-paths-plugin moduleName did not match any paths pattern 
next-flight-client-entry-loader
2025-08-31T23:32:54.756Z next:jsconfig-paths-plugin moduleName did not match any paths pattern 
next-flight-client-entry-loader
2025-08-31T23:32:54.756Z next:jsconfig-paths-plugin moduleName did not match any paths pattern 
next-flight-client-entry-loader
2025-08-31T23:32:54.757Z next:jsconfig-paths-plugin moduleName did not match any paths pattern 
next-flight-client-entry-loader
2025-08-31T23:32:54.757Z next:jsconfig-paths-plugin moduleName did not match any paths pattern 
next-flight-client-entry-loader
2025-08-31T23:32:54.757Z next:jsconfig-paths-plugin moduleName did not match any paths pattern 
next-flight-client-entry-loader
2025-08-31T23:32:54.757Z next:jsconfig-paths-plugin moduleName did not match any paths pattern 
next-flight-client-entry-loader
2025-08-31T23:32:54.757Z next:jsconfig-paths-plugin moduleName did not match any paths pattern 
next-flight-client-entry-loader
2025-08-31T23:32:54.757Z next:jsconfig-paths-plugin moduleName did not match any paths pattern 
next-flight-client-entry-loader
2025-08-31T23:32:54.757Z next:jsconfig-paths-plugin moduleName did not match any paths pattern 
next-flight-client-entry-loader
2025-08-31T23:32:54.757Z next:jsconfig-paths-plugin moduleName did not match any paths pattern 
next-flight-client-entry-loader
2025-08-31T23:32:54.757Z next:jsconfig-paths-plugin moduleName did not match any paths pattern 
next-flight-client-entry-loader
2025-08-31T23:32:54.757Z next:jsconfig-paths-plugin moduleName did not match any paths pattern 
next-flight-client-entry-loader
2025-08-31T23:32:54.773Z next:jsconfig-paths-plugin moduleName did not match any paths pattern 
next-flight-client-entry-loader
2025-08-31T23:32:54.773Z next:jsconfig-paths-plugin moduleName did not match any paths pattern 
next-flight-client-entry-loader
2025-08-31T23:32:54.773Z next:jsconfig-paths-plugin moduleName did not match any paths pattern 
next-flight-client-entry-loader
2025-08-31T23:32:54.773Z next:jsconfig-paths-plugin moduleName did not match any paths pattern 
next-flight-client-entry-loader
2025-08-31T23:32:54.773Z next:jsconfig-paths-plugin moduleName did not match any paths pattern 
next-flight-client-entry-loader
2025-08-31T23:32:54.773Z next:jsconfig-paths-plugin moduleName did not match any paths pattern 
next-flight-client-entry-loader
2025-08-31T23:32:54.773Z next:jsconfig-paths-plugin moduleName did not match any paths pattern 
next-flight-client-entry-loader
2025-08-31T23:32:54.773Z next:jsconfig-paths-plugin moduleName did not match any paths pattern 
next-flight-client-entry-loader
2025-08-31T23:32:54.773Z next:jsconfig-paths-plugin moduleName did not match any paths pattern 
next-flight-client-entry-loader
2025-08-31T23:32:54.773Z next:jsconfig-paths-plugin moduleName did not match any paths pattern 
next-flight-client-entry-loader
2025-08-31T23:32:54.774Z next:jsconfig-paths-plugin moduleName did not match any paths pattern 
next-flight-client-entry-loader
2025-08-31T23:32:54.774Z next:jsconfig-paths-plugin moduleName did not match any paths pattern 
next-flight-client-entry-loader
2025-08-31T23:32:54.774Z next:jsconfig-paths-plugin moduleName did not match any paths pattern 
next-flight-client-entry-loader
2025-08-31T23:32:54.774Z next:jsconfig-paths-plugin moduleName did not match any paths pattern 
next-flight-client-entry-loader
2025-08-31T23:32:54.774Z next:jsconfig-paths-plugin moduleName did not match any paths pattern 
next-flight-client-entry-loader
2025-08-31T23:32:54.774Z next:jsconfig-paths-plugin moduleName did not match any paths pattern 
next-flight-client-entry-loader
2025-08-31T23:32:54.774Z next:jsconfig-paths-plugin moduleName did not match any paths pattern 
next-flight-client-entry-loader
2025-08-31T23:32:54.774Z next:jsconfig-paths-plugin moduleName did not match any paths pattern 
next-flight-client-entry-loader
2025-08-31T23:32:54.774Z next:jsconfig-paths-plugin moduleName did not match any paths pattern 
next-flight-client-entry-loader
2025-08-31T23:32:54.774Z next:jsconfig-paths-plugin moduleName did not match any paths pattern 
next-flight-client-entry-loader
2025-08-31T23:32:54.774Z next:jsconfig-paths-plugin moduleName did not match any paths pattern 
next-flight-client-entry-loader
2025-08-31T23:32:54.774Z next:jsconfig-paths-plugin moduleName did not match any paths pattern 
next-flight-client-entry-loader
2025-08-31T23:32:54.774Z next:jsconfig-paths-plugin moduleName did not match any paths pattern 
next-flight-client-entry-loader
2025-08-31T23:32:54.775Z next:jsconfig-paths-plugin moduleName did not match any paths pattern 
next-flight-client-entry-loader
2025-08-31T23:32:54.775Z next:jsconfig-paths-plugin moduleName did not match any paths pattern 
next-flight-client-entry-loader
2025-08-31T23:32:54.775Z next:jsconfig-paths-plugin moduleName did not match any paths pattern 
next-flight-client-entry-loader
2025-08-31T23:32:54.775Z next:jsconfig-paths-plugin moduleName did not match any paths pattern 
next-flight-client-entry-loader
2025-08-31T23:32:54.775Z next:jsconfig-paths-plugin moduleName did not match any paths pattern 
next-flight-client-entry-loader
2025-08-31T23:32:54.775Z next:jsconfig-paths-plugin moduleName did not match any paths pattern 
next-flight-client-entry-loader
2025-08-31T23:32:54.775Z next:jsconfig-paths-plugin moduleName did not match any paths pattern 
next-flight-client-entry-loader
2025-08-31T23:32:54.775Z next:jsconfig-paths-plugin moduleName did not match any paths pattern 
next-flight-client-entry-loader
2025-08-31T23:32:54.775Z next:jsconfig-paths-plugin moduleName did not match any paths pattern 
next-flight-client-entry-loader
2025-08-31T23:32:54.775Z next:jsconfig-paths-plugin moduleName did not match any paths pattern 
next-flight-client-entry-loader
2025-08-31T23:32:54.775Z next:jsconfig-paths-plugin moduleName did not match any paths pattern 
next-flight-client-entry-loader
2025-08-31T23:32:54.775Z next:jsconfig-paths-plugin moduleName did not match any paths pattern 
next-flight-client-entry-loader
2025-08-31T23:32:54.775Z next:jsconfig-paths-plugin moduleName did not match any paths pattern 
next-flight-client-entry-loader
2025-08-31T23:32:54.775Z next:jsconfig-paths-plugin moduleName did not match any paths pattern 
next-flight-client-entry-loader
2025-08-31T23:32:54.775Z next:jsconfig-paths-plugin moduleName did not match any paths pattern 
next-flight-client-entry-loader
2025-08-31T23:32:54.775Z next:jsconfig-paths-plugin moduleName did not match any paths pattern 
next-flight-client-entry-loader
2025-08-31T23:32:54.775Z next:jsconfig-paths-plugin moduleName did not match any paths pattern 
next-flight-client-entry-loader
2025-08-31T23:32:54.775Z next:jsconfig-paths-plugin moduleName did not match any paths pattern 
next-flight-client-entry-loader
2025-08-31T23:32:54.775Z next:jsconfig-paths-plugin moduleName did not match any paths pattern 
next-flight-client-entry-loader
2025-08-31T23:32:54.775Z next:jsconfig-paths-plugin moduleName did not match any paths pattern 
next-flight-client-entry-loader
2025-08-31T23:32:54.775Z next:jsconfig-paths-plugin moduleName did not match any paths pattern 
next-flight-client-entry-loader
2025-08-31T23:32:54.775Z next:jsconfig-paths-plugin moduleName did not match any paths pattern 
next-flight-client-entry-loader
2025-08-31T23:32:54.776Z next:jsconfig-paths-plugin moduleName did not match any paths pattern 
next-flight-client-entry-loader
2025-08-31T23:32:54.776Z next:jsconfig-paths-plugin moduleName did not match any paths pattern 
next-flight-client-entry-loader
2025-08-31T23:32:54.776Z next:jsconfig-paths-plugin moduleName did not match any paths pattern 
next-flight-client-entry-loader
2025-08-31T23:32:54.776Z next:jsconfig-paths-plugin moduleName did not match any paths pattern 
next-flight-client-entry-loader
2025-08-31T23:32:54.776Z next:jsconfig-paths-plugin moduleName did not match any paths pattern 
next-flight-client-entry-loader
2025-08-31T23:32:54.776Z next:jsconfig-paths-plugin moduleName did not match any paths pattern 
next-flight-client-entry-loader
2025-08-31T23:32:54.776Z next:jsconfig-paths-plugin moduleName did not match any paths pattern 
next-flight-client-entry-loader
2025-08-31T23:32:54.776Z next:jsconfig-paths-plugin moduleName did not match any paths pattern 
next-flight-client-entry-loader
2025-08-31T23:32:54.776Z next:jsconfig-paths-plugin moduleName did not match any paths pattern 
next-flight-client-entry-loader
2025-08-31T23:32:54.776Z next:jsconfig-paths-plugin moduleName did not match any paths pattern 
next-flight-client-entry-loader
2025-08-31T23:32:54.776Z next:jsconfig-paths-plugin moduleName did not match any paths pattern 
next-flight-client-entry-loader
2025-08-31T23:32:54.776Z next:jsconfig-paths-plugin moduleName did not match any paths pattern 
next-flight-client-entry-loader
2025-08-31T23:32:54.776Z next:jsconfig-paths-plugin moduleName did not match any paths pattern 
next-flight-client-entry-loader
2025-08-31T23:32:54.776Z next:jsconfig-paths-plugin moduleName did not match any paths pattern 
next-flight-client-entry-loader
2025-08-31T23:32:54.776Z next:jsconfig-paths-plugin moduleName did not match any paths pattern 
next-flight-client-entry-loader
2025-08-31T23:32:54.776Z next:jsconfig-paths-plugin moduleName did not match any paths pattern 
next-flight-client-entry-loader
2025-08-31T23:32:54.777Z next:jsconfig-paths-plugin moduleName did not match any paths pattern 
next-flight-client-entry-loader
2025-08-31T23:32:54.777Z next:jsconfig-paths-plugin moduleName did not match any paths pattern 
next-flight-client-entry-loader
2025-08-31T23:32:54.777Z next:jsconfig-paths-plugin moduleName did not match any paths pattern 
next-flight-client-entry-loader
2025-08-31T23:32:54.777Z next:jsconfig-paths-plugin moduleName did not match any paths pattern 
next-flight-client-entry-loader
2025-08-31T23:32:54.777Z next:jsconfig-paths-plugin moduleName did not match any paths pattern 
next-flight-client-entry-loader
2025-08-31T23:32:54.777Z next:jsconfig-paths-plugin moduleName did not match any paths pattern 
next-flight-client-entry-loader
2025-08-31T23:32:54.777Z next:jsconfig-paths-plugin moduleName did not match any paths pattern 
next-flight-client-entry-loader
2025-08-31T23:32:54.777Z next:jsconfig-paths-plugin moduleName did not match any paths pattern 
next-flight-client-entry-loader
2025-08-31T23:32:54.777Z next:jsconfig-paths-plugin moduleName did not match any paths pattern 
next-flight-client-entry-loader
2025-08-31T23:32:54.777Z next:jsconfig-paths-plugin moduleName did not match any paths pattern 
next-flight-client-entry-loader
2025-08-31T23:32:54.777Z next:jsconfig-paths-plugin moduleName did not match any paths pattern 
next-flight-client-entry-loader
2025-08-31T23:32:54.777Z next:jsconfig-paths-plugin moduleName did not match any paths pattern 
next-flight-client-entry-loader
2025-08-31T23:32:54.777Z next:jsconfig-paths-plugin moduleName did not match any paths pattern 
next-flight-client-entry-loader
2025-08-31T23:32:54.777Z next:jsconfig-paths-plugin moduleName did not match any paths pattern 
next-flight-client-entry-loader
2025-08-31T23:32:54.777Z next:jsconfig-paths-plugin moduleName did not match any paths pattern 
next-flight-client-entry-loader
2025-08-31T23:32:54.777Z next:jsconfig-paths-plugin moduleName did not match any paths pattern 
next-flight-client-entry-loader
2025-08-31T23:32:54.777Z next:jsconfig-paths-plugin moduleName did not match any paths pattern 
next-flight-client-entry-loader
2025-08-31T23:32:54.777Z next:jsconfig-paths-plugin moduleName did not match any paths pattern 
next-flight-client-entry-loader
2025-08-31T23:32:54.777Z next:jsconfig-paths-plugin moduleName did not match any paths pattern 
next-flight-client-entry-loader
2025-08-31T23:32:54.777Z next:jsconfig-paths-plugin moduleName did not match any paths pattern 
next-flight-client-entry-loader
2025-08-31T23:32:54.777Z next:jsconfig-paths-plugin moduleName did not match any paths pattern 
next-flight-client-entry-loader
2025-08-31T23:32:54.777Z next:jsconfig-paths-plugin moduleName did not match any paths pattern 
next-flight-client-entry-loader
2025-08-31T23:32:54.777Z next:jsconfig-paths-plugin moduleName did not match any paths pattern 
next-flight-client-entry-loader
2025-08-31T23:32:54.777Z next:jsconfig-paths-plugin moduleName did not match any paths pattern 
next-flight-client-entry-loader
2025-08-31T23:32:54.777Z next:jsconfig-paths-plugin moduleName did not match any paths pattern 
next-flight-client-entry-loader
2025-08-31T23:32:54.777Z next:jsconfig-paths-plugin moduleName did not match any paths pattern 
next-flight-client-entry-loader
2025-08-31T23:32:54.777Z next:jsconfig-paths-plugin moduleName did not match any paths pattern 
next-flight-client-entry-loader
2025-08-31T23:32:54.778Z next:jsconfig-paths-plugin moduleName did not match any paths pattern 
next-flight-client-entry-loader
2025-08-31T23:32:54.778Z next:jsconfig-paths-plugin moduleName did not match any paths pattern 
next-flight-client-entry-loader
2025-08-31T23:32:54.793Z next:jsconfig-paths-plugin moduleName did not match any paths pattern 
next-flight-client-entry-loader
2025-08-31T23:32:54.793Z next:jsconfig-paths-plugin moduleName did not match any paths pattern 
next-flight-client-entry-loader
2025-08-31T23:32:54.794Z next:jsconfig-paths-plugin moduleName did not match any paths pattern 
next-flight-client-entry-loader
2025-08-31T23:32:54.794Z next:jsconfig-paths-plugin moduleName did not match any paths pattern 
next-flight-client-entry-loader
2025-08-31T23:32:54.794Z next:jsconfig-paths-plugin moduleName did not match any paths pattern 
next-flight-client-entry-loader
2025-08-31T23:32:54.794Z next:jsconfig-paths-plugin moduleName did not match any paths pattern 
next-flight-client-entry-loader
2025-08-31T23:32:54.794Z next:jsconfig-paths-plugin moduleName did not match any paths pattern 
next-flight-client-entry-loader
2025-08-31T23:32:54.794Z next:jsconfig-paths-plugin moduleName did not match any paths pattern 
next-flight-client-entry-loader
2025-08-31T23:32:54.794Z next:jsconfig-paths-plugin moduleName did not match any paths pattern 
next-flight-client-entry-loader
2025-08-31T23:32:54.794Z next:jsconfig-paths-plugin moduleName did not match any paths pattern 
next-flight-client-entry-loader
2025-08-31T23:32:54.794Z next:jsconfig-paths-plugin moduleName did not match any paths pattern 
next-flight-client-entry-loader
2025-08-31T23:32:54.794Z next:jsconfig-paths-plugin moduleName did not match any paths pattern 
next-flight-client-entry-loader
2025-08-31T23:32:54.794Z next:jsconfig-paths-plugin moduleName did not match any paths pattern 
next-flight-client-entry-loader
2025-08-31T23:32:54.794Z next:jsconfig-paths-plugin moduleName did not match any paths pattern 
next-flight-client-entry-loader
2025-08-31T23:32:54.794Z next:jsconfig-paths-plugin moduleName did not match any paths pattern 
next-flight-client-entry-loader
2025-08-31T23:32:54.794Z next:jsconfig-paths-plugin moduleName did not match any paths pattern 
next-flight-client-entry-loader
2025-08-31T23:32:54.794Z next:jsconfig-paths-plugin moduleName did not match any paths pattern 
next-flight-client-entry-loader
2025-08-31T23:32:54.794Z next:jsconfig-paths-plugin moduleName did not match any paths pattern 
next-flight-client-entry-loader
2025-08-31T23:32:54.795Z next:jsconfig-paths-plugin moduleName did not match any paths pattern 
next-flight-client-entry-loader
2025-08-31T23:32:54.795Z next:jsconfig-paths-plugin moduleName did not match any paths pattern 
next-flight-client-entry-loader
2025-08-31T23:32:54.795Z next:jsconfig-paths-plugin moduleName did not match any paths pattern 
next-flight-client-entry-loader
2025-08-31T23:32:54.795Z next:jsconfig-paths-plugin moduleName did not match any paths pattern 
next-flight-client-entry-loader
2025-08-31T23:32:54.795Z next:jsconfig-paths-plugin moduleName did not match any paths pattern 
next-flight-client-entry-loader
2025-08-31T23:32:54.795Z next:jsconfig-paths-plugin moduleName did not match any paths pattern 
next-flight-client-entry-loader
2025-08-31T23:32:54.795Z next:jsconfig-paths-plugin moduleName did not match any paths pattern 
next-flight-client-entry-loader
2025-08-31T23:32:54.795Z next:jsconfig-paths-plugin moduleName did not match any paths pattern 
next-flight-client-entry-loader
2025-08-31T23:32:54.795Z next:jsconfig-paths-plugin moduleName did not match any paths pattern 
next-flight-client-entry-loader
2025-08-31T23:32:54.795Z next:jsconfig-paths-plugin moduleName did not match any paths pattern 
next-flight-client-entry-loader
2025-08-31T23:32:54.795Z next:jsconfig-paths-plugin moduleName did not match any paths pattern 
next-flight-client-entry-loader
2025-08-31T23:32:54.795Z next:jsconfig-paths-plugin moduleName did not match any paths pattern 
next-flight-client-entry-loader
2025-08-31T23:32:54.795Z next:jsconfig-paths-plugin moduleName did not match any paths pattern 
next-flight-client-entry-loader
2025-08-31T23:32:54.795Z next:jsconfig-paths-plugin moduleName did not match any paths pattern 
next-flight-client-entry-loader
2025-08-31T23:32:54.795Z next:jsconfig-paths-plugin moduleName did not match any paths pattern 
next-flight-client-entry-loader
2025-08-31T23:32:54.796Z next:jsconfig-paths-plugin moduleName did not match any paths pattern 
next-flight-client-entry-loader
2025-08-31T23:32:54.796Z next:jsconfig-paths-plugin moduleName did not match any paths pattern 
next-flight-client-entry-loader
2025-08-31T23:32:54.796Z next:jsconfig-paths-plugin moduleName did not match any paths pattern 
next-flight-client-entry-loader
2025-08-31T23:32:54.796Z next:jsconfig-paths-plugin moduleName did not match any paths pattern 
next-flight-client-entry-loader
2025-08-31T23:32:54.796Z next:jsconfig-paths-plugin moduleName did not match any paths pattern 
next-flight-client-entry-loader
2025-08-31T23:32:54.796Z next:jsconfig-paths-plugin moduleName did not match any paths pattern 
next-flight-client-entry-loader
2025-08-31T23:32:54.796Z next:jsconfig-paths-plugin moduleName did not match any paths pattern 
next-flight-client-entry-loader
2025-08-31T23:32:54.796Z next:jsconfig-paths-plugin moduleName did not match any paths pattern 
next-flight-client-entry-loader
2025-08-31T23:32:54.796Z next:jsconfig-paths-plugin moduleName did not match any paths pattern 
next-flight-client-entry-loader
2025-08-31T23:32:54.796Z next:jsconfig-paths-plugin moduleName did not match any paths pattern 
next-flight-client-entry-loader
2025-08-31T23:32:54.796Z next:jsconfig-paths-plugin moduleName did not match any paths pattern 
next-flight-client-entry-loader
2025-08-31T23:32:54.797Z next:jsconfig-paths-plugin moduleName did not match any paths pattern 
next-flight-client-entry-loader
2025-08-31T23:32:54.797Z next:jsconfig-paths-plugin moduleName did not match any paths pattern 
next-flight-client-entry-loader
2025-08-31T23:32:54.797Z next:jsconfig-paths-plugin moduleName did not match any paths pattern 
next-flight-client-entry-loader
2025-08-31T23:32:54.797Z next:jsconfig-paths-plugin moduleName did not match any paths pattern 
next-flight-client-entry-loader
2025-08-31T23:32:54.797Z next:jsconfig-paths-plugin moduleName did not match any paths pattern 
next-flight-client-entry-loader
2025-08-31T23:32:54.797Z next:jsconfig-paths-plugin moduleName did not match any paths pattern 
next-flight-client-entry-loader
2025-08-31T23:32:54.797Z next:jsconfig-paths-plugin moduleName did not match any paths pattern 
next-flight-client-entry-loader
2025-08-31T23:32:54.797Z next:jsconfig-paths-plugin moduleName did not match any paths pattern 
next-flight-client-entry-loader
2025-08-31T23:32:54.797Z next:jsconfig-paths-plugin moduleName did not match any paths pattern 
next-flight-client-entry-loader
2025-08-31T23:32:54.797Z next:jsconfig-paths-plugin moduleName did not match any paths pattern 
next-flight-client-entry-loader
2025-08-31T23:32:54.797Z next:jsconfig-paths-plugin moduleName did not match any paths pattern 
next-flight-client-entry-loader
2025-08-31T23:32:54.798Z next:jsconfig-paths-plugin moduleName did not match any paths pattern 
next-flight-client-entry-loader
2025-08-31T23:32:54.798Z next:jsconfig-paths-plugin moduleName did not match any paths pattern 
next-flight-client-entry-loader
2025-08-31T23:32:54.798Z next:jsconfig-paths-plugin moduleName did not match any paths pattern 
next-flight-client-entry-loader
2025-08-31T23:32:54.799Z next:jsconfig-paths-plugin moduleName did not match any paths pattern 
next-flight-client-entry-loader
2025-08-31T23:32:54.799Z next:jsconfig-paths-plugin moduleName did not match any paths pattern 
next-flight-client-entry-loader
2025-08-31T23:32:54.800Z next:jsconfig-paths-plugin moduleName did not match any paths pattern 
next-flight-client-entry-loader
2025-08-31T23:32:54.800Z next:jsconfig-paths-plugin moduleName did not match any paths pattern 
next-flight-client-entry-loader
2025-08-31T23:32:54.800Z next:jsconfig-paths-plugin moduleName did not match any paths pattern 
next-flight-client-entry-loader
2025-08-31T23:32:54.800Z next:jsconfig-paths-plugin moduleName did not match any paths pattern 
next-flight-client-entry-loader
2025-08-31T23:32:54.800Z next:jsconfig-paths-plugin moduleName did not match any paths pattern 
next-flight-client-entry-loader
2025-08-31T23:32:54.800Z next:jsconfig-paths-plugin moduleName did not match any paths pattern 
next-flight-client-entry-loader
2025-08-31T23:32:54.800Z next:jsconfig-paths-plugin moduleName did not match any paths pattern 
next-flight-client-entry-loader
2025-08-31T23:32:54.800Z next:jsconfig-paths-plugin moduleName did not match any paths pattern 
next-flight-client-entry-loader
2025-08-31T23:32:54.800Z next:jsconfig-paths-plugin moduleName did not match any paths pattern 
next-flight-client-entry-loader
2025-08-31T23:32:54.800Z next:jsconfig-paths-plugin moduleName did not match any paths pattern 
next-flight-client-entry-loader
2025-08-31T23:32:54.801Z next:jsconfig-paths-plugin moduleName did not match any paths pattern 
next-flight-client-entry-loader
2025-08-31T23:32:54.801Z next:jsconfig-paths-plugin moduleName did not match any paths pattern 
next-flight-client-entry-loader
2025-08-31T23:32:54.801Z next:jsconfig-paths-plugin moduleName did not match any paths pattern 
next-flight-client-entry-loader
2025-08-31T23:32:54.801Z next:jsconfig-paths-plugin moduleName did not match any paths pattern 
next-flight-client-entry-loader
2025-08-31T23:32:54.801Z next:jsconfig-paths-plugin moduleName did not match any paths pattern 
next-flight-client-entry-loader
2025-08-31T23:32:54.801Z next:jsconfig-paths-plugin moduleName did not match any paths pattern 
next-flight-client-entry-loader
2025-08-31T23:32:54.801Z next:jsconfig-paths-plugin moduleName did not match any paths pattern 
next-flight-client-entry-loader
2025-08-31T23:32:54.801Z next:jsconfig-paths-plugin moduleName did not match any paths pattern 
next-flight-client-entry-loader
2025-08-31T23:32:54.801Z next:jsconfig-paths-plugin moduleName did not match any paths pattern 
next-flight-client-entry-loader
2025-08-31T23:32:54.801Z next:jsconfig-paths-plugin moduleName did not match any paths pattern 
next-flight-client-entry-loader
2025-08-31T23:32:54.801Z next:jsconfig-paths-plugin moduleName did not match any paths pattern 
next-flight-client-entry-loader
2025-08-31T23:32:54.801Z next:jsconfig-paths-plugin moduleName did not match any paths pattern 
next-flight-client-entry-loader
2025-08-31T23:32:54.801Z next:jsconfig-paths-plugin moduleName did not match any paths pattern 
next-flight-client-entry-loader
2025-08-31T23:32:54.801Z next:jsconfig-paths-plugin moduleName did not match any paths pattern 
next-flight-client-entry-loader
2025-08-31T23:32:54.801Z next:jsconfig-paths-plugin moduleName did not match any paths pattern 
next-flight-client-entry-loader
2025-08-31T23:32:54.802Z next:jsconfig-paths-plugin moduleName did not match any paths pattern 
next-flight-client-entry-loader
2025-08-31T23:32:54.802Z next:jsconfig-paths-plugin moduleName did not match any paths pattern 
next-flight-client-entry-loader
2025-08-31T23:32:54.802Z next:jsconfig-paths-plugin moduleName did not match any paths pattern 
next-flight-client-entry-loader
2025-08-31T23:32:54.802Z next:jsconfig-paths-plugin moduleName did not match any paths pattern 
next-flight-client-entry-loader
2025-08-31T23:32:54.802Z next:jsconfig-paths-plugin moduleName did not match any paths pattern 
next-flight-client-entry-loader
2025-08-31T23:32:54.827Z next:jsconfig-paths-plugin moduleName did not match any paths pattern 
next-flight-client-entry-loader
2025-08-31T23:32:54.828Z next:jsconfig-paths-plugin moduleName did not match any paths pattern 
next-flight-client-entry-loader
2025-08-31T23:32:54.828Z next:jsconfig-paths-plugin moduleName did not match any paths pattern 
next-flight-client-entry-loader
2025-08-31T23:32:54.828Z next:jsconfig-paths-plugin moduleName did not match any paths pattern 
next-flight-client-entry-loader
2025-08-31T23:32:54.828Z next:jsconfig-paths-plugin moduleName did not match any paths pattern 
next-flight-client-entry-loader
2025-08-31T23:32:54.828Z next:jsconfig-paths-plugin moduleName did not match any paths pattern 
next-flight-client-entry-loader
2025-08-31T23:32:54.828Z next:jsconfig-paths-plugin moduleName did not match any paths pattern 
next-flight-client-entry-loader
2025-08-31T23:32:54.828Z next:jsconfig-paths-plugin moduleName did not match any paths pattern 
next-flight-client-entry-loader
2025-08-31T23:32:54.828Z next:jsconfig-paths-plugin moduleName did not match any paths pattern 
next-flight-client-entry-loader
2025-08-31T23:32:54.828Z next:jsconfig-paths-plugin moduleName did not match any paths pattern 
next-flight-client-entry-loader
2025-08-31T23:32:54.828Z next:jsconfig-paths-plugin moduleName did not match any paths pattern 
next-flight-client-entry-loader
2025-08-31T23:32:54.828Z next:jsconfig-paths-plugin moduleName did not match any paths pattern 
next-flight-client-entry-loader
2025-08-31T23:32:54.828Z next:jsconfig-paths-plugin moduleName did not match any paths pattern 
next-flight-client-entry-loader
2025-08-31T23:32:54.828Z next:jsconfig-paths-plugin moduleName did not match any paths pattern 
next-flight-client-entry-loader
2025-08-31T23:32:54.828Z next:jsconfig-paths-plugin moduleName did not match any paths pattern 
next-flight-client-entry-loader
2025-08-31T23:32:54.829Z next:jsconfig-paths-plugin moduleName did not match any paths pattern 
next-flight-client-entry-loader
2025-08-31T23:32:54.829Z next:jsconfig-paths-plugin moduleName did not match any paths pattern 
next-flight-client-entry-loader
2025-08-31T23:32:54.829Z next:jsconfig-paths-plugin moduleName did not match any paths pattern 
next-flight-client-entry-loader
2025-08-31T23:32:54.829Z next:jsconfig-paths-plugin moduleName did not match any paths pattern 
next-flight-client-entry-loader
2025-08-31T23:32:54.829Z next:jsconfig-paths-plugin moduleName did not match any paths pattern 
next-flight-client-entry-loader
2025-08-31T23:32:54.832Z next:jsconfig-paths-plugin moduleName did not match any paths pattern 
next-flight-client-entry-loader
2025-08-31T23:32:54.832Z next:jsconfig-paths-plugin moduleName did not match any paths pattern 
next-flight-client-entry-loader
2025-08-31T23:32:54.832Z next:jsconfig-paths-plugin moduleName did not match any paths pattern 
next-flight-client-entry-loader
2025-08-31T23:32:54.833Z next:jsconfig-paths-plugin moduleName did not match any paths pattern 
next-flight-client-entry-loader
2025-08-31T23:32:54.833Z next:jsconfig-paths-plugin moduleName did not match any paths pattern 
next-flight-client-entry-loader
2025-08-31T23:32:54.833Z next:jsconfig-paths-plugin moduleName did not match any paths pattern 
next-flight-client-entry-loader
2025-08-31T23:32:54.833Z next:jsconfig-paths-plugin moduleName did not match any paths pattern 
next-flight-client-entry-loader
2025-08-31T23:32:54.833Z next:jsconfig-paths-plugin moduleName did not match any paths pattern 
next-flight-client-entry-loader
2025-08-31T23:32:54.833Z next:jsconfig-paths-plugin moduleName did not match any paths pattern 
next-flight-client-entry-loader
2025-08-31T23:32:54.833Z next:jsconfig-paths-plugin moduleName did not match any paths pattern 
next-flight-client-entry-loader
2025-08-31T23:32:54.833Z next:jsconfig-paths-plugin moduleName did not match any paths pattern 
next-flight-client-entry-loader
2025-08-31T23:32:54.833Z next:jsconfig-paths-plugin moduleName did not match any paths pattern 
next-flight-client-entry-loader
2025-08-31T23:32:54.833Z next:jsconfig-paths-plugin moduleName did not match any paths pattern 
next-flight-client-entry-loader
2025-08-31T23:32:54.833Z next:jsconfig-paths-plugin moduleName did not match any paths pattern 
next-flight-client-entry-loader
2025-08-31T23:32:54.833Z next:jsconfig-paths-plugin moduleName did not match any paths pattern 
next-flight-client-entry-loader
2025-08-31T23:32:54.833Z next:jsconfig-paths-plugin moduleName did not match any paths pattern 
next-flight-client-entry-loader
2025-08-31T23:32:54.833Z next:jsconfig-paths-plugin moduleName did not match any paths pattern 
next-flight-client-entry-loader
2025-08-31T23:32:54.833Z next:jsconfig-paths-plugin moduleName did not match any paths pattern 
next-flight-client-entry-loader
2025-08-31T23:32:54.833Z next:jsconfig-paths-plugin moduleName did not match any paths pattern 
next-flight-client-entry-loader
2025-08-31T23:32:54.833Z next:jsconfig-paths-plugin moduleName did not match any paths pattern 
next-flight-client-entry-loader
2025-08-31T23:32:54.845Z next:jsconfig-paths-plugin moduleName did not match any paths pattern 
next-flight-client-entry-loader
2025-08-31T23:32:54.845Z next:jsconfig-paths-plugin moduleName did not match any paths pattern 
next-flight-client-entry-loader
2025-08-31T23:32:54.845Z next:jsconfig-paths-plugin moduleName did not match any paths pattern 
next-flight-client-entry-loader
2025-08-31T23:32:54.845Z next:jsconfig-paths-plugin moduleName did not match any paths pattern 
next-flight-client-entry-loader
2025-08-31T23:32:54.845Z next:jsconfig-paths-plugin moduleName did not match any paths pattern 
next-flight-client-entry-loader
2025-08-31T23:32:54.845Z next:jsconfig-paths-plugin moduleName did not match any paths pattern 
next-flight-client-entry-loader
2025-08-31T23:32:54.845Z next:jsconfig-paths-plugin moduleName did not match any paths pattern 
next-flight-client-entry-loader
2025-08-31T23:32:54.845Z next:jsconfig-paths-plugin moduleName did not match any paths pattern 
next-flight-client-entry-loader
2025-08-31T23:32:54.845Z next:jsconfig-paths-plugin moduleName did not match any paths pattern 
next-flight-client-entry-loader
2025-08-31T23:32:54.845Z next:jsconfig-paths-plugin moduleName did not match any paths pattern 
next-flight-client-entry-loader
2025-08-31T23:32:54.845Z next:jsconfig-paths-plugin moduleName did not match any paths pattern 
next-flight-client-entry-loader
2025-08-31T23:32:54.845Z next:jsconfig-paths-plugin moduleName did not match any paths pattern 
next-flight-client-entry-loader
2025-08-31T23:32:54.845Z next:jsconfig-paths-plugin moduleName did not match any paths pattern 
next-flight-client-entry-loader
2025-08-31T23:32:54.845Z next:jsconfig-paths-plugin moduleName did not match any paths pattern 
next-flight-client-entry-loader
2025-08-31T23:32:54.846Z next:jsconfig-paths-plugin moduleName did not match any paths pattern 
next-flight-client-entry-loader
2025-08-31T23:32:54.846Z next:jsconfig-paths-plugin moduleName did not match any paths pattern 
next-flight-client-entry-loader
2025-08-31T23:32:54.846Z next:jsconfig-paths-plugin moduleName did not match any paths pattern 
next-flight-client-entry-loader
2025-08-31T23:32:54.846Z next:jsconfig-paths-plugin moduleName did not match any paths pattern 
next-flight-client-entry-loader
2025-08-31T23:32:54.846Z next:jsconfig-paths-plugin moduleName did not match any paths pattern 
next-flight-client-entry-loader
2025-08-31T23:32:54.846Z next:jsconfig-paths-plugin moduleName did not match any paths pattern 
next-flight-client-entry-loader
2025-08-31T23:32:54.846Z next:jsconfig-paths-plugin moduleName did not match any paths pattern 
next-flight-client-entry-loader
2025-08-31T23:32:54.846Z next:jsconfig-paths-plugin moduleName did not match any paths pattern 
next-flight-client-entry-loader
2025-08-31T23:32:54.846Z next:jsconfig-paths-plugin moduleName did not match any paths pattern 
next-flight-client-entry-loader
2025-08-31T23:32:54.846Z next:jsconfig-paths-plugin moduleName did not match any paths pattern 
next-flight-client-entry-loader
2025-08-31T23:32:54.846Z next:jsconfig-paths-plugin moduleName did not match any paths pattern 
next-flight-client-entry-loader
2025-08-31T23:32:54.846Z next:jsconfig-paths-plugin moduleName did not match any paths pattern 
next-flight-client-entry-loader
2025-08-31T23:32:54.846Z next:jsconfig-paths-plugin moduleName did not match any paths pattern 
next-flight-client-entry-loader
2025-08-31T23:32:54.846Z next:jsconfig-paths-plugin moduleName did not match any paths pattern 
next-flight-client-entry-loader
2025-08-31T23:32:54.846Z next:jsconfig-paths-plugin moduleName did not match any paths pattern 
next-flight-client-entry-loader
2025-08-31T23:32:54.846Z next:jsconfig-paths-plugin moduleName did not match any paths pattern 
next-flight-client-entry-loader
2025-08-31T23:32:54.846Z next:jsconfig-paths-plugin moduleName did not match any paths pattern 
next-flight-client-entry-loader
2025-08-31T23:32:54.847Z next:jsconfig-paths-plugin moduleName did not match any paths pattern 
next-flight-client-entry-loader
2025-08-31T23:32:54.847Z next:jsconfig-paths-plugin moduleName did not match any paths pattern 
next-flight-client-entry-loader
2025-08-31T23:32:54.847Z next:jsconfig-paths-plugin moduleName did not match any paths pattern 
next-flight-client-entry-loader
2025-08-31T23:32:54.847Z next:jsconfig-paths-plugin moduleName did not match any paths pattern 
next-flight-client-entry-loader
2025-08-31T23:32:54.847Z next:jsconfig-paths-plugin moduleName did not match any paths pattern 
next-flight-client-entry-loader
2025-08-31T23:32:54.847Z next:jsconfig-paths-plugin moduleName did not match any paths pattern 
next-flight-client-entry-loader
2025-08-31T23:32:54.847Z next:jsconfig-paths-plugin moduleName did not match any paths pattern 
next-flight-client-entry-loader
2025-08-31T23:32:54.847Z next:jsconfig-paths-plugin moduleName did not match any paths pattern 
next-flight-client-entry-loader
2025-08-31T23:32:54.847Z next:jsconfig-paths-plugin moduleName did not match any paths pattern 
next-flight-client-entry-loader
2025-08-31T23:32:54.847Z next:jsconfig-paths-plugin moduleName did not match any paths pattern 
next-flight-client-entry-loader
2025-08-31T23:32:54.847Z next:jsconfig-paths-plugin moduleName did not match any paths pattern 
next-flight-client-entry-loader
2025-08-31T23:32:54.847Z next:jsconfig-paths-plugin moduleName did not match any paths pattern 
next-flight-client-entry-loader
2025-08-31T23:32:54.847Z next:jsconfig-paths-plugin moduleName did not match any paths pattern 
next-flight-client-entry-loader
2025-08-31T23:32:54.847Z next:jsconfig-paths-plugin moduleName did not match any paths pattern 
next-flight-client-entry-loader
2025-08-31T23:32:54.847Z next:jsconfig-paths-plugin moduleName did not match any paths pattern 
next-flight-client-entry-loader
2025-08-31T23:32:54.848Z next:jsconfig-paths-plugin moduleName did not match any paths pattern 
next-flight-client-entry-loader
2025-08-31T23:32:54.848Z next:jsconfig-paths-plugin moduleName did not match any paths pattern 
next-flight-client-entry-loader
2025-08-31T23:32:54.848Z next:jsconfig-paths-plugin moduleName did not match any paths pattern 
next-flight-client-entry-loader
2025-08-31T23:32:54.848Z next:jsconfig-paths-plugin moduleName did not match any paths pattern 
next-flight-client-entry-loader
2025-08-31T23:32:54.848Z next:jsconfig-paths-plugin moduleName did not match any paths pattern 
next-flight-client-entry-loader
2025-08-31T23:32:54.848Z next:jsconfig-paths-plugin moduleName did not match any paths pattern 
next-flight-client-entry-loader
2025-08-31T23:32:54.848Z next:jsconfig-paths-plugin moduleName did not match any paths pattern 
next-flight-client-entry-loader
2025-08-31T23:32:54.848Z next:jsconfig-paths-plugin moduleName did not match any paths pattern 
next-flight-client-entry-loader
2025-08-31T23:32:54.848Z next:jsconfig-paths-plugin moduleName did not match any paths pattern 
next-flight-client-entry-loader
2025-08-31T23:32:54.848Z next:jsconfig-paths-plugin moduleName did not match any paths pattern 
next-flight-client-entry-loader
2025-08-31T23:32:54.848Z next:jsconfig-paths-plugin moduleName did not match any paths pattern 
next-flight-client-entry-loader
2025-08-31T23:32:54.848Z next:jsconfig-paths-plugin moduleName did not match any paths pattern 
next-flight-client-entry-loader
2025-08-31T23:32:54.849Z next:jsconfig-paths-plugin moduleName did not match any paths pattern 
next-flight-client-entry-loader
2025-08-31T23:32:54.849Z next:jsconfig-paths-plugin moduleName did not match any paths pattern 
next-flight-client-entry-loader
2025-08-31T23:32:54.849Z next:jsconfig-paths-plugin moduleName did not match any paths pattern 
next-flight-client-entry-loader
2025-08-31T23:32:54.849Z next:jsconfig-paths-plugin moduleName did not match any paths pattern 
next-flight-client-entry-loader
2025-08-31T23:32:54.849Z next:jsconfig-paths-plugin moduleName did not match any paths pattern 
next-flight-client-entry-loader
2025-08-31T23:32:54.849Z next:jsconfig-paths-plugin moduleName did not match any paths pattern 
next-flight-client-entry-loader
2025-08-31T23:32:54.849Z next:jsconfig-paths-plugin moduleName did not match any paths pattern 
next-flight-client-entry-loader
2025-08-31T23:32:54.849Z next:jsconfig-paths-plugin moduleName did not match any paths pattern 
next-flight-client-entry-loader
2025-08-31T23:32:54.849Z next:jsconfig-paths-plugin moduleName did not match any paths pattern 
next-flight-client-entry-loader
2025-08-31T23:32:54.849Z next:jsconfig-paths-plugin moduleName did not match any paths pattern 
next-flight-client-entry-loader
2025-08-31T23:32:54.849Z next:jsconfig-paths-plugin moduleName did not match any paths pattern 
next-flight-client-entry-loader
2025-08-31T23:32:54.849Z next:jsconfig-paths-plugin moduleName did not match any paths pattern 
next-flight-client-entry-loader
2025-08-31T23:32:54.863Z next:jsconfig-paths-plugin moduleName did not match any paths pattern 
next-flight-client-entry-loader
2025-08-31T23:32:54.863Z next:jsconfig-paths-plugin moduleName did not match any paths pattern 
next-flight-client-entry-loader
2025-08-31T23:32:54.863Z next:jsconfig-paths-plugin moduleName did not match any paths pattern 
next-flight-client-entry-loader
2025-08-31T23:32:54.863Z next:jsconfig-paths-plugin moduleName did not match any paths pattern 
next-flight-client-entry-loader
2025-08-31T23:32:54.863Z next:jsconfig-paths-plugin moduleName did not match any paths pattern 
next-flight-client-entry-loader
2025-08-31T23:32:54.863Z next:jsconfig-paths-plugin moduleName did not match any paths pattern 
next-flight-client-entry-loader
2025-08-31T23:32:54.863Z next:jsconfig-paths-plugin moduleName did not match any paths pattern 
next-flight-client-entry-loader
2025-08-31T23:32:54.863Z next:jsconfig-paths-plugin moduleName did not match any paths pattern 
next-flight-client-entry-loader
2025-08-31T23:32:54.863Z next:jsconfig-paths-plugin moduleName did not match any paths pattern 
next-flight-client-entry-loader
2025-08-31T23:32:54.863Z next:jsconfig-paths-plugin moduleName did not match any paths pattern 
next-flight-client-entry-loader
2025-08-31T23:32:54.863Z next:jsconfig-paths-plugin moduleName did not match any paths pattern 
next-flight-client-entry-loader
2025-08-31T23:32:54.863Z next:jsconfig-paths-plugin moduleName did not match any paths pattern 
next-flight-client-entry-loader
2025-08-31T23:32:54.863Z next:jsconfig-paths-plugin moduleName did not match any paths pattern 
next-flight-client-entry-loader
2025-08-31T23:32:54.863Z next:jsconfig-paths-plugin moduleName did not match any paths pattern 
next-flight-client-entry-loader
2025-08-31T23:32:54.863Z next:jsconfig-paths-plugin moduleName did not match any paths pattern 
next-flight-client-entry-loader
2025-08-31T23:32:54.863Z next:jsconfig-paths-plugin moduleName did not match any paths pattern 
next-flight-client-entry-loader
2025-08-31T23:32:54.863Z next:jsconfig-paths-plugin moduleName did not match any paths pattern 
next-flight-client-entry-loader
2025-08-31T23:32:54.863Z next:jsconfig-paths-plugin moduleName did not match any paths pattern 
next-flight-client-entry-loader
2025-08-31T23:32:54.863Z next:jsconfig-paths-plugin moduleName did not match any paths pattern 
next-flight-client-entry-loader
2025-08-31T23:32:54.863Z next:jsconfig-paths-plugin moduleName did not match any paths pattern 
next-flight-client-entry-loader
2025-08-31T23:32:54.863Z next:jsconfig-paths-plugin moduleName did not match any paths pattern 
next-flight-client-entry-loader
2025-08-31T23:32:54.863Z next:jsconfig-paths-plugin moduleName did not match any paths pattern 
next-flight-client-entry-loader
2025-08-31T23:32:54.863Z next:jsconfig-paths-plugin moduleName did not match any paths pattern 
next-flight-client-entry-loader
2025-08-31T23:32:54.863Z next:jsconfig-paths-plugin moduleName did not match any paths pattern 
next-flight-client-entry-loader
2025-08-31T23:32:54.864Z next:jsconfig-paths-plugin moduleName did not match any paths pattern 
next-flight-client-entry-loader
2025-08-31T23:32:54.864Z next:jsconfig-paths-plugin moduleName did not match any paths pattern 
next-flight-client-entry-loader
2025-08-31T23:32:54.864Z next:jsconfig-paths-plugin moduleName did not match any paths pattern 
next-flight-client-entry-loader
2025-08-31T23:32:54.864Z next:jsconfig-paths-plugin moduleName did not match any paths pattern 
next-flight-client-entry-loader
2025-08-31T23:32:54.864Z next:jsconfig-paths-plugin moduleName did not match any paths pattern 
next-flight-client-entry-loader
2025-08-31T23:32:54.864Z next:jsconfig-paths-plugin moduleName did not match any paths pattern 
next-flight-client-entry-loader
2025-08-31T23:32:54.864Z next:jsconfig-paths-plugin moduleName did not match any paths pattern 
next-flight-client-entry-loader
2025-08-31T23:32:54.864Z next:jsconfig-paths-plugin moduleName did not match any paths pattern 
next-flight-client-entry-loader
2025-08-31T23:32:54.864Z next:jsconfig-paths-plugin moduleName did not match any paths pattern 
next-flight-client-entry-loader
2025-08-31T23:32:54.864Z next:jsconfig-paths-plugin moduleName did not match any paths pattern 
next-flight-client-entry-loader
2025-08-31T23:32:54.864Z next:jsconfig-paths-plugin moduleName did not match any paths pattern 
next-flight-client-entry-loader
2025-08-31T23:32:54.864Z next:jsconfig-paths-plugin moduleName did not match any paths pattern 
next-flight-client-entry-loader
2025-08-31T23:32:54.864Z next:jsconfig-paths-plugin moduleName did not match any paths pattern 
next-flight-client-entry-loader
2025-08-31T23:32:54.864Z next:jsconfig-paths-plugin moduleName did not match any paths pattern 
next-flight-client-entry-loader
2025-08-31T23:32:54.864Z next:jsconfig-paths-plugin moduleName did not match any paths pattern 
next-flight-client-entry-loader
2025-08-31T23:32:54.864Z next:jsconfig-paths-plugin moduleName did not match any paths pattern 
next-flight-client-entry-loader
2025-08-31T23:32:54.864Z next:jsconfig-paths-plugin moduleName did not match any paths pattern 
next-flight-client-entry-loader
2025-08-31T23:32:54.864Z next:jsconfig-paths-plugin moduleName did not match any paths pattern 
next-flight-client-entry-loader
2025-08-31T23:32:54.864Z next:jsconfig-paths-plugin moduleName did not match any paths pattern 
next-flight-client-entry-loader
2025-08-31T23:32:54.864Z next:jsconfig-paths-plugin moduleName did not match any paths pattern 
next-flight-client-entry-loader
2025-08-31T23:32:54.864Z next:jsconfig-paths-plugin moduleName did not match any paths pattern 
next-flight-client-entry-loader
2025-08-31T23:32:54.864Z next:jsconfig-paths-plugin moduleName did not match any paths pattern 
next-flight-client-entry-loader
2025-08-31T23:32:54.864Z next:jsconfig-paths-plugin moduleName did not match any paths pattern 
next-flight-client-entry-loader
2025-08-31T23:32:54.864Z next:jsconfig-paths-plugin moduleName did not match any paths pattern 
next-flight-client-entry-loader
2025-08-31T23:32:54.864Z next:jsconfig-paths-plugin moduleName did not match any paths pattern 
next-flight-client-entry-loader
2025-08-31T23:32:54.865Z next:jsconfig-paths-plugin moduleName did not match any paths pattern 
next-flight-client-entry-loader
2025-08-31T23:32:54.865Z next:jsconfig-paths-plugin moduleName did not match any paths pattern 
next-flight-client-entry-loader
2025-08-31T23:32:54.865Z next:jsconfig-paths-plugin moduleName did not match any paths pattern 
next-flight-client-entry-loader
2025-08-31T23:32:54.865Z next:jsconfig-paths-plugin moduleName did not match any paths pattern 
next-flight-client-entry-loader
2025-08-31T23:32:54.865Z next:jsconfig-paths-plugin moduleName did not match any paths pattern 
next-flight-client-entry-loader
2025-08-31T23:32:54.865Z next:jsconfig-paths-plugin moduleName did not match any paths pattern 
next-flight-client-entry-loader
2025-08-31T23:32:54.865Z next:jsconfig-paths-plugin moduleName did not match any paths pattern 
next-flight-client-entry-loader
2025-08-31T23:32:54.865Z next:jsconfig-paths-plugin moduleName did not match any paths pattern 
next-flight-client-entry-loader
2025-08-31T23:32:54.865Z next:jsconfig-paths-plugin moduleName did not match any paths pattern 
next-flight-client-entry-loader
2025-08-31T23:32:54.865Z next:jsconfig-paths-plugin moduleName did not match any paths pattern 
next-flight-client-entry-loader
2025-08-31T23:32:54.865Z next:jsconfig-paths-plugin moduleName did not match any paths pattern 
next-flight-client-entry-loader
2025-08-31T23:32:54.865Z next:jsconfig-paths-plugin moduleName did not match any paths pattern 
next-flight-client-entry-loader
2025-08-31T23:32:54.865Z next:jsconfig-paths-plugin moduleName did not match any paths pattern 
next-flight-client-entry-loader
2025-08-31T23:32:54.865Z next:jsconfig-paths-plugin moduleName did not match any paths pattern 
next-flight-client-entry-loader
2025-08-31T23:32:54.865Z next:jsconfig-paths-plugin moduleName did not match any paths pattern 
next-flight-client-entry-loader
2025-08-31T23:32:54.865Z next:jsconfig-paths-plugin moduleName did not match any paths pattern 
next-flight-client-entry-loader
2025-08-31T23:32:54.865Z next:jsconfig-paths-plugin moduleName did not match any paths pattern 
next-flight-client-entry-loader
2025-08-31T23:32:54.865Z next:jsconfig-paths-plugin moduleName did not match any paths pattern 
next-flight-client-entry-loader
2025-08-31T23:32:54.865Z next:jsconfig-paths-plugin moduleName did not match any paths pattern 
next-flight-client-entry-loader
2025-08-31T23:32:54.865Z next:jsconfig-paths-plugin moduleName did not match any paths pattern 
next-flight-client-entry-loader
2025-08-31T23:32:54.865Z next:jsconfig-paths-plugin moduleName did not match any paths pattern 
next-flight-client-entry-loader
2025-08-31T23:32:54.878Z next:jsconfig-paths-plugin moduleName did not match any paths pattern 
next-flight-client-entry-loader
2025-08-31T23:32:54.878Z next:jsconfig-paths-plugin moduleName did not match any paths pattern 
next-flight-client-entry-loader
2025-08-31T23:32:54.879Z next:jsconfig-paths-plugin moduleName did not match any paths pattern 
next-flight-client-entry-loader
2025-08-31T23:32:54.879Z next:jsconfig-paths-plugin moduleName did not match any paths pattern 
next-flight-client-entry-loader
2025-08-31T23:32:54.879Z next:jsconfig-paths-plugin moduleName did not match any paths pattern 
next-flight-client-entry-loader
2025-08-31T23:32:54.879Z next:jsconfig-paths-plugin moduleName did not match any paths pattern 
next-flight-client-entry-loader
2025-08-31T23:32:54.879Z next:jsconfig-paths-plugin moduleName did not match any paths pattern 
next-flight-client-entry-loader
2025-08-31T23:32:54.879Z next:jsconfig-paths-plugin moduleName did not match any paths pattern 
next-flight-client-entry-loader
2025-08-31T23:32:54.879Z next:jsconfig-paths-plugin moduleName did not match any paths pattern 
next-flight-client-entry-loader
2025-08-31T23:32:54.879Z next:jsconfig-paths-plugin moduleName did not match any paths pattern 
next-flight-client-entry-loader
2025-08-31T23:32:54.879Z next:jsconfig-paths-plugin moduleName did not match any paths pattern 
next-flight-client-entry-loader
2025-08-31T23:32:54.879Z next:jsconfig-paths-plugin moduleName did not match any paths pattern 
next-flight-client-entry-loader
2025-08-31T23:32:54.879Z next:jsconfig-paths-plugin moduleName did not match any paths pattern 
next-flight-client-entry-loader
2025-08-31T23:32:54.879Z next:jsconfig-paths-plugin moduleName did not match any paths pattern 
next-flight-client-entry-loader
2025-08-31T23:32:54.880Z next:jsconfig-paths-plugin moduleName did not match any paths pattern 
next-flight-client-entry-loader
2025-08-31T23:32:54.880Z next:jsconfig-paths-plugin moduleName did not match any paths pattern 
next-flight-client-entry-loader
2025-08-31T23:32:54.880Z next:jsconfig-paths-plugin moduleName did not match any paths pattern 
next-flight-client-entry-loader
2025-08-31T23:32:54.880Z next:jsconfig-paths-plugin moduleName did not match any paths pattern 
next-flight-client-entry-loader
2025-08-31T23:32:54.880Z next:jsconfig-paths-plugin moduleName did not match any paths pattern 
next-flight-client-entry-loader
2025-08-31T23:32:54.880Z next:jsconfig-paths-plugin moduleName did not match any paths pattern 
next-flight-client-entry-loader
2025-08-31T23:32:54.880Z next:jsconfig-paths-plugin moduleName did not match any paths pattern 
next-flight-client-entry-loader
2025-08-31T23:32:54.880Z next:jsconfig-paths-plugin moduleName did not match any paths pattern 
next-flight-client-entry-loader
2025-08-31T23:32:54.880Z next:jsconfig-paths-plugin moduleName did not match any paths pattern 
next-flight-client-entry-loader
2025-08-31T23:32:54.880Z next:jsconfig-paths-plugin moduleName did not match any paths pattern 
next-flight-client-entry-loader
2025-08-31T23:32:54.880Z next:jsconfig-paths-plugin moduleName did not match any paths pattern 
next-flight-client-entry-loader
2025-08-31T23:32:54.880Z next:jsconfig-paths-plugin moduleName did not match any paths pattern 
next-flight-client-entry-loader
2025-08-31T23:32:54.880Z next:jsconfig-paths-plugin moduleName did not match any paths pattern 
next-flight-client-entry-loader
2025-08-31T23:32:54.880Z next:jsconfig-paths-plugin moduleName did not match any paths pattern 
next-flight-client-entry-loader
2025-08-31T23:32:54.880Z next:jsconfig-paths-plugin moduleName did not match any paths pattern 
next-flight-client-entry-loader
2025-08-31T23:32:54.881Z next:jsconfig-paths-plugin moduleName did not match any paths pattern 
next-flight-client-entry-loader
2025-08-31T23:32:54.881Z next:jsconfig-paths-plugin moduleName did not match any paths pattern 
next-flight-client-entry-loader
2025-08-31T23:32:54.881Z next:jsconfig-paths-plugin moduleName did not match any paths pattern 
next-flight-client-entry-loader
2025-08-31T23:32:54.881Z next:jsconfig-paths-plugin moduleName did not match any paths pattern 
next-flight-client-entry-loader
2025-08-31T23:32:54.881Z next:jsconfig-paths-plugin moduleName did not match any paths pattern 
next-flight-client-entry-loader
2025-08-31T23:32:54.881Z next:jsconfig-paths-plugin moduleName did not match any paths pattern 
next-flight-client-entry-loader
2025-08-31T23:32:54.881Z next:jsconfig-paths-plugin moduleName did not match any paths pattern 
next-flight-client-entry-loader
2025-08-31T23:32:54.881Z next:jsconfig-paths-plugin moduleName did not match any paths pattern 
next-flight-client-entry-loader
2025-08-31T23:32:54.881Z next:jsconfig-paths-plugin moduleName did not match any paths pattern 
next-flight-client-entry-loader
2025-08-31T23:32:54.881Z next:jsconfig-paths-plugin moduleName did not match any paths pattern 
next-flight-client-entry-loader
2025-08-31T23:32:54.881Z next:jsconfig-paths-plugin moduleName did not match any paths pattern 
next-flight-client-entry-loader
2025-08-31T23:32:54.881Z next:jsconfig-paths-plugin moduleName did not match any paths pattern 
next-flight-client-entry-loader
2025-08-31T23:32:54.881Z next:jsconfig-paths-plugin moduleName did not match any paths pattern 
next-flight-client-entry-loader
2025-08-31T23:32:54.881Z next:jsconfig-paths-plugin moduleName did not match any paths pattern 
next-flight-client-entry-loader
2025-08-31T23:32:54.881Z next:jsconfig-paths-plugin moduleName did not match any paths pattern 
next-flight-client-entry-loader
2025-08-31T23:32:54.881Z next:jsconfig-paths-plugin moduleName did not match any paths pattern 
next-flight-client-entry-loader
2025-08-31T23:32:54.882Z next:jsconfig-paths-plugin moduleName did not match any paths pattern 
next-flight-client-entry-loader
2025-08-31T23:32:54.882Z next:jsconfig-paths-plugin moduleName did not match any paths pattern 
next-flight-client-entry-loader
2025-08-31T23:32:54.882Z next:jsconfig-paths-plugin moduleName did not match any paths pattern 
next-flight-client-entry-loader
2025-08-31T23:32:54.882Z next:jsconfig-paths-plugin moduleName did not match any paths pattern 
next-flight-client-entry-loader
2025-08-31T23:32:54.882Z next:jsconfig-paths-plugin moduleName did not match any paths pattern 
next-flight-client-entry-loader
2025-08-31T23:32:54.882Z next:jsconfig-paths-plugin moduleName did not match any paths pattern 
next-flight-client-entry-loader
2025-08-31T23:32:54.882Z next:jsconfig-paths-plugin moduleName did not match any paths pattern 
next-flight-client-entry-loader
2025-08-31T23:32:54.882Z next:jsconfig-paths-plugin moduleName did not match any paths pattern 
next-flight-client-entry-loader
2025-08-31T23:32:54.882Z next:jsconfig-paths-plugin moduleName did not match any paths pattern 
next-flight-client-entry-loader
2025-08-31T23:32:54.882Z next:jsconfig-paths-plugin moduleName did not match any paths pattern 
next-flight-client-entry-loader
2025-08-31T23:32:54.882Z next:jsconfig-paths-plugin moduleName did not match any paths pattern 
next-flight-client-entry-loader
2025-08-31T23:32:54.882Z next:jsconfig-paths-plugin moduleName did not match any paths pattern 
next-flight-client-entry-loader
2025-08-31T23:32:54.882Z next:jsconfig-paths-plugin moduleName did not match any paths pattern 
next-flight-client-entry-loader
2025-08-31T23:32:54.882Z next:jsconfig-paths-plugin moduleName did not match any paths pattern 
next-flight-client-entry-loader
2025-08-31T23:32:54.882Z next:jsconfig-paths-plugin moduleName did not match any paths pattern 
next-flight-client-entry-loader
2025-08-31T23:32:54.883Z next:jsconfig-paths-plugin moduleName did not match any paths pattern 
next-flight-client-entry-loader
2025-08-31T23:32:54.883Z next:jsconfig-paths-plugin moduleName did not match any paths pattern 
next-flight-client-entry-loader
2025-08-31T23:32:54.883Z next:jsconfig-paths-plugin moduleName did not match any paths pattern 
next-flight-client-entry-loader
2025-08-31T23:32:54.883Z next:jsconfig-paths-plugin moduleName did not match any paths pattern 
next-flight-client-entry-loader
2025-08-31T23:32:54.883Z next:jsconfig-paths-plugin moduleName did not match any paths pattern 
next-flight-client-entry-loader
2025-08-31T23:32:54.883Z next:jsconfig-paths-plugin moduleName did not match any paths pattern 
next-flight-client-entry-loader
2025-08-31T23:32:54.883Z next:jsconfig-paths-plugin moduleName did not match any paths pattern 
next-flight-client-entry-loader
2025-08-31T23:32:54.883Z next:jsconfig-paths-plugin moduleName did not match any paths pattern 
next-flight-client-entry-loader
2025-08-31T23:32:54.883Z next:jsconfig-paths-plugin moduleName did not match any paths pattern 
next-flight-client-entry-loader
2025-08-31T23:32:54.883Z next:jsconfig-paths-plugin moduleName did not match any paths pattern 
next-flight-client-entry-loader
2025-08-31T23:32:54.883Z next:jsconfig-paths-plugin moduleName did not match any paths pattern 
next-flight-client-entry-loader
2025-08-31T23:32:54.883Z next:jsconfig-paths-plugin moduleName did not match any paths pattern 
next-flight-client-entry-loader
2025-08-31T23:32:54.883Z next:jsconfig-paths-plugin moduleName did not match any paths pattern 
next-flight-client-entry-loader
2025-08-31T23:32:54.883Z next:jsconfig-paths-plugin moduleName did not match any paths pattern 
next-flight-client-entry-loader
2025-08-31T23:32:54.883Z next:jsconfig-paths-plugin moduleName did not match any paths pattern 
next-flight-client-entry-loader
2025-08-31T23:32:54.884Z next:jsconfig-paths-plugin moduleName did not match any paths pattern 
next-flight-client-entry-loader
2025-08-31T23:32:54.884Z next:jsconfig-paths-plugin moduleName did not match any paths pattern 
next-flight-client-entry-loader
2025-08-31T23:32:54.884Z next:jsconfig-paths-plugin moduleName did not match any paths pattern 
next-flight-client-entry-loader
2025-08-31T23:32:54.884Z next:jsconfig-paths-plugin moduleName did not match any paths pattern 
next-flight-client-entry-loader
2025-08-31T23:32:54.884Z next:jsconfig-paths-plugin moduleName did not match any paths pattern 
next-flight-client-entry-loader
2025-08-31T23:32:54.884Z next:jsconfig-paths-plugin moduleName did not match any paths pattern 
next-flight-client-entry-loader
2025-08-31T23:32:54.884Z next:jsconfig-paths-plugin moduleName did not match any paths pattern 
next-flight-client-entry-loader
2025-08-31T23:32:54.884Z next:jsconfig-paths-plugin moduleName did not match any paths pattern 
next-flight-client-entry-loader
2025-08-31T23:32:54.884Z next:jsconfig-paths-plugin moduleName did not match any paths pattern 
next-flight-client-entry-loader
2025-08-31T23:32:54.884Z next:jsconfig-paths-plugin moduleName did not match any paths pattern 
next-flight-client-entry-loader
2025-08-31T23:32:54.884Z next:jsconfig-paths-plugin moduleName did not match any paths pattern 
next-flight-client-entry-loader
2025-08-31T23:32:54.884Z next:jsconfig-paths-plugin moduleName did not match any paths pattern 
next-flight-client-entry-loader
2025-08-31T23:32:54.884Z next:jsconfig-paths-plugin moduleName did not match any paths pattern 
next-flight-client-entry-loader
2025-08-31T23:32:54.884Z next:jsconfig-paths-plugin moduleName did not match any paths pattern 
next-flight-client-entry-loader
2025-08-31T23:32:54.884Z next:jsconfig-paths-plugin moduleName did not match any paths pattern 
next-flight-client-entry-loader
2025-08-31T23:32:54.902Z next:jsconfig-paths-plugin moduleName did not match any paths pattern 
next-flight-client-entry-loader
2025-08-31T23:32:54.902Z next:jsconfig-paths-plugin moduleName did not match any paths pattern 
next-flight-client-entry-loader
2025-08-31T23:32:54.903Z next:jsconfig-paths-plugin moduleName did not match any paths pattern 
next-flight-client-entry-loader
2025-08-31T23:32:54.903Z next:jsconfig-paths-plugin moduleName did not match any paths pattern 
next-flight-client-entry-loader
2025-08-31T23:32:54.903Z next:jsconfig-paths-plugin moduleName did not match any paths pattern 
next-flight-client-entry-loader
2025-08-31T23:32:54.903Z next:jsconfig-paths-plugin moduleName did not match any paths pattern 
next-flight-client-entry-loader
2025-08-31T23:32:54.903Z next:jsconfig-paths-plugin moduleName did not match any paths pattern 
next-flight-client-entry-loader
2025-08-31T23:32:54.903Z next:jsconfig-paths-plugin moduleName did not match any paths pattern 
next-flight-client-entry-loader
2025-08-31T23:32:54.903Z next:jsconfig-paths-plugin moduleName did not match any paths pattern 
next-flight-client-entry-loader
2025-08-31T23:32:54.903Z next:jsconfig-paths-plugin moduleName did not match any paths pattern 
next-flight-client-entry-loader
2025-08-31T23:32:54.903Z next:jsconfig-paths-plugin moduleName did not match any paths pattern 
next-flight-client-entry-loader
2025-08-31T23:32:54.903Z next:jsconfig-paths-plugin moduleName did not match any paths pattern 
next-flight-client-entry-loader
2025-08-31T23:32:54.903Z next:jsconfig-paths-plugin moduleName did not match any paths pattern 
next-flight-client-entry-loader
2025-08-31T23:32:54.903Z next:jsconfig-paths-plugin moduleName did not match any paths pattern 
next-flight-client-entry-loader
2025-08-31T23:32:54.903Z next:jsconfig-paths-plugin moduleName did not match any paths pattern 
next-flight-client-entry-loader
2025-08-31T23:32:54.903Z next:jsconfig-paths-plugin moduleName did not match any paths pattern 
next-flight-client-entry-loader
2025-08-31T23:32:54.903Z next:jsconfig-paths-plugin moduleName did not match any paths pattern 
next-flight-client-entry-loader
2025-08-31T23:32:54.903Z next:jsconfig-paths-plugin moduleName did not match any paths pattern 
next-flight-client-entry-loader
2025-08-31T23:32:54.903Z next:jsconfig-paths-plugin moduleName did not match any paths pattern 
next-flight-client-entry-loader
2025-08-31T23:32:54.903Z next:jsconfig-paths-plugin moduleName did not match any paths pattern 
next-flight-client-entry-loader
2025-08-31T23:32:54.904Z next:jsconfig-paths-plugin moduleName did not match any paths pattern 
next-flight-client-entry-loader
2025-08-31T23:32:54.904Z next:jsconfig-paths-plugin moduleName did not match any paths pattern 
next-flight-client-entry-loader
2025-08-31T23:32:54.904Z next:jsconfig-paths-plugin moduleName did not match any paths pattern 
next-flight-client-entry-loader
2025-08-31T23:32:54.904Z next:jsconfig-paths-plugin moduleName did not match any paths pattern 
next-flight-client-entry-loader
2025-08-31T23:32:54.904Z next:jsconfig-paths-plugin moduleName did not match any paths pattern 
next-flight-client-entry-loader
2025-08-31T23:32:54.904Z next:jsconfig-paths-plugin moduleName did not match any paths pattern 
next-flight-client-entry-loader
2025-08-31T23:32:54.904Z next:jsconfig-paths-plugin moduleName did not match any paths pattern 
next-flight-client-entry-loader
2025-08-31T23:32:54.904Z next:jsconfig-paths-plugin moduleName did not match any paths pattern 
next-flight-client-entry-loader
2025-08-31T23:32:54.904Z next:jsconfig-paths-plugin moduleName did not match any paths pattern 
next-flight-client-entry-loader
2025-08-31T23:32:54.904Z next:jsconfig-paths-plugin moduleName did not match any paths pattern 
next-flight-client-entry-loader
2025-08-31T23:32:54.904Z next:jsconfig-paths-plugin moduleName did not match any paths pattern 
next-flight-client-entry-loader
2025-08-31T23:32:54.904Z next:jsconfig-paths-plugin moduleName did not match any paths pattern 
next-flight-client-entry-loader
2025-08-31T23:32:54.904Z next:jsconfig-paths-plugin moduleName did not match any paths pattern 
next-flight-client-entry-loader
2025-08-31T23:32:54.904Z next:jsconfig-paths-plugin moduleName did not match any paths pattern 
next-flight-client-entry-loader
2025-08-31T23:32:54.905Z next:jsconfig-paths-plugin moduleName did not match any paths pattern 
next-flight-client-entry-loader
2025-08-31T23:32:54.905Z next:jsconfig-paths-plugin moduleName did not match any paths pattern 
next-flight-client-entry-loader
2025-08-31T23:32:54.905Z next:jsconfig-paths-plugin moduleName did not match any paths pattern 
next-flight-client-entry-loader
2025-08-31T23:32:54.905Z next:jsconfig-paths-plugin moduleName did not match any paths pattern 
next-flight-client-entry-loader
2025-08-31T23:32:54.905Z next:jsconfig-paths-plugin moduleName did not match any paths pattern 
next-flight-client-entry-loader
2025-08-31T23:32:54.905Z next:jsconfig-paths-plugin moduleName did not match any paths pattern 
next-flight-client-entry-loader
2025-08-31T23:32:54.905Z next:jsconfig-paths-plugin moduleName did not match any paths pattern 
next-flight-client-entry-loader
2025-08-31T23:32:54.905Z next:jsconfig-paths-plugin moduleName did not match any paths pattern 
next-flight-client-entry-loader
2025-08-31T23:32:54.905Z next:jsconfig-paths-plugin moduleName did not match any paths pattern 
next-flight-client-entry-loader
2025-08-31T23:32:54.905Z next:jsconfig-paths-plugin moduleName did not match any paths pattern 
next-flight-client-entry-loader
2025-08-31T23:32:54.905Z next:jsconfig-paths-plugin moduleName did not match any paths pattern 
next-flight-client-entry-loader
2025-08-31T23:32:54.905Z next:jsconfig-paths-plugin moduleName did not match any paths pattern 
next-flight-client-entry-loader
2025-08-31T23:32:54.905Z next:jsconfig-paths-plugin moduleName did not match any paths pattern 
next-flight-client-entry-loader
2025-08-31T23:32:54.905Z next:jsconfig-paths-plugin moduleName did not match any paths pattern 
next-flight-client-entry-loader
2025-08-31T23:32:54.905Z next:jsconfig-paths-plugin moduleName did not match any paths pattern 
next-flight-client-entry-loader
2025-08-31T23:32:54.906Z next:jsconfig-paths-plugin moduleName did not match any paths pattern 
next-flight-client-entry-loader
2025-08-31T23:32:54.906Z next:jsconfig-paths-plugin moduleName did not match any paths pattern 
next-flight-client-entry-loader
2025-08-31T23:32:54.906Z next:jsconfig-paths-plugin moduleName did not match any paths pattern 
next-flight-client-entry-loader
2025-08-31T23:32:54.906Z next:jsconfig-paths-plugin moduleName did not match any paths pattern 
next-flight-client-entry-loader
2025-08-31T23:32:54.906Z next:jsconfig-paths-plugin moduleName did not match any paths pattern 
next-flight-client-entry-loader
2025-08-31T23:32:54.906Z next:jsconfig-paths-plugin moduleName did not match any paths pattern 
next-flight-client-entry-loader
2025-08-31T23:32:54.906Z next:jsconfig-paths-plugin moduleName did not match any paths pattern 
next-flight-client-entry-loader
2025-08-31T23:32:54.906Z next:jsconfig-paths-plugin moduleName did not match any paths pattern 
next-flight-client-entry-loader
2025-08-31T23:32:54.906Z next:jsconfig-paths-plugin moduleName did not match any paths pattern 
next-flight-client-entry-loader
2025-08-31T23:32:54.906Z next:jsconfig-paths-plugin moduleName did not match any paths pattern 
next-flight-client-entry-loader
2025-08-31T23:32:54.906Z next:jsconfig-paths-plugin moduleName did not match any paths pattern 
next-flight-client-entry-loader
2025-08-31T23:32:54.906Z next:jsconfig-paths-plugin moduleName did not match any paths pattern 
next-flight-client-entry-loader
2025-08-31T23:32:54.906Z next:jsconfig-paths-plugin moduleName did not match any paths pattern 
next-flight-client-entry-loader
2025-08-31T23:32:54.906Z next:jsconfig-paths-plugin moduleName did not match any paths pattern 
next-flight-client-entry-loader
2025-08-31T23:32:54.906Z next:jsconfig-paths-plugin moduleName did not match any paths pattern 
next-flight-client-entry-loader
2025-08-31T23:32:54.906Z next:jsconfig-paths-plugin moduleName did not match any paths pattern 
next-flight-client-entry-loader
2025-08-31T23:32:54.906Z next:jsconfig-paths-plugin moduleName did not match any paths pattern 
next-flight-client-entry-loader
2025-08-31T23:32:54.907Z next:jsconfig-paths-plugin moduleName did not match any paths pattern 
next-flight-client-entry-loader
2025-08-31T23:32:54.907Z next:jsconfig-paths-plugin moduleName did not match any paths pattern 
next-flight-client-entry-loader
2025-08-31T23:32:54.907Z next:jsconfig-paths-plugin moduleName did not match any paths pattern 
next-flight-client-entry-loader
2025-08-31T23:32:54.907Z next:jsconfig-paths-plugin moduleName did not match any paths pattern 
next-flight-client-entry-loader
2025-08-31T23:32:54.907Z next:jsconfig-paths-plugin moduleName did not match any paths pattern 
next-flight-client-entry-loader
2025-08-31T23:32:54.907Z next:jsconfig-paths-plugin moduleName did not match any paths pattern 
next-flight-client-entry-loader
2025-08-31T23:32:54.907Z next:jsconfig-paths-plugin moduleName did not match any paths pattern 
next-flight-client-entry-loader
2025-08-31T23:32:54.907Z next:jsconfig-paths-plugin moduleName did not match any paths pattern 
next-flight-client-entry-loader
2025-08-31T23:32:54.907Z next:jsconfig-paths-plugin moduleName did not match any paths pattern 
next-flight-client-entry-loader
2025-08-31T23:32:54.907Z next:jsconfig-paths-plugin moduleName did not match any paths pattern 
next-flight-client-entry-loader
2025-08-31T23:32:54.907Z next:jsconfig-paths-plugin moduleName did not match any paths pattern 
next-flight-client-entry-loader
2025-08-31T23:32:54.907Z next:jsconfig-paths-plugin moduleName did not match any paths pattern 
next-flight-client-entry-loader
2025-08-31T23:32:54.907Z next:jsconfig-paths-plugin moduleName did not match any paths pattern 
next-flight-client-entry-loader
2025-08-31T23:32:54.907Z next:jsconfig-paths-plugin moduleName did not match any paths pattern 
next-flight-client-entry-loader
2025-08-31T23:32:54.908Z next:jsconfig-paths-plugin moduleName did not match any paths pattern 
next-flight-client-entry-loader
2025-08-31T23:32:54.908Z next:jsconfig-paths-plugin moduleName did not match any paths pattern 
next-flight-client-entry-loader
2025-08-31T23:32:54.908Z next:jsconfig-paths-plugin moduleName did not match any paths pattern 
next-flight-client-entry-loader
2025-08-31T23:32:54.908Z next:jsconfig-paths-plugin moduleName did not match any paths pattern 
next-flight-client-entry-loader
2025-08-31T23:32:54.908Z next:jsconfig-paths-plugin moduleName did not match any paths pattern 
next-flight-client-entry-loader
2025-08-31T23:32:54.908Z next:jsconfig-paths-plugin moduleName did not match any paths pattern 
next-flight-client-entry-loader
2025-08-31T23:32:54.908Z next:jsconfig-paths-plugin moduleName did not match any paths pattern 
next-flight-client-entry-loader
2025-08-31T23:32:54.908Z next:jsconfig-paths-plugin moduleName did not match any paths pattern 
next-flight-client-entry-loader
2025-08-31T23:32:54.908Z next:jsconfig-paths-plugin moduleName did not match any paths pattern 
next-flight-client-entry-loader
2025-08-31T23:32:54.908Z next:jsconfig-paths-plugin moduleName did not match any paths pattern 
next-flight-client-entry-loader
2025-08-31T23:32:54.932Z next:jsconfig-paths-plugin moduleName did not match any paths pattern 
next-flight-client-entry-loader
2025-08-31T23:32:54.932Z next:jsconfig-paths-plugin moduleName did not match any paths pattern 
next-flight-client-entry-loader
2025-08-31T23:32:54.932Z next:jsconfig-paths-plugin moduleName did not match any paths pattern 
next-flight-client-entry-loader
2025-08-31T23:32:54.932Z next:jsconfig-paths-plugin moduleName did not match any paths pattern 
next-flight-client-entry-loader
2025-08-31T23:32:54.932Z next:jsconfig-paths-plugin moduleName did not match any paths pattern 
next-flight-client-entry-loader
2025-08-31T23:32:54.932Z next:jsconfig-paths-plugin moduleName did not match any paths pattern 
next-flight-client-entry-loader
2025-08-31T23:32:54.933Z next:jsconfig-paths-plugin moduleName did not match any paths pattern 
next-flight-client-entry-loader
2025-08-31T23:32:54.933Z next:jsconfig-paths-plugin moduleName did not match any paths pattern 
next-flight-client-entry-loader
2025-08-31T23:32:54.933Z next:jsconfig-paths-plugin moduleName did not match any paths pattern 
next-flight-client-entry-loader
2025-08-31T23:32:54.933Z next:jsconfig-paths-plugin moduleName did not match any paths pattern 
next-flight-client-entry-loader
2025-08-31T23:32:54.933Z next:jsconfig-paths-plugin moduleName did not match any paths pattern 
next-flight-client-entry-loader
2025-08-31T23:32:54.933Z next:jsconfig-paths-plugin moduleName did not match any paths pattern 
next-flight-client-entry-loader
2025-08-31T23:32:54.933Z next:jsconfig-paths-plugin moduleName did not match any paths pattern 
next-flight-client-entry-loader
2025-08-31T23:32:54.934Z next:jsconfig-paths-plugin moduleName did not match any paths pattern 
next-flight-client-entry-loader
2025-08-31T23:32:54.934Z next:jsconfig-paths-plugin moduleName did not match any paths pattern 
next-flight-client-entry-loader
2025-08-31T23:32:54.934Z next:jsconfig-paths-plugin moduleName did not match any paths pattern 
next-flight-client-entry-loader
2025-08-31T23:32:54.934Z next:jsconfig-paths-plugin moduleName did not match any paths pattern 
next-flight-client-entry-loader
2025-08-31T23:32:54.934Z next:jsconfig-paths-plugin moduleName did not match any paths pattern 
next-flight-client-entry-loader
2025-08-31T23:32:54.934Z next:jsconfig-paths-plugin moduleName did not match any paths pattern 
next-flight-client-entry-loader
2025-08-31T23:32:54.934Z next:jsconfig-paths-plugin moduleName did not match any paths pattern 
next-flight-client-entry-loader
2025-08-31T23:32:54.937Z next:jsconfig-paths-plugin moduleName did not match any paths pattern 
next-flight-client-entry-loader
2025-08-31T23:32:54.937Z next:jsconfig-paths-plugin moduleName did not match any paths pattern 
next-flight-client-entry-loader
2025-08-31T23:32:54.938Z next:jsconfig-paths-plugin moduleName did not match any paths pattern 
next-flight-client-entry-loader
2025-08-31T23:32:54.938Z next:jsconfig-paths-plugin moduleName did not match any paths pattern 
next-flight-client-entry-loader
2025-08-31T23:32:54.938Z next:jsconfig-paths-plugin moduleName did not match any paths pattern 
next-flight-client-entry-loader
2025-08-31T23:32:54.938Z next:jsconfig-paths-plugin moduleName did not match any paths pattern 
next-flight-client-entry-loader
2025-08-31T23:32:54.938Z next:jsconfig-paths-plugin moduleName did not match any paths pattern 
next-flight-client-entry-loader
2025-08-31T23:32:54.938Z next:jsconfig-paths-plugin moduleName did not match any paths pattern 
next-flight-client-entry-loader
2025-08-31T23:32:54.938Z next:jsconfig-paths-plugin moduleName did not match any paths pattern 
next-flight-client-entry-loader
2025-08-31T23:32:54.938Z next:jsconfig-paths-plugin moduleName did not match any paths pattern 
next-flight-client-entry-loader
2025-08-31T23:32:54.938Z next:jsconfig-paths-plugin moduleName did not match any paths pattern 
next-flight-client-entry-loader
2025-08-31T23:32:54.938Z next:jsconfig-paths-plugin moduleName did not match any paths pattern 
next-flight-client-entry-loader
2025-08-31T23:32:54.938Z next:jsconfig-paths-plugin moduleName did not match any paths pattern 
next-flight-client-entry-loader
2025-08-31T23:32:54.938Z next:jsconfig-paths-plugin moduleName did not match any paths pattern 
next-flight-client-entry-loader
2025-08-31T23:32:54.938Z next:jsconfig-paths-plugin moduleName did not match any paths pattern 
next-flight-client-entry-loader
2025-08-31T23:32:54.938Z next:jsconfig-paths-plugin moduleName did not match any paths pattern 
next-flight-client-entry-loader
2025-08-31T23:32:54.938Z next:jsconfig-paths-plugin moduleName did not match any paths pattern 
next-flight-client-entry-loader
2025-08-31T23:32:54.938Z next:jsconfig-paths-plugin moduleName did not match any paths pattern 
next-flight-client-entry-loader
2025-08-31T23:32:54.938Z next:jsconfig-paths-plugin moduleName did not match any paths pattern 
next-flight-client-entry-loader
2025-08-31T23:32:54.939Z next:jsconfig-paths-plugin moduleName did not match any paths pattern 
next-flight-client-entry-loader
2025-08-31T23:32:54.948Z next:jsconfig-paths-plugin moduleName did not match any paths pattern 
next-flight-client-entry-loader
2025-08-31T23:32:54.948Z next:jsconfig-paths-plugin moduleName did not match any paths pattern 
next-flight-client-entry-loader
2025-08-31T23:32:54.948Z next:jsconfig-paths-plugin moduleName did not match any paths pattern 
next-flight-client-entry-loader
2025-08-31T23:32:54.948Z next:jsconfig-paths-plugin moduleName did not match any paths pattern 
next-flight-client-entry-loader
2025-08-31T23:32:54.948Z next:jsconfig-paths-plugin moduleName did not match any paths pattern 
next-flight-client-entry-loader
2025-08-31T23:32:54.948Z next:jsconfig-paths-plugin moduleName did not match any paths pattern 
next-flight-client-entry-loader
2025-08-31T23:32:54.949Z next:jsconfig-paths-plugin moduleName did not match any paths pattern 
next-flight-client-entry-loader
2025-08-31T23:32:54.949Z next:jsconfig-paths-plugin moduleName did not match any paths pattern 
next-flight-client-entry-loader
2025-08-31T23:32:54.949Z next:jsconfig-paths-plugin moduleName did not match any paths pattern 
next-flight-client-entry-loader
2025-08-31T23:32:54.949Z next:jsconfig-paths-plugin moduleName did not match any paths pattern 
next-flight-client-entry-loader
2025-08-31T23:32:54.949Z next:jsconfig-paths-plugin moduleName did not match any paths pattern 
next-flight-client-entry-loader
2025-08-31T23:32:54.949Z next:jsconfig-paths-plugin moduleName did not match any paths pattern 
next-flight-client-entry-loader
2025-08-31T23:32:54.949Z next:jsconfig-paths-plugin moduleName did not match any paths pattern 
next-flight-client-entry-loader
2025-08-31T23:32:54.949Z next:jsconfig-paths-plugin moduleName did not match any paths pattern 
next-flight-client-entry-loader
2025-08-31T23:32:54.949Z next:jsconfig-paths-plugin moduleName did not match any paths pattern 
next-flight-client-entry-loader
2025-08-31T23:32:54.949Z next:jsconfig-paths-plugin moduleName did not match any paths pattern 
next-flight-client-entry-loader
2025-08-31T23:32:54.949Z next:jsconfig-paths-plugin moduleName did not match any paths pattern 
next-flight-client-entry-loader
2025-08-31T23:32:54.949Z next:jsconfig-paths-plugin moduleName did not match any paths pattern 
next-flight-client-entry-loader
2025-08-31T23:32:54.949Z next:jsconfig-paths-plugin moduleName did not match any paths pattern 
next-flight-client-entry-loader
2025-08-31T23:32:54.949Z next:jsconfig-paths-plugin moduleName did not match any paths pattern 
next-flight-client-entry-loader
2025-08-31T23:32:54.949Z next:jsconfig-paths-plugin moduleName did not match any paths pattern 
next-flight-client-entry-loader
2025-08-31T23:32:54.949Z next:jsconfig-paths-plugin moduleName did not match any paths pattern 
next-flight-client-entry-loader
2025-08-31T23:32:54.949Z next:jsconfig-paths-plugin moduleName did not match any paths pattern 
next-flight-client-entry-loader
2025-08-31T23:32:54.950Z next:jsconfig-paths-plugin moduleName did not match any paths pattern 
next-flight-client-entry-loader
2025-08-31T23:32:54.950Z next:jsconfig-paths-plugin moduleName did not match any paths pattern 
next-flight-client-entry-loader
2025-08-31T23:32:54.950Z next:jsconfig-paths-plugin moduleName did not match any paths pattern 
next-flight-client-entry-loader
2025-08-31T23:32:54.950Z next:jsconfig-paths-plugin moduleName did not match any paths pattern 
next-flight-client-entry-loader
2025-08-31T23:32:54.950Z next:jsconfig-paths-plugin moduleName did not match any paths pattern 
next-flight-client-entry-loader
2025-08-31T23:32:54.950Z next:jsconfig-paths-plugin moduleName did not match any paths pattern 
next-flight-client-entry-loader
2025-08-31T23:32:54.950Z next:jsconfig-paths-plugin moduleName did not match any paths pattern 
next-flight-client-entry-loader
2025-08-31T23:32:54.950Z next:jsconfig-paths-plugin moduleName did not match any paths pattern 
next-flight-client-entry-loader
2025-08-31T23:32:54.950Z next:jsconfig-paths-plugin moduleName did not match any paths pattern 
next-flight-client-entry-loader
2025-08-31T23:32:54.950Z next:jsconfig-paths-plugin moduleName did not match any paths pattern 
next-flight-client-entry-loader
2025-08-31T23:32:54.950Z next:jsconfig-paths-plugin moduleName did not match any paths pattern 
next-flight-client-entry-loader
2025-08-31T23:32:54.950Z next:jsconfig-paths-plugin moduleName did not match any paths pattern 
next-flight-client-entry-loader
2025-08-31T23:32:54.950Z next:jsconfig-paths-plugin moduleName did not match any paths pattern 
next-flight-client-entry-loader
2025-08-31T23:32:54.950Z next:jsconfig-paths-plugin moduleName did not match any paths pattern 
next-flight-client-entry-loader
2025-08-31T23:32:54.950Z next:jsconfig-paths-plugin moduleName did not match any paths pattern 
next-flight-client-entry-loader
2025-08-31T23:32:54.950Z next:jsconfig-paths-plugin moduleName did not match any paths pattern 
next-flight-client-entry-loader
2025-08-31T23:32:54.950Z next:jsconfig-paths-plugin moduleName did not match any paths pattern 
next-flight-client-entry-loader
2025-08-31T23:32:54.950Z next:jsconfig-paths-plugin moduleName did not match any paths pattern 
next-flight-client-entry-loader
2025-08-31T23:32:54.951Z next:jsconfig-paths-plugin moduleName did not match any paths pattern 
next-flight-client-entry-loader
2025-08-31T23:32:54.951Z next:jsconfig-paths-plugin moduleName did not match any paths pattern 
next-flight-client-entry-loader
2025-08-31T23:32:54.951Z next:jsconfig-paths-plugin moduleName did not match any paths pattern 
next-flight-client-entry-loader
2025-08-31T23:32:54.951Z next:jsconfig-paths-plugin moduleName did not match any paths pattern 
next-flight-client-entry-loader
2025-08-31T23:32:54.951Z next:jsconfig-paths-plugin moduleName did not match any paths pattern 
next-flight-client-entry-loader
2025-08-31T23:32:54.951Z next:jsconfig-paths-plugin moduleName did not match any paths pattern 
next-flight-client-entry-loader
2025-08-31T23:32:54.951Z next:jsconfig-paths-plugin moduleName did not match any paths pattern 
next-flight-client-entry-loader
2025-08-31T23:32:54.951Z next:jsconfig-paths-plugin moduleName did not match any paths pattern 
next-flight-client-entry-loader
2025-08-31T23:32:54.951Z next:jsconfig-paths-plugin moduleName did not match any paths pattern 
next-flight-client-entry-loader
2025-08-31T23:32:54.951Z next:jsconfig-paths-plugin moduleName did not match any paths pattern 
next-flight-client-entry-loader
2025-08-31T23:32:54.951Z next:jsconfig-paths-plugin moduleName did not match any paths pattern 
next-flight-client-entry-loader
2025-08-31T23:32:54.951Z next:jsconfig-paths-plugin moduleName did not match any paths pattern 
next-flight-client-entry-loader
2025-08-31T23:32:54.951Z next:jsconfig-paths-plugin moduleName did not match any paths pattern 
next-flight-client-entry-loader
2025-08-31T23:32:54.951Z next:jsconfig-paths-plugin moduleName did not match any paths pattern 
next-flight-client-entry-loader
2025-08-31T23:32:54.951Z next:jsconfig-paths-plugin moduleName did not match any paths pattern 
next-flight-client-entry-loader
2025-08-31T23:32:54.951Z next:jsconfig-paths-plugin moduleName did not match any paths pattern 
next-flight-client-entry-loader
2025-08-31T23:32:54.952Z next:jsconfig-paths-plugin moduleName did not match any paths pattern 
next-flight-client-entry-loader
2025-08-31T23:32:54.952Z next:jsconfig-paths-plugin moduleName did not match any paths pattern 
next-flight-client-entry-loader
2025-08-31T23:32:54.952Z next:jsconfig-paths-plugin moduleName did not match any paths pattern 
next-flight-client-entry-loader
2025-08-31T23:32:54.952Z next:jsconfig-paths-plugin moduleName did not match any paths pattern 
next-flight-client-entry-loader
2025-08-31T23:32:54.952Z next:jsconfig-paths-plugin moduleName did not match any paths pattern 
next-flight-client-entry-loader
2025-08-31T23:32:54.952Z next:jsconfig-paths-plugin moduleName did not match any paths pattern 
next-flight-client-entry-loader
2025-08-31T23:32:54.952Z next:jsconfig-paths-plugin moduleName did not match any paths pattern 
next-flight-client-entry-loader
2025-08-31T23:32:54.952Z next:jsconfig-paths-plugin moduleName did not match any paths pattern 
next-flight-client-entry-loader
2025-08-31T23:32:54.952Z next:jsconfig-paths-plugin moduleName did not match any paths pattern 
next-flight-client-entry-loader
2025-08-31T23:32:54.952Z next:jsconfig-paths-plugin moduleName did not match any paths pattern 
next-flight-client-entry-loader
2025-08-31T23:32:54.952Z next:jsconfig-paths-plugin moduleName did not match any paths pattern 
next-flight-client-entry-loader
2025-08-31T23:32:54.952Z next:jsconfig-paths-plugin moduleName did not match any paths pattern 
next-flight-client-entry-loader
2025-08-31T23:32:54.952Z next:jsconfig-paths-plugin moduleName did not match any paths pattern 
next-flight-client-entry-loader
2025-08-31T23:32:54.972Z next:jsconfig-paths-plugin moduleName did not match any paths pattern 
next-flight-client-entry-loader
2025-08-31T23:32:54.972Z next:jsconfig-paths-plugin moduleName did not match any paths pattern 
next-flight-client-entry-loader
2025-08-31T23:32:54.972Z next:jsconfig-paths-plugin moduleName did not match any paths pattern 
next-flight-client-entry-loader
2025-08-31T23:32:54.972Z next:jsconfig-paths-plugin moduleName did not match any paths pattern 
next-flight-client-entry-loader
2025-08-31T23:32:54.972Z next:jsconfig-paths-plugin moduleName did not match any paths pattern 
next-flight-client-entry-loader
2025-08-31T23:32:54.972Z next:jsconfig-paths-plugin moduleName did not match any paths pattern 
next-flight-client-entry-loader
2025-08-31T23:32:54.972Z next:jsconfig-paths-plugin moduleName did not match any paths pattern 
next-flight-client-entry-loader
2025-08-31T23:32:54.972Z next:jsconfig-paths-plugin moduleName did not match any paths pattern 
next-flight-client-entry-loader
2025-08-31T23:32:54.972Z next:jsconfig-paths-plugin moduleName did not match any paths pattern 
next-flight-client-entry-loader
2025-08-31T23:32:54.972Z next:jsconfig-paths-plugin moduleName did not match any paths pattern 
next-flight-client-entry-loader
2025-08-31T23:32:54.973Z next:jsconfig-paths-plugin moduleName did not match any paths pattern 
next-flight-client-entry-loader
2025-08-31T23:32:54.973Z next:jsconfig-paths-plugin moduleName did not match any paths pattern 
next-flight-client-entry-loader
2025-08-31T23:32:54.973Z next:jsconfig-paths-plugin moduleName did not match any paths pattern 
next-flight-client-entry-loader
2025-08-31T23:32:54.973Z next:jsconfig-paths-plugin moduleName did not match any paths pattern 
next-flight-client-entry-loader
2025-08-31T23:32:54.973Z next:jsconfig-paths-plugin moduleName did not match any paths pattern 
next-flight-client-entry-loader
2025-08-31T23:32:54.973Z next:jsconfig-paths-plugin moduleName did not match any paths pattern 
next-flight-client-entry-loader
2025-08-31T23:32:54.973Z next:jsconfig-paths-plugin moduleName did not match any paths pattern 
next-flight-client-entry-loader
2025-08-31T23:32:54.973Z next:jsconfig-paths-plugin moduleName did not match any paths pattern 
next-flight-client-entry-loader
2025-08-31T23:32:54.973Z next:jsconfig-paths-plugin moduleName did not match any paths pattern 
next-flight-client-entry-loader
2025-08-31T23:32:54.973Z next:jsconfig-paths-plugin moduleName did not match any paths pattern 
next-flight-client-entry-loader
2025-08-31T23:32:54.973Z next:jsconfig-paths-plugin moduleName did not match any paths pattern 
next-flight-client-entry-loader
2025-08-31T23:32:54.973Z next:jsconfig-paths-plugin moduleName did not match any paths pattern 
next-flight-client-entry-loader
2025-08-31T23:32:54.973Z next:jsconfig-paths-plugin moduleName did not match any paths pattern 
next-flight-client-entry-loader
2025-08-31T23:32:54.973Z next:jsconfig-paths-plugin moduleName did not match any paths pattern 
next-flight-client-entry-loader
2025-08-31T23:32:54.973Z next:jsconfig-paths-plugin moduleName did not match any paths pattern 
next-flight-client-entry-loader
2025-08-31T23:32:54.973Z next:jsconfig-paths-plugin moduleName did not match any paths pattern 
next-flight-client-entry-loader
2025-08-31T23:32:54.973Z next:jsconfig-paths-plugin moduleName did not match any paths pattern 
next-flight-client-entry-loader
2025-08-31T23:32:54.973Z next:jsconfig-paths-plugin moduleName did not match any paths pattern 
next-flight-client-entry-loader
2025-08-31T23:32:54.974Z next:jsconfig-paths-plugin moduleName did not match any paths pattern 
next-flight-client-entry-loader
2025-08-31T23:32:54.974Z next:jsconfig-paths-plugin moduleName did not match any paths pattern 
next-flight-client-entry-loader
2025-08-31T23:32:54.974Z next:jsconfig-paths-plugin moduleName did not match any paths pattern 
next-flight-client-entry-loader
2025-08-31T23:32:54.974Z next:jsconfig-paths-plugin moduleName did not match any paths pattern 
next-flight-client-entry-loader
2025-08-31T23:32:54.974Z next:jsconfig-paths-plugin moduleName did not match any paths pattern 
next-flight-client-entry-loader
2025-08-31T23:32:54.974Z next:jsconfig-paths-plugin moduleName did not match any paths pattern 
next-flight-client-entry-loader
2025-08-31T23:32:54.974Z next:jsconfig-paths-plugin moduleName did not match any paths pattern 
next-flight-client-entry-loader
2025-08-31T23:32:54.974Z next:jsconfig-paths-plugin moduleName did not match any paths pattern 
next-flight-client-entry-loader
2025-08-31T23:32:54.974Z next:jsconfig-paths-plugin moduleName did not match any paths pattern 
next-flight-client-entry-loader
2025-08-31T23:32:54.974Z next:jsconfig-paths-plugin moduleName did not match any paths pattern 
next-flight-client-entry-loader
2025-08-31T23:32:54.974Z next:jsconfig-paths-plugin moduleName did not match any paths pattern 
next-flight-client-entry-loader
2025-08-31T23:32:54.974Z next:jsconfig-paths-plugin moduleName did not match any paths pattern 
next-flight-client-entry-loader
2025-08-31T23:32:54.974Z next:jsconfig-paths-plugin moduleName did not match any paths pattern 
next-flight-client-entry-loader
2025-08-31T23:32:54.974Z next:jsconfig-paths-plugin moduleName did not match any paths pattern 
next-flight-client-entry-loader
2025-08-31T23:32:54.974Z next:jsconfig-paths-plugin moduleName did not match any paths pattern 
next-flight-client-entry-loader
2025-08-31T23:32:54.974Z next:jsconfig-paths-plugin moduleName did not match any paths pattern 
next-flight-client-entry-loader
2025-08-31T23:32:54.974Z next:jsconfig-paths-plugin moduleName did not match any paths pattern 
next-flight-client-entry-loader
2025-08-31T23:32:54.975Z next:jsconfig-paths-plugin moduleName did not match any paths pattern 
next-flight-client-entry-loader
2025-08-31T23:32:54.975Z next:jsconfig-paths-plugin moduleName did not match any paths pattern 
next-flight-client-entry-loader
2025-08-31T23:32:54.975Z next:jsconfig-paths-plugin moduleName did not match any paths pattern 
next-flight-client-entry-loader
2025-08-31T23:32:54.975Z next:jsconfig-paths-plugin moduleName did not match any paths pattern 
next-flight-client-entry-loader
2025-08-31T23:32:54.975Z next:jsconfig-paths-plugin moduleName did not match any paths pattern 
next-flight-client-entry-loader
2025-08-31T23:32:54.975Z next:jsconfig-paths-plugin moduleName did not match any paths pattern 
next-flight-client-entry-loader
2025-08-31T23:32:54.975Z next:jsconfig-paths-plugin moduleName did not match any paths pattern 
next-flight-client-entry-loader
2025-08-31T23:32:54.975Z next:jsconfig-paths-plugin moduleName did not match any paths pattern 
next-flight-client-entry-loader
2025-08-31T23:32:54.975Z next:jsconfig-paths-plugin moduleName did not match any paths pattern 
next-flight-client-entry-loader
2025-08-31T23:32:54.975Z next:jsconfig-paths-plugin moduleName did not match any paths pattern 
next-flight-client-entry-loader
2025-08-31T23:32:54.975Z next:jsconfig-paths-plugin moduleName did not match any paths pattern 
next-flight-client-entry-loader
2025-08-31T23:32:54.975Z next:jsconfig-paths-plugin moduleName did not match any paths pattern 
next-flight-client-entry-loader
2025-08-31T23:32:54.975Z next:jsconfig-paths-plugin moduleName did not match any paths pattern 
next-flight-client-entry-loader
2025-08-31T23:32:54.975Z next:jsconfig-paths-plugin moduleName did not match any paths pattern 
next-flight-client-entry-loader
2025-08-31T23:32:54.975Z next:jsconfig-paths-plugin moduleName did not match any paths pattern 
next-flight-client-entry-loader
2025-08-31T23:32:54.975Z next:jsconfig-paths-plugin moduleName did not match any paths pattern 
next-flight-client-entry-loader
2025-08-31T23:32:54.975Z next:jsconfig-paths-plugin moduleName did not match any paths pattern 
next-flight-client-entry-loader
2025-08-31T23:32:54.975Z next:jsconfig-paths-plugin moduleName did not match any paths pattern 
next-flight-client-entry-loader
2025-08-31T23:32:54.976Z next:jsconfig-paths-plugin moduleName did not match any paths pattern 
next-flight-client-entry-loader
2025-08-31T23:32:54.976Z next:jsconfig-paths-plugin moduleName did not match any paths pattern 
next-flight-client-entry-loader
2025-08-31T23:32:54.976Z next:jsconfig-paths-plugin moduleName did not match any paths pattern 
next-flight-client-entry-loader
2025-08-31T23:32:54.976Z next:jsconfig-paths-plugin moduleName did not match any paths pattern 
next-flight-client-entry-loader
2025-08-31T23:32:54.976Z next:jsconfig-paths-plugin moduleName did not match any paths pattern 
next-flight-client-entry-loader
2025-08-31T23:32:54.976Z next:jsconfig-paths-plugin moduleName did not match any paths pattern 
next-flight-client-entry-loader
2025-08-31T23:32:54.977Z next:jsconfig-paths-plugin moduleName did not match any paths pattern 
next-flight-client-entry-loader
2025-08-31T23:32:54.997Z next:jsconfig-paths-plugin moduleName did not match any paths pattern 
next-flight-client-entry-loader
2025-08-31T23:32:54.997Z next:jsconfig-paths-plugin moduleName did not match any paths pattern 
next-flight-client-entry-loader
2025-08-31T23:32:54.997Z next:jsconfig-paths-plugin moduleName did not match any paths pattern 
next-flight-client-entry-loader
2025-08-31T23:32:54.997Z next:jsconfig-paths-plugin moduleName did not match any paths pattern 
next-flight-client-entry-loader
2025-08-31T23:32:54.997Z next:jsconfig-paths-plugin moduleName did not match any paths pattern 
next-flight-client-entry-loader
2025-08-31T23:32:54.997Z next:jsconfig-paths-plugin moduleName did not match any paths pattern 
next-flight-client-entry-loader
2025-08-31T23:32:54.997Z next:jsconfig-paths-plugin moduleName did not match any paths pattern 
next-flight-client-entry-loader
2025-08-31T23:32:54.997Z next:jsconfig-paths-plugin moduleName did not match any paths pattern 
next-flight-client-entry-loader
2025-08-31T23:32:54.997Z next:jsconfig-paths-plugin moduleName did not match any paths pattern 
next-flight-client-entry-loader
2025-08-31T23:32:54.997Z next:jsconfig-paths-plugin moduleName did not match any paths pattern 
next-flight-client-entry-loader
2025-08-31T23:32:54.998Z next:jsconfig-paths-plugin moduleName did not match any paths pattern 
next-flight-client-entry-loader
2025-08-31T23:32:54.998Z next:jsconfig-paths-plugin moduleName did not match any paths pattern 
next-flight-client-entry-loader
2025-08-31T23:32:54.998Z next:jsconfig-paths-plugin moduleName did not match any paths pattern 
next-flight-client-entry-loader
2025-08-31T23:32:54.998Z next:jsconfig-paths-plugin moduleName did not match any paths pattern 
next-flight-client-entry-loader
2025-08-31T23:32:54.998Z next:jsconfig-paths-plugin moduleName did not match any paths pattern 
next-flight-client-entry-loader
2025-08-31T23:32:54.998Z next:jsconfig-paths-plugin moduleName did not match any paths pattern 
next-flight-client-entry-loader
2025-08-31T23:32:54.998Z next:jsconfig-paths-plugin moduleName did not match any paths pattern 
next-flight-client-entry-loader
2025-08-31T23:32:54.998Z next:jsconfig-paths-plugin moduleName did not match any paths pattern 
next-flight-client-entry-loader
2025-08-31T23:32:54.998Z next:jsconfig-paths-plugin moduleName did not match any paths pattern 
next-flight-client-entry-loader
2025-08-31T23:32:54.998Z next:jsconfig-paths-plugin moduleName did not match any paths pattern 
next-flight-client-entry-loader
2025-08-31T23:32:54.998Z next:jsconfig-paths-plugin moduleName did not match any paths pattern 
next-flight-client-entry-loader
2025-08-31T23:32:54.999Z next:jsconfig-paths-plugin moduleName did not match any paths pattern 
next-flight-client-entry-loader
2025-08-31T23:32:54.999Z next:jsconfig-paths-plugin moduleName did not match any paths pattern 
next-flight-client-entry-loader
2025-08-31T23:32:54.999Z next:jsconfig-paths-plugin moduleName did not match any paths pattern 
next-flight-client-entry-loader
2025-08-31T23:32:54.999Z next:jsconfig-paths-plugin moduleName did not match any paths pattern 
next-flight-client-entry-loader
2025-08-31T23:32:54.999Z next:jsconfig-paths-plugin moduleName did not match any paths pattern 
next-flight-client-entry-loader
2025-08-31T23:32:54.999Z next:jsconfig-paths-plugin moduleName did not match any paths pattern 
next-flight-client-entry-loader
2025-08-31T23:32:54.999Z next:jsconfig-paths-plugin moduleName did not match any paths pattern 
next-flight-client-entry-loader
2025-08-31T23:32:54.999Z next:jsconfig-paths-plugin moduleName did not match any paths pattern 
next-flight-client-entry-loader
2025-08-31T23:32:54.999Z next:jsconfig-paths-plugin moduleName did not match any paths pattern 
next-flight-client-entry-loader
2025-08-31T23:32:54.999Z next:jsconfig-paths-plugin moduleName did not match any paths pattern 
next-flight-client-entry-loader
2025-08-31T23:32:54.999Z next:jsconfig-paths-plugin moduleName did not match any paths pattern 
next-flight-client-entry-loader
2025-08-31T23:32:54.999Z next:jsconfig-paths-plugin moduleName did not match any paths pattern 
next-flight-client-entry-loader
2025-08-31T23:32:54.999Z next:jsconfig-paths-plugin moduleName did not match any paths pattern 
next-flight-client-entry-loader
2025-08-31T23:32:54.999Z next:jsconfig-paths-plugin moduleName did not match any paths pattern 
next-flight-client-entry-loader
2025-08-31T23:32:54.999Z next:jsconfig-paths-plugin moduleName did not match any paths pattern 
next-flight-client-entry-loader
2025-08-31T23:32:55.000Z next:jsconfig-paths-plugin moduleName did not match any paths pattern 
next-flight-client-entry-loader
2025-08-31T23:32:55.000Z next:jsconfig-paths-plugin moduleName did not match any paths pattern 
next-flight-client-entry-loader
2025-08-31T23:32:55.000Z next:jsconfig-paths-plugin moduleName did not match any paths pattern 
next-flight-client-entry-loader
2025-08-31T23:32:55.000Z next:jsconfig-paths-plugin moduleName did not match any paths pattern 
next-flight-client-entry-loader
2025-08-31T23:32:55.000Z next:jsconfig-paths-plugin moduleName did not match any paths pattern 
next-flight-client-entry-loader
2025-08-31T23:32:55.000Z next:jsconfig-paths-plugin moduleName did not match any paths pattern 
next-flight-client-entry-loader
2025-08-31T23:32:55.000Z next:jsconfig-paths-plugin moduleName did not match any paths pattern 
next-flight-client-entry-loader
2025-08-31T23:32:55.000Z next:jsconfig-paths-plugin moduleName did not match any paths pattern 
next-flight-client-entry-loader
2025-08-31T23:32:55.000Z next:jsconfig-paths-plugin moduleName did not match any paths pattern 
next-flight-client-entry-loader
2025-08-31T23:32:55.000Z next:jsconfig-paths-plugin moduleName did not match any paths pattern 
next-flight-client-entry-loader
2025-08-31T23:32:55.000Z next:jsconfig-paths-plugin moduleName did not match any paths pattern 
next-flight-client-entry-loader
2025-08-31T23:32:55.000Z next:jsconfig-paths-plugin moduleName did not match any paths pattern 
next-flight-client-entry-loader
2025-08-31T23:32:55.000Z next:jsconfig-paths-plugin moduleName did not match any paths pattern 
next-flight-client-entry-loader
2025-08-31T23:32:55.001Z next:jsconfig-paths-plugin moduleName did not match any paths pattern 
next-flight-client-entry-loader
2025-08-31T23:32:55.001Z next:jsconfig-paths-plugin moduleName did not match any paths pattern 
next-flight-client-entry-loader
2025-08-31T23:32:55.001Z next:jsconfig-paths-plugin moduleName did not match any paths pattern 
next-flight-client-entry-loader
2025-08-31T23:32:55.001Z next:jsconfig-paths-plugin moduleName did not match any paths pattern 
next-flight-client-entry-loader
2025-08-31T23:32:55.001Z next:jsconfig-paths-plugin moduleName did not match any paths pattern 
next-flight-client-entry-loader
2025-08-31T23:32:55.001Z next:jsconfig-paths-plugin moduleName did not match any paths pattern 
next-flight-client-entry-loader
2025-08-31T23:32:55.001Z next:jsconfig-paths-plugin moduleName did not match any paths pattern 
next-flight-client-entry-loader
2025-08-31T23:32:55.001Z next:jsconfig-paths-plugin moduleName did not match any paths pattern 
next-flight-client-entry-loader
2025-08-31T23:32:55.001Z next:jsconfig-paths-plugin moduleName did not match any paths pattern 
next-flight-client-entry-loader
2025-08-31T23:32:55.001Z next:jsconfig-paths-plugin moduleName did not match any paths pattern 
next-flight-client-entry-loader
2025-08-31T23:32:55.001Z next:jsconfig-paths-plugin moduleName did not match any paths pattern 
next-flight-client-entry-loader
2025-08-31T23:32:55.001Z next:jsconfig-paths-plugin moduleName did not match any paths pattern 
next-flight-client-entry-loader
2025-08-31T23:32:55.001Z next:jsconfig-paths-plugin moduleName did not match any paths pattern 
next-flight-client-entry-loader
2025-08-31T23:32:55.001Z next:jsconfig-paths-plugin moduleName did not match any paths pattern 
next-flight-client-entry-loader
2025-08-31T23:32:55.002Z next:jsconfig-paths-plugin moduleName did not match any paths pattern 
next-flight-client-entry-loader
2025-08-31T23:32:55.002Z next:jsconfig-paths-plugin moduleName did not match any paths pattern 
next-flight-client-entry-loader
2025-08-31T23:32:55.002Z next:jsconfig-paths-plugin moduleName did not match any paths pattern 
next-flight-client-entry-loader
2025-08-31T23:32:55.002Z next:jsconfig-paths-plugin moduleName did not match any paths pattern 
next-flight-client-entry-loader
2025-08-31T23:32:55.002Z next:jsconfig-paths-plugin moduleName did not match any paths pattern 
next-flight-client-entry-loader
2025-08-31T23:32:55.002Z next:jsconfig-paths-plugin moduleName did not match any paths pattern 
next-flight-client-entry-loader
2025-08-31T23:32:55.002Z next:jsconfig-paths-plugin moduleName did not match any paths pattern 
next-flight-client-entry-loader
2025-08-31T23:32:55.002Z next:jsconfig-paths-plugin moduleName did not match any paths pattern 
next-flight-client-entry-loader
2025-08-31T23:32:55.002Z next:jsconfig-paths-plugin moduleName did not match any paths pattern 
next-flight-client-entry-loader
2025-08-31T23:32:55.002Z next:jsconfig-paths-plugin moduleName did not match any paths pattern 
next-flight-client-entry-loader
2025-08-31T23:32:55.002Z next:jsconfig-paths-plugin moduleName did not match any paths pattern 
next-flight-client-entry-loader
2025-08-31T23:32:55.002Z next:jsconfig-paths-plugin moduleName did not match any paths pattern 
next-flight-client-entry-loader
2025-08-31T23:32:55.002Z next:jsconfig-paths-plugin moduleName did not match any paths pattern 
next-flight-client-entry-loader
2025-08-31T23:32:55.002Z next:jsconfig-paths-plugin moduleName did not match any paths pattern 
next-flight-client-entry-loader
2025-08-31T23:32:55.002Z next:jsconfig-paths-plugin moduleName did not match any paths pattern 
next-flight-client-entry-loader
2025-08-31T23:32:55.003Z next:jsconfig-paths-plugin moduleName did not match any paths pattern 
next-flight-client-entry-loader
2025-08-31T23:32:55.003Z next:jsconfig-paths-plugin moduleName did not match any paths pattern 
next-flight-client-entry-loader
2025-08-31T23:32:55.003Z next:jsconfig-paths-plugin moduleName did not match any paths pattern 
next-flight-client-entry-loader
2025-08-31T23:32:55.003Z next:jsconfig-paths-plugin moduleName did not match any paths pattern 
next-flight-client-entry-loader
2025-08-31T23:32:55.003Z next:jsconfig-paths-plugin moduleName did not match any paths pattern 
next-flight-client-entry-loader
2025-08-31T23:32:55.003Z next:jsconfig-paths-plugin moduleName did not match any paths pattern 
next-flight-client-entry-loader
2025-08-31T23:32:55.003Z next:jsconfig-paths-plugin moduleName did not match any paths pattern 
next-flight-client-entry-loader
2025-08-31T23:32:55.003Z next:jsconfig-paths-plugin moduleName did not match any paths pattern 
next-flight-client-entry-loader
2025-08-31T23:32:55.003Z next:jsconfig-paths-plugin moduleName did not match any paths pattern 
next-flight-client-entry-loader
2025-08-31T23:32:55.003Z next:jsconfig-paths-plugin moduleName did not match any paths pattern 
next-flight-client-entry-loader
2025-08-31T23:32:55.003Z next:jsconfig-paths-plugin moduleName did not match any paths pattern 
next-flight-client-entry-loader
2025-08-31T23:32:55.003Z next:jsconfig-paths-plugin moduleName did not match any paths pattern 
next-flight-client-entry-loader
2025-08-31T23:32:55.020Z next:jsconfig-paths-plugin moduleName did not match any paths pattern 
next-flight-client-entry-loader
2025-08-31T23:32:55.020Z next:jsconfig-paths-plugin moduleName did not match any paths pattern 
next-flight-client-entry-loader
2025-08-31T23:32:55.020Z next:jsconfig-paths-plugin moduleName did not match any paths pattern 
next-flight-client-entry-loader
2025-08-31T23:32:55.020Z next:jsconfig-paths-plugin moduleName did not match any paths pattern 
next-flight-client-entry-loader
2025-08-31T23:32:55.020Z next:jsconfig-paths-plugin moduleName did not match any paths pattern 
next-flight-client-entry-loader
2025-08-31T23:32:55.020Z next:jsconfig-paths-plugin moduleName did not match any paths pattern 
next-flight-client-entry-loader
2025-08-31T23:32:55.020Z next:jsconfig-paths-plugin moduleName did not match any paths pattern 
next-flight-client-entry-loader
2025-08-31T23:32:55.020Z next:jsconfig-paths-plugin moduleName did not match any paths pattern 
next-flight-client-entry-loader
2025-08-31T23:32:55.020Z next:jsconfig-paths-plugin moduleName did not match any paths pattern 
next-flight-client-entry-loader
2025-08-31T23:32:55.020Z next:jsconfig-paths-plugin moduleName did not match any paths pattern 
next-flight-client-entry-loader
2025-08-31T23:32:55.020Z next:jsconfig-paths-plugin moduleName did not match any paths pattern 
next-flight-client-entry-loader
2025-08-31T23:32:55.021Z next:jsconfig-paths-plugin moduleName did not match any paths pattern 
next-flight-client-entry-loader
2025-08-31T23:32:55.021Z next:jsconfig-paths-plugin moduleName did not match any paths pattern 
next-flight-client-entry-loader
2025-08-31T23:32:55.021Z next:jsconfig-paths-plugin moduleName did not match any paths pattern 
next-flight-client-entry-loader
2025-08-31T23:32:55.021Z next:jsconfig-paths-plugin moduleName did not match any paths pattern 
next-flight-client-entry-loader
2025-08-31T23:32:55.021Z next:jsconfig-paths-plugin moduleName did not match any paths pattern 
next-flight-client-entry-loader
2025-08-31T23:32:55.021Z next:jsconfig-paths-plugin moduleName did not match any paths pattern 
next-flight-client-entry-loader
2025-08-31T23:32:55.021Z next:jsconfig-paths-plugin moduleName did not match any paths pattern 
next-flight-client-entry-loader
2025-08-31T23:32:55.021Z next:jsconfig-paths-plugin moduleName did not match any paths pattern 
next-flight-client-entry-loader
2025-08-31T23:32:55.021Z next:jsconfig-paths-plugin moduleName did not match any paths pattern 
next-flight-client-entry-loader
2025-08-31T23:32:55.021Z next:jsconfig-paths-plugin moduleName did not match any paths pattern 
next-flight-client-entry-loader
2025-08-31T23:32:55.021Z next:jsconfig-paths-plugin moduleName did not match any paths pattern 
next-flight-client-entry-loader
2025-08-31T23:32:55.021Z next:jsconfig-paths-plugin moduleName did not match any paths pattern 
next-flight-client-entry-loader
2025-08-31T23:32:55.021Z next:jsconfig-paths-plugin moduleName did not match any paths pattern 
next-flight-client-entry-loader
2025-08-31T23:32:55.021Z next:jsconfig-paths-plugin moduleName did not match any paths pattern 
next-flight-client-entry-loader
2025-08-31T23:32:55.021Z next:jsconfig-paths-plugin moduleName did not match any paths pattern 
next-flight-client-entry-loader
2025-08-31T23:32:55.022Z next:jsconfig-paths-plugin moduleName did not match any paths pattern 
next-flight-client-entry-loader
2025-08-31T23:32:55.022Z next:jsconfig-paths-plugin moduleName did not match any paths pattern 
next-flight-client-entry-loader
2025-08-31T23:32:55.022Z next:jsconfig-paths-plugin moduleName did not match any paths pattern 
next-flight-client-entry-loader
2025-08-31T23:32:55.022Z next:jsconfig-paths-plugin moduleName did not match any paths pattern 
next-flight-client-entry-loader
2025-08-31T23:32:55.022Z next:jsconfig-paths-plugin moduleName did not match any paths pattern 
next-flight-client-entry-loader
2025-08-31T23:32:55.022Z next:jsconfig-paths-plugin moduleName did not match any paths pattern 
next-flight-client-entry-loader
2025-08-31T23:32:55.022Z next:jsconfig-paths-plugin moduleName did not match any paths pattern 
next-flight-client-entry-loader
2025-08-31T23:32:55.022Z next:jsconfig-paths-plugin moduleName did not match any paths pattern 
next-flight-client-entry-loader
2025-08-31T23:32:55.022Z next:jsconfig-paths-plugin moduleName did not match any paths pattern 
next-flight-client-entry-loader
2025-08-31T23:32:55.022Z next:jsconfig-paths-plugin moduleName did not match any paths pattern 
next-flight-client-entry-loader
2025-08-31T23:32:55.022Z next:jsconfig-paths-plugin moduleName did not match any paths pattern 
next-flight-client-entry-loader
2025-08-31T23:32:55.022Z next:jsconfig-paths-plugin moduleName did not match any paths pattern 
next-flight-client-entry-loader
2025-08-31T23:32:55.022Z next:jsconfig-paths-plugin moduleName did not match any paths pattern 
next-flight-client-entry-loader
2025-08-31T23:32:55.022Z next:jsconfig-paths-plugin moduleName did not match any paths pattern 
next-flight-client-entry-loader
2025-08-31T23:32:55.022Z next:jsconfig-paths-plugin moduleName did not match any paths pattern 
next-flight-client-entry-loader
2025-08-31T23:32:55.022Z next:jsconfig-paths-plugin moduleName did not match any paths pattern 
next-flight-client-entry-loader
2025-08-31T23:32:55.022Z next:jsconfig-paths-plugin moduleName did not match any paths pattern 
next-flight-client-entry-loader
2025-08-31T23:32:55.022Z next:jsconfig-paths-plugin moduleName did not match any paths pattern 
next-flight-client-entry-loader
2025-08-31T23:32:55.023Z next:jsconfig-paths-plugin moduleName did not match any paths pattern 
next-flight-client-entry-loader
2025-08-31T23:32:55.023Z next:jsconfig-paths-plugin moduleName did not match any paths pattern 
next-flight-client-entry-loader
2025-08-31T23:32:55.023Z next:jsconfig-paths-plugin moduleName did not match any paths pattern 
next-flight-client-entry-loader
2025-08-31T23:32:55.023Z next:jsconfig-paths-plugin moduleName did not match any paths pattern 
next-flight-client-entry-loader
2025-08-31T23:32:55.023Z next:jsconfig-paths-plugin moduleName did not match any paths pattern 
next-flight-client-entry-loader
2025-08-31T23:32:55.023Z next:jsconfig-paths-plugin moduleName did not match any paths pattern 
next-flight-client-entry-loader
2025-08-31T23:32:55.023Z next:jsconfig-paths-plugin moduleName did not match any paths pattern 
next-flight-client-entry-loader
2025-08-31T23:32:55.023Z next:jsconfig-paths-plugin moduleName did not match any paths pattern 
next-flight-client-entry-loader
2025-08-31T23:32:55.023Z next:jsconfig-paths-plugin moduleName did not match any paths pattern 
next-flight-client-entry-loader
2025-08-31T23:32:55.023Z next:jsconfig-paths-plugin moduleName did not match any paths pattern 
next-flight-client-entry-loader
2025-08-31T23:32:55.023Z next:jsconfig-paths-plugin moduleName did not match any paths pattern 
next-flight-client-entry-loader
2025-08-31T23:32:55.023Z next:jsconfig-paths-plugin moduleName did not match any paths pattern 
next-flight-client-entry-loader
2025-08-31T23:32:55.023Z next:jsconfig-paths-plugin moduleName did not match any paths pattern 
next-flight-client-entry-loader
2025-08-31T23:32:55.024Z next:jsconfig-paths-plugin moduleName did not match any paths pattern 
next-flight-client-entry-loader
2025-08-31T23:32:55.024Z next:jsconfig-paths-plugin moduleName did not match any paths pattern 
next-flight-client-entry-loader
2025-08-31T23:32:55.024Z next:jsconfig-paths-plugin moduleName did not match any paths pattern 
next-flight-client-entry-loader
2025-08-31T23:32:55.024Z next:jsconfig-paths-plugin moduleName did not match any paths pattern 
next-flight-client-entry-loader
2025-08-31T23:32:55.024Z next:jsconfig-paths-plugin moduleName did not match any paths pattern 
next-flight-client-entry-loader
2025-08-31T23:32:55.024Z next:jsconfig-paths-plugin moduleName did not match any paths pattern 
next-flight-client-entry-loader
2025-08-31T23:32:55.024Z next:jsconfig-paths-plugin moduleName did not match any paths pattern 
next-flight-client-entry-loader
2025-08-31T23:32:55.024Z next:jsconfig-paths-plugin moduleName did not match any paths pattern 
next-flight-client-entry-loader
2025-08-31T23:32:55.024Z next:jsconfig-paths-plugin moduleName did not match any paths pattern 
next-flight-client-entry-loader
2025-08-31T23:32:55.024Z next:jsconfig-paths-plugin moduleName did not match any paths pattern 
next-flight-client-entry-loader
2025-08-31T23:32:55.024Z next:jsconfig-paths-plugin moduleName did not match any paths pattern 
next-flight-client-entry-loader
2025-08-31T23:32:55.024Z next:jsconfig-paths-plugin moduleName did not match any paths pattern 
next-flight-client-entry-loader
2025-08-31T23:32:55.024Z next:jsconfig-paths-plugin moduleName did not match any paths pattern 
next-flight-client-entry-loader
2025-08-31T23:32:55.024Z next:jsconfig-paths-plugin moduleName did not match any paths pattern 
next-flight-client-entry-loader
2025-08-31T23:32:55.024Z next:jsconfig-paths-plugin moduleName did not match any paths pattern 
next-flight-client-entry-loader
2025-08-31T23:32:55.024Z next:jsconfig-paths-plugin moduleName did not match any paths pattern 
next-flight-client-entry-loader
2025-08-31T23:32:55.024Z next:jsconfig-paths-plugin moduleName did not match any paths pattern 
next-flight-client-entry-loader
2025-08-31T23:32:55.024Z next:jsconfig-paths-plugin moduleName did not match any paths pattern 
next-flight-client-entry-loader
2025-08-31T23:32:55.025Z next:jsconfig-paths-plugin moduleName did not match any paths pattern 
next-flight-client-entry-loader
2025-08-31T23:32:55.025Z next:jsconfig-paths-plugin moduleName did not match any paths pattern 
next-flight-client-entry-loader
2025-08-31T23:32:55.025Z next:jsconfig-paths-plugin moduleName did not match any paths pattern 
next-flight-client-entry-loader
2025-08-31T23:32:55.027Z next:jsconfig-paths-plugin moduleName did not match any paths pattern 
next-flight-client-entry-loader
2025-08-31T23:32:55.027Z next:jsconfig-paths-plugin moduleName did not match any paths pattern 
next-flight-client-entry-loader
2025-08-31T23:32:55.027Z next:jsconfig-paths-plugin moduleName did not match any paths pattern 
next-flight-client-entry-loader
2025-08-31T23:32:55.027Z next:jsconfig-paths-plugin moduleName did not match any paths pattern 
next-flight-client-entry-loader
2025-08-31T23:32:55.027Z next:jsconfig-paths-plugin moduleName did not match any paths pattern 
next-flight-client-entry-loader
2025-08-31T23:32:55.027Z next:jsconfig-paths-plugin moduleName did not match any paths pattern 
next-flight-client-entry-loader
2025-08-31T23:32:55.027Z next:jsconfig-paths-plugin moduleName did not match any paths pattern 
next-flight-client-entry-loader
2025-08-31T23:32:55.027Z next:jsconfig-paths-plugin moduleName did not match any paths pattern 
next-flight-client-entry-loader
2025-08-31T23:32:55.027Z next:jsconfig-paths-plugin moduleName did not match any paths pattern 
next-flight-client-entry-loader
2025-08-31T23:32:55.027Z next:jsconfig-paths-plugin moduleName did not match any paths pattern 
next-flight-client-entry-loader
2025-08-31T23:32:55.027Z next:jsconfig-paths-plugin moduleName did not match any paths pattern 
next-flight-client-entry-loader
2025-08-31T23:32:55.037Z next:jsconfig-paths-plugin moduleName did not match any paths pattern 
next-flight-client-entry-loader
2025-08-31T23:32:55.064Z next:jsconfig-paths-plugin moduleName did not match any paths pattern 
next-flight-client-entry-loader
2025-08-31T23:32:55.064Z next:jsconfig-paths-plugin moduleName did not match any paths pattern 
next-flight-client-entry-loader
2025-08-31T23:32:55.064Z next:jsconfig-paths-plugin moduleName did not match any paths pattern 
next-flight-client-entry-loader
2025-08-31T23:32:55.064Z next:jsconfig-paths-plugin moduleName did not match any paths pattern 
next-flight-client-entry-loader
2025-08-31T23:32:55.064Z next:jsconfig-paths-plugin moduleName did not match any paths pattern 
next-flight-client-entry-loader
2025-08-31T23:32:55.064Z next:jsconfig-paths-plugin moduleName did not match any paths pattern 
next-flight-client-entry-loader
2025-08-31T23:32:55.064Z next:jsconfig-paths-plugin moduleName did not match any paths pattern 
next-flight-client-entry-loader
2025-08-31T23:32:55.064Z next:jsconfig-paths-plugin moduleName did not match any paths pattern 
next-flight-client-entry-loader
2025-08-31T23:32:55.064Z next:jsconfig-paths-plugin moduleName did not match any paths pattern 
next-flight-client-entry-loader
2025-08-31T23:32:55.065Z next:jsconfig-paths-plugin moduleName did not match any paths pattern 
next-flight-client-entry-loader
2025-08-31T23:32:55.065Z next:jsconfig-paths-plugin moduleName did not match any paths pattern 
next-flight-client-entry-loader
2025-08-31T23:32:55.065Z next:jsconfig-paths-plugin moduleName did not match any paths pattern 
next-flight-client-entry-loader
2025-08-31T23:32:55.065Z next:jsconfig-paths-plugin moduleName did not match any paths pattern 
next-flight-client-entry-loader
2025-08-31T23:32:55.065Z next:jsconfig-paths-plugin moduleName did not match any paths pattern 
next-flight-client-entry-loader
2025-08-31T23:32:55.065Z next:jsconfig-paths-plugin moduleName did not match any paths pattern 
next-flight-client-entry-loader
2025-08-31T23:32:55.065Z next:jsconfig-paths-plugin moduleName did not match any paths pattern 
next-flight-client-entry-loader
2025-08-31T23:32:55.065Z next:jsconfig-paths-plugin moduleName did not match any paths pattern 
next-flight-client-entry-loader
2025-08-31T23:32:55.065Z next:jsconfig-paths-plugin moduleName did not match any paths pattern 
next-flight-client-entry-loader
2025-08-31T23:32:55.065Z next:jsconfig-paths-plugin moduleName did not match any paths pattern 
next-flight-client-entry-loader
2025-08-31T23:32:55.065Z next:jsconfig-paths-plugin moduleName did not match any paths pattern 
next-flight-client-entry-loader
2025-08-31T23:32:55.068Z next:jsconfig-paths-plugin moduleName did not match any paths pattern 
next-flight-client-entry-loader
2025-08-31T23:32:55.068Z next:jsconfig-paths-plugin moduleName did not match any paths pattern 
next-flight-client-entry-loader
2025-08-31T23:32:55.068Z next:jsconfig-paths-plugin moduleName did not match any paths pattern 
next-flight-client-entry-loader
2025-08-31T23:32:55.068Z next:jsconfig-paths-plugin moduleName did not match any paths pattern 
next-flight-client-entry-loader
2025-08-31T23:32:55.068Z next:jsconfig-paths-plugin moduleName did not match any paths pattern 
next-flight-client-entry-loader
2025-08-31T23:32:55.068Z next:jsconfig-paths-plugin moduleName did not match any paths pattern 
next-flight-client-entry-loader
2025-08-31T23:32:55.068Z next:jsconfig-paths-plugin moduleName did not match any paths pattern 
next-flight-client-entry-loader
2025-08-31T23:32:55.068Z next:jsconfig-paths-plugin moduleName did not match any paths pattern 
next-flight-client-entry-loader
2025-08-31T23:32:55.068Z next:jsconfig-paths-plugin moduleName did not match any paths pattern 
next-flight-client-entry-loader
2025-08-31T23:32:55.068Z next:jsconfig-paths-plugin moduleName did not match any paths pattern 
next-flight-client-entry-loader
2025-08-31T23:32:55.068Z next:jsconfig-paths-plugin moduleName did not match any paths pattern 
next-flight-client-entry-loader
2025-08-31T23:32:55.068Z next:jsconfig-paths-plugin moduleName did not match any paths pattern 
next-flight-client-entry-loader
2025-08-31T23:32:55.068Z next:jsconfig-paths-plugin moduleName did not match any paths pattern 
next-flight-client-entry-loader
2025-08-31T23:32:55.069Z next:jsconfig-paths-plugin moduleName did not match any paths pattern 
next-flight-client-entry-loader
2025-08-31T23:32:55.069Z next:jsconfig-paths-plugin moduleName did not match any paths pattern 
next-flight-client-entry-loader
2025-08-31T23:32:55.069Z next:jsconfig-paths-plugin moduleName did not match any paths pattern 
next-flight-client-entry-loader
2025-08-31T23:32:55.069Z next:jsconfig-paths-plugin moduleName did not match any paths pattern 
next-flight-client-entry-loader
2025-08-31T23:32:55.069Z next:jsconfig-paths-plugin moduleName did not match any paths pattern 
next-flight-client-entry-loader
2025-08-31T23:32:55.069Z next:jsconfig-paths-plugin moduleName did not match any paths pattern 
next-flight-client-entry-loader
2025-08-31T23:32:55.069Z next:jsconfig-paths-plugin moduleName did not match any paths pattern 
next-flight-client-entry-loader
2025-08-31T23:32:55.078Z next:jsconfig-paths-plugin moduleName did not match any paths pattern 
next-flight-client-entry-loader
2025-08-31T23:32:55.078Z next:jsconfig-paths-plugin moduleName did not match any paths pattern 
next-flight-client-entry-loader
2025-08-31T23:32:55.078Z next:jsconfig-paths-plugin moduleName did not match any paths pattern 
next-flight-client-entry-loader
2025-08-31T23:32:55.078Z next:jsconfig-paths-plugin moduleName did not match any paths pattern 
next-flight-client-entry-loader
2025-08-31T23:32:55.078Z next:jsconfig-paths-plugin moduleName did not match any paths pattern 
next-flight-client-entry-loader
2025-08-31T23:32:55.078Z next:jsconfig-paths-plugin moduleName did not match any paths pattern 
next-flight-client-entry-loader
2025-08-31T23:32:55.078Z next:jsconfig-paths-plugin moduleName did not match any paths pattern 
next-flight-client-entry-loader
2025-08-31T23:32:55.078Z next:jsconfig-paths-plugin moduleName did not match any paths pattern 
next-flight-client-entry-loader
2025-08-31T23:32:55.079Z next:jsconfig-paths-plugin moduleName did not match any paths pattern 
next-flight-client-entry-loader
2025-08-31T23:32:55.079Z next:jsconfig-paths-plugin moduleName did not match any paths pattern 
next-flight-client-entry-loader
2025-08-31T23:32:55.079Z next:jsconfig-paths-plugin moduleName did not match any paths pattern 
next-flight-client-entry-loader
2025-08-31T23:32:55.079Z next:jsconfig-paths-plugin moduleName did not match any paths pattern 
next-flight-client-entry-loader
2025-08-31T23:32:55.079Z next:jsconfig-paths-plugin moduleName did not match any paths pattern 
next-flight-client-entry-loader
2025-08-31T23:32:55.079Z next:jsconfig-paths-plugin moduleName did not match any paths pattern 
next-flight-client-entry-loader
2025-08-31T23:32:55.079Z next:jsconfig-paths-plugin moduleName did not match any paths pattern 
next-flight-client-entry-loader
2025-08-31T23:32:55.079Z next:jsconfig-paths-plugin moduleName did not match any paths pattern 
next-flight-client-entry-loader
2025-08-31T23:32:55.079Z next:jsconfig-paths-plugin moduleName did not match any paths pattern 
next-flight-client-entry-loader
2025-08-31T23:32:55.079Z next:jsconfig-paths-plugin moduleName did not match any paths pattern 
next-flight-client-entry-loader
2025-08-31T23:32:55.079Z next:jsconfig-paths-plugin moduleName did not match any paths pattern 
next-flight-client-entry-loader
2025-08-31T23:32:55.079Z next:jsconfig-paths-plugin moduleName did not match any paths pattern 
next-flight-client-entry-loader
2025-08-31T23:32:55.079Z next:jsconfig-paths-plugin moduleName did not match any paths pattern 
next-flight-client-entry-loader
2025-08-31T23:32:55.079Z next:jsconfig-paths-plugin moduleName did not match any paths pattern 
next-flight-client-entry-loader
2025-08-31T23:32:55.079Z next:jsconfig-paths-plugin moduleName did not match any paths pattern 
next-flight-client-entry-loader
2025-08-31T23:32:55.079Z next:jsconfig-paths-plugin moduleName did not match any paths pattern 
next-flight-client-entry-loader
2025-08-31T23:32:55.079Z next:jsconfig-paths-plugin moduleName did not match any paths pattern 
next-flight-client-entry-loader
2025-08-31T23:32:55.079Z next:jsconfig-paths-plugin moduleName did not match any paths pattern 
next-flight-client-entry-loader
2025-08-31T23:32:55.079Z next:jsconfig-paths-plugin moduleName did not match any paths pattern 
next-flight-client-entry-loader
2025-08-31T23:32:55.080Z next:jsconfig-paths-plugin moduleName did not match any paths pattern 
next-flight-client-entry-loader
2025-08-31T23:32:55.080Z next:jsconfig-paths-plugin moduleName did not match any paths pattern 
next-flight-client-entry-loader
2025-08-31T23:32:55.080Z next:jsconfig-paths-plugin moduleName did not match any paths pattern 
next-flight-client-entry-loader
2025-08-31T23:32:55.080Z next:jsconfig-paths-plugin moduleName did not match any paths pattern 
next-flight-client-entry-loader
2025-08-31T23:32:55.080Z next:jsconfig-paths-plugin moduleName did not match any paths pattern 
next-flight-client-entry-loader
2025-08-31T23:32:55.080Z next:jsconfig-paths-plugin moduleName did not match any paths pattern 
next-flight-client-entry-loader
2025-08-31T23:32:55.080Z next:jsconfig-paths-plugin moduleName did not match any paths pattern 
next-flight-client-entry-loader
2025-08-31T23:32:55.080Z next:jsconfig-paths-plugin moduleName did not match any paths pattern 
next-flight-client-entry-loader
2025-08-31T23:32:55.080Z next:jsconfig-paths-plugin moduleName did not match any paths pattern 
next-flight-client-entry-loader
2025-08-31T23:32:55.080Z next:jsconfig-paths-plugin moduleName did not match any paths pattern 
next-flight-client-entry-loader
2025-08-31T23:32:55.080Z next:jsconfig-paths-plugin moduleName did not match any paths pattern 
next-flight-client-entry-loader
2025-08-31T23:32:55.080Z next:jsconfig-paths-plugin moduleName did not match any paths pattern 
next-flight-client-entry-loader
2025-08-31T23:32:55.080Z next:jsconfig-paths-plugin moduleName did not match any paths pattern 
next-flight-client-entry-loader
2025-08-31T23:32:55.080Z next:jsconfig-paths-plugin moduleName did not match any paths pattern 
next-flight-client-entry-loader
2025-08-31T23:32:55.080Z next:jsconfig-paths-plugin moduleName did not match any paths pattern 
next-flight-client-entry-loader
2025-08-31T23:32:55.080Z next:jsconfig-paths-plugin moduleName did not match any paths pattern 
next-flight-client-entry-loader
2025-08-31T23:32:55.080Z next:jsconfig-paths-plugin moduleName did not match any paths pattern 
next-flight-client-entry-loader
2025-08-31T23:32:55.080Z next:jsconfig-paths-plugin moduleName did not match any paths pattern 
next-flight-client-entry-loader
2025-08-31T23:32:55.081Z next:jsconfig-paths-plugin moduleName did not match any paths pattern 
next-flight-client-entry-loader
2025-08-31T23:32:55.081Z next:jsconfig-paths-plugin moduleName did not match any paths pattern 
next-flight-client-entry-loader
2025-08-31T23:32:55.081Z next:jsconfig-paths-plugin moduleName did not match any paths pattern 
next-flight-client-entry-loader
2025-08-31T23:32:55.081Z next:jsconfig-paths-plugin moduleName did not match any paths pattern 
next-flight-client-entry-loader
2025-08-31T23:32:55.081Z next:jsconfig-paths-plugin moduleName did not match any paths pattern 
next-flight-client-entry-loader
2025-08-31T23:32:55.081Z next:jsconfig-paths-plugin moduleName did not match any paths pattern 
next-flight-client-entry-loader
2025-08-31T23:32:55.081Z next:jsconfig-paths-plugin moduleName did not match any paths pattern 
next-flight-client-entry-loader
2025-08-31T23:32:55.081Z next:jsconfig-paths-plugin moduleName did not match any paths pattern 
next-flight-client-entry-loader
2025-08-31T23:32:55.081Z next:jsconfig-paths-plugin moduleName did not match any paths pattern 
next-flight-client-entry-loader
2025-08-31T23:32:55.081Z next:jsconfig-paths-plugin moduleName did not match any paths pattern 
next-flight-client-entry-loader
2025-08-31T23:32:55.081Z next:jsconfig-paths-plugin moduleName did not match any paths pattern 
next-flight-client-entry-loader
2025-08-31T23:32:55.081Z next:jsconfig-paths-plugin moduleName did not match any paths pattern 
next-flight-client-entry-loader
2025-08-31T23:32:55.081Z next:jsconfig-paths-plugin moduleName did not match any paths pattern 
next-flight-client-entry-loader
2025-08-31T23:32:55.081Z next:jsconfig-paths-plugin moduleName did not match any paths pattern 
next-flight-client-entry-loader
2025-08-31T23:32:55.081Z next:jsconfig-paths-plugin moduleName did not match any paths pattern 
next-flight-client-entry-loader
2025-08-31T23:32:55.081Z next:jsconfig-paths-plugin moduleName did not match any paths pattern 
next-flight-client-entry-loader
2025-08-31T23:32:55.082Z next:jsconfig-paths-plugin moduleName did not match any paths pattern 
next-flight-client-entry-loader
2025-08-31T23:32:55.082Z next:jsconfig-paths-plugin moduleName did not match any paths pattern 
next-flight-client-entry-loader
2025-08-31T23:32:55.082Z next:jsconfig-paths-plugin moduleName did not match any paths pattern 
next-flight-client-entry-loader
2025-08-31T23:32:55.082Z next:jsconfig-paths-plugin moduleName did not match any paths pattern 
next-flight-client-entry-loader
2025-08-31T23:32:55.082Z next:jsconfig-paths-plugin moduleName did not match any paths pattern 
next-flight-client-entry-loader
2025-08-31T23:32:55.082Z next:jsconfig-paths-plugin moduleName did not match any paths pattern 
next-flight-client-entry-loader
2025-08-31T23:32:55.082Z next:jsconfig-paths-plugin moduleName did not match any paths pattern 
next-flight-client-entry-loader
2025-08-31T23:32:55.082Z next:jsconfig-paths-plugin moduleName did not match any paths pattern 
next-flight-client-entry-loader
2025-08-31T23:32:55.082Z next:jsconfig-paths-plugin moduleName did not match any paths pattern 
next-flight-client-entry-loader
2025-08-31T23:32:55.095Z next:jsconfig-paths-plugin moduleName did not match any paths pattern 
next-flight-client-entry-loader
2025-08-31T23:32:55.095Z next:jsconfig-paths-plugin moduleName did not match any paths pattern 
next-flight-client-entry-loader
2025-08-31T23:32:55.095Z next:jsconfig-paths-plugin moduleName did not match any paths pattern 
next-flight-client-entry-loader
2025-08-31T23:32:55.095Z next:jsconfig-paths-plugin moduleName did not match any paths pattern 
next-flight-client-entry-loader
2025-08-31T23:32:55.095Z next:jsconfig-paths-plugin moduleName did not match any paths pattern 
next-flight-client-entry-loader
2025-08-31T23:32:55.096Z next:jsconfig-paths-plugin moduleName did not match any paths pattern 
next-flight-client-entry-loader
2025-08-31T23:32:55.096Z next:jsconfig-paths-plugin moduleName did not match any paths pattern 
next-flight-client-entry-loader
2025-08-31T23:32:55.096Z next:jsconfig-paths-plugin moduleName did not match any paths pattern 
next-flight-client-entry-loader
2025-08-31T23:32:55.096Z next:jsconfig-paths-plugin moduleName did not match any paths pattern 
next-flight-client-entry-loader
2025-08-31T23:32:55.096Z next:jsconfig-paths-plugin moduleName did not match any paths pattern 
next-flight-client-entry-loader
2025-08-31T23:32:55.096Z next:jsconfig-paths-plugin moduleName did not match any paths pattern 
next-flight-client-entry-loader
2025-08-31T23:32:55.096Z next:jsconfig-paths-plugin moduleName did not match any paths pattern 
next-flight-client-entry-loader
2025-08-31T23:32:55.096Z next:jsconfig-paths-plugin moduleName did not match any paths pattern 
next-flight-client-entry-loader
2025-08-31T23:32:55.096Z next:jsconfig-paths-plugin moduleName did not match any paths pattern 
next-flight-client-entry-loader
2025-08-31T23:32:55.096Z next:jsconfig-paths-plugin moduleName did not match any paths pattern 
next-flight-client-entry-loader
2025-08-31T23:32:55.096Z next:jsconfig-paths-plugin moduleName did not match any paths pattern 
next-flight-client-entry-loader
2025-08-31T23:32:55.096Z next:jsconfig-paths-plugin moduleName did not match any paths pattern 
next-flight-client-entry-loader
2025-08-31T23:32:55.096Z next:jsconfig-paths-plugin moduleName did not match any paths pattern 
next-flight-client-entry-loader
2025-08-31T23:32:55.096Z next:jsconfig-paths-plugin moduleName did not match any paths pattern 
next-flight-client-entry-loader
2025-08-31T23:32:55.097Z next:jsconfig-paths-plugin moduleName did not match any paths pattern 
next-flight-client-entry-loader
2025-08-31T23:32:55.097Z next:jsconfig-paths-plugin moduleName did not match any paths pattern 
next-flight-client-entry-loader
2025-08-31T23:32:55.097Z next:jsconfig-paths-plugin moduleName did not match any paths pattern 
next-flight-client-entry-loader
2025-08-31T23:32:55.097Z next:jsconfig-paths-plugin moduleName did not match any paths pattern 
next-flight-client-entry-loader
2025-08-31T23:32:55.097Z next:jsconfig-paths-plugin moduleName did not match any paths pattern 
next-flight-client-entry-loader
2025-08-31T23:32:55.097Z next:jsconfig-paths-plugin moduleName did not match any paths pattern 
next-flight-client-entry-loader
2025-08-31T23:32:55.097Z next:jsconfig-paths-plugin moduleName did not match any paths pattern 
next-flight-client-entry-loader
2025-08-31T23:32:55.097Z next:jsconfig-paths-plugin moduleName did not match any paths pattern 
next-flight-client-entry-loader
2025-08-31T23:32:55.097Z next:jsconfig-paths-plugin moduleName did not match any paths pattern 
next-flight-client-entry-loader
2025-08-31T23:32:55.097Z next:jsconfig-paths-plugin moduleName did not match any paths pattern 
next-flight-client-entry-loader
2025-08-31T23:32:55.097Z next:jsconfig-paths-plugin moduleName did not match any paths pattern 
next-flight-client-entry-loader
2025-08-31T23:32:55.097Z next:jsconfig-paths-plugin moduleName did not match any paths pattern 
next-flight-client-entry-loader
2025-08-31T23:32:55.097Z next:jsconfig-paths-plugin moduleName did not match any paths pattern 
next-flight-client-entry-loader
2025-08-31T23:32:55.097Z next:jsconfig-paths-plugin moduleName did not match any paths pattern 
next-flight-client-entry-loader
2025-08-31T23:32:55.097Z next:jsconfig-paths-plugin moduleName did not match any paths pattern 
next-flight-client-entry-loader
2025-08-31T23:32:55.097Z next:jsconfig-paths-plugin moduleName did not match any paths pattern 
next-flight-client-entry-loader
2025-08-31T23:32:55.097Z next:jsconfig-paths-plugin moduleName did not match any paths pattern 
next-flight-client-entry-loader
2025-08-31T23:32:55.098Z next:jsconfig-paths-plugin moduleName did not match any paths pattern 
next-flight-client-entry-loader
2025-08-31T23:32:55.098Z next:jsconfig-paths-plugin moduleName did not match any paths pattern 
next-flight-client-entry-loader
2025-08-31T23:32:55.098Z next:jsconfig-paths-plugin moduleName did not match any paths pattern 
next-flight-client-entry-loader
2025-08-31T23:32:55.098Z next:jsconfig-paths-plugin moduleName did not match any paths pattern 
next-flight-client-entry-loader
2025-08-31T23:32:55.098Z next:jsconfig-paths-plugin moduleName did not match any paths pattern 
next-flight-client-entry-loader
2025-08-31T23:32:55.098Z next:jsconfig-paths-plugin moduleName did not match any paths pattern 
next-flight-client-entry-loader
2025-08-31T23:32:55.098Z next:jsconfig-paths-plugin moduleName did not match any paths pattern 
next-flight-client-entry-loader
2025-08-31T23:32:55.098Z next:jsconfig-paths-plugin moduleName did not match any paths pattern 
next-flight-client-entry-loader
2025-08-31T23:32:55.098Z next:jsconfig-paths-plugin moduleName did not match any paths pattern 
next-flight-client-entry-loader
2025-08-31T23:32:55.098Z next:jsconfig-paths-plugin moduleName did not match any paths pattern 
next-flight-client-entry-loader
2025-08-31T23:32:55.098Z next:jsconfig-paths-plugin moduleName did not match any paths pattern 
next-flight-client-entry-loader
2025-08-31T23:32:55.098Z next:jsconfig-paths-plugin moduleName did not match any paths pattern 
next-flight-client-entry-loader
2025-08-31T23:32:55.098Z next:jsconfig-paths-plugin moduleName did not match any paths pattern 
next-flight-client-entry-loader
2025-08-31T23:32:55.098Z next:jsconfig-paths-plugin moduleName did not match any paths pattern 
next-flight-client-entry-loader
2025-08-31T23:32:55.098Z next:jsconfig-paths-plugin moduleName did not match any paths pattern 
next-flight-client-entry-loader
2025-08-31T23:32:55.099Z next:jsconfig-paths-plugin moduleName did not match any paths pattern 
next-flight-client-entry-loader
2025-08-31T23:32:55.099Z next:jsconfig-paths-plugin moduleName did not match any paths pattern 
next-flight-client-entry-loader
2025-08-31T23:32:55.099Z next:jsconfig-paths-plugin moduleName did not match any paths pattern 
next-flight-client-entry-loader
2025-08-31T23:32:55.099Z next:jsconfig-paths-plugin moduleName did not match any paths pattern 
next-flight-client-entry-loader
2025-08-31T23:32:55.099Z next:jsconfig-paths-plugin moduleName did not match any paths pattern 
next-flight-client-entry-loader
2025-08-31T23:32:55.099Z next:jsconfig-paths-plugin moduleName did not match any paths pattern 
next-flight-client-entry-loader
2025-08-31T23:32:55.099Z next:jsconfig-paths-plugin moduleName did not match any paths pattern 
next-flight-client-entry-loader
2025-08-31T23:32:55.099Z next:jsconfig-paths-plugin moduleName did not match any paths pattern 
next-flight-client-entry-loader
2025-08-31T23:32:55.099Z next:jsconfig-paths-plugin moduleName did not match any paths pattern 
next-flight-client-entry-loader
2025-08-31T23:32:55.099Z next:jsconfig-paths-plugin moduleName did not match any paths pattern 
next-flight-client-entry-loader
2025-08-31T23:32:55.099Z next:jsconfig-paths-plugin moduleName did not match any paths pattern 
next-flight-client-entry-loader
2025-08-31T23:32:55.099Z next:jsconfig-paths-plugin moduleName did not match any paths pattern 
next-flight-client-entry-loader
2025-08-31T23:32:55.099Z next:jsconfig-paths-plugin moduleName did not match any paths pattern 
next-flight-client-entry-loader
2025-08-31T23:32:55.099Z next:jsconfig-paths-plugin moduleName did not match any paths pattern 
next-flight-client-entry-loader
2025-08-31T23:32:55.099Z next:jsconfig-paths-plugin moduleName did not match any paths pattern 
next-flight-client-entry-loader
2025-08-31T23:32:55.099Z next:jsconfig-paths-plugin moduleName did not match any paths pattern 
next-flight-client-entry-loader
2025-08-31T23:32:55.099Z next:jsconfig-paths-plugin moduleName did not match any paths pattern 
next-flight-client-entry-loader
2025-08-31T23:32:55.099Z next:jsconfig-paths-plugin moduleName did not match any paths pattern 
next-flight-client-entry-loader
2025-08-31T23:32:55.099Z next:jsconfig-paths-plugin moduleName did not match any paths pattern 
next-flight-client-entry-loader
2025-08-31T23:32:55.116Z next:jsconfig-paths-plugin moduleName did not match any paths pattern 
next-flight-client-entry-loader
2025-08-31T23:32:55.116Z next:jsconfig-paths-plugin moduleName did not match any paths pattern 
next-flight-client-entry-loader
2025-08-31T23:32:55.117Z next:jsconfig-paths-plugin moduleName did not match any paths pattern 
next-flight-client-entry-loader
2025-08-31T23:32:55.117Z next:jsconfig-paths-plugin moduleName did not match any paths pattern 
next-flight-client-entry-loader
2025-08-31T23:32:55.117Z next:jsconfig-paths-plugin moduleName did not match any paths pattern 
next-flight-client-entry-loader
2025-08-31T23:32:55.117Z next:jsconfig-paths-plugin moduleName did not match any paths pattern 
next-flight-client-entry-loader
2025-08-31T23:32:55.117Z next:jsconfig-paths-plugin moduleName did not match any paths pattern 
next-flight-client-entry-loader
2025-08-31T23:32:55.117Z next:jsconfig-paths-plugin moduleName did not match any paths pattern 
next-flight-client-entry-loader
2025-08-31T23:32:55.117Z next:jsconfig-paths-plugin moduleName did not match any paths pattern 
next-flight-client-entry-loader
2025-08-31T23:32:55.117Z next:jsconfig-paths-plugin moduleName did not match any paths pattern 
next-flight-client-entry-loader
2025-08-31T23:32:55.117Z next:jsconfig-paths-plugin moduleName did not match any paths pattern 
next-flight-client-entry-loader
2025-08-31T23:32:55.117Z next:jsconfig-paths-plugin moduleName did not match any paths pattern 
next-flight-client-entry-loader
2025-08-31T23:32:55.117Z next:jsconfig-paths-plugin moduleName did not match any paths pattern 
next-flight-client-entry-loader
2025-08-31T23:32:55.117Z next:jsconfig-paths-plugin moduleName did not match any paths pattern 
next-flight-client-entry-loader
2025-08-31T23:32:55.117Z next:jsconfig-paths-plugin moduleName did not match any paths pattern 
next-flight-client-entry-loader
2025-08-31T23:32:55.117Z next:jsconfig-paths-plugin moduleName did not match any paths pattern 
next-flight-client-entry-loader
2025-08-31T23:32:55.117Z next:jsconfig-paths-plugin moduleName did not match any paths pattern 
next-flight-client-entry-loader
2025-08-31T23:32:55.117Z next:jsconfig-paths-plugin moduleName did not match any paths pattern 
next-flight-client-entry-loader
2025-08-31T23:32:55.117Z next:jsconfig-paths-plugin moduleName did not match any paths pattern 
next-flight-client-entry-loader
2025-08-31T23:32:55.117Z next:jsconfig-paths-plugin moduleName did not match any paths pattern 
next-flight-client-entry-loader
2025-08-31T23:32:55.118Z next:jsconfig-paths-plugin moduleName did not match any paths pattern 
next-flight-client-entry-loader
2025-08-31T23:32:55.118Z next:jsconfig-paths-plugin moduleName did not match any paths pattern 
next-flight-client-entry-loader
2025-08-31T23:32:55.118Z next:jsconfig-paths-plugin moduleName did not match any paths pattern 
next-flight-client-entry-loader
2025-08-31T23:32:55.118Z next:jsconfig-paths-plugin moduleName did not match any paths pattern 
next-flight-client-entry-loader
2025-08-31T23:32:55.118Z next:jsconfig-paths-plugin moduleName did not match any paths pattern 
next-flight-client-entry-loader
2025-08-31T23:32:55.118Z next:jsconfig-paths-plugin moduleName did not match any paths pattern 
next-flight-client-entry-loader
2025-08-31T23:32:55.118Z next:jsconfig-paths-plugin moduleName did not match any paths pattern 
next-flight-client-entry-loader
2025-08-31T23:32:55.118Z next:jsconfig-paths-plugin moduleName did not match any paths pattern 
next-flight-client-entry-loader
2025-08-31T23:32:55.118Z next:jsconfig-paths-plugin moduleName did not match any paths pattern 
next-flight-client-entry-loader
2025-08-31T23:32:55.118Z next:jsconfig-paths-plugin moduleName did not match any paths pattern 
next-flight-client-entry-loader
2025-08-31T23:32:55.118Z next:jsconfig-paths-plugin moduleName did not match any paths pattern 
next-flight-client-entry-loader
2025-08-31T23:32:55.118Z next:jsconfig-paths-plugin moduleName did not match any paths pattern 
next-flight-client-entry-loader
2025-08-31T23:32:55.118Z next:jsconfig-paths-plugin moduleName did not match any paths pattern 
next-flight-client-entry-loader
2025-08-31T23:32:55.118Z next:jsconfig-paths-plugin moduleName did not match any paths pattern 
next-flight-client-entry-loader
2025-08-31T23:32:55.118Z next:jsconfig-paths-plugin moduleName did not match any paths pattern 
next-flight-client-entry-loader
2025-08-31T23:32:55.118Z next:jsconfig-paths-plugin moduleName did not match any paths pattern 
next-flight-client-entry-loader
2025-08-31T23:32:55.118Z next:jsconfig-paths-plugin moduleName did not match any paths pattern 
next-flight-client-entry-loader
2025-08-31T23:32:55.119Z next:jsconfig-paths-plugin moduleName did not match any paths pattern 
next-flight-client-entry-loader
2025-08-31T23:32:55.119Z next:jsconfig-paths-plugin moduleName did not match any paths pattern 
next-flight-client-entry-loader
2025-08-31T23:32:55.119Z next:jsconfig-paths-plugin moduleName did not match any paths pattern 
next-flight-client-entry-loader
2025-08-31T23:32:55.119Z next:jsconfig-paths-plugin moduleName did not match any paths pattern 
next-flight-client-entry-loader
2025-08-31T23:32:55.119Z next:jsconfig-paths-plugin moduleName did not match any paths pattern 
next-flight-client-entry-loader
2025-08-31T23:32:55.119Z next:jsconfig-paths-plugin moduleName did not match any paths pattern 
next-flight-client-entry-loader
2025-08-31T23:32:55.119Z next:jsconfig-paths-plugin moduleName did not match any paths pattern 
next-flight-client-entry-loader
2025-08-31T23:32:55.119Z next:jsconfig-paths-plugin moduleName did not match any paths pattern 
next-flight-client-entry-loader
2025-08-31T23:32:55.119Z next:jsconfig-paths-plugin moduleName did not match any paths pattern 
next-flight-client-entry-loader
2025-08-31T23:32:55.119Z next:jsconfig-paths-plugin moduleName did not match any paths pattern 
next-flight-client-entry-loader
2025-08-31T23:32:55.119Z next:jsconfig-paths-plugin moduleName did not match any paths pattern 
next-flight-client-entry-loader
2025-08-31T23:32:55.119Z next:jsconfig-paths-plugin moduleName did not match any paths pattern 
next-flight-client-entry-loader
2025-08-31T23:32:55.119Z next:jsconfig-paths-plugin moduleName did not match any paths pattern 
next-flight-client-entry-loader
2025-08-31T23:32:55.119Z next:jsconfig-paths-plugin moduleName did not match any paths pattern 
next-flight-client-entry-loader
2025-08-31T23:32:55.119Z next:jsconfig-paths-plugin moduleName did not match any paths pattern 
next-flight-client-entry-loader
2025-08-31T23:32:55.119Z next:jsconfig-paths-plugin moduleName did not match any paths pattern 
next-flight-client-entry-loader
2025-08-31T23:32:55.119Z next:jsconfig-paths-plugin moduleName did not match any paths pattern 
next-flight-client-entry-loader
2025-08-31T23:32:55.119Z next:jsconfig-paths-plugin moduleName did not match any paths pattern 
next-flight-client-entry-loader
2025-08-31T23:32:55.119Z next:jsconfig-paths-plugin moduleName did not match any paths pattern 
next-flight-client-entry-loader
2025-08-31T23:32:55.119Z next:jsconfig-paths-plugin moduleName did not match any paths pattern 
next-flight-client-entry-loader
2025-08-31T23:32:55.120Z next:jsconfig-paths-plugin moduleName did not match any paths pattern 
next-flight-client-entry-loader
2025-08-31T23:32:55.120Z next:jsconfig-paths-plugin moduleName did not match any paths pattern 
next-flight-client-entry-loader
2025-08-31T23:32:55.120Z next:jsconfig-paths-plugin moduleName did not match any paths pattern 
next-flight-client-entry-loader
2025-08-31T23:32:55.120Z next:jsconfig-paths-plugin moduleName did not match any paths pattern 
next-flight-client-entry-loader
2025-08-31T23:32:55.120Z next:jsconfig-paths-plugin moduleName did not match any paths pattern 
next-flight-client-entry-loader
2025-08-31T23:32:55.120Z next:jsconfig-paths-plugin moduleName did not match any paths pattern 
next-flight-client-entry-loader
2025-08-31T23:32:55.120Z next:jsconfig-paths-plugin moduleName did not match any paths pattern 
next-flight-client-entry-loader
2025-08-31T23:32:55.120Z next:jsconfig-paths-plugin moduleName did not match any paths pattern 
next-flight-client-entry-loader
2025-08-31T23:32:55.120Z next:jsconfig-paths-plugin moduleName did not match any paths pattern 
next-flight-client-entry-loader
2025-08-31T23:32:55.120Z next:jsconfig-paths-plugin moduleName did not match any paths pattern 
next-flight-client-entry-loader
2025-08-31T23:32:55.120Z next:jsconfig-paths-plugin moduleName did not match any paths pattern 
next-flight-client-entry-loader
2025-08-31T23:32:55.120Z next:jsconfig-paths-plugin moduleName did not match any paths pattern 
next-flight-client-entry-loader
2025-08-31T23:32:55.120Z next:jsconfig-paths-plugin moduleName did not match any paths pattern 
next-flight-client-entry-loader
2025-08-31T23:32:55.120Z next:jsconfig-paths-plugin moduleName did not match any paths pattern 
next-flight-client-entry-loader
2025-08-31T23:32:55.120Z next:jsconfig-paths-plugin moduleName did not match any paths pattern 
next-flight-client-entry-loader
2025-08-31T23:32:55.120Z next:jsconfig-paths-plugin moduleName did not match any paths pattern 
next-flight-client-entry-loader
2025-08-31T23:32:55.120Z next:jsconfig-paths-plugin moduleName did not match any paths pattern 
next-flight-client-entry-loader
2025-08-31T23:32:55.120Z next:jsconfig-paths-plugin moduleName did not match any paths pattern 
next-flight-client-entry-loader
2025-08-31T23:32:55.120Z next:jsconfig-paths-plugin moduleName did not match any paths pattern 
next-flight-client-entry-loader
2025-08-31T23:32:55.120Z next:jsconfig-paths-plugin moduleName did not match any paths pattern 
next-flight-client-entry-loader
2025-08-31T23:32:55.120Z next:jsconfig-paths-plugin moduleName did not match any paths pattern 
next-flight-client-entry-loader
2025-08-31T23:32:55.120Z next:jsconfig-paths-plugin moduleName did not match any paths pattern 
next-flight-client-entry-loader
2025-08-31T23:32:55.121Z next:jsconfig-paths-plugin moduleName did not match any paths pattern 
next-flight-client-entry-loader
2025-08-31T23:32:55.121Z next:jsconfig-paths-plugin moduleName did not match any paths pattern 
next-flight-client-entry-loader
2025-08-31T23:32:55.121Z next:jsconfig-paths-plugin moduleName did not match any paths pattern 
next-flight-client-entry-loader
2025-08-31T23:32:55.121Z next:jsconfig-paths-plugin moduleName did not match any paths pattern 
next-flight-client-entry-loader
2025-08-31T23:32:55.121Z next:jsconfig-paths-plugin moduleName did not match any paths pattern 
next-flight-client-entry-loader
2025-08-31T23:32:55.121Z next:jsconfig-paths-plugin moduleName did not match any paths pattern 
next-flight-client-entry-loader
2025-08-31T23:32:55.121Z next:jsconfig-paths-plugin moduleName did not match any paths pattern 
next-flight-client-entry-loader
2025-08-31T23:32:55.121Z next:jsconfig-paths-plugin moduleName did not match any paths pattern 
next-flight-client-entry-loader
2025-08-31T23:32:55.121Z next:jsconfig-paths-plugin moduleName did not match any paths pattern 
next-flight-client-entry-loader
2025-08-31T23:32:55.121Z next:jsconfig-paths-plugin moduleName did not match any paths pattern 
next-flight-client-entry-loader
2025-08-31T23:32:55.121Z next:jsconfig-paths-plugin moduleName did not match any paths pattern 
next-flight-client-entry-loader
2025-08-31T23:32:55.134Z next:jsconfig-paths-plugin moduleName did not match any paths pattern 
next-flight-client-entry-loader
2025-08-31T23:32:55.134Z next:jsconfig-paths-plugin moduleName did not match any paths pattern 
next-flight-client-entry-loader
2025-08-31T23:32:55.134Z next:jsconfig-paths-plugin moduleName did not match any paths pattern 
next-flight-client-entry-loader
2025-08-31T23:32:55.134Z next:jsconfig-paths-plugin moduleName did not match any paths pattern 
next-flight-client-entry-loader
2025-08-31T23:32:55.134Z next:jsconfig-paths-plugin moduleName did not match any paths pattern 
next-flight-client-entry-loader
2025-08-31T23:32:55.134Z next:jsconfig-paths-plugin moduleName did not match any paths pattern 
next-flight-client-entry-loader
2025-08-31T23:32:55.134Z next:jsconfig-paths-plugin moduleName did not match any paths pattern 
next-flight-client-entry-loader
2025-08-31T23:32:55.134Z next:jsconfig-paths-plugin moduleName did not match any paths pattern 
next-flight-client-entry-loader
2025-08-31T23:32:55.134Z next:jsconfig-paths-plugin moduleName did not match any paths pattern 
next-flight-client-entry-loader
2025-08-31T23:32:55.134Z next:jsconfig-paths-plugin moduleName did not match any paths pattern 
next-flight-client-entry-loader
2025-08-31T23:32:55.134Z next:jsconfig-paths-plugin moduleName did not match any paths pattern 
next-flight-client-entry-loader
2025-08-31T23:32:55.134Z next:jsconfig-paths-plugin moduleName did not match any paths pattern 
next-flight-client-entry-loader
2025-08-31T23:32:55.134Z next:jsconfig-paths-plugin moduleName did not match any paths pattern 
next-flight-client-entry-loader
2025-08-31T23:32:55.135Z next:jsconfig-paths-plugin moduleName did not match any paths pattern 
next-flight-client-entry-loader
2025-08-31T23:32:55.135Z next:jsconfig-paths-plugin moduleName did not match any paths pattern 
next-flight-client-entry-loader
2025-08-31T23:32:55.135Z next:jsconfig-paths-plugin moduleName did not match any paths pattern 
next-flight-client-entry-loader
2025-08-31T23:32:55.135Z next:jsconfig-paths-plugin moduleName did not match any paths pattern 
next-flight-client-entry-loader
2025-08-31T23:32:55.135Z next:jsconfig-paths-plugin moduleName did not match any paths pattern 
next-flight-client-entry-loader
2025-08-31T23:32:55.135Z next:jsconfig-paths-plugin moduleName did not match any paths pattern 
next-flight-client-entry-loader
2025-08-31T23:32:55.135Z next:jsconfig-paths-plugin moduleName did not match any paths pattern 
next-flight-client-entry-loader
2025-08-31T23:32:55.135Z next:jsconfig-paths-plugin moduleName did not match any paths pattern 
next-flight-client-entry-loader
2025-08-31T23:32:55.135Z next:jsconfig-paths-plugin moduleName did not match any paths pattern 
next-flight-client-entry-loader
2025-08-31T23:32:55.135Z next:jsconfig-paths-plugin moduleName did not match any paths pattern 
next-flight-client-entry-loader
2025-08-31T23:32:55.135Z next:jsconfig-paths-plugin moduleName did not match any paths pattern 
next-flight-client-entry-loader
2025-08-31T23:32:55.135Z next:jsconfig-paths-plugin moduleName did not match any paths pattern 
next-flight-client-entry-loader
2025-08-31T23:32:55.135Z next:jsconfig-paths-plugin moduleName did not match any paths pattern 
next-flight-client-entry-loader
2025-08-31T23:32:55.135Z next:jsconfig-paths-plugin moduleName did not match any paths pattern 
next-flight-client-entry-loader
2025-08-31T23:32:55.135Z next:jsconfig-paths-plugin moduleName did not match any paths pattern 
next-flight-client-entry-loader
2025-08-31T23:32:55.136Z next:jsconfig-paths-plugin moduleName did not match any paths pattern 
next-flight-client-entry-loader
2025-08-31T23:32:55.136Z next:jsconfig-paths-plugin moduleName did not match any paths pattern 
next-flight-client-entry-loader
2025-08-31T23:32:55.136Z next:jsconfig-paths-plugin moduleName did not match any paths pattern 
next-flight-client-entry-loader
2025-08-31T23:32:55.136Z next:jsconfig-paths-plugin moduleName did not match any paths pattern 
next-flight-client-entry-loader
2025-08-31T23:32:55.136Z next:jsconfig-paths-plugin moduleName did not match any paths pattern 
next-flight-client-entry-loader
2025-08-31T23:32:55.136Z next:jsconfig-paths-plugin moduleName did not match any paths pattern 
next-flight-client-entry-loader
2025-08-31T23:32:55.136Z next:jsconfig-paths-plugin moduleName did not match any paths pattern 
next-flight-client-entry-loader
2025-08-31T23:32:55.136Z next:jsconfig-paths-plugin moduleName did not match any paths pattern 
next-flight-client-entry-loader
2025-08-31T23:32:55.136Z next:jsconfig-paths-plugin moduleName did not match any paths pattern 
next-flight-client-entry-loader
2025-08-31T23:32:55.136Z next:jsconfig-paths-plugin moduleName did not match any paths pattern 
next-flight-client-entry-loader
2025-08-31T23:32:55.136Z next:jsconfig-paths-plugin moduleName did not match any paths pattern 
next-flight-client-entry-loader
2025-08-31T23:32:55.136Z next:jsconfig-paths-plugin moduleName did not match any paths pattern 
next-flight-client-entry-loader
2025-08-31T23:32:55.136Z next:jsconfig-paths-plugin moduleName did not match any paths pattern 
next-flight-client-entry-loader
2025-08-31T23:32:55.137Z next:jsconfig-paths-plugin moduleName did not match any paths pattern 
next-flight-client-entry-loader
2025-08-31T23:32:55.137Z next:jsconfig-paths-plugin moduleName did not match any paths pattern 
next-flight-client-entry-loader
2025-08-31T23:32:55.137Z next:jsconfig-paths-plugin moduleName did not match any paths pattern 
next-flight-client-entry-loader
2025-08-31T23:32:55.137Z next:jsconfig-paths-plugin moduleName did not match any paths pattern 
next-flight-client-entry-loader
2025-08-31T23:32:55.137Z next:jsconfig-paths-plugin moduleName did not match any paths pattern 
next-flight-client-entry-loader
2025-08-31T23:32:55.137Z next:jsconfig-paths-plugin moduleName did not match any paths pattern 
next-flight-client-entry-loader
2025-08-31T23:32:55.137Z next:jsconfig-paths-plugin moduleName did not match any paths pattern 
next-flight-client-entry-loader
2025-08-31T23:32:55.137Z next:jsconfig-paths-plugin moduleName did not match any paths pattern 
next-flight-client-entry-loader
2025-08-31T23:32:55.137Z next:jsconfig-paths-plugin moduleName did not match any paths pattern 
next-flight-client-entry-loader
2025-08-31T23:32:55.137Z next:jsconfig-paths-plugin moduleName did not match any paths pattern 
next-flight-client-entry-loader
2025-08-31T23:32:55.137Z next:jsconfig-paths-plugin moduleName did not match any paths pattern 
next-flight-client-entry-loader
2025-08-31T23:32:55.137Z next:jsconfig-paths-plugin moduleName did not match any paths pattern 
next-flight-client-entry-loader
2025-08-31T23:32:55.137Z next:jsconfig-paths-plugin moduleName did not match any paths pattern 
next-flight-client-entry-loader
2025-08-31T23:32:55.138Z next:jsconfig-paths-plugin moduleName did not match any paths pattern 
next-flight-client-entry-loader
2025-08-31T23:32:55.138Z next:jsconfig-paths-plugin moduleName did not match any paths pattern 
next-flight-client-entry-loader
2025-08-31T23:32:55.138Z next:jsconfig-paths-plugin moduleName did not match any paths pattern 
next-flight-client-entry-loader
2025-08-31T23:32:55.138Z next:jsconfig-paths-plugin moduleName did not match any paths pattern 
next-flight-client-entry-loader
2025-08-31T23:32:55.138Z next:jsconfig-paths-plugin moduleName did not match any paths pattern 
next-flight-client-entry-loader
2025-08-31T23:32:55.138Z next:jsconfig-paths-plugin moduleName did not match any paths pattern 
next-flight-client-entry-loader
2025-08-31T23:32:55.138Z next:jsconfig-paths-plugin moduleName did not match any paths pattern 
next-flight-client-entry-loader
2025-08-31T23:32:55.138Z next:jsconfig-paths-plugin moduleName did not match any paths pattern 
next-flight-client-entry-loader
2025-08-31T23:32:55.138Z next:jsconfig-paths-plugin moduleName did not match any paths pattern 
next-flight-client-entry-loader
2025-08-31T23:32:55.138Z next:jsconfig-paths-plugin moduleName did not match any paths pattern 
next-flight-client-entry-loader
2025-08-31T23:32:55.138Z next:jsconfig-paths-plugin moduleName did not match any paths pattern 
next-flight-client-entry-loader
2025-08-31T23:32:55.138Z next:jsconfig-paths-plugin moduleName did not match any paths pattern 
next-flight-client-entry-loader
2025-08-31T23:32:55.138Z next:jsconfig-paths-plugin moduleName did not match any paths pattern 
next-flight-client-entry-loader
2025-08-31T23:32:55.138Z next:jsconfig-paths-plugin moduleName did not match any paths pattern 
next-flight-client-entry-loader
2025-08-31T23:32:55.139Z next:jsconfig-paths-plugin moduleName did not match any paths pattern 
next-flight-client-entry-loader
2025-08-31T23:32:55.139Z next:jsconfig-paths-plugin moduleName did not match any paths pattern 
next-flight-client-entry-loader
2025-08-31T23:32:55.139Z next:jsconfig-paths-plugin moduleName did not match any paths pattern 
next-flight-client-entry-loader
2025-08-31T23:32:55.139Z next:jsconfig-paths-plugin moduleName did not match any paths pattern 
next-flight-client-entry-loader
2025-08-31T23:32:55.139Z next:jsconfig-paths-plugin moduleName did not match any paths pattern 
next-flight-client-entry-loader
2025-08-31T23:32:55.139Z next:jsconfig-paths-plugin moduleName did not match any paths pattern 
next-flight-client-entry-loader
2025-08-31T23:32:55.139Z next:jsconfig-paths-plugin moduleName did not match any paths pattern 
next-flight-client-entry-loader
2025-08-31T23:32:55.139Z next:jsconfig-paths-plugin moduleName did not match any paths pattern 
next-flight-client-entry-loader
2025-08-31T23:32:55.139Z next:jsconfig-paths-plugin moduleName did not match any paths pattern 
next-flight-client-entry-loader
2025-08-31T23:32:55.139Z next:jsconfig-paths-plugin moduleName did not match any paths pattern 
next-flight-client-entry-loader
2025-08-31T23:32:55.139Z next:jsconfig-paths-plugin moduleName did not match any paths pattern 
next-flight-client-entry-loader
2025-08-31T23:32:55.139Z next:jsconfig-paths-plugin moduleName did not match any paths pattern 
next-flight-client-entry-loader
2025-08-31T23:32:55.139Z next:jsconfig-paths-plugin moduleName did not match any paths pattern 
next-flight-client-entry-loader
2025-08-31T23:32:55.139Z next:jsconfig-paths-plugin moduleName did not match any paths pattern 
next-flight-client-entry-loader
2025-08-31T23:32:55.139Z next:jsconfig-paths-plugin moduleName did not match any paths pattern 
next-flight-client-entry-loader
2025-08-31T23:32:55.139Z next:jsconfig-paths-plugin moduleName did not match any paths pattern 
next-flight-client-entry-loader
2025-08-31T23:32:55.140Z next:jsconfig-paths-plugin moduleName did not match any paths pattern 
next-flight-client-entry-loader
2025-08-31T23:32:55.140Z next:jsconfig-paths-plugin moduleName did not match any paths pattern 
next-flight-client-entry-loader
2025-08-31T23:32:55.140Z next:jsconfig-paths-plugin moduleName did not match any paths pattern 
next-flight-client-entry-loader
2025-08-31T23:32:55.140Z next:jsconfig-paths-plugin moduleName did not match any paths pattern 
next-flight-client-entry-loader
2025-08-31T23:32:55.140Z next:jsconfig-paths-plugin moduleName did not match any paths pattern 
next-flight-client-entry-loader
2025-08-31T23:32:55.140Z next:jsconfig-paths-plugin moduleName did not match any paths pattern 
next-flight-client-entry-loader
2025-08-31T23:32:55.167Z next:jsconfig-paths-plugin moduleName did not match any paths pattern 
next-flight-client-entry-loader
2025-08-31T23:32:55.167Z next:jsconfig-paths-plugin moduleName did not match any paths pattern 
next-flight-client-entry-loader
2025-08-31T23:32:55.167Z next:jsconfig-paths-plugin moduleName did not match any paths pattern 
next-flight-client-entry-loader
2025-08-31T23:32:55.167Z next:jsconfig-paths-plugin moduleName did not match any paths pattern 
next-flight-client-entry-loader
2025-08-31T23:32:55.167Z next:jsconfig-paths-plugin moduleName did not match any paths pattern 
next-flight-client-entry-loader
2025-08-31T23:32:55.167Z next:jsconfig-paths-plugin moduleName did not match any paths pattern 
next-flight-client-entry-loader
2025-08-31T23:32:55.167Z next:jsconfig-paths-plugin moduleName did not match any paths pattern 
next-flight-client-entry-loader
2025-08-31T23:32:55.167Z next:jsconfig-paths-plugin moduleName did not match any paths pattern 
next-flight-client-entry-loader
2025-08-31T23:32:55.167Z next:jsconfig-paths-plugin moduleName did not match any paths pattern 
next-flight-client-entry-loader
2025-08-31T23:32:55.168Z next:jsconfig-paths-plugin moduleName did not match any paths pattern 
next-flight-client-entry-loader
2025-08-31T23:32:55.168Z next:jsconfig-paths-plugin moduleName did not match any paths pattern 
next-flight-client-entry-loader
2025-08-31T23:32:55.168Z next:jsconfig-paths-plugin moduleName did not match any paths pattern 
next-flight-client-entry-loader
2025-08-31T23:32:55.168Z next:jsconfig-paths-plugin moduleName did not match any paths pattern 
next-flight-client-entry-loader
2025-08-31T23:32:55.168Z next:jsconfig-paths-plugin moduleName did not match any paths pattern 
next-flight-client-entry-loader
2025-08-31T23:32:55.168Z next:jsconfig-paths-plugin moduleName did not match any paths pattern 
next-flight-client-entry-loader
2025-08-31T23:32:55.168Z next:jsconfig-paths-plugin moduleName did not match any paths pattern 
next-flight-client-entry-loader
2025-08-31T23:32:55.168Z next:jsconfig-paths-plugin moduleName did not match any paths pattern 
next-flight-client-entry-loader
2025-08-31T23:32:55.168Z next:jsconfig-paths-plugin moduleName did not match any paths pattern 
next-flight-client-entry-loader
2025-08-31T23:32:55.169Z next:jsconfig-paths-plugin moduleName did not match any paths pattern 
next-flight-client-entry-loader
2025-08-31T23:32:55.169Z next:jsconfig-paths-plugin moduleName did not match any paths pattern 
next-flight-client-entry-loader
2025-08-31T23:32:55.171Z next:jsconfig-paths-plugin moduleName did not match any paths pattern 
next-flight-client-entry-loader
2025-08-31T23:32:55.171Z next:jsconfig-paths-plugin moduleName did not match any paths pattern 
next-flight-client-entry-loader
2025-08-31T23:32:55.171Z next:jsconfig-paths-plugin moduleName did not match any paths pattern 
next-flight-client-entry-loader
2025-08-31T23:32:55.171Z next:jsconfig-paths-plugin moduleName did not match any paths pattern 
next-flight-client-entry-loader
2025-08-31T23:32:55.171Z next:jsconfig-paths-plugin moduleName did not match any paths pattern 
next-flight-client-entry-loader
2025-08-31T23:32:55.172Z next:jsconfig-paths-plugin moduleName did not match any paths pattern 
next-flight-client-entry-loader
2025-08-31T23:32:55.172Z next:jsconfig-paths-plugin moduleName did not match any paths pattern 
next-flight-client-entry-loader
2025-08-31T23:32:55.172Z next:jsconfig-paths-plugin moduleName did not match any paths pattern 
next-flight-client-entry-loader
2025-08-31T23:32:55.172Z next:jsconfig-paths-plugin moduleName did not match any paths pattern 
next-flight-client-entry-loader
2025-08-31T23:32:55.172Z next:jsconfig-paths-plugin moduleName did not match any paths pattern 
next-flight-client-entry-loader
2025-08-31T23:32:55.172Z next:jsconfig-paths-plugin moduleName did not match any paths pattern 
next-flight-client-entry-loader
2025-08-31T23:32:55.172Z next:jsconfig-paths-plugin moduleName did not match any paths pattern 
next-flight-client-entry-loader
2025-08-31T23:32:55.172Z next:jsconfig-paths-plugin moduleName did not match any paths pattern 
next-flight-client-entry-loader
2025-08-31T23:32:55.172Z next:jsconfig-paths-plugin moduleName did not match any paths pattern 
next-flight-client-entry-loader
2025-08-31T23:32:55.172Z next:jsconfig-paths-plugin moduleName did not match any paths pattern 
next-flight-client-entry-loader
2025-08-31T23:32:55.172Z next:jsconfig-paths-plugin moduleName did not match any paths pattern 
next-flight-client-entry-loader
2025-08-31T23:32:55.172Z next:jsconfig-paths-plugin moduleName did not match any paths pattern 
next-flight-client-entry-loader
2025-08-31T23:32:55.172Z next:jsconfig-paths-plugin moduleName did not match any paths pattern 
next-flight-client-entry-loader
2025-08-31T23:32:55.172Z next:jsconfig-paths-plugin moduleName did not match any paths pattern 
next-flight-client-entry-loader
2025-08-31T23:32:55.172Z next:jsconfig-paths-plugin moduleName did not match any paths pattern 
next-flight-client-entry-loader
2025-08-31T23:32:55.184Z next:jsconfig-paths-plugin moduleName did not match any paths pattern 
next-flight-client-entry-loader
2025-08-31T23:32:55.184Z next:jsconfig-paths-plugin moduleName did not match any paths pattern 
next-flight-client-entry-loader
2025-08-31T23:32:55.184Z next:jsconfig-paths-plugin moduleName did not match any paths pattern 
next-flight-client-entry-loader
2025-08-31T23:32:55.184Z next:jsconfig-paths-plugin moduleName did not match any paths pattern 
next-flight-client-entry-loader
2025-08-31T23:32:55.184Z next:jsconfig-paths-plugin moduleName did not match any paths pattern 
next-flight-client-entry-loader
2025-08-31T23:32:55.184Z next:jsconfig-paths-plugin moduleName did not match any paths pattern 
next-flight-client-entry-loader
2025-08-31T23:32:55.184Z next:jsconfig-paths-plugin moduleName did not match any paths pattern 
next-flight-client-entry-loader
2025-08-31T23:32:55.184Z next:jsconfig-paths-plugin moduleName did not match any paths pattern 
next-flight-client-entry-loader
2025-08-31T23:32:55.184Z next:jsconfig-paths-plugin moduleName did not match any paths pattern 
next-flight-client-entry-loader
2025-08-31T23:32:55.184Z next:jsconfig-paths-plugin moduleName did not match any paths pattern 
next-flight-client-entry-loader
2025-08-31T23:32:55.184Z next:jsconfig-paths-plugin moduleName did not match any paths pattern 
next-flight-client-entry-loader
2025-08-31T23:32:55.185Z next:jsconfig-paths-plugin moduleName did not match any paths pattern 
next-flight-client-entry-loader
2025-08-31T23:32:55.185Z next:jsconfig-paths-plugin moduleName did not match any paths pattern 
next-flight-client-entry-loader
2025-08-31T23:32:55.185Z next:jsconfig-paths-plugin moduleName did not match any paths pattern 
next-flight-client-entry-loader
2025-08-31T23:32:55.185Z next:jsconfig-paths-plugin moduleName did not match any paths pattern 
next-flight-client-entry-loader
2025-08-31T23:32:55.185Z next:jsconfig-paths-plugin moduleName did not match any paths pattern 
next-flight-client-entry-loader
2025-08-31T23:32:55.185Z next:jsconfig-paths-plugin moduleName did not match any paths pattern 
next-flight-client-entry-loader
2025-08-31T23:32:55.185Z next:jsconfig-paths-plugin moduleName did not match any paths pattern 
next-flight-client-entry-loader
2025-08-31T23:32:55.185Z next:jsconfig-paths-plugin moduleName did not match any paths pattern 
next-flight-client-entry-loader
2025-08-31T23:32:55.185Z next:jsconfig-paths-plugin moduleName did not match any paths pattern 
next-flight-client-entry-loader
2025-08-31T23:32:55.185Z next:jsconfig-paths-plugin moduleName did not match any paths pattern 
next-flight-client-entry-loader
2025-08-31T23:32:55.185Z next:jsconfig-paths-plugin moduleName did not match any paths pattern 
next-flight-client-entry-loader
2025-08-31T23:32:55.185Z next:jsconfig-paths-plugin moduleName did not match any paths pattern 
next-flight-client-entry-loader
2025-08-31T23:32:55.185Z next:jsconfig-paths-plugin moduleName did not match any paths pattern 
next-flight-client-entry-loader
2025-08-31T23:32:55.186Z next:jsconfig-paths-plugin moduleName did not match any paths pattern 
next-flight-client-entry-loader
2025-08-31T23:32:55.186Z next:jsconfig-paths-plugin moduleName did not match any paths pattern 
next-flight-client-entry-loader
2025-08-31T23:32:55.186Z next:jsconfig-paths-plugin moduleName did not match any paths pattern 
next-flight-client-entry-loader
2025-08-31T23:32:55.186Z next:jsconfig-paths-plugin moduleName did not match any paths pattern 
next-flight-client-entry-loader
2025-08-31T23:32:55.186Z next:jsconfig-paths-plugin moduleName did not match any paths pattern 
next-flight-client-entry-loader
2025-08-31T23:32:55.186Z next:jsconfig-paths-plugin moduleName did not match any paths pattern 
next-flight-client-entry-loader
2025-08-31T23:32:55.186Z next:jsconfig-paths-plugin moduleName did not match any paths pattern 
next-flight-client-entry-loader
2025-08-31T23:32:55.186Z next:jsconfig-paths-plugin moduleName did not match any paths pattern 
next-flight-client-entry-loader
2025-08-31T23:32:55.186Z next:jsconfig-paths-plugin moduleName did not match any paths pattern 
next-flight-client-entry-loader
2025-08-31T23:32:55.186Z next:jsconfig-paths-plugin moduleName did not match any paths pattern 
next-flight-client-entry-loader
2025-08-31T23:32:55.186Z next:jsconfig-paths-plugin moduleName did not match any paths pattern 
next-flight-client-entry-loader
2025-08-31T23:32:55.186Z next:jsconfig-paths-plugin moduleName did not match any paths pattern 
next-flight-client-entry-loader
2025-08-31T23:32:55.187Z next:jsconfig-paths-plugin moduleName did not match any paths pattern 
next-flight-client-entry-loader
2025-08-31T23:32:55.187Z next:jsconfig-paths-plugin moduleName did not match any paths pattern 
next-flight-client-entry-loader
2025-08-31T23:32:55.187Z next:jsconfig-paths-plugin moduleName did not match any paths pattern 
next-flight-client-entry-loader
2025-08-31T23:32:55.187Z next:jsconfig-paths-plugin moduleName did not match any paths pattern 
next-flight-client-entry-loader
2025-08-31T23:32:55.187Z next:jsconfig-paths-plugin moduleName did not match any paths pattern 
next-flight-client-entry-loader
2025-08-31T23:32:55.187Z next:jsconfig-paths-plugin moduleName did not match any paths pattern 
next-flight-client-entry-loader
2025-08-31T23:32:55.187Z next:jsconfig-paths-plugin moduleName did not match any paths pattern 
next-flight-client-entry-loader
2025-08-31T23:32:55.187Z next:jsconfig-paths-plugin moduleName did not match any paths pattern 
next-flight-client-entry-loader
2025-08-31T23:32:55.187Z next:jsconfig-paths-plugin moduleName did not match any paths pattern 
next-flight-client-entry-loader
2025-08-31T23:32:55.187Z next:jsconfig-paths-plugin moduleName did not match any paths pattern 
next-flight-client-entry-loader
2025-08-31T23:32:55.187Z next:jsconfig-paths-plugin moduleName did not match any paths pattern 
next-flight-client-entry-loader
2025-08-31T23:32:55.187Z next:jsconfig-paths-plugin moduleName did not match any paths pattern 
next-flight-client-entry-loader
2025-08-31T23:32:55.187Z next:jsconfig-paths-plugin moduleName did not match any paths pattern 
next-flight-client-entry-loader
2025-08-31T23:32:55.187Z next:jsconfig-paths-plugin moduleName did not match any paths pattern 
next-flight-client-entry-loader
2025-08-31T23:32:55.188Z next:jsconfig-paths-plugin moduleName did not match any paths pattern 
next-flight-client-entry-loader
2025-08-31T23:32:55.188Z next:jsconfig-paths-plugin moduleName did not match any paths pattern 
next-flight-client-entry-loader
2025-08-31T23:32:55.188Z next:jsconfig-paths-plugin moduleName did not match any paths pattern 
next-flight-client-entry-loader
2025-08-31T23:32:55.188Z next:jsconfig-paths-plugin moduleName did not match any paths pattern 
next-flight-client-entry-loader
2025-08-31T23:32:55.188Z next:jsconfig-paths-plugin moduleName did not match any paths pattern 
next-flight-client-entry-loader
2025-08-31T23:32:55.188Z next:jsconfig-paths-plugin moduleName did not match any paths pattern 
next-flight-client-entry-loader
2025-08-31T23:32:55.188Z next:jsconfig-paths-plugin moduleName did not match any paths pattern 
next-flight-client-entry-loader
2025-08-31T23:32:55.188Z next:jsconfig-paths-plugin moduleName did not match any paths pattern 
next-flight-client-entry-loader
2025-08-31T23:32:55.188Z next:jsconfig-paths-plugin moduleName did not match any paths pattern 
next-flight-client-entry-loader
2025-08-31T23:32:55.188Z next:jsconfig-paths-plugin moduleName did not match any paths pattern 
next-flight-client-entry-loader
2025-08-31T23:32:55.188Z next:jsconfig-paths-plugin moduleName did not match any paths pattern 
next-flight-client-entry-loader
2025-08-31T23:32:55.188Z next:jsconfig-paths-plugin moduleName did not match any paths pattern 
next-flight-client-entry-loader
2025-08-31T23:32:55.188Z next:jsconfig-paths-plugin moduleName did not match any paths pattern 
next-flight-client-entry-loader
2025-08-31T23:32:55.189Z next:jsconfig-paths-plugin moduleName did not match any paths pattern 
next-flight-client-entry-loader
2025-08-31T23:32:55.189Z next:jsconfig-paths-plugin moduleName did not match any paths pattern 
next-flight-client-entry-loader
2025-08-31T23:32:55.189Z next:jsconfig-paths-plugin moduleName did not match any paths pattern 
next-flight-client-entry-loader
2025-08-31T23:32:55.189Z next:jsconfig-paths-plugin moduleName did not match any paths pattern 
next-flight-client-entry-loader
2025-08-31T23:32:55.189Z next:jsconfig-paths-plugin moduleName did not match any paths pattern 
next-flight-client-entry-loader
2025-08-31T23:32:55.189Z next:jsconfig-paths-plugin moduleName did not match any paths pattern 
next-flight-client-entry-loader
2025-08-31T23:32:55.189Z next:jsconfig-paths-plugin moduleName did not match any paths pattern 
next-flight-client-entry-loader
2025-08-31T23:32:55.204Z next:jsconfig-paths-plugin moduleName did not match any paths pattern 
next-flight-client-entry-loader
2025-08-31T23:32:55.204Z next:jsconfig-paths-plugin moduleName did not match any paths pattern 
next-flight-client-entry-loader
2025-08-31T23:32:55.204Z next:jsconfig-paths-plugin moduleName did not match any paths pattern 
next-flight-client-entry-loader
2025-08-31T23:32:55.204Z next:jsconfig-paths-plugin moduleName did not match any paths pattern 
next-flight-client-entry-loader
2025-08-31T23:32:55.204Z next:jsconfig-paths-plugin moduleName did not match any paths pattern 
next-flight-client-entry-loader
2025-08-31T23:32:55.204Z next:jsconfig-paths-plugin moduleName did not match any paths pattern 
next-flight-client-entry-loader
2025-08-31T23:32:55.204Z next:jsconfig-paths-plugin moduleName did not match any paths pattern 
next-flight-client-entry-loader
2025-08-31T23:32:55.204Z next:jsconfig-paths-plugin moduleName did not match any paths pattern 
next-flight-client-entry-loader
2025-08-31T23:32:55.204Z next:jsconfig-paths-plugin moduleName did not match any paths pattern 
next-flight-client-entry-loader
2025-08-31T23:32:55.205Z next:jsconfig-paths-plugin moduleName did not match any paths pattern 
next-flight-client-entry-loader
2025-08-31T23:32:55.205Z next:jsconfig-paths-plugin moduleName did not match any paths pattern 
next-flight-client-entry-loader
2025-08-31T23:32:55.205Z next:jsconfig-paths-plugin moduleName did not match any paths pattern 
next-flight-client-entry-loader
2025-08-31T23:32:55.205Z next:jsconfig-paths-plugin moduleName did not match any paths pattern 
next-flight-client-entry-loader
2025-08-31T23:32:55.205Z next:jsconfig-paths-plugin moduleName did not match any paths pattern 
next-flight-client-entry-loader
2025-08-31T23:32:55.205Z next:jsconfig-paths-plugin moduleName did not match any paths pattern 
next-flight-client-entry-loader
2025-08-31T23:32:55.205Z next:jsconfig-paths-plugin moduleName did not match any paths pattern 
next-flight-client-entry-loader
2025-08-31T23:32:55.205Z next:jsconfig-paths-plugin moduleName did not match any paths pattern 
next-flight-client-entry-loader
2025-08-31T23:32:55.205Z next:jsconfig-paths-plugin moduleName did not match any paths pattern 
next-flight-client-entry-loader
2025-08-31T23:32:55.205Z next:jsconfig-paths-plugin moduleName did not match any paths pattern 
next-flight-client-entry-loader
2025-08-31T23:32:55.205Z next:jsconfig-paths-plugin moduleName did not match any paths pattern 
next-flight-client-entry-loader
2025-08-31T23:32:55.206Z next:jsconfig-paths-plugin moduleName did not match any paths pattern 
next-flight-client-entry-loader
2025-08-31T23:32:55.206Z next:jsconfig-paths-plugin moduleName did not match any paths pattern 
next-flight-client-entry-loader
2025-08-31T23:32:55.206Z next:jsconfig-paths-plugin moduleName did not match any paths pattern 
next-flight-client-entry-loader
2025-08-31T23:32:55.206Z next:jsconfig-paths-plugin moduleName did not match any paths pattern 
next-flight-client-entry-loader
2025-08-31T23:32:55.206Z next:jsconfig-paths-plugin moduleName did not match any paths pattern 
next-flight-client-entry-loader
2025-08-31T23:32:55.206Z next:jsconfig-paths-plugin moduleName did not match any paths pattern 
next-flight-client-entry-loader
2025-08-31T23:32:55.206Z next:jsconfig-paths-plugin moduleName did not match any paths pattern 
next-flight-client-entry-loader
2025-08-31T23:32:55.206Z next:jsconfig-paths-plugin moduleName did not match any paths pattern 
next-flight-client-entry-loader
2025-08-31T23:32:55.207Z next:jsconfig-paths-plugin moduleName did not match any paths pattern 
next-flight-client-entry-loader
2025-08-31T23:32:55.207Z next:jsconfig-paths-plugin moduleName did not match any paths pattern 
next-flight-client-entry-loader
2025-08-31T23:32:55.207Z next:jsconfig-paths-plugin moduleName did not match any paths pattern 
next-flight-client-entry-loader
2025-08-31T23:32:55.207Z next:jsconfig-paths-plugin moduleName did not match any paths pattern 
next-flight-client-entry-loader
2025-08-31T23:32:55.207Z next:jsconfig-paths-plugin moduleName did not match any paths pattern 
next-flight-client-entry-loader
2025-08-31T23:32:55.207Z next:jsconfig-paths-plugin moduleName did not match any paths pattern 
next-flight-client-entry-loader
2025-08-31T23:32:55.207Z next:jsconfig-paths-plugin moduleName did not match any paths pattern 
next-flight-client-entry-loader
2025-08-31T23:32:55.208Z next:jsconfig-paths-plugin moduleName did not match any paths pattern 
next-flight-client-entry-loader
2025-08-31T23:32:55.208Z next:jsconfig-paths-plugin moduleName did not match any paths pattern 
next-flight-client-entry-loader
2025-08-31T23:32:55.208Z next:jsconfig-paths-plugin moduleName did not match any paths pattern 
next-flight-client-entry-loader
2025-08-31T23:32:55.209Z next:jsconfig-paths-plugin moduleName did not match any paths pattern 
next-flight-client-entry-loader
2025-08-31T23:32:55.209Z next:jsconfig-paths-plugin moduleName did not match any paths pattern 
next-flight-client-entry-loader
2025-08-31T23:32:55.209Z next:jsconfig-paths-plugin moduleName did not match any paths pattern 
next-flight-client-entry-loader
2025-08-31T23:32:55.209Z next:jsconfig-paths-plugin moduleName did not match any paths pattern 
next-flight-client-entry-loader
2025-08-31T23:32:55.209Z next:jsconfig-paths-plugin moduleName did not match any paths pattern 
next-flight-client-entry-loader
2025-08-31T23:32:55.209Z next:jsconfig-paths-plugin moduleName did not match any paths pattern 
next-flight-client-entry-loader
2025-08-31T23:32:55.209Z next:jsconfig-paths-plugin moduleName did not match any paths pattern 
next-flight-client-entry-loader
2025-08-31T23:32:55.209Z next:jsconfig-paths-plugin moduleName did not match any paths pattern 
next-flight-client-entry-loader
2025-08-31T23:32:55.209Z next:jsconfig-paths-plugin moduleName did not match any paths pattern 
next-flight-client-entry-loader
2025-08-31T23:32:55.209Z next:jsconfig-paths-plugin moduleName did not match any paths pattern 
next-flight-client-entry-loader
2025-08-31T23:32:55.209Z next:jsconfig-paths-plugin moduleName did not match any paths pattern 
next-flight-client-entry-loader
2025-08-31T23:32:55.209Z next:jsconfig-paths-plugin moduleName did not match any paths pattern 
next-flight-client-entry-loader
2025-08-31T23:32:55.209Z next:jsconfig-paths-plugin moduleName did not match any paths pattern 
next-flight-client-entry-loader
2025-08-31T23:32:55.209Z next:jsconfig-paths-plugin moduleName did not match any paths pattern 
next-flight-client-entry-loader
2025-08-31T23:32:55.209Z next:jsconfig-paths-plugin moduleName did not match any paths pattern 
next-flight-client-entry-loader
2025-08-31T23:32:55.210Z next:jsconfig-paths-plugin moduleName did not match any paths pattern 
next-flight-client-entry-loader
2025-08-31T23:32:55.210Z next:jsconfig-paths-plugin moduleName did not match any paths pattern 
next-flight-client-entry-loader
2025-08-31T23:32:55.210Z next:jsconfig-paths-plugin moduleName did not match any paths pattern 
next-flight-client-entry-loader
2025-08-31T23:32:55.210Z next:jsconfig-paths-plugin moduleName did not match any paths pattern 
next-flight-client-entry-loader
2025-08-31T23:32:55.210Z next:jsconfig-paths-plugin moduleName did not match any paths pattern 
next-flight-client-entry-loader
2025-08-31T23:32:55.210Z next:jsconfig-paths-plugin moduleName did not match any paths pattern 
next-flight-client-entry-loader
2025-08-31T23:32:55.210Z next:jsconfig-paths-plugin moduleName did not match any paths pattern 
next-flight-client-entry-loader
2025-08-31T23:32:55.210Z next:jsconfig-paths-plugin moduleName did not match any paths pattern 
next-flight-client-entry-loader
2025-08-31T23:32:55.210Z next:jsconfig-paths-plugin moduleName did not match any paths pattern 
next-flight-client-entry-loader
2025-08-31T23:32:55.210Z next:jsconfig-paths-plugin moduleName did not match any paths pattern 
next-flight-client-entry-loader
2025-08-31T23:32:55.210Z next:jsconfig-paths-plugin moduleName did not match any paths pattern 
next-flight-client-entry-loader
2025-08-31T23:32:55.210Z next:jsconfig-paths-plugin moduleName did not match any paths pattern 
next-flight-client-entry-loader
2025-08-31T23:32:55.210Z next:jsconfig-paths-plugin moduleName did not match any paths pattern 
next-flight-client-entry-loader
2025-08-31T23:32:55.210Z next:jsconfig-paths-plugin moduleName did not match any paths pattern 
next-flight-client-entry-loader
2025-08-31T23:32:55.211Z next:jsconfig-paths-plugin moduleName did not match any paths pattern 
next-flight-client-entry-loader
2025-08-31T23:32:55.211Z next:jsconfig-paths-plugin moduleName did not match any paths pattern 
next-flight-client-entry-loader
2025-08-31T23:32:55.211Z next:jsconfig-paths-plugin moduleName did not match any paths pattern 
next-flight-client-entry-loader
2025-08-31T23:32:55.228Z next:jsconfig-paths-plugin moduleName did not match any paths pattern 
next-flight-client-entry-loader
2025-08-31T23:32:55.228Z next:jsconfig-paths-plugin moduleName did not match any paths pattern 
next-flight-client-entry-loader
2025-08-31T23:32:55.228Z next:jsconfig-paths-plugin moduleName did not match any paths pattern 
next-flight-client-entry-loader
2025-08-31T23:32:55.228Z next:jsconfig-paths-plugin moduleName did not match any paths pattern 
next-flight-client-entry-loader
2025-08-31T23:32:55.228Z next:jsconfig-paths-plugin moduleName did not match any paths pattern 
next-flight-client-entry-loader
2025-08-31T23:32:55.228Z next:jsconfig-paths-plugin moduleName did not match any paths pattern 
next-flight-client-entry-loader
2025-08-31T23:32:55.228Z next:jsconfig-paths-plugin moduleName did not match any paths pattern 
next-flight-client-entry-loader
2025-08-31T23:32:55.229Z next:jsconfig-paths-plugin moduleName did not match any paths pattern 
next-flight-client-entry-loader
2025-08-31T23:32:55.229Z next:jsconfig-paths-plugin moduleName did not match any paths pattern 
next-flight-client-entry-loader
2025-08-31T23:32:55.229Z next:jsconfig-paths-plugin moduleName did not match any paths pattern 
next-flight-client-entry-loader
2025-08-31T23:32:55.229Z next:jsconfig-paths-plugin moduleName did not match any paths pattern 
next-flight-client-entry-loader
2025-08-31T23:32:55.229Z next:jsconfig-paths-plugin moduleName did not match any paths pattern 
next-flight-client-entry-loader
2025-08-31T23:32:55.229Z next:jsconfig-paths-plugin moduleName did not match any paths pattern 
next-flight-client-entry-loader
2025-08-31T23:32:55.229Z next:jsconfig-paths-plugin moduleName did not match any paths pattern 
next-flight-client-entry-loader
2025-08-31T23:32:55.229Z next:jsconfig-paths-plugin moduleName did not match any paths pattern 
next-flight-client-entry-loader
2025-08-31T23:32:55.229Z next:jsconfig-paths-plugin moduleName did not match any paths pattern 
next-flight-client-entry-loader
2025-08-31T23:32:55.230Z next:jsconfig-paths-plugin moduleName did not match any paths pattern 
next-flight-client-entry-loader
2025-08-31T23:32:55.230Z next:jsconfig-paths-plugin moduleName did not match any paths pattern 
next-flight-client-entry-loader
2025-08-31T23:32:55.230Z next:jsconfig-paths-plugin moduleName did not match any paths pattern 
next-flight-client-entry-loader
2025-08-31T23:32:55.230Z next:jsconfig-paths-plugin moduleName did not match any paths pattern 
next-flight-client-entry-loader
2025-08-31T23:32:55.230Z next:jsconfig-paths-plugin moduleName did not match any paths pattern 
next-flight-client-entry-loader
2025-08-31T23:32:55.230Z next:jsconfig-paths-plugin moduleName did not match any paths pattern 
next-flight-client-entry-loader
2025-08-31T23:32:55.230Z next:jsconfig-paths-plugin moduleName did not match any paths pattern 
next-flight-client-entry-loader
2025-08-31T23:32:55.230Z next:jsconfig-paths-plugin moduleName did not match any paths pattern 
next-flight-client-entry-loader
2025-08-31T23:32:55.231Z next:jsconfig-paths-plugin moduleName did not match any paths pattern 
next-flight-client-entry-loader
2025-08-31T23:32:55.231Z next:jsconfig-paths-plugin moduleName did not match any paths pattern 
next-flight-client-entry-loader
2025-08-31T23:32:55.231Z next:jsconfig-paths-plugin moduleName did not match any paths pattern 
next-flight-client-entry-loader
2025-08-31T23:32:55.231Z next:jsconfig-paths-plugin moduleName did not match any paths pattern 
next-flight-client-entry-loader
2025-08-31T23:32:55.231Z next:jsconfig-paths-plugin moduleName did not match any paths pattern 
next-flight-client-entry-loader
2025-08-31T23:32:55.231Z next:jsconfig-paths-plugin moduleName did not match any paths pattern 
next-flight-client-entry-loader
2025-08-31T23:32:55.231Z next:jsconfig-paths-plugin moduleName did not match any paths pattern 
next-flight-client-entry-loader
2025-08-31T23:32:55.231Z next:jsconfig-paths-plugin moduleName did not match any paths pattern 
next-flight-client-entry-loader
2025-08-31T23:32:55.231Z next:jsconfig-paths-plugin moduleName did not match any paths pattern 
next-flight-client-entry-loader
2025-08-31T23:32:55.231Z next:jsconfig-paths-plugin moduleName did not match any paths pattern 
next-flight-client-entry-loader
2025-08-31T23:32:55.231Z next:jsconfig-paths-plugin moduleName did not match any paths pattern 
next-flight-client-entry-loader
2025-08-31T23:32:55.232Z next:jsconfig-paths-plugin moduleName did not match any paths pattern 
next-flight-client-entry-loader
2025-08-31T23:32:55.232Z next:jsconfig-paths-plugin moduleName did not match any paths pattern 
next-flight-client-entry-loader
2025-08-31T23:32:55.232Z next:jsconfig-paths-plugin moduleName did not match any paths pattern 
next-flight-client-entry-loader
2025-08-31T23:32:55.232Z next:jsconfig-paths-plugin moduleName did not match any paths pattern 
next-flight-client-entry-loader
2025-08-31T23:32:55.232Z next:jsconfig-paths-plugin moduleName did not match any paths pattern 
next-flight-client-entry-loader
2025-08-31T23:32:55.232Z next:jsconfig-paths-plugin moduleName did not match any paths pattern 
next-flight-client-entry-loader
2025-08-31T23:32:55.232Z next:jsconfig-paths-plugin moduleName did not match any paths pattern 
next-flight-client-entry-loader
2025-08-31T23:32:55.232Z next:jsconfig-paths-plugin moduleName did not match any paths pattern 
next-flight-client-entry-loader
2025-08-31T23:32:55.232Z next:jsconfig-paths-plugin moduleName did not match any paths pattern 
next-flight-client-entry-loader
2025-08-31T23:32:55.232Z next:jsconfig-paths-plugin moduleName did not match any paths pattern 
next-flight-client-entry-loader
2025-08-31T23:32:55.232Z next:jsconfig-paths-plugin moduleName did not match any paths pattern 
next-flight-client-entry-loader
2025-08-31T23:32:55.233Z next:jsconfig-paths-plugin moduleName did not match any paths pattern 
next-flight-client-entry-loader
2025-08-31T23:32:55.233Z next:jsconfig-paths-plugin moduleName did not match any paths pattern 
next-flight-client-entry-loader
2025-08-31T23:32:55.233Z next:jsconfig-paths-plugin moduleName did not match any paths pattern 
next-flight-client-entry-loader
2025-08-31T23:32:55.233Z next:jsconfig-paths-plugin moduleName did not match any paths pattern 
next-flight-client-entry-loader
2025-08-31T23:32:55.233Z next:jsconfig-paths-plugin moduleName did not match any paths pattern 
next-flight-client-entry-loader
2025-08-31T23:32:55.233Z next:jsconfig-paths-plugin moduleName did not match any paths pattern 
next-flight-client-entry-loader
2025-08-31T23:32:55.233Z next:jsconfig-paths-plugin moduleName did not match any paths pattern 
next-flight-client-entry-loader
2025-08-31T23:32:55.233Z next:jsconfig-paths-plugin moduleName did not match any paths pattern 
next-flight-client-entry-loader
2025-08-31T23:32:55.233Z next:jsconfig-paths-plugin moduleName did not match any paths pattern 
next-flight-client-entry-loader
2025-08-31T23:32:55.233Z next:jsconfig-paths-plugin moduleName did not match any paths pattern 
next-flight-client-entry-loader
2025-08-31T23:32:55.233Z next:jsconfig-paths-plugin moduleName did not match any paths pattern 
next-flight-client-entry-loader
2025-08-31T23:32:55.233Z next:jsconfig-paths-plugin moduleName did not match any paths pattern 
next-flight-client-entry-loader
2025-08-31T23:32:55.233Z next:jsconfig-paths-plugin moduleName did not match any paths pattern 
next-flight-client-entry-loader
2025-08-31T23:32:55.233Z next:jsconfig-paths-plugin moduleName did not match any paths pattern 
next-flight-client-entry-loader
2025-08-31T23:32:55.233Z next:jsconfig-paths-plugin moduleName did not match any paths pattern 
next-flight-client-entry-loader
2025-08-31T23:32:55.233Z next:jsconfig-paths-plugin moduleName did not match any paths pattern 
next-flight-client-entry-loader
2025-08-31T23:32:55.233Z next:jsconfig-paths-plugin moduleName did not match any paths pattern 
next-flight-client-entry-loader
2025-08-31T23:32:55.233Z next:jsconfig-paths-plugin moduleName did not match any paths pattern 
next-flight-client-entry-loader
2025-08-31T23:32:55.233Z next:jsconfig-paths-plugin moduleName did not match any paths pattern 
next-flight-client-entry-loader
2025-08-31T23:32:55.234Z next:jsconfig-paths-plugin moduleName did not match any paths pattern 
next-flight-client-entry-loader
2025-08-31T23:32:55.234Z next:jsconfig-paths-plugin moduleName did not match any paths pattern 
next-flight-client-entry-loader
2025-08-31T23:32:55.234Z next:jsconfig-paths-plugin moduleName did not match any paths pattern 
next-flight-client-entry-loader
2025-08-31T23:32:55.234Z next:jsconfig-paths-plugin moduleName did not match any paths pattern 
next-flight-client-entry-loader
2025-08-31T23:32:55.234Z next:jsconfig-paths-plugin moduleName did not match any paths pattern 
next-flight-client-entry-loader
2025-08-31T23:32:55.234Z next:jsconfig-paths-plugin moduleName did not match any paths pattern 
next-flight-client-entry-loader
2025-08-31T23:32:55.234Z next:jsconfig-paths-plugin moduleName did not match any paths pattern 
next-flight-client-entry-loader
2025-08-31T23:32:55.234Z next:jsconfig-paths-plugin moduleName did not match any paths pattern 
next-flight-client-entry-loader
2025-08-31T23:32:55.234Z next:jsconfig-paths-plugin moduleName did not match any paths pattern 
next-flight-client-entry-loader
2025-08-31T23:32:55.234Z next:jsconfig-paths-plugin moduleName did not match any paths pattern 
next-flight-client-entry-loader
2025-08-31T23:32:55.234Z next:jsconfig-paths-plugin moduleName did not match any paths pattern 
next-flight-client-entry-loader
2025-08-31T23:32:55.234Z next:jsconfig-paths-plugin moduleName did not match any paths pattern 
next-flight-client-entry-loader
2025-08-31T23:32:55.234Z next:jsconfig-paths-plugin moduleName did not match any paths pattern 
next-flight-client-entry-loader
2025-08-31T23:32:55.234Z next:jsconfig-paths-plugin moduleName did not match any paths pattern 
next-flight-client-entry-loader
2025-08-31T23:32:55.234Z next:jsconfig-paths-plugin moduleName did not match any paths pattern 
next-flight-client-entry-loader
2025-08-31T23:32:55.234Z next:jsconfig-paths-plugin moduleName did not match any paths pattern 
next-flight-client-entry-loader
2025-08-31T23:32:55.234Z next:jsconfig-paths-plugin moduleName did not match any paths pattern 
next-flight-client-entry-loader
2025-08-31T23:32:55.234Z next:jsconfig-paths-plugin moduleName did not match any paths pattern 
next-flight-client-entry-loader
2025-08-31T23:32:55.234Z next:jsconfig-paths-plugin moduleName did not match any paths pattern 
next-flight-client-entry-loader
2025-08-31T23:32:55.235Z next:jsconfig-paths-plugin moduleName did not match any paths pattern 
next-flight-client-entry-loader
2025-08-31T23:32:55.235Z next:jsconfig-paths-plugin moduleName did not match any paths pattern 
next-flight-client-entry-loader
2025-08-31T23:32:55.235Z next:jsconfig-paths-plugin moduleName did not match any paths pattern 
next-flight-client-entry-loader
2025-08-31T23:32:55.235Z next:jsconfig-paths-plugin moduleName did not match any paths pattern 
next-flight-client-entry-loader
2025-08-31T23:32:55.235Z next:jsconfig-paths-plugin moduleName did not match any paths pattern 
next-flight-client-entry-loader
2025-08-31T23:32:55.235Z next:jsconfig-paths-plugin moduleName did not match any paths pattern 
next-flight-client-entry-loader
2025-08-31T23:32:55.248Z next:jsconfig-paths-plugin moduleName did not match any paths pattern 
next-flight-client-entry-loader
2025-08-31T23:32:55.248Z next:jsconfig-paths-plugin moduleName did not match any paths pattern 
next-flight-client-entry-loader
2025-08-31T23:32:55.248Z next:jsconfig-paths-plugin moduleName did not match any paths pattern 
next-flight-client-entry-loader
2025-08-31T23:32:55.248Z next:jsconfig-paths-plugin moduleName did not match any paths pattern 
next-flight-client-entry-loader
2025-08-31T23:32:55.248Z next:jsconfig-paths-plugin moduleName did not match any paths pattern 
next-flight-client-entry-loader
2025-08-31T23:32:55.249Z next:jsconfig-paths-plugin moduleName did not match any paths pattern 
next-flight-client-entry-loader
2025-08-31T23:32:55.249Z next:jsconfig-paths-plugin moduleName did not match any paths pattern 
next-flight-client-entry-loader
2025-08-31T23:32:55.249Z next:jsconfig-paths-plugin moduleName did not match any paths pattern 
next-flight-client-entry-loader
2025-08-31T23:32:55.249Z next:jsconfig-paths-plugin moduleName did not match any paths pattern 
next-flight-client-entry-loader
2025-08-31T23:32:55.249Z next:jsconfig-paths-plugin moduleName did not match any paths pattern 
next-flight-client-entry-loader
2025-08-31T23:32:55.249Z next:jsconfig-paths-plugin moduleName did not match any paths pattern 
next-flight-client-entry-loader
2025-08-31T23:32:55.249Z next:jsconfig-paths-plugin moduleName did not match any paths pattern 
next-flight-client-entry-loader
2025-08-31T23:32:55.249Z next:jsconfig-paths-plugin moduleName did not match any paths pattern 
next-flight-client-entry-loader
2025-08-31T23:32:55.249Z next:jsconfig-paths-plugin moduleName did not match any paths pattern 
next-flight-client-entry-loader
2025-08-31T23:32:55.249Z next:jsconfig-paths-plugin moduleName did not match any paths pattern 
next-flight-client-entry-loader
2025-08-31T23:32:55.249Z next:jsconfig-paths-plugin moduleName did not match any paths pattern 
next-flight-client-entry-loader
2025-08-31T23:32:55.249Z next:jsconfig-paths-plugin moduleName did not match any paths pattern 
next-flight-client-entry-loader
2025-08-31T23:32:55.249Z next:jsconfig-paths-plugin moduleName did not match any paths pattern 
next-flight-client-entry-loader
2025-08-31T23:32:55.249Z next:jsconfig-paths-plugin moduleName did not match any paths pattern 
next-flight-client-entry-loader
2025-08-31T23:32:55.249Z next:jsconfig-paths-plugin moduleName did not match any paths pattern 
next-flight-client-entry-loader
2025-08-31T23:32:55.249Z next:jsconfig-paths-plugin moduleName did not match any paths pattern 
next-flight-client-entry-loader
2025-08-31T23:32:55.250Z next:jsconfig-paths-plugin moduleName did not match any paths pattern 
next-flight-client-entry-loader
2025-08-31T23:32:55.250Z next:jsconfig-paths-plugin moduleName did not match any paths pattern 
next-flight-client-entry-loader
2025-08-31T23:32:55.250Z next:jsconfig-paths-plugin moduleName did not match any paths pattern 
next-flight-client-entry-loader
2025-08-31T23:32:55.250Z next:jsconfig-paths-plugin moduleName did not match any paths pattern 
next-flight-client-entry-loader
2025-08-31T23:32:55.250Z next:jsconfig-paths-plugin moduleName did not match any paths pattern 
next-flight-client-entry-loader
2025-08-31T23:32:55.250Z next:jsconfig-paths-plugin moduleName did not match any paths pattern 
next-flight-client-entry-loader
2025-08-31T23:32:55.250Z next:jsconfig-paths-plugin moduleName did not match any paths pattern 
next-flight-client-entry-loader
2025-08-31T23:32:55.250Z next:jsconfig-paths-plugin moduleName did not match any paths pattern 
next-flight-client-entry-loader
2025-08-31T23:32:55.250Z next:jsconfig-paths-plugin moduleName did not match any paths pattern 
next-flight-client-entry-loader
2025-08-31T23:32:55.250Z next:jsconfig-paths-plugin moduleName did not match any paths pattern 
next-flight-client-entry-loader
2025-08-31T23:32:55.250Z next:jsconfig-paths-plugin moduleName did not match any paths pattern 
next-flight-client-entry-loader
2025-08-31T23:32:55.250Z next:jsconfig-paths-plugin moduleName did not match any paths pattern 
next-flight-client-entry-loader
2025-08-31T23:32:55.250Z next:jsconfig-paths-plugin moduleName did not match any paths pattern 
next-flight-client-entry-loader
2025-08-31T23:32:55.250Z next:jsconfig-paths-plugin moduleName did not match any paths pattern 
next-flight-client-entry-loader
2025-08-31T23:32:55.250Z next:jsconfig-paths-plugin moduleName did not match any paths pattern 
next-flight-client-entry-loader
2025-08-31T23:32:55.250Z next:jsconfig-paths-plugin moduleName did not match any paths pattern 
next-flight-client-entry-loader
2025-08-31T23:32:55.250Z next:jsconfig-paths-plugin moduleName did not match any paths pattern 
next-flight-client-entry-loader
2025-08-31T23:32:55.250Z next:jsconfig-paths-plugin moduleName did not match any paths pattern 
next-flight-client-entry-loader
2025-08-31T23:32:55.250Z next:jsconfig-paths-plugin moduleName did not match any paths pattern 
next-flight-client-entry-loader
2025-08-31T23:32:55.251Z next:jsconfig-paths-plugin moduleName did not match any paths pattern 
next-flight-client-entry-loader
2025-08-31T23:32:55.251Z next:jsconfig-paths-plugin moduleName did not match any paths pattern 
next-flight-client-entry-loader
2025-08-31T23:32:55.251Z next:jsconfig-paths-plugin moduleName did not match any paths pattern 
next-flight-client-entry-loader
2025-08-31T23:32:55.251Z next:jsconfig-paths-plugin moduleName did not match any paths pattern 
next-flight-client-entry-loader
2025-08-31T23:32:55.251Z next:jsconfig-paths-plugin moduleName did not match any paths pattern 
next-flight-client-entry-loader
2025-08-31T23:32:55.251Z next:jsconfig-paths-plugin moduleName did not match any paths pattern 
next-flight-client-entry-loader
2025-08-31T23:32:55.251Z next:jsconfig-paths-plugin moduleName did not match any paths pattern 
next-flight-client-entry-loader
2025-08-31T23:32:55.251Z next:jsconfig-paths-plugin moduleName did not match any paths pattern 
next-flight-client-entry-loader
2025-08-31T23:32:55.251Z next:jsconfig-paths-plugin moduleName did not match any paths pattern 
next-flight-client-entry-loader
2025-08-31T23:32:55.251Z next:jsconfig-paths-plugin moduleName did not match any paths pattern 
next-flight-client-entry-loader
2025-08-31T23:32:55.251Z next:jsconfig-paths-plugin moduleName did not match any paths pattern 
next-flight-client-entry-loader
2025-08-31T23:32:55.251Z next:jsconfig-paths-plugin moduleName did not match any paths pattern 
next-flight-client-entry-loader
2025-08-31T23:32:55.251Z next:jsconfig-paths-plugin moduleName did not match any paths pattern 
next-flight-client-entry-loader
2025-08-31T23:32:55.251Z next:jsconfig-paths-plugin moduleName did not match any paths pattern 
next-flight-client-entry-loader
2025-08-31T23:32:55.251Z next:jsconfig-paths-plugin moduleName did not match any paths pattern 
next-flight-client-entry-loader
2025-08-31T23:32:55.251Z next:jsconfig-paths-plugin moduleName did not match any paths pattern 
next-flight-client-entry-loader
2025-08-31T23:32:55.251Z next:jsconfig-paths-plugin moduleName did not match any paths pattern 
next-flight-client-entry-loader
2025-08-31T23:32:55.252Z next:jsconfig-paths-plugin moduleName did not match any paths pattern 
next-flight-client-entry-loader
2025-08-31T23:32:55.252Z next:jsconfig-paths-plugin moduleName did not match any paths pattern 
next-flight-client-entry-loader
2025-08-31T23:32:55.252Z next:jsconfig-paths-plugin moduleName did not match any paths pattern 
next-flight-client-entry-loader
2025-08-31T23:32:55.252Z next:jsconfig-paths-plugin moduleName did not match any paths pattern 
next-flight-client-entry-loader
2025-08-31T23:32:55.252Z next:jsconfig-paths-plugin moduleName did not match any paths pattern 
next-flight-client-entry-loader
2025-08-31T23:32:55.252Z next:jsconfig-paths-plugin moduleName did not match any paths pattern 
next-flight-client-entry-loader
2025-08-31T23:32:55.252Z next:jsconfig-paths-plugin moduleName did not match any paths pattern 
next-flight-client-entry-loader
2025-08-31T23:32:55.252Z next:jsconfig-paths-plugin moduleName did not match any paths pattern 
next-flight-client-entry-loader
2025-08-31T23:32:55.252Z next:jsconfig-paths-plugin moduleName did not match any paths pattern 
next-flight-client-entry-loader
2025-08-31T23:32:55.252Z next:jsconfig-paths-plugin moduleName did not match any paths pattern 
next-flight-client-entry-loader
2025-08-31T23:32:55.252Z next:jsconfig-paths-plugin moduleName did not match any paths pattern 
next-flight-client-entry-loader
2025-08-31T23:32:55.252Z next:jsconfig-paths-plugin moduleName did not match any paths pattern 
next-flight-client-entry-loader
2025-08-31T23:32:55.252Z next:jsconfig-paths-plugin moduleName did not match any paths pattern 
next-flight-client-entry-loader
2025-08-31T23:32:55.252Z next:jsconfig-paths-plugin moduleName did not match any paths pattern 
next-flight-client-entry-loader
2025-08-31T23:32:55.252Z next:jsconfig-paths-plugin moduleName did not match any paths pattern 
next-flight-client-entry-loader
2025-08-31T23:32:55.252Z next:jsconfig-paths-plugin moduleName did not match any paths pattern 
next-flight-client-entry-loader
2025-08-31T23:32:55.252Z next:jsconfig-paths-plugin moduleName did not match any paths pattern 
next-flight-client-entry-loader
2025-08-31T23:32:55.252Z next:jsconfig-paths-plugin moduleName did not match any paths pattern 
next-flight-client-entry-loader
2025-08-31T23:32:55.252Z next:jsconfig-paths-plugin moduleName did not match any paths pattern 
next-flight-client-entry-loader
2025-08-31T23:32:55.252Z next:jsconfig-paths-plugin moduleName did not match any paths pattern 
next-flight-client-entry-loader
2025-08-31T23:32:55.252Z next:jsconfig-paths-plugin moduleName did not match any paths pattern 
next-flight-client-entry-loader
2025-08-31T23:32:55.253Z next:jsconfig-paths-plugin moduleName did not match any paths pattern 
next-flight-client-entry-loader
2025-08-31T23:32:55.253Z next:jsconfig-paths-plugin moduleName did not match any paths pattern 
next-flight-client-entry-loader
2025-08-31T23:32:55.253Z next:jsconfig-paths-plugin moduleName did not match any paths pattern 
next-flight-client-entry-loader
2025-08-31T23:32:55.253Z next:jsconfig-paths-plugin moduleName did not match any paths pattern 
next-flight-client-entry-loader
2025-08-31T23:32:55.253Z next:jsconfig-paths-plugin moduleName did not match any paths pattern 
next-flight-client-entry-loader
2025-08-31T23:32:55.253Z next:jsconfig-paths-plugin moduleName did not match any paths pattern 
next-flight-client-entry-loader
2025-08-31T23:32:55.253Z next:jsconfig-paths-plugin moduleName did not match any paths pattern 
next-flight-client-entry-loader
2025-08-31T23:32:55.253Z next:jsconfig-paths-plugin moduleName did not match any paths pattern 
next-flight-client-entry-loader
2025-08-31T23:32:55.253Z next:jsconfig-paths-plugin moduleName did not match any paths pattern 
next-flight-client-entry-loader
2025-08-31T23:32:55.253Z next:jsconfig-paths-plugin moduleName did not match any paths pattern 
next-flight-client-entry-loader
2025-08-31T23:32:55.253Z next:jsconfig-paths-plugin moduleName did not match any paths pattern 
next-flight-client-entry-loader
2025-08-31T23:32:55.253Z next:jsconfig-paths-plugin moduleName did not match any paths pattern 
next-flight-client-entry-loader
2025-08-31T23:32:55.279Z next:jsconfig-paths-plugin moduleName did not match any paths pattern 
next-flight-client-entry-loader
2025-08-31T23:32:55.279Z next:jsconfig-paths-plugin moduleName did not match any paths pattern 
next-flight-client-entry-loader
2025-08-31T23:32:55.279Z next:jsconfig-paths-plugin moduleName did not match any paths pattern 
next-flight-client-entry-loader
2025-08-31T23:32:55.279Z next:jsconfig-paths-plugin moduleName did not match any paths pattern 
next-flight-client-entry-loader
2025-08-31T23:32:55.279Z next:jsconfig-paths-plugin moduleName did not match any paths pattern 
next-flight-client-entry-loader
2025-08-31T23:32:55.279Z next:jsconfig-paths-plugin moduleName did not match any paths pattern 
next-flight-client-entry-loader
2025-08-31T23:32:55.279Z next:jsconfig-paths-plugin moduleName did not match any paths pattern 
next-flight-client-entry-loader
2025-08-31T23:32:55.279Z next:jsconfig-paths-plugin moduleName did not match any paths pattern 
next-flight-client-entry-loader
2025-08-31T23:32:55.279Z next:jsconfig-paths-plugin moduleName did not match any paths pattern 
next-flight-client-entry-loader
2025-08-31T23:32:55.279Z next:jsconfig-paths-plugin moduleName did not match any paths pattern 
next-flight-client-entry-loader
2025-08-31T23:32:55.280Z next:jsconfig-paths-plugin moduleName did not match any paths pattern 
next-flight-client-entry-loader
2025-08-31T23:32:55.280Z next:jsconfig-paths-plugin moduleName did not match any paths pattern 
next-flight-client-entry-loader
2025-08-31T23:32:55.280Z next:jsconfig-paths-plugin moduleName did not match any paths pattern 
next-flight-client-entry-loader
2025-08-31T23:32:55.280Z next:jsconfig-paths-plugin moduleName did not match any paths pattern 
next-flight-client-entry-loader
2025-08-31T23:32:55.280Z next:jsconfig-paths-plugin moduleName did not match any paths pattern 
next-flight-client-entry-loader
2025-08-31T23:32:55.280Z next:jsconfig-paths-plugin moduleName did not match any paths pattern 
next-flight-client-entry-loader
2025-08-31T23:32:55.280Z next:jsconfig-paths-plugin moduleName did not match any paths pattern 
next-flight-client-entry-loader
2025-08-31T23:32:55.280Z next:jsconfig-paths-plugin moduleName did not match any paths pattern 
next-flight-client-entry-loader
2025-08-31T23:32:55.280Z next:jsconfig-paths-plugin moduleName did not match any paths pattern 
next-flight-client-entry-loader
2025-08-31T23:32:55.280Z next:jsconfig-paths-plugin moduleName did not match any paths pattern 
next-flight-client-entry-loader
2025-08-31T23:32:55.283Z next:jsconfig-paths-plugin moduleName did not match any paths pattern 
next-flight-client-entry-loader
2025-08-31T23:32:55.283Z next:jsconfig-paths-plugin moduleName did not match any paths pattern 
next-flight-client-entry-loader
2025-08-31T23:32:55.283Z next:jsconfig-paths-plugin moduleName did not match any paths pattern 
next-flight-client-entry-loader
2025-08-31T23:32:55.283Z next:jsconfig-paths-plugin moduleName did not match any paths pattern 
next-flight-client-entry-loader
2025-08-31T23:32:55.283Z next:jsconfig-paths-plugin moduleName did not match any paths pattern 
next-flight-client-entry-loader
2025-08-31T23:32:55.283Z next:jsconfig-paths-plugin moduleName did not match any paths pattern 
next-flight-client-entry-loader
2025-08-31T23:32:55.283Z next:jsconfig-paths-plugin moduleName did not match any paths pattern 
next-flight-client-entry-loader
2025-08-31T23:32:55.283Z next:jsconfig-paths-plugin moduleName did not match any paths pattern 
next-flight-client-entry-loader
2025-08-31T23:32:55.283Z next:jsconfig-paths-plugin moduleName did not match any paths pattern 
next-flight-client-entry-loader
2025-08-31T23:32:55.283Z next:jsconfig-paths-plugin moduleName did not match any paths pattern 
next-flight-client-entry-loader
2025-08-31T23:32:55.283Z next:jsconfig-paths-plugin moduleName did not match any paths pattern 
next-flight-client-entry-loader
2025-08-31T23:32:55.283Z next:jsconfig-paths-plugin moduleName did not match any paths pattern 
next-flight-client-entry-loader
2025-08-31T23:32:55.283Z next:jsconfig-paths-plugin moduleName did not match any paths pattern 
next-flight-client-entry-loader
2025-08-31T23:32:55.283Z next:jsconfig-paths-plugin moduleName did not match any paths pattern 
next-flight-client-entry-loader
2025-08-31T23:32:55.283Z next:jsconfig-paths-plugin moduleName did not match any paths pattern 
next-flight-client-entry-loader
2025-08-31T23:32:55.284Z next:jsconfig-paths-plugin moduleName did not match any paths pattern 
next-flight-client-entry-loader
2025-08-31T23:32:55.284Z next:jsconfig-paths-plugin moduleName did not match any paths pattern 
next-flight-client-entry-loader
2025-08-31T23:32:55.284Z next:jsconfig-paths-plugin moduleName did not match any paths pattern 
next-flight-client-entry-loader
2025-08-31T23:32:55.284Z next:jsconfig-paths-plugin moduleName did not match any paths pattern 
next-flight-client-entry-loader
2025-08-31T23:32:55.284Z next:jsconfig-paths-plugin moduleName did not match any paths pattern 
next-flight-client-entry-loader
2025-08-31T23:32:55.293Z next:jsconfig-paths-plugin moduleName did not match any paths pattern 
next-flight-client-entry-loader
2025-08-31T23:32:55.293Z next:jsconfig-paths-plugin moduleName did not match any paths pattern 
next-flight-client-entry-loader
2025-08-31T23:32:55.293Z next:jsconfig-paths-plugin moduleName did not match any paths pattern 
next-flight-client-entry-loader
2025-08-31T23:32:55.293Z next:jsconfig-paths-plugin moduleName did not match any paths pattern 
next-flight-client-entry-loader
2025-08-31T23:32:55.293Z next:jsconfig-paths-plugin moduleName did not match any paths pattern 
next-flight-client-entry-loader
2025-08-31T23:32:55.293Z next:jsconfig-paths-plugin moduleName did not match any paths pattern 
next-flight-client-entry-loader
2025-08-31T23:32:55.293Z next:jsconfig-paths-plugin moduleName did not match any paths pattern 
next-flight-client-entry-loader
2025-08-31T23:32:55.293Z next:jsconfig-paths-plugin moduleName did not match any paths pattern 
next-flight-client-entry-loader
2025-08-31T23:32:55.293Z next:jsconfig-paths-plugin moduleName did not match any paths pattern 
next-flight-client-entry-loader
2025-08-31T23:32:55.293Z next:jsconfig-paths-plugin moduleName did not match any paths pattern 
next-flight-client-entry-loader
2025-08-31T23:32:55.293Z next:jsconfig-paths-plugin moduleName did not match any paths pattern 
next-flight-client-entry-loader
2025-08-31T23:32:55.293Z next:jsconfig-paths-plugin moduleName did not match any paths pattern 
next-flight-client-entry-loader
2025-08-31T23:32:55.294Z next:jsconfig-paths-plugin moduleName did not match any paths pattern 
next-flight-client-entry-loader
2025-08-31T23:32:55.294Z next:jsconfig-paths-plugin moduleName did not match any paths pattern 
next-flight-client-entry-loader
2025-08-31T23:32:55.294Z next:jsconfig-paths-plugin moduleName did not match any paths pattern 
next-flight-client-entry-loader
2025-08-31T23:32:55.294Z next:jsconfig-paths-plugin moduleName did not match any paths pattern 
next-flight-client-entry-loader
2025-08-31T23:32:55.294Z next:jsconfig-paths-plugin moduleName did not match any paths pattern 
next-flight-client-entry-loader
2025-08-31T23:32:55.294Z next:jsconfig-paths-plugin moduleName did not match any paths pattern 
next-flight-client-entry-loader
2025-08-31T23:32:55.294Z next:jsconfig-paths-plugin moduleName did not match any paths pattern 
next-flight-client-entry-loader
2025-08-31T23:32:55.294Z next:jsconfig-paths-plugin moduleName did not match any paths pattern 
next-flight-client-entry-loader
2025-08-31T23:32:55.294Z next:jsconfig-paths-plugin moduleName did not match any paths pattern 
next-flight-client-entry-loader
2025-08-31T23:32:55.294Z next:jsconfig-paths-plugin moduleName did not match any paths pattern 
next-flight-client-entry-loader
2025-08-31T23:32:55.294Z next:jsconfig-paths-plugin moduleName did not match any paths pattern 
next-flight-client-entry-loader
2025-08-31T23:32:55.294Z next:jsconfig-paths-plugin moduleName did not match any paths pattern 
next-flight-client-entry-loader
2025-08-31T23:32:55.294Z next:jsconfig-paths-plugin moduleName did not match any paths pattern 
next-flight-client-entry-loader
2025-08-31T23:32:55.294Z next:jsconfig-paths-plugin moduleName did not match any paths pattern 
next-flight-client-entry-loader
2025-08-31T23:32:55.294Z next:jsconfig-paths-plugin moduleName did not match any paths pattern 
next-flight-client-entry-loader
2025-08-31T23:32:55.295Z next:jsconfig-paths-plugin moduleName did not match any paths pattern 
next-flight-client-entry-loader
2025-08-31T23:32:55.295Z next:jsconfig-paths-plugin moduleName did not match any paths pattern 
next-flight-client-entry-loader
2025-08-31T23:32:55.295Z next:jsconfig-paths-plugin moduleName did not match any paths pattern 
next-flight-client-entry-loader
2025-08-31T23:32:55.295Z next:jsconfig-paths-plugin moduleName did not match any paths pattern 
next-flight-client-entry-loader
2025-08-31T23:32:55.295Z next:jsconfig-paths-plugin moduleName did not match any paths pattern 
next-flight-client-entry-loader
2025-08-31T23:32:55.295Z next:jsconfig-paths-plugin moduleName did not match any paths pattern 
next-flight-client-entry-loader
2025-08-31T23:32:55.295Z next:jsconfig-paths-plugin moduleName did not match any paths pattern 
next-flight-client-entry-loader
2025-08-31T23:32:55.295Z next:jsconfig-paths-plugin moduleName did not match any paths pattern 
next-flight-client-entry-loader
2025-08-31T23:32:55.295Z next:jsconfig-paths-plugin moduleName did not match any paths pattern 
next-flight-client-entry-loader
2025-08-31T23:32:55.295Z next:jsconfig-paths-plugin moduleName did not match any paths pattern 
next-flight-client-entry-loader
2025-08-31T23:32:55.295Z next:jsconfig-paths-plugin moduleName did not match any paths pattern 
next-flight-client-entry-loader
2025-08-31T23:32:55.295Z next:jsconfig-paths-plugin moduleName did not match any paths pattern 
next-flight-client-entry-loader
2025-08-31T23:32:55.295Z next:jsconfig-paths-plugin moduleName did not match any paths pattern 
next-flight-client-entry-loader
2025-08-31T23:32:55.295Z next:jsconfig-paths-plugin moduleName did not match any paths pattern 
next-flight-client-entry-loader
2025-08-31T23:32:55.296Z next:jsconfig-paths-plugin moduleName did not match any paths pattern 
next-flight-client-entry-loader
2025-08-31T23:32:55.296Z next:jsconfig-paths-plugin moduleName did not match any paths pattern 
next-flight-client-entry-loader
2025-08-31T23:32:55.296Z next:jsconfig-paths-plugin moduleName did not match any paths pattern 
next-flight-client-entry-loader
2025-08-31T23:32:55.296Z next:jsconfig-paths-plugin moduleName did not match any paths pattern 
next-flight-client-entry-loader
2025-08-31T23:32:55.296Z next:jsconfig-paths-plugin moduleName did not match any paths pattern 
next-flight-client-entry-loader
2025-08-31T23:32:55.296Z next:jsconfig-paths-plugin moduleName did not match any paths pattern 
next-flight-client-entry-loader
2025-08-31T23:32:55.296Z next:jsconfig-paths-plugin moduleName did not match any paths pattern 
next-flight-client-entry-loader
2025-08-31T23:32:55.296Z next:jsconfig-paths-plugin moduleName did not match any paths pattern 
next-flight-client-entry-loader
2025-08-31T23:32:55.296Z next:jsconfig-paths-plugin moduleName did not match any paths pattern 
next-flight-client-entry-loader
2025-08-31T23:32:55.296Z next:jsconfig-paths-plugin moduleName did not match any paths pattern 
next-flight-client-entry-loader
2025-08-31T23:32:55.296Z next:jsconfig-paths-plugin moduleName did not match any paths pattern 
next-flight-client-entry-loader
2025-08-31T23:32:55.296Z next:jsconfig-paths-plugin moduleName did not match any paths pattern 
next-flight-client-entry-loader
2025-08-31T23:32:55.296Z next:jsconfig-paths-plugin moduleName did not match any paths pattern 
next-flight-client-entry-loader
2025-08-31T23:32:55.296Z next:jsconfig-paths-plugin moduleName did not match any paths pattern 
next-flight-client-entry-loader
2025-08-31T23:32:55.296Z next:jsconfig-paths-plugin moduleName did not match any paths pattern 
next-flight-client-entry-loader
2025-08-31T23:32:55.296Z next:jsconfig-paths-plugin moduleName did not match any paths pattern 
next-flight-client-entry-loader
2025-08-31T23:32:55.297Z next:jsconfig-paths-plugin moduleName did not match any paths pattern 
next-flight-client-entry-loader
2025-08-31T23:32:55.297Z next:jsconfig-paths-plugin moduleName did not match any paths pattern 
next-flight-client-entry-loader
2025-08-31T23:32:55.297Z next:jsconfig-paths-plugin moduleName did not match any paths pattern 
next-flight-client-entry-loader
2025-08-31T23:32:55.297Z next:jsconfig-paths-plugin moduleName did not match any paths pattern 
next-flight-client-entry-loader
2025-08-31T23:32:55.297Z next:jsconfig-paths-plugin moduleName did not match any paths pattern 
next-flight-client-entry-loader
2025-08-31T23:32:55.297Z next:jsconfig-paths-plugin moduleName did not match any paths pattern 
next-flight-client-entry-loader
2025-08-31T23:32:55.297Z next:jsconfig-paths-plugin moduleName did not match any paths pattern 
next-flight-client-entry-loader
2025-08-31T23:32:55.297Z next:jsconfig-paths-plugin moduleName did not match any paths pattern 
next-flight-client-entry-loader
2025-08-31T23:32:55.297Z next:jsconfig-paths-plugin moduleName did not match any paths pattern 
next-flight-client-entry-loader
2025-08-31T23:32:55.297Z next:jsconfig-paths-plugin moduleName did not match any paths pattern 
next-flight-client-entry-loader
2025-08-31T23:32:55.297Z next:jsconfig-paths-plugin moduleName did not match any paths pattern 
next-flight-client-entry-loader
2025-08-31T23:32:55.297Z next:jsconfig-paths-plugin moduleName did not match any paths pattern 
next-flight-client-entry-loader
2025-08-31T23:32:55.297Z next:jsconfig-paths-plugin moduleName did not match any paths pattern 
next-flight-client-entry-loader
2025-08-31T23:32:55.313Z next:jsconfig-paths-plugin moduleName did not match any paths pattern 
next-flight-client-entry-loader
2025-08-31T23:32:55.313Z next:jsconfig-paths-plugin moduleName did not match any paths pattern 
next-flight-client-entry-loader
2025-08-31T23:32:55.313Z next:jsconfig-paths-plugin moduleName did not match any paths pattern 
next-flight-client-entry-loader
2025-08-31T23:32:55.313Z next:jsconfig-paths-plugin moduleName did not match any paths pattern 
next-flight-client-entry-loader
2025-08-31T23:32:55.314Z next:jsconfig-paths-plugin moduleName did not match any paths pattern 
next-flight-client-entry-loader
2025-08-31T23:32:55.314Z next:jsconfig-paths-plugin moduleName did not match any paths pattern 
next-flight-client-entry-loader
2025-08-31T23:32:55.314Z next:jsconfig-paths-plugin moduleName did not match any paths pattern 
next-flight-client-entry-loader
2025-08-31T23:32:55.314Z next:jsconfig-paths-plugin moduleName did not match any paths pattern 
next-flight-client-entry-loader
2025-08-31T23:32:55.314Z next:jsconfig-paths-plugin moduleName did not match any paths pattern 
next-flight-client-entry-loader
2025-08-31T23:32:55.314Z next:jsconfig-paths-plugin moduleName did not match any paths pattern 
next-flight-client-entry-loader
2025-08-31T23:32:55.314Z next:jsconfig-paths-plugin moduleName did not match any paths pattern 
next-flight-client-entry-loader
2025-08-31T23:32:55.314Z next:jsconfig-paths-plugin moduleName did not match any paths pattern 
next-flight-client-entry-loader
2025-08-31T23:32:55.314Z next:jsconfig-paths-plugin moduleName did not match any paths pattern 
next-flight-client-entry-loader
2025-08-31T23:32:55.314Z next:jsconfig-paths-plugin moduleName did not match any paths pattern 
next-flight-client-entry-loader
2025-08-31T23:32:55.314Z next:jsconfig-paths-plugin moduleName did not match any paths pattern 
next-flight-client-entry-loader
2025-08-31T23:32:55.314Z next:jsconfig-paths-plugin moduleName did not match any paths pattern 
next-flight-client-entry-loader
2025-08-31T23:32:55.314Z next:jsconfig-paths-plugin moduleName did not match any paths pattern 
next-flight-client-entry-loader
2025-08-31T23:32:55.314Z next:jsconfig-paths-plugin moduleName did not match any paths pattern 
next-flight-client-entry-loader
2025-08-31T23:32:55.314Z next:jsconfig-paths-plugin moduleName did not match any paths pattern 
next-flight-client-entry-loader
2025-08-31T23:32:55.315Z next:jsconfig-paths-plugin moduleName did not match any paths pattern 
next-flight-client-entry-loader
2025-08-31T23:32:55.315Z next:jsconfig-paths-plugin moduleName did not match any paths pattern 
next-flight-client-entry-loader
2025-08-31T23:32:55.315Z next:jsconfig-paths-plugin moduleName did not match any paths pattern 
next-flight-client-entry-loader
2025-08-31T23:32:55.315Z next:jsconfig-paths-plugin moduleName did not match any paths pattern 
next-flight-client-entry-loader
2025-08-31T23:32:55.315Z next:jsconfig-paths-plugin moduleName did not match any paths pattern 
next-flight-client-entry-loader
2025-08-31T23:32:55.315Z next:jsconfig-paths-plugin moduleName did not match any paths pattern 
next-flight-client-entry-loader
2025-08-31T23:32:55.315Z next:jsconfig-paths-plugin moduleName did not match any paths pattern 
next-flight-client-entry-loader
2025-08-31T23:32:55.315Z next:jsconfig-paths-plugin moduleName did not match any paths pattern 
next-flight-client-entry-loader
2025-08-31T23:32:55.315Z next:jsconfig-paths-plugin moduleName did not match any paths pattern 
next-flight-client-entry-loader
2025-08-31T23:32:55.315Z next:jsconfig-paths-plugin moduleName did not match any paths pattern 
next-flight-client-entry-loader
2025-08-31T23:32:55.315Z next:jsconfig-paths-plugin moduleName did not match any paths pattern 
next-flight-client-entry-loader
2025-08-31T23:32:55.315Z next:jsconfig-paths-plugin moduleName did not match any paths pattern 
next-flight-client-entry-loader
2025-08-31T23:32:55.315Z next:jsconfig-paths-plugin moduleName did not match any paths pattern 
next-flight-client-entry-loader
2025-08-31T23:32:55.315Z next:jsconfig-paths-plugin moduleName did not match any paths pattern 
next-flight-client-entry-loader
2025-08-31T23:32:55.315Z next:jsconfig-paths-plugin moduleName did not match any paths pattern 
next-flight-client-entry-loader
2025-08-31T23:32:55.315Z next:jsconfig-paths-plugin moduleName did not match any paths pattern 
next-flight-client-entry-loader
2025-08-31T23:32:55.315Z next:jsconfig-paths-plugin moduleName did not match any paths pattern 
next-flight-client-entry-loader
2025-08-31T23:32:55.315Z next:jsconfig-paths-plugin moduleName did not match any paths pattern 
next-flight-client-entry-loader
2025-08-31T23:32:55.315Z next:jsconfig-paths-plugin moduleName did not match any paths pattern 
next-flight-client-entry-loader
2025-08-31T23:32:55.315Z next:jsconfig-paths-plugin moduleName did not match any paths pattern 
next-flight-client-entry-loader
2025-08-31T23:32:55.315Z next:jsconfig-paths-plugin moduleName did not match any paths pattern 
next-flight-client-entry-loader
2025-08-31T23:32:55.315Z next:jsconfig-paths-plugin moduleName did not match any paths pattern 
next-flight-client-entry-loader
2025-08-31T23:32:55.316Z next:jsconfig-paths-plugin moduleName did not match any paths pattern 
next-flight-client-entry-loader
2025-08-31T23:32:55.316Z next:jsconfig-paths-plugin moduleName did not match any paths pattern 
next-flight-client-entry-loader
2025-08-31T23:32:55.316Z next:jsconfig-paths-plugin moduleName did not match any paths pattern 
next-flight-client-entry-loader
2025-08-31T23:32:55.316Z next:jsconfig-paths-plugin moduleName did not match any paths pattern 
next-flight-client-entry-loader
2025-08-31T23:32:55.316Z next:jsconfig-paths-plugin moduleName did not match any paths pattern 
next-flight-client-entry-loader
2025-08-31T23:32:55.316Z next:jsconfig-paths-plugin moduleName did not match any paths pattern 
next-flight-client-entry-loader
2025-08-31T23:32:55.316Z next:jsconfig-paths-plugin moduleName did not match any paths pattern 
next-flight-client-entry-loader
2025-08-31T23:32:55.316Z next:jsconfig-paths-plugin moduleName did not match any paths pattern 
next-flight-client-entry-loader
2025-08-31T23:32:55.316Z next:jsconfig-paths-plugin moduleName did not match any paths pattern 
next-flight-client-entry-loader
2025-08-31T23:32:55.316Z next:jsconfig-paths-plugin moduleName did not match any paths pattern 
next-flight-client-entry-loader
2025-08-31T23:32:55.316Z next:jsconfig-paths-plugin moduleName did not match any paths pattern 
next-flight-client-entry-loader
2025-08-31T23:32:55.316Z next:jsconfig-paths-plugin moduleName did not match any paths pattern 
next-flight-client-entry-loader
2025-08-31T23:32:55.316Z next:jsconfig-paths-plugin moduleName did not match any paths pattern 
next-flight-client-entry-loader
2025-08-31T23:32:55.316Z next:jsconfig-paths-plugin moduleName did not match any paths pattern 
next-flight-client-entry-loader
2025-08-31T23:32:55.316Z next:jsconfig-paths-plugin moduleName did not match any paths pattern 
next-flight-client-entry-loader
2025-08-31T23:32:55.317Z next:jsconfig-paths-plugin moduleName did not match any paths pattern 
next-flight-client-entry-loader
2025-08-31T23:32:55.317Z next:jsconfig-paths-plugin moduleName did not match any paths pattern 
next-flight-client-entry-loader
2025-08-31T23:32:55.317Z next:jsconfig-paths-plugin moduleName did not match any paths pattern 
next-flight-client-entry-loader
2025-08-31T23:32:55.317Z next:jsconfig-paths-plugin moduleName did not match any paths pattern 
next-flight-client-entry-loader
2025-08-31T23:32:55.317Z next:jsconfig-paths-plugin moduleName did not match any paths pattern 
next-flight-client-entry-loader
2025-08-31T23:32:55.317Z next:jsconfig-paths-plugin moduleName did not match any paths pattern 
next-flight-client-entry-loader
2025-08-31T23:32:55.317Z next:jsconfig-paths-plugin moduleName did not match any paths pattern 
next-flight-client-entry-loader
2025-08-31T23:32:55.317Z next:jsconfig-paths-plugin moduleName did not match any paths pattern 
next-flight-client-entry-loader
2025-08-31T23:32:55.318Z next:jsconfig-paths-plugin moduleName did not match any paths pattern 
next-flight-client-entry-loader
2025-08-31T23:32:55.318Z next:jsconfig-paths-plugin moduleName did not match any paths pattern 
next-flight-client-entry-loader
2025-08-31T23:32:55.318Z next:jsconfig-paths-plugin moduleName did not match any paths pattern 
next-flight-client-entry-loader
2025-08-31T23:32:55.318Z next:jsconfig-paths-plugin moduleName did not match any paths pattern 
next-flight-client-entry-loader
2025-08-31T23:32:55.318Z next:jsconfig-paths-plugin moduleName did not match any paths pattern 
next-flight-client-entry-loader
2025-08-31T23:32:55.318Z next:jsconfig-paths-plugin moduleName did not match any paths pattern 
next-flight-client-entry-loader
2025-08-31T23:32:55.335Z next:jsconfig-paths-plugin moduleName did not match any paths pattern 
next-flight-client-entry-loader
2025-08-31T23:32:55.335Z next:jsconfig-paths-plugin moduleName did not match any paths pattern 
next-flight-client-entry-loader
2025-08-31T23:32:55.335Z next:jsconfig-paths-plugin moduleName did not match any paths pattern 
next-flight-client-entry-loader
2025-08-31T23:32:55.335Z next:jsconfig-paths-plugin moduleName did not match any paths pattern 
next-flight-client-entry-loader
2025-08-31T23:32:55.335Z next:jsconfig-paths-plugin moduleName did not match any paths pattern 
next-flight-client-entry-loader
2025-08-31T23:32:55.335Z next:jsconfig-paths-plugin moduleName did not match any paths pattern 
next-flight-client-entry-loader
2025-08-31T23:32:55.335Z next:jsconfig-paths-plugin moduleName did not match any paths pattern 
next-flight-client-entry-loader
2025-08-31T23:32:55.335Z next:jsconfig-paths-plugin moduleName did not match any paths pattern 
next-flight-client-entry-loader
2025-08-31T23:32:55.336Z next:jsconfig-paths-plugin moduleName did not match any paths pattern 
next-flight-client-entry-loader
2025-08-31T23:32:55.336Z next:jsconfig-paths-plugin moduleName did not match any paths pattern 
next-flight-client-entry-loader
2025-08-31T23:32:55.336Z next:jsconfig-paths-plugin moduleName did not match any paths pattern 
next-flight-client-entry-loader
2025-08-31T23:32:55.336Z next:jsconfig-paths-plugin moduleName did not match any paths pattern 
next-flight-client-entry-loader
2025-08-31T23:32:55.336Z next:jsconfig-paths-plugin moduleName did not match any paths pattern 
next-flight-client-entry-loader
2025-08-31T23:32:55.336Z next:jsconfig-paths-plugin moduleName did not match any paths pattern 
next-flight-client-entry-loader
2025-08-31T23:32:55.336Z next:jsconfig-paths-plugin moduleName did not match any paths pattern 
next-flight-client-entry-loader
2025-08-31T23:32:55.336Z next:jsconfig-paths-plugin moduleName did not match any paths pattern 
next-flight-client-entry-loader
2025-08-31T23:32:55.336Z next:jsconfig-paths-plugin moduleName did not match any paths pattern 
next-flight-client-entry-loader
2025-08-31T23:32:55.336Z next:jsconfig-paths-plugin moduleName did not match any paths pattern 
next-flight-client-entry-loader
2025-08-31T23:32:55.336Z next:jsconfig-paths-plugin moduleName did not match any paths pattern 
next-flight-client-entry-loader
2025-08-31T23:32:55.336Z next:jsconfig-paths-plugin moduleName did not match any paths pattern 
next-flight-client-entry-loader
2025-08-31T23:32:55.337Z next:jsconfig-paths-plugin moduleName did not match any paths pattern 
next-flight-client-entry-loader
2025-08-31T23:32:55.337Z next:jsconfig-paths-plugin moduleName did not match any paths pattern 
next-flight-client-entry-loader
2025-08-31T23:32:55.337Z next:jsconfig-paths-plugin moduleName did not match any paths pattern 
next-flight-client-entry-loader
2025-08-31T23:32:55.337Z next:jsconfig-paths-plugin moduleName did not match any paths pattern 
next-flight-client-entry-loader
2025-08-31T23:32:55.337Z next:jsconfig-paths-plugin moduleName did not match any paths pattern 
next-flight-client-entry-loader
2025-08-31T23:32:55.337Z next:jsconfig-paths-plugin moduleName did not match any paths pattern 
next-flight-client-entry-loader
2025-08-31T23:32:55.337Z next:jsconfig-paths-plugin moduleName did not match any paths pattern 
next-flight-client-entry-loader
2025-08-31T23:32:55.337Z next:jsconfig-paths-plugin moduleName did not match any paths pattern 
next-flight-client-entry-loader
2025-08-31T23:32:55.337Z next:jsconfig-paths-plugin moduleName did not match any paths pattern 
next-flight-client-entry-loader
2025-08-31T23:32:55.337Z next:jsconfig-paths-plugin moduleName did not match any paths pattern 
next-flight-client-entry-loader
2025-08-31T23:32:55.337Z next:jsconfig-paths-plugin moduleName did not match any paths pattern 
next-flight-client-entry-loader
2025-08-31T23:32:55.337Z next:jsconfig-paths-plugin moduleName did not match any paths pattern 
next-flight-client-entry-loader
2025-08-31T23:32:55.338Z next:jsconfig-paths-plugin moduleName did not match any paths pattern 
next-flight-client-entry-loader
2025-08-31T23:32:55.338Z next:jsconfig-paths-plugin moduleName did not match any paths pattern 
next-flight-client-entry-loader
2025-08-31T23:32:55.338Z next:jsconfig-paths-plugin moduleName did not match any paths pattern 
next-flight-client-entry-loader
2025-08-31T23:32:55.338Z next:jsconfig-paths-plugin moduleName did not match any paths pattern 
next-flight-client-entry-loader
2025-08-31T23:32:55.338Z next:jsconfig-paths-plugin moduleName did not match any paths pattern 
next-flight-client-entry-loader
2025-08-31T23:32:55.338Z next:jsconfig-paths-plugin moduleName did not match any paths pattern 
next-flight-client-entry-loader
2025-08-31T23:32:55.338Z next:jsconfig-paths-plugin moduleName did not match any paths pattern 
next-flight-client-entry-loader
2025-08-31T23:32:55.338Z next:jsconfig-paths-plugin moduleName did not match any paths pattern 
next-flight-client-entry-loader
2025-08-31T23:32:55.338Z next:jsconfig-paths-plugin moduleName did not match any paths pattern 
next-flight-client-entry-loader
2025-08-31T23:32:55.338Z next:jsconfig-paths-plugin moduleName did not match any paths pattern 
next-flight-client-entry-loader
2025-08-31T23:32:55.338Z next:jsconfig-paths-plugin moduleName did not match any paths pattern 
next-flight-client-entry-loader
2025-08-31T23:32:55.338Z next:jsconfig-paths-plugin moduleName did not match any paths pattern 
next-flight-client-entry-loader
2025-08-31T23:32:55.339Z next:jsconfig-paths-plugin moduleName did not match any paths pattern 
next-flight-client-entry-loader
2025-08-31T23:32:55.339Z next:jsconfig-paths-plugin moduleName did not match any paths pattern 
next-flight-client-entry-loader
2025-08-31T23:32:55.339Z next:jsconfig-paths-plugin moduleName did not match any paths pattern 
next-flight-client-entry-loader
2025-08-31T23:32:55.339Z next:jsconfig-paths-plugin moduleName did not match any paths pattern 
next-flight-client-entry-loader
2025-08-31T23:32:55.339Z next:jsconfig-paths-plugin moduleName did not match any paths pattern 
next-flight-client-entry-loader
2025-08-31T23:32:55.339Z next:jsconfig-paths-plugin moduleName did not match any paths pattern 
next-flight-client-entry-loader
2025-08-31T23:32:55.339Z next:jsconfig-paths-plugin moduleName did not match any paths pattern 
next-flight-client-entry-loader
2025-08-31T23:32:55.339Z next:jsconfig-paths-plugin moduleName did not match any paths pattern 
next-flight-client-entry-loader
2025-08-31T23:32:55.339Z next:jsconfig-paths-plugin moduleName did not match any paths pattern 
next-flight-client-entry-loader
2025-08-31T23:32:55.339Z next:jsconfig-paths-plugin moduleName did not match any paths pattern 
next-flight-client-entry-loader
2025-08-31T23:32:55.339Z next:jsconfig-paths-plugin moduleName did not match any paths pattern 
next-flight-client-entry-loader
2025-08-31T23:32:55.339Z next:jsconfig-paths-plugin moduleName did not match any paths pattern 
next-flight-client-entry-loader
2025-08-31T23:32:55.340Z next:jsconfig-paths-plugin moduleName did not match any paths pattern 
next-flight-client-entry-loader
2025-08-31T23:32:55.340Z next:jsconfig-paths-plugin moduleName did not match any paths pattern 
next-flight-client-entry-loader
2025-08-31T23:32:55.340Z next:jsconfig-paths-plugin moduleName did not match any paths pattern 
next-flight-client-entry-loader
2025-08-31T23:32:55.340Z next:jsconfig-paths-plugin moduleName did not match any paths pattern 
next-flight-client-entry-loader
2025-08-31T23:32:55.340Z next:jsconfig-paths-plugin moduleName did not match any paths pattern 
next-flight-client-entry-loader
2025-08-31T23:32:55.340Z next:jsconfig-paths-plugin moduleName did not match any paths pattern 
next-flight-client-entry-loader
2025-08-31T23:32:55.340Z next:jsconfig-paths-plugin moduleName did not match any paths pattern 
next-flight-client-entry-loader
2025-08-31T23:32:55.340Z next:jsconfig-paths-plugin moduleName did not match any paths pattern 
next-flight-client-entry-loader
2025-08-31T23:32:55.340Z next:jsconfig-paths-plugin moduleName did not match any paths pattern 
next-flight-client-entry-loader
2025-08-31T23:32:55.340Z next:jsconfig-paths-plugin moduleName did not match any paths pattern 
next-flight-client-entry-loader
2025-08-31T23:32:55.340Z next:jsconfig-paths-plugin moduleName did not match any paths pattern 
next-flight-client-entry-loader
2025-08-31T23:32:55.340Z next:jsconfig-paths-plugin moduleName did not match any paths pattern 
next-flight-client-entry-loader
2025-08-31T23:32:55.340Z next:jsconfig-paths-plugin moduleName did not match any paths pattern 
next-flight-client-entry-loader
2025-08-31T23:32:55.341Z next:jsconfig-paths-plugin moduleName did not match any paths pattern 
next-flight-client-entry-loader
2025-08-31T23:32:55.341Z next:jsconfig-paths-plugin moduleName did not match any paths pattern 
next-flight-client-entry-loader
2025-08-31T23:32:55.341Z next:jsconfig-paths-plugin moduleName did not match any paths pattern 
next-flight-client-entry-loader
2025-08-31T23:32:55.341Z next:jsconfig-paths-plugin moduleName did not match any paths pattern 
next-flight-client-entry-loader
2025-08-31T23:32:55.341Z next:jsconfig-paths-plugin moduleName did not match any paths pattern 
next-flight-client-entry-loader
2025-08-31T23:32:55.341Z next:jsconfig-paths-plugin moduleName did not match any paths pattern 
next-flight-client-entry-loader
2025-08-31T23:32:55.341Z next:jsconfig-paths-plugin moduleName did not match any paths pattern 
next-flight-client-entry-loader
2025-08-31T23:32:55.341Z next:jsconfig-paths-plugin moduleName did not match any paths pattern 
next-flight-client-entry-loader
2025-08-31T23:32:55.341Z next:jsconfig-paths-plugin moduleName did not match any paths pattern 
next-flight-client-entry-loader
2025-08-31T23:32:55.341Z next:jsconfig-paths-plugin moduleName did not match any paths pattern 
next-flight-client-entry-loader
2025-08-31T23:32:55.341Z next:jsconfig-paths-plugin moduleName did not match any paths pattern 
next-flight-client-entry-loader
2025-08-31T23:32:55.341Z next:jsconfig-paths-plugin moduleName did not match any paths pattern 
next-flight-client-entry-loader
2025-08-31T23:32:55.341Z next:jsconfig-paths-plugin moduleName did not match any paths pattern 
next-flight-client-entry-loader
2025-08-31T23:32:55.342Z next:jsconfig-paths-plugin moduleName did not match any paths pattern 
next-flight-client-entry-loader
2025-08-31T23:32:55.342Z next:jsconfig-paths-plugin moduleName did not match any paths pattern 
next-flight-client-entry-loader
2025-08-31T23:32:55.342Z next:jsconfig-paths-plugin moduleName did not match any paths pattern 
next-flight-client-entry-loader
2025-08-31T23:32:55.342Z next:jsconfig-paths-plugin moduleName did not match any paths pattern 
next-flight-client-entry-loader
2025-08-31T23:32:55.342Z next:jsconfig-paths-plugin moduleName did not match any paths pattern 
next-flight-client-entry-loader
2025-08-31T23:32:55.342Z next:jsconfig-paths-plugin moduleName did not match any paths pattern 
next-flight-client-entry-loader
2025-08-31T23:32:55.342Z next:jsconfig-paths-plugin moduleName did not match any paths pattern 
next-flight-client-entry-loader
2025-08-31T23:32:55.342Z next:jsconfig-paths-plugin moduleName did not match any paths pattern 
next-flight-client-entry-loader
2025-08-31T23:32:55.355Z next:jsconfig-paths-plugin moduleName did not match any paths pattern 
next-flight-client-entry-loader
2025-08-31T23:32:55.355Z next:jsconfig-paths-plugin moduleName did not match any paths pattern 
next-flight-client-entry-loader
2025-08-31T23:32:55.355Z next:jsconfig-paths-plugin moduleName did not match any paths pattern 
next-flight-client-entry-loader
2025-08-31T23:32:55.355Z next:jsconfig-paths-plugin moduleName did not match any paths pattern 
next-flight-client-entry-loader
2025-08-31T23:32:55.356Z next:jsconfig-paths-plugin moduleName did not match any paths pattern 
next-flight-client-entry-loader
2025-08-31T23:32:55.356Z next:jsconfig-paths-plugin moduleName did not match any paths pattern 
next-flight-client-entry-loader
2025-08-31T23:32:55.356Z next:jsconfig-paths-plugin moduleName did not match any paths pattern 
next-flight-client-entry-loader
2025-08-31T23:32:55.356Z next:jsconfig-paths-plugin moduleName did not match any paths pattern 
next-flight-client-entry-loader
2025-08-31T23:32:55.356Z next:jsconfig-paths-plugin moduleName did not match any paths pattern 
next-flight-client-entry-loader
2025-08-31T23:32:55.356Z next:jsconfig-paths-plugin moduleName did not match any paths pattern 
next-flight-client-entry-loader
2025-08-31T23:32:55.356Z next:jsconfig-paths-plugin moduleName did not match any paths pattern 
next-flight-client-entry-loader
2025-08-31T23:32:55.356Z next:jsconfig-paths-plugin moduleName did not match any paths pattern 
next-flight-client-entry-loader
2025-08-31T23:32:55.356Z next:jsconfig-paths-plugin moduleName did not match any paths pattern 
next-flight-client-entry-loader
2025-08-31T23:32:55.356Z next:jsconfig-paths-plugin moduleName did not match any paths pattern 
next-flight-client-entry-loader
2025-08-31T23:32:55.356Z next:jsconfig-paths-plugin moduleName did not match any paths pattern 
next-flight-client-entry-loader
2025-08-31T23:32:55.357Z next:jsconfig-paths-plugin moduleName did not match any paths pattern 
next-flight-client-entry-loader
2025-08-31T23:32:55.357Z next:jsconfig-paths-plugin moduleName did not match any paths pattern 
next-flight-client-entry-loader
2025-08-31T23:32:55.357Z next:jsconfig-paths-plugin moduleName did not match any paths pattern 
next-flight-client-entry-loader
2025-08-31T23:32:55.357Z next:jsconfig-paths-plugin moduleName did not match any paths pattern 
next-flight-client-entry-loader
2025-08-31T23:32:55.357Z next:jsconfig-paths-plugin moduleName did not match any paths pattern 
next-flight-client-entry-loader
2025-08-31T23:32:55.357Z next:jsconfig-paths-plugin moduleName did not match any paths pattern 
next-flight-client-entry-loader
2025-08-31T23:32:55.357Z next:jsconfig-paths-plugin moduleName did not match any paths pattern 
next-flight-client-entry-loader
2025-08-31T23:32:55.357Z next:jsconfig-paths-plugin moduleName did not match any paths pattern 
next-flight-client-entry-loader
2025-08-31T23:32:55.357Z next:jsconfig-paths-plugin moduleName did not match any paths pattern 
next-flight-client-entry-loader
2025-08-31T23:32:55.357Z next:jsconfig-paths-plugin moduleName did not match any paths pattern 
next-flight-client-entry-loader
2025-08-31T23:32:55.357Z next:jsconfig-paths-plugin moduleName did not match any paths pattern 
next-flight-client-entry-loader
2025-08-31T23:32:55.357Z next:jsconfig-paths-plugin moduleName did not match any paths pattern 
next-flight-client-entry-loader
2025-08-31T23:32:55.358Z next:jsconfig-paths-plugin moduleName did not match any paths pattern 
next-flight-client-entry-loader
2025-08-31T23:32:55.358Z next:jsconfig-paths-plugin moduleName did not match any paths pattern 
next-flight-client-entry-loader
2025-08-31T23:32:55.358Z next:jsconfig-paths-plugin moduleName did not match any paths pattern 
next-flight-client-entry-loader
2025-08-31T23:32:55.358Z next:jsconfig-paths-plugin moduleName did not match any paths pattern 
next-flight-client-entry-loader
2025-08-31T23:32:55.358Z next:jsconfig-paths-plugin moduleName did not match any paths pattern 
next-flight-client-entry-loader
2025-08-31T23:32:55.358Z next:jsconfig-paths-plugin moduleName did not match any paths pattern 
next-flight-client-entry-loader
2025-08-31T23:32:55.358Z next:jsconfig-paths-plugin moduleName did not match any paths pattern 
next-flight-client-entry-loader
2025-08-31T23:32:55.358Z next:jsconfig-paths-plugin moduleName did not match any paths pattern 
next-flight-client-entry-loader
2025-08-31T23:32:55.358Z next:jsconfig-paths-plugin moduleName did not match any paths pattern 
next-flight-client-entry-loader
2025-08-31T23:32:55.358Z next:jsconfig-paths-plugin moduleName did not match any paths pattern 
next-flight-client-entry-loader
2025-08-31T23:32:55.358Z next:jsconfig-paths-plugin moduleName did not match any paths pattern 
next-flight-client-entry-loader
2025-08-31T23:32:55.358Z next:jsconfig-paths-plugin moduleName did not match any paths pattern 
next-flight-client-entry-loader
2025-08-31T23:32:55.359Z next:jsconfig-paths-plugin moduleName did not match any paths pattern 
next-flight-client-entry-loader
2025-08-31T23:32:55.359Z next:jsconfig-paths-plugin moduleName did not match any paths pattern 
next-flight-client-entry-loader
2025-08-31T23:32:55.359Z next:jsconfig-paths-plugin moduleName did not match any paths pattern 
next-flight-client-entry-loader
2025-08-31T23:32:55.359Z next:jsconfig-paths-plugin moduleName did not match any paths pattern 
next-flight-client-entry-loader
2025-08-31T23:32:55.359Z next:jsconfig-paths-plugin moduleName did not match any paths pattern 
next-flight-client-entry-loader
2025-08-31T23:32:55.359Z next:jsconfig-paths-plugin moduleName did not match any paths pattern 
next-flight-client-entry-loader
2025-08-31T23:32:55.359Z next:jsconfig-paths-plugin moduleName did not match any paths pattern 
next-flight-client-entry-loader
2025-08-31T23:32:55.360Z next:jsconfig-paths-plugin moduleName did not match any paths pattern 
next-flight-client-entry-loader
2025-08-31T23:32:55.360Z next:jsconfig-paths-plugin moduleName did not match any paths pattern 
next-flight-client-entry-loader
2025-08-31T23:32:55.360Z next:jsconfig-paths-plugin moduleName did not match any paths pattern 
next-flight-client-entry-loader
2025-08-31T23:32:55.360Z next:jsconfig-paths-plugin moduleName did not match any paths pattern 
next-flight-client-entry-loader
2025-08-31T23:32:55.360Z next:jsconfig-paths-plugin moduleName did not match any paths pattern 
next-flight-client-entry-loader
2025-08-31T23:32:55.360Z next:jsconfig-paths-plugin moduleName did not match any paths pattern 
next-flight-client-entry-loader
2025-08-31T23:32:55.360Z next:jsconfig-paths-plugin moduleName did not match any paths pattern 
next-flight-client-entry-loader
2025-08-31T23:32:55.360Z next:jsconfig-paths-plugin moduleName did not match any paths pattern 
next-flight-client-entry-loader
2025-08-31T23:32:55.360Z next:jsconfig-paths-plugin moduleName did not match any paths pattern 
next-flight-client-entry-loader
2025-08-31T23:32:55.360Z next:jsconfig-paths-plugin moduleName did not match any paths pattern 
next-flight-client-entry-loader
2025-08-31T23:32:55.360Z next:jsconfig-paths-plugin moduleName did not match any paths pattern 
next-flight-client-entry-loader
2025-08-31T23:32:55.360Z next:jsconfig-paths-plugin moduleName did not match any paths pattern 
next-flight-client-entry-loader
2025-08-31T23:32:55.361Z next:jsconfig-paths-plugin moduleName did not match any paths pattern 
next-flight-client-entry-loader
2025-08-31T23:32:55.361Z next:jsconfig-paths-plugin moduleName did not match any paths pattern 
next-flight-client-entry-loader
2025-08-31T23:32:55.361Z next:jsconfig-paths-plugin moduleName did not match any paths pattern 
next-flight-client-entry-loader
2025-08-31T23:32:55.361Z next:jsconfig-paths-plugin moduleName did not match any paths pattern 
next-flight-client-entry-loader
2025-08-31T23:32:55.361Z next:jsconfig-paths-plugin moduleName did not match any paths pattern 
next-flight-client-entry-loader
2025-08-31T23:32:55.361Z next:jsconfig-paths-plugin moduleName did not match any paths pattern 
next-flight-client-entry-loader
2025-08-31T23:32:55.361Z next:jsconfig-paths-plugin moduleName did not match any paths pattern 
next-flight-client-entry-loader
2025-08-31T23:32:55.361Z next:jsconfig-paths-plugin moduleName did not match any paths pattern 
next-flight-client-entry-loader
2025-08-31T23:32:55.361Z next:jsconfig-paths-plugin moduleName did not match any paths pattern 
next-flight-client-entry-loader
2025-08-31T23:32:55.361Z next:jsconfig-paths-plugin moduleName did not match any paths pattern 
next-flight-client-entry-loader
2025-08-31T23:32:55.361Z next:jsconfig-paths-plugin moduleName did not match any paths pattern 
next-flight-client-entry-loader
2025-08-31T23:32:55.361Z next:jsconfig-paths-plugin moduleName did not match any paths pattern 
next-flight-client-entry-loader
2025-08-31T23:32:55.362Z next:jsconfig-paths-plugin moduleName did not match any paths pattern 
next-flight-client-entry-loader
2025-08-31T23:32:55.362Z next:jsconfig-paths-plugin moduleName did not match any paths pattern 
next-flight-client-entry-loader
2025-08-31T23:32:55.362Z next:jsconfig-paths-plugin moduleName did not match any paths pattern 
next-flight-client-entry-loader
2025-08-31T23:32:55.362Z next:jsconfig-paths-plugin moduleName did not match any paths pattern 
next-flight-client-entry-loader
2025-08-31T23:32:55.362Z next:jsconfig-paths-plugin moduleName did not match any paths pattern 
next-flight-client-entry-loader
2025-08-31T23:32:55.362Z next:jsconfig-paths-plugin moduleName did not match any paths pattern 
next-flight-client-entry-loader
2025-08-31T23:32:55.362Z next:jsconfig-paths-plugin moduleName did not match any paths pattern 
next-flight-client-entry-loader
2025-08-31T23:32:55.362Z next:jsconfig-paths-plugin moduleName did not match any paths pattern 
next-flight-client-entry-loader
2025-08-31T23:32:55.362Z next:jsconfig-paths-plugin moduleName did not match any paths pattern 
next-flight-client-entry-loader
2025-08-31T23:32:55.362Z next:jsconfig-paths-plugin moduleName did not match any paths pattern 
next-flight-client-entry-loader
2025-08-31T23:32:55.362Z next:jsconfig-paths-plugin moduleName did not match any paths pattern 
next-flight-client-entry-loader
2025-08-31T23:32:55.362Z next:jsconfig-paths-plugin moduleName did not match any paths pattern 
next-flight-client-entry-loader
2025-08-31T23:32:55.362Z next:jsconfig-paths-plugin moduleName did not match any paths pattern 
next-flight-client-entry-loader
2025-08-31T23:32:55.362Z next:jsconfig-paths-plugin moduleName did not match any paths pattern 
next-flight-client-entry-loader
2025-08-31T23:32:55.363Z next:jsconfig-paths-plugin moduleName did not match any paths pattern 
next-flight-client-entry-loader
2025-08-31T23:32:55.363Z next:jsconfig-paths-plugin moduleName did not match any paths pattern 
next-flight-client-entry-loader
2025-08-31T23:32:55.363Z next:jsconfig-paths-plugin moduleName did not match any paths pattern 
next-flight-client-entry-loader
2025-08-31T23:32:55.363Z next:jsconfig-paths-plugin moduleName did not match any paths pattern 
next-flight-client-entry-loader
2025-08-31T23:32:55.363Z next:jsconfig-paths-plugin moduleName did not match any paths pattern 
next-flight-client-entry-loader
2025-08-31T23:32:55.363Z next:jsconfig-paths-plugin moduleName did not match any paths pattern 
next-flight-client-entry-loader
2025-08-31T23:32:55.393Z next:jsconfig-paths-plugin moduleName did not match any paths pattern 
next-flight-client-entry-loader
2025-08-31T23:32:55.394Z next:jsconfig-paths-plugin moduleName did not match any paths pattern 
next-flight-client-entry-loader
2025-08-31T23:32:55.394Z next:jsconfig-paths-plugin moduleName did not match any paths pattern 
next-flight-client-entry-loader
2025-08-31T23:32:55.394Z next:jsconfig-paths-plugin moduleName did not match any paths pattern 
next-flight-client-entry-loader
2025-08-31T23:32:55.394Z next:jsconfig-paths-plugin moduleName did not match any paths pattern 
next-flight-client-entry-loader
2025-08-31T23:32:55.394Z next:jsconfig-paths-plugin moduleName did not match any paths pattern 
next-flight-client-entry-loader
2025-08-31T23:32:55.394Z next:jsconfig-paths-plugin moduleName did not match any paths pattern 
next-flight-client-entry-loader
2025-08-31T23:32:55.394Z next:jsconfig-paths-plugin moduleName did not match any paths pattern 
next-flight-client-entry-loader
2025-08-31T23:32:55.394Z next:jsconfig-paths-plugin moduleName did not match any paths pattern 
next-flight-client-entry-loader
2025-08-31T23:32:55.394Z next:jsconfig-paths-plugin moduleName did not match any paths pattern 
next-flight-client-entry-loader
2025-08-31T23:32:55.394Z next:jsconfig-paths-plugin moduleName did not match any paths pattern 
next-flight-client-entry-loader
2025-08-31T23:32:55.394Z next:jsconfig-paths-plugin moduleName did not match any paths pattern 
next-flight-client-entry-loader
2025-08-31T23:32:55.394Z next:jsconfig-paths-plugin moduleName did not match any paths pattern 
next-flight-client-entry-loader
2025-08-31T23:32:55.394Z next:jsconfig-paths-plugin moduleName did not match any paths pattern 
next-flight-client-entry-loader
2025-08-31T23:32:55.394Z next:jsconfig-paths-plugin moduleName did not match any paths pattern 
next-flight-client-entry-loader
2025-08-31T23:32:55.394Z next:jsconfig-paths-plugin moduleName did not match any paths pattern 
next-flight-client-entry-loader
2025-08-31T23:32:55.394Z next:jsconfig-paths-plugin moduleName did not match any paths pattern 
next-flight-client-entry-loader
2025-08-31T23:32:55.394Z next:jsconfig-paths-plugin moduleName did not match any paths pattern 
next-flight-client-entry-loader
2025-08-31T23:32:55.394Z next:jsconfig-paths-plugin moduleName did not match any paths pattern 
next-flight-client-entry-loader
2025-08-31T23:32:55.394Z next:jsconfig-paths-plugin moduleName did not match any paths pattern 
next-flight-client-entry-loader
2025-08-31T23:32:55.397Z next:jsconfig-paths-plugin moduleName did not match any paths pattern 
next-flight-client-entry-loader
2025-08-31T23:32:55.397Z next:jsconfig-paths-plugin moduleName did not match any paths pattern 
next-flight-client-entry-loader
2025-08-31T23:32:55.397Z next:jsconfig-paths-plugin moduleName did not match any paths pattern 
next-flight-client-entry-loader
2025-08-31T23:32:55.397Z next:jsconfig-paths-plugin moduleName did not match any paths pattern 
next-flight-client-entry-loader
2025-08-31T23:32:55.397Z next:jsconfig-paths-plugin moduleName did not match any paths pattern 
next-flight-client-entry-loader
2025-08-31T23:32:55.397Z next:jsconfig-paths-plugin moduleName did not match any paths pattern 
next-flight-client-entry-loader
2025-08-31T23:32:55.397Z next:jsconfig-paths-plugin moduleName did not match any paths pattern 
next-flight-client-entry-loader
2025-08-31T23:32:55.397Z next:jsconfig-paths-plugin moduleName did not match any paths pattern 
next-flight-client-entry-loader
2025-08-31T23:32:55.397Z next:jsconfig-paths-plugin moduleName did not match any paths pattern 
next-flight-client-entry-loader
2025-08-31T23:32:55.397Z next:jsconfig-paths-plugin moduleName did not match any paths pattern 
next-flight-client-entry-loader
2025-08-31T23:32:55.397Z next:jsconfig-paths-plugin moduleName did not match any paths pattern 
next-flight-client-entry-loader
2025-08-31T23:32:55.397Z next:jsconfig-paths-plugin moduleName did not match any paths pattern 
next-flight-client-entry-loader
2025-08-31T23:32:55.397Z next:jsconfig-paths-plugin moduleName did not match any paths pattern 
next-flight-client-entry-loader
2025-08-31T23:32:55.398Z next:jsconfig-paths-plugin moduleName did not match any paths pattern 
next-flight-client-entry-loader
2025-08-31T23:32:55.398Z next:jsconfig-paths-plugin moduleName did not match any paths pattern 
next-flight-client-entry-loader
2025-08-31T23:32:55.398Z next:jsconfig-paths-plugin moduleName did not match any paths pattern 
next-flight-client-entry-loader
2025-08-31T23:32:55.398Z next:jsconfig-paths-plugin moduleName did not match any paths pattern 
next-flight-client-entry-loader
2025-08-31T23:32:55.398Z next:jsconfig-paths-plugin moduleName did not match any paths pattern 
next-flight-client-entry-loader
2025-08-31T23:32:55.398Z next:jsconfig-paths-plugin moduleName did not match any paths pattern 
next-flight-client-entry-loader
2025-08-31T23:32:55.398Z next:jsconfig-paths-plugin moduleName did not match any paths pattern 
next-flight-client-entry-loader
2025-08-31T23:32:55.408Z next:jsconfig-paths-plugin moduleName did not match any paths pattern 
next-flight-client-entry-loader
2025-08-31T23:32:55.408Z next:jsconfig-paths-plugin moduleName did not match any paths pattern 
next-flight-client-entry-loader
2025-08-31T23:32:55.408Z next:jsconfig-paths-plugin moduleName did not match any paths pattern 
next-flight-client-entry-loader
2025-08-31T23:32:55.408Z next:jsconfig-paths-plugin moduleName did not match any paths pattern 
next-flight-client-entry-loader
2025-08-31T23:32:55.408Z next:jsconfig-paths-plugin moduleName did not match any paths pattern 
next-flight-client-entry-loader
2025-08-31T23:32:55.408Z next:jsconfig-paths-plugin moduleName did not match any paths pattern 
next-flight-client-entry-loader
2025-08-31T23:32:55.408Z next:jsconfig-paths-plugin moduleName did not match any paths pattern 
next-flight-client-entry-loader
2025-08-31T23:32:55.408Z next:jsconfig-paths-plugin moduleName did not match any paths pattern 
next-flight-client-entry-loader
2025-08-31T23:32:55.408Z next:jsconfig-paths-plugin moduleName did not match any paths pattern 
next-flight-client-entry-loader
2025-08-31T23:32:55.408Z next:jsconfig-paths-plugin moduleName did not match any paths pattern 
next-flight-client-entry-loader
2025-08-31T23:32:55.409Z next:jsconfig-paths-plugin moduleName did not match any paths pattern 
next-flight-client-entry-loader
2025-08-31T23:32:55.409Z next:jsconfig-paths-plugin moduleName did not match any paths pattern 
next-flight-client-entry-loader
2025-08-31T23:32:55.409Z next:jsconfig-paths-plugin moduleName did not match any paths pattern 
next-flight-client-entry-loader
2025-08-31T23:32:55.409Z next:jsconfig-paths-plugin moduleName did not match any paths pattern 
next-flight-client-entry-loader
2025-08-31T23:32:55.409Z next:jsconfig-paths-plugin moduleName did not match any paths pattern 
next-flight-client-entry-loader
2025-08-31T23:32:55.409Z next:jsconfig-paths-plugin moduleName did not match any paths pattern 
next-flight-client-entry-loader
2025-08-31T23:32:55.409Z next:jsconfig-paths-plugin moduleName did not match any paths pattern 
next-flight-client-entry-loader
2025-08-31T23:32:55.409Z next:jsconfig-paths-plugin moduleName did not match any paths pattern 
next-flight-client-entry-loader
2025-08-31T23:32:55.409Z next:jsconfig-paths-plugin moduleName did not match any paths pattern 
next-flight-client-entry-loader
2025-08-31T23:32:55.409Z next:jsconfig-paths-plugin moduleName did not match any paths pattern 
next-flight-client-entry-loader
2025-08-31T23:32:55.409Z next:jsconfig-paths-plugin moduleName did not match any paths pattern 
next-flight-client-entry-loader
2025-08-31T23:32:55.409Z next:jsconfig-paths-plugin moduleName did not match any paths pattern 
next-flight-client-entry-loader
2025-08-31T23:32:55.409Z next:jsconfig-paths-plugin moduleName did not match any paths pattern 
next-flight-client-entry-loader
2025-08-31T23:32:55.409Z next:jsconfig-paths-plugin moduleName did not match any paths pattern 
next-flight-client-entry-loader
2025-08-31T23:32:55.409Z next:jsconfig-paths-plugin moduleName did not match any paths pattern 
next-flight-client-entry-loader
2025-08-31T23:32:55.409Z next:jsconfig-paths-plugin moduleName did not match any paths pattern 
next-flight-client-entry-loader
2025-08-31T23:32:55.409Z next:jsconfig-paths-plugin moduleName did not match any paths pattern 
next-flight-client-entry-loader
2025-08-31T23:32:55.410Z next:jsconfig-paths-plugin moduleName did not match any paths pattern 
next-flight-client-entry-loader
2025-08-31T23:32:55.410Z next:jsconfig-paths-plugin moduleName did not match any paths pattern 
next-flight-client-entry-loader
2025-08-31T23:32:55.410Z next:jsconfig-paths-plugin moduleName did not match any paths pattern 
next-flight-client-entry-loader
2025-08-31T23:32:55.410Z next:jsconfig-paths-plugin moduleName did not match any paths pattern 
next-flight-client-entry-loader
2025-08-31T23:32:55.410Z next:jsconfig-paths-plugin moduleName did not match any paths pattern 
next-flight-client-entry-loader
2025-08-31T23:32:55.410Z next:jsconfig-paths-plugin moduleName did not match any paths pattern 
next-flight-client-entry-loader
2025-08-31T23:32:55.410Z next:jsconfig-paths-plugin moduleName did not match any paths pattern 
next-flight-client-entry-loader
2025-08-31T23:32:55.410Z next:jsconfig-paths-plugin moduleName did not match any paths pattern 
next-flight-client-entry-loader
2025-08-31T23:32:55.410Z next:jsconfig-paths-plugin moduleName did not match any paths pattern 
next-flight-client-entry-loader
2025-08-31T23:32:55.410Z next:jsconfig-paths-plugin moduleName did not match any paths pattern 
next-flight-client-entry-loader
2025-08-31T23:32:55.410Z next:jsconfig-paths-plugin moduleName did not match any paths pattern 
next-flight-client-entry-loader
2025-08-31T23:32:55.410Z next:jsconfig-paths-plugin moduleName did not match any paths pattern 
next-flight-client-entry-loader
2025-08-31T23:32:55.410Z next:jsconfig-paths-plugin moduleName did not match any paths pattern 
next-flight-client-entry-loader
2025-08-31T23:32:55.410Z next:jsconfig-paths-plugin moduleName did not match any paths pattern 
next-flight-client-entry-loader
2025-08-31T23:32:55.410Z next:jsconfig-paths-plugin moduleName did not match any paths pattern 
next-flight-client-entry-loader
2025-08-31T23:32:55.411Z next:jsconfig-paths-plugin moduleName did not match any paths pattern 
next-flight-client-entry-loader
2025-08-31T23:32:55.411Z next:jsconfig-paths-plugin moduleName did not match any paths pattern 
next-flight-client-entry-loader
2025-08-31T23:32:55.411Z next:jsconfig-paths-plugin moduleName did not match any paths pattern 
next-flight-client-entry-loader
2025-08-31T23:32:55.411Z next:jsconfig-paths-plugin moduleName did not match any paths pattern 
next-flight-client-entry-loader
2025-08-31T23:32:55.411Z next:jsconfig-paths-plugin moduleName did not match any paths pattern 
next-flight-client-entry-loader
2025-08-31T23:32:55.411Z next:jsconfig-paths-plugin moduleName did not match any paths pattern 
next-flight-client-entry-loader
2025-08-31T23:32:55.411Z next:jsconfig-paths-plugin moduleName did not match any paths pattern 
next-flight-client-entry-loader
2025-08-31T23:32:55.411Z next:jsconfig-paths-plugin moduleName did not match any paths pattern 
next-flight-client-entry-loader
2025-08-31T23:32:55.411Z next:jsconfig-paths-plugin moduleName did not match any paths pattern 
next-flight-client-entry-loader
2025-08-31T23:32:55.411Z next:jsconfig-paths-plugin moduleName did not match any paths pattern 
next-flight-client-entry-loader
2025-08-31T23:32:55.411Z next:jsconfig-paths-plugin moduleName did not match any paths pattern 
next-flight-client-entry-loader
2025-08-31T23:32:55.411Z next:jsconfig-paths-plugin moduleName did not match any paths pattern 
next-flight-client-entry-loader
2025-08-31T23:32:55.411Z next:jsconfig-paths-plugin moduleName did not match any paths pattern 
next-flight-client-entry-loader
2025-08-31T23:32:55.411Z next:jsconfig-paths-plugin moduleName did not match any paths pattern 
next-flight-client-entry-loader
2025-08-31T23:32:55.411Z next:jsconfig-paths-plugin moduleName did not match any paths pattern 
next-flight-client-entry-loader
2025-08-31T23:32:55.411Z next:jsconfig-paths-plugin moduleName did not match any paths pattern 
next-flight-client-entry-loader
2025-08-31T23:32:55.411Z next:jsconfig-paths-plugin moduleName did not match any paths pattern 
next-flight-client-entry-loader
2025-08-31T23:32:55.411Z next:jsconfig-paths-plugin moduleName did not match any paths pattern 
next-flight-client-entry-loader
2025-08-31T23:32:55.411Z next:jsconfig-paths-plugin moduleName did not match any paths pattern 
next-flight-client-entry-loader
2025-08-31T23:32:55.412Z next:jsconfig-paths-plugin moduleName did not match any paths pattern 
next-flight-client-entry-loader
2025-08-31T23:32:55.412Z next:jsconfig-paths-plugin moduleName did not match any paths pattern 
next-flight-client-entry-loader
2025-08-31T23:32:55.412Z next:jsconfig-paths-plugin moduleName did not match any paths pattern 
next-flight-client-entry-loader
2025-08-31T23:32:55.412Z next:jsconfig-paths-plugin moduleName did not match any paths pattern 
next-flight-client-entry-loader
2025-08-31T23:32:55.412Z next:jsconfig-paths-plugin moduleName did not match any paths pattern 
next-flight-client-entry-loader
2025-08-31T23:32:55.412Z next:jsconfig-paths-plugin moduleName did not match any paths pattern 
next-flight-client-entry-loader
2025-08-31T23:32:55.412Z next:jsconfig-paths-plugin moduleName did not match any paths pattern 
next-flight-client-entry-loader
2025-08-31T23:32:55.412Z next:jsconfig-paths-plugin moduleName did not match any paths pattern 
next-flight-client-entry-loader
2025-08-31T23:32:55.412Z next:jsconfig-paths-plugin moduleName did not match any paths pattern 
next-flight-client-entry-loader
2025-08-31T23:32:55.427Z next:jsconfig-paths-plugin moduleName did not match any paths pattern 
next-flight-client-entry-loader
2025-08-31T23:32:55.427Z next:jsconfig-paths-plugin moduleName did not match any paths pattern 
next-flight-client-entry-loader
2025-08-31T23:32:55.427Z next:jsconfig-paths-plugin moduleName did not match any paths pattern 
next-flight-client-entry-loader
2025-08-31T23:32:55.427Z next:jsconfig-paths-plugin moduleName did not match any paths pattern 
next-flight-client-entry-loader
2025-08-31T23:32:55.427Z next:jsconfig-paths-plugin moduleName did not match any paths pattern 
next-flight-client-entry-loader
2025-08-31T23:32:55.427Z next:jsconfig-paths-plugin moduleName did not match any paths pattern 
next-flight-client-entry-loader
2025-08-31T23:32:55.427Z next:jsconfig-paths-plugin moduleName did not match any paths pattern 
next-flight-client-entry-loader
2025-08-31T23:32:55.427Z next:jsconfig-paths-plugin moduleName did not match any paths pattern 
next-flight-client-entry-loader
2025-08-31T23:32:55.427Z next:jsconfig-paths-plugin moduleName did not match any paths pattern 
next-flight-client-entry-loader
2025-08-31T23:32:55.428Z next:jsconfig-paths-plugin moduleName did not match any paths pattern 
next-flight-client-entry-loader
2025-08-31T23:32:55.428Z next:jsconfig-paths-plugin moduleName did not match any paths pattern 
next-flight-client-entry-loader
2025-08-31T23:32:55.428Z next:jsconfig-paths-plugin moduleName did not match any paths pattern 
next-flight-client-entry-loader
2025-08-31T23:32:55.428Z next:jsconfig-paths-plugin moduleName did not match any paths pattern 
next-flight-client-entry-loader
2025-08-31T23:32:55.428Z next:jsconfig-paths-plugin moduleName did not match any paths pattern 
next-flight-client-entry-loader
2025-08-31T23:32:55.428Z next:jsconfig-paths-plugin moduleName did not match any paths pattern 
next-flight-client-entry-loader
2025-08-31T23:32:55.428Z next:jsconfig-paths-plugin moduleName did not match any paths pattern 
next-flight-client-entry-loader
2025-08-31T23:32:55.428Z next:jsconfig-paths-plugin moduleName did not match any paths pattern 
next-flight-client-entry-loader
2025-08-31T23:32:55.428Z next:jsconfig-paths-plugin moduleName did not match any paths pattern 
next-flight-client-entry-loader
2025-08-31T23:32:55.428Z next:jsconfig-paths-plugin moduleName did not match any paths pattern 
next-flight-client-entry-loader
2025-08-31T23:32:55.428Z next:jsconfig-paths-plugin moduleName did not match any paths pattern 
next-flight-client-entry-loader
2025-08-31T23:32:55.428Z next:jsconfig-paths-plugin moduleName did not match any paths pattern 
next-flight-client-entry-loader
2025-08-31T23:32:55.428Z next:jsconfig-paths-plugin moduleName did not match any paths pattern 
next-flight-client-entry-loader
2025-08-31T23:32:55.428Z next:jsconfig-paths-plugin moduleName did not match any paths pattern 
next-flight-client-entry-loader
2025-08-31T23:32:55.428Z next:jsconfig-paths-plugin moduleName did not match any paths pattern 
next-flight-client-entry-loader
2025-08-31T23:32:55.428Z next:jsconfig-paths-plugin moduleName did not match any paths pattern 
next-flight-client-entry-loader
2025-08-31T23:32:55.429Z next:jsconfig-paths-plugin moduleName did not match any paths pattern 
next-flight-client-entry-loader
2025-08-31T23:32:55.429Z next:jsconfig-paths-plugin moduleName did not match any paths pattern 
next-flight-client-entry-loader
2025-08-31T23:32:55.429Z next:jsconfig-paths-plugin moduleName did not match any paths pattern 
next-flight-client-entry-loader
2025-08-31T23:32:55.429Z next:jsconfig-paths-plugin moduleName did not match any paths pattern 
next-flight-client-entry-loader
2025-08-31T23:32:55.429Z next:jsconfig-paths-plugin moduleName did not match any paths pattern 
next-flight-client-entry-loader
2025-08-31T23:32:55.429Z next:jsconfig-paths-plugin moduleName did not match any paths pattern 
next-flight-client-entry-loader
2025-08-31T23:32:55.429Z next:jsconfig-paths-plugin moduleName did not match any paths pattern 
next-flight-client-entry-loader
2025-08-31T23:32:55.429Z next:jsconfig-paths-plugin moduleName did not match any paths pattern 
next-flight-client-entry-loader
2025-08-31T23:32:55.429Z next:jsconfig-paths-plugin moduleName did not match any paths pattern 
next-flight-client-entry-loader
2025-08-31T23:32:55.429Z next:jsconfig-paths-plugin moduleName did not match any paths pattern 
next-flight-client-entry-loader
2025-08-31T23:32:55.429Z next:jsconfig-paths-plugin moduleName did not match any paths pattern 
next-flight-client-entry-loader
2025-08-31T23:32:55.429Z next:jsconfig-paths-plugin moduleName did not match any paths pattern 
next-flight-client-entry-loader
2025-08-31T23:32:55.429Z next:jsconfig-paths-plugin moduleName did not match any paths pattern 
next-flight-client-entry-loader
2025-08-31T23:32:55.429Z next:jsconfig-paths-plugin moduleName did not match any paths pattern 
next-flight-client-entry-loader
2025-08-31T23:32:55.430Z next:jsconfig-paths-plugin moduleName did not match any paths pattern 
next-flight-client-entry-loader
2025-08-31T23:32:55.430Z next:jsconfig-paths-plugin moduleName did not match any paths pattern 
next-flight-client-entry-loader
2025-08-31T23:32:55.430Z next:jsconfig-paths-plugin moduleName did not match any paths pattern 
next-flight-client-entry-loader
2025-08-31T23:32:55.430Z next:jsconfig-paths-plugin moduleName did not match any paths pattern 
next-flight-client-entry-loader
2025-08-31T23:32:55.430Z next:jsconfig-paths-plugin moduleName did not match any paths pattern 
next-flight-client-entry-loader
2025-08-31T23:32:55.430Z next:jsconfig-paths-plugin moduleName did not match any paths pattern 
next-flight-client-entry-loader
2025-08-31T23:32:55.430Z next:jsconfig-paths-plugin moduleName did not match any paths pattern 
next-flight-client-entry-loader
2025-08-31T23:32:55.430Z next:jsconfig-paths-plugin moduleName did not match any paths pattern 
next-flight-client-entry-loader
2025-08-31T23:32:55.430Z next:jsconfig-paths-plugin moduleName did not match any paths pattern 
next-flight-client-entry-loader
2025-08-31T23:32:55.430Z next:jsconfig-paths-plugin moduleName did not match any paths pattern 
next-flight-client-entry-loader
2025-08-31T23:32:55.430Z next:jsconfig-paths-plugin moduleName did not match any paths pattern 
next-flight-client-entry-loader
2025-08-31T23:32:55.430Z next:jsconfig-paths-plugin moduleName did not match any paths pattern 
next-flight-client-entry-loader
2025-08-31T23:32:55.430Z next:jsconfig-paths-plugin moduleName did not match any paths pattern 
next-flight-client-entry-loader
2025-08-31T23:32:55.430Z next:jsconfig-paths-plugin moduleName did not match any paths pattern 
next-flight-client-entry-loader
2025-08-31T23:32:55.430Z next:jsconfig-paths-plugin moduleName did not match any paths pattern 
next-flight-client-entry-loader
2025-08-31T23:32:55.431Z next:jsconfig-paths-plugin moduleName did not match any paths pattern 
next-flight-client-entry-loader
2025-08-31T23:32:55.431Z next:jsconfig-paths-plugin moduleName did not match any paths pattern 
next-flight-client-entry-loader
2025-08-31T23:32:55.431Z next:jsconfig-paths-plugin moduleName did not match any paths pattern 
next-flight-client-entry-loader
2025-08-31T23:32:55.431Z next:jsconfig-paths-plugin moduleName did not match any paths pattern 
next-flight-client-entry-loader
2025-08-31T23:32:55.431Z next:jsconfig-paths-plugin moduleName did not match any paths pattern 
next-flight-client-entry-loader
2025-08-31T23:32:55.431Z next:jsconfig-paths-plugin moduleName did not match any paths pattern 
next-flight-client-entry-loader
2025-08-31T23:32:55.431Z next:jsconfig-paths-plugin moduleName did not match any paths pattern 
next-flight-client-entry-loader
2025-08-31T23:32:55.431Z next:jsconfig-paths-plugin moduleName did not match any paths pattern 
next-flight-client-entry-loader
2025-08-31T23:32:55.431Z next:jsconfig-paths-plugin moduleName did not match any paths pattern 
next-flight-client-entry-loader
2025-08-31T23:32:55.431Z next:jsconfig-paths-plugin moduleName did not match any paths pattern 
next-flight-client-entry-loader
2025-08-31T23:32:55.431Z next:jsconfig-paths-plugin moduleName did not match any paths pattern 
next-flight-client-entry-loader
2025-08-31T23:32:55.431Z next:jsconfig-paths-plugin moduleName did not match any paths pattern 
next-flight-client-entry-loader
2025-08-31T23:32:55.431Z next:jsconfig-paths-plugin moduleName did not match any paths pattern 
next-flight-client-entry-loader
2025-08-31T23:32:55.431Z next:jsconfig-paths-plugin moduleName did not match any paths pattern 
next-flight-client-entry-loader
2025-08-31T23:32:55.431Z next:jsconfig-paths-plugin moduleName did not match any paths pattern 
next-flight-client-entry-loader
2025-08-31T23:32:55.432Z next:jsconfig-paths-plugin moduleName did not match any paths pattern 
next-flight-client-entry-loader
2025-08-31T23:32:55.447Z next:jsconfig-paths-plugin moduleName did not match any paths pattern 
next-flight-client-entry-loader
2025-08-31T23:32:55.447Z next:jsconfig-paths-plugin moduleName did not match any paths pattern 
next-flight-client-entry-loader
2025-08-31T23:32:55.447Z next:jsconfig-paths-plugin moduleName did not match any paths pattern 
next-flight-client-entry-loader
2025-08-31T23:32:55.447Z next:jsconfig-paths-plugin moduleName did not match any paths pattern 
next-flight-client-entry-loader
2025-08-31T23:32:55.447Z next:jsconfig-paths-plugin moduleName did not match any paths pattern 
next-flight-client-entry-loader
2025-08-31T23:32:55.447Z next:jsconfig-paths-plugin moduleName did not match any paths pattern 
next-flight-client-entry-loader
2025-08-31T23:32:55.448Z next:jsconfig-paths-plugin moduleName did not match any paths pattern 
next-flight-client-entry-loader
2025-08-31T23:32:55.448Z next:jsconfig-paths-plugin moduleName did not match any paths pattern 
next-flight-client-entry-loader
2025-08-31T23:32:55.448Z next:jsconfig-paths-plugin moduleName did not match any paths pattern 
next-flight-client-entry-loader
2025-08-31T23:32:55.448Z next:jsconfig-paths-plugin moduleName did not match any paths pattern 
next-flight-client-entry-loader
2025-08-31T23:32:55.448Z next:jsconfig-paths-plugin moduleName did not match any paths pattern 
next-flight-client-entry-loader
2025-08-31T23:32:55.448Z next:jsconfig-paths-plugin moduleName did not match any paths pattern 
next-flight-client-entry-loader
2025-08-31T23:32:55.448Z next:jsconfig-paths-plugin moduleName did not match any paths pattern 
next-flight-client-entry-loader
2025-08-31T23:32:55.448Z next:jsconfig-paths-plugin moduleName did not match any paths pattern 
next-flight-client-entry-loader
2025-08-31T23:32:55.448Z next:jsconfig-paths-plugin moduleName did not match any paths pattern 
next-flight-client-entry-loader
2025-08-31T23:32:55.448Z next:jsconfig-paths-plugin moduleName did not match any paths pattern 
next-flight-client-entry-loader
2025-08-31T23:32:55.448Z next:jsconfig-paths-plugin moduleName did not match any paths pattern 
next-flight-client-entry-loader
2025-08-31T23:32:55.448Z next:jsconfig-paths-plugin moduleName did not match any paths pattern 
next-flight-client-entry-loader
2025-08-31T23:32:55.448Z next:jsconfig-paths-plugin moduleName did not match any paths pattern 
next-flight-client-entry-loader
2025-08-31T23:32:55.448Z next:jsconfig-paths-plugin moduleName did not match any paths pattern 
next-flight-client-entry-loader
2025-08-31T23:32:55.448Z next:jsconfig-paths-plugin moduleName did not match any paths pattern 
next-flight-client-entry-loader
2025-08-31T23:32:55.448Z next:jsconfig-paths-plugin moduleName did not match any paths pattern 
next-flight-client-entry-loader
2025-08-31T23:32:55.448Z next:jsconfig-paths-plugin moduleName did not match any paths pattern 
next-flight-client-entry-loader
2025-08-31T23:32:55.449Z next:jsconfig-paths-plugin moduleName did not match any paths pattern 
next-flight-client-entry-loader
2025-08-31T23:32:55.449Z next:jsconfig-paths-plugin moduleName did not match any paths pattern 
next-flight-client-entry-loader
2025-08-31T23:32:55.449Z next:jsconfig-paths-plugin moduleName did not match any paths pattern 
next-flight-client-entry-loader
2025-08-31T23:32:55.449Z next:jsconfig-paths-plugin moduleName did not match any paths pattern 
next-flight-client-entry-loader
2025-08-31T23:32:55.449Z next:jsconfig-paths-plugin moduleName did not match any paths pattern 
next-flight-client-entry-loader
2025-08-31T23:32:55.449Z next:jsconfig-paths-plugin moduleName did not match any paths pattern 
next-flight-client-entry-loader
2025-08-31T23:32:55.449Z next:jsconfig-paths-plugin moduleName did not match any paths pattern 
next-flight-client-entry-loader
2025-08-31T23:32:55.449Z next:jsconfig-paths-plugin moduleName did not match any paths pattern 
next-flight-client-entry-loader
2025-08-31T23:32:55.449Z next:jsconfig-paths-plugin moduleName did not match any paths pattern 
next-flight-client-entry-loader
2025-08-31T23:32:55.449Z next:jsconfig-paths-plugin moduleName did not match any paths pattern 
next-flight-client-entry-loader
2025-08-31T23:32:55.449Z next:jsconfig-paths-plugin moduleName did not match any paths pattern 
next-flight-client-entry-loader
2025-08-31T23:32:55.449Z next:jsconfig-paths-plugin moduleName did not match any paths pattern 
next-flight-client-entry-loader
2025-08-31T23:32:55.449Z next:jsconfig-paths-plugin moduleName did not match any paths pattern 
next-flight-client-entry-loader
2025-08-31T23:32:55.449Z next:jsconfig-paths-plugin moduleName did not match any paths pattern 
next-flight-client-entry-loader
2025-08-31T23:32:55.450Z next:jsconfig-paths-plugin moduleName did not match any paths pattern 
next-flight-client-entry-loader
2025-08-31T23:32:55.450Z next:jsconfig-paths-plugin moduleName did not match any paths pattern 
next-flight-client-entry-loader
2025-08-31T23:32:55.450Z next:jsconfig-paths-plugin moduleName did not match any paths pattern 
next-flight-client-entry-loader
2025-08-31T23:32:55.450Z next:jsconfig-paths-plugin moduleName did not match any paths pattern 
next-flight-client-entry-loader
2025-08-31T23:32:55.450Z next:jsconfig-paths-plugin moduleName did not match any paths pattern 
next-flight-client-entry-loader
2025-08-31T23:32:55.450Z next:jsconfig-paths-plugin moduleName did not match any paths pattern 
next-flight-client-entry-loader
2025-08-31T23:32:55.450Z next:jsconfig-paths-plugin moduleName did not match any paths pattern 
next-flight-client-entry-loader
2025-08-31T23:32:55.450Z next:jsconfig-paths-plugin moduleName did not match any paths pattern 
next-flight-client-entry-loader
2025-08-31T23:32:55.450Z next:jsconfig-paths-plugin moduleName did not match any paths pattern 
next-flight-client-entry-loader
2025-08-31T23:32:55.450Z next:jsconfig-paths-plugin moduleName did not match any paths pattern 
next-flight-client-entry-loader
2025-08-31T23:32:55.450Z next:jsconfig-paths-plugin moduleName did not match any paths pattern 
next-flight-client-entry-loader
2025-08-31T23:32:55.450Z next:jsconfig-paths-plugin moduleName did not match any paths pattern 
next-flight-client-entry-loader
2025-08-31T23:32:55.450Z next:jsconfig-paths-plugin moduleName did not match any paths pattern 
next-flight-client-entry-loader
2025-08-31T23:32:55.450Z next:jsconfig-paths-plugin moduleName did not match any paths pattern 
next-flight-client-entry-loader
2025-08-31T23:32:55.451Z next:jsconfig-paths-plugin moduleName did not match any paths pattern 
next-flight-client-entry-loader
2025-08-31T23:32:55.451Z next:jsconfig-paths-plugin moduleName did not match any paths pattern 
next-flight-client-entry-loader
2025-08-31T23:32:55.451Z next:jsconfig-paths-plugin moduleName did not match any paths pattern 
next-flight-client-entry-loader
2025-08-31T23:32:55.451Z next:jsconfig-paths-plugin moduleName did not match any paths pattern 
next-flight-client-entry-loader
2025-08-31T23:32:55.451Z next:jsconfig-paths-plugin moduleName did not match any paths pattern 
next-flight-client-entry-loader
2025-08-31T23:32:55.451Z next:jsconfig-paths-plugin moduleName did not match any paths pattern 
next-flight-client-entry-loader
2025-08-31T23:32:55.451Z next:jsconfig-paths-plugin moduleName did not match any paths pattern 
next-flight-client-entry-loader
2025-08-31T23:32:55.451Z next:jsconfig-paths-plugin moduleName did not match any paths pattern 
next-flight-client-entry-loader
2025-08-31T23:32:55.451Z next:jsconfig-paths-plugin moduleName did not match any paths pattern 
next-flight-client-entry-loader
2025-08-31T23:32:55.451Z next:jsconfig-paths-plugin moduleName did not match any paths pattern 
next-flight-client-entry-loader
2025-08-31T23:32:55.451Z next:jsconfig-paths-plugin moduleName did not match any paths pattern 
next-flight-client-entry-loader
2025-08-31T23:32:55.451Z next:jsconfig-paths-plugin moduleName did not match any paths pattern 
next-flight-client-entry-loader
2025-08-31T23:32:55.451Z next:jsconfig-paths-plugin moduleName did not match any paths pattern 
next-flight-client-entry-loader
2025-08-31T23:32:55.452Z next:jsconfig-paths-plugin moduleName did not match any paths pattern 
next-flight-client-entry-loader
2025-08-31T23:32:55.452Z next:jsconfig-paths-plugin moduleName did not match any paths pattern 
next-flight-client-entry-loader
2025-08-31T23:32:55.452Z next:jsconfig-paths-plugin moduleName did not match any paths pattern 
next-flight-client-entry-loader
2025-08-31T23:32:55.452Z next:jsconfig-paths-plugin moduleName did not match any paths pattern 
next-flight-client-entry-loader
2025-08-31T23:32:55.452Z next:jsconfig-paths-plugin moduleName did not match any paths pattern 
next-flight-client-entry-loader
2025-08-31T23:32:55.452Z next:jsconfig-paths-plugin moduleName did not match any paths pattern 
next-flight-client-entry-loader
2025-08-31T23:32:55.452Z next:jsconfig-paths-plugin moduleName did not match any paths pattern 
next-flight-client-entry-loader
2025-08-31T23:32:55.452Z next:jsconfig-paths-plugin moduleName did not match any paths pattern 
next-flight-client-entry-loader
2025-08-31T23:32:55.452Z next:jsconfig-paths-plugin moduleName did not match any paths pattern 
next-flight-client-entry-loader
2025-08-31T23:32:55.452Z next:jsconfig-paths-plugin moduleName did not match any paths pattern 
next-flight-client-entry-loader
2025-08-31T23:32:55.452Z next:jsconfig-paths-plugin moduleName did not match any paths pattern 
next-flight-client-entry-loader
2025-08-31T23:32:55.452Z next:jsconfig-paths-plugin moduleName did not match any paths pattern 
next-flight-client-entry-loader
2025-08-31T23:32:55.452Z next:jsconfig-paths-plugin moduleName did not match any paths pattern 
next-flight-client-entry-loader
2025-08-31T23:32:55.452Z next:jsconfig-paths-plugin moduleName did not match any paths pattern 
next-flight-client-entry-loader
2025-08-31T23:32:55.452Z next:jsconfig-paths-plugin moduleName did not match any paths pattern 
next-flight-client-entry-loader
2025-08-31T23:32:55.452Z next:jsconfig-paths-plugin moduleName did not match any paths pattern 
next-flight-client-entry-loader
2025-08-31T23:32:55.452Z next:jsconfig-paths-plugin moduleName did not match any paths pattern 
next-flight-client-entry-loader
2025-08-31T23:32:55.453Z next:jsconfig-paths-plugin moduleName did not match any paths pattern 
next-flight-client-entry-loader
2025-08-31T23:32:55.453Z next:jsconfig-paths-plugin moduleName did not match any paths pattern 
next-flight-client-entry-loader
2025-08-31T23:32:55.453Z next:jsconfig-paths-plugin moduleName did not match any paths pattern 
next-flight-client-entry-loader
2025-08-31T23:32:55.453Z next:jsconfig-paths-plugin moduleName did not match any paths pattern 
next-flight-client-entry-loader
2025-08-31T23:32:55.453Z next:jsconfig-paths-plugin moduleName did not match any paths pattern 
next-flight-client-entry-loader
2025-08-31T23:32:55.453Z next:jsconfig-paths-plugin moduleName did not match any paths pattern 
next-flight-client-entry-loader
2025-08-31T23:32:55.453Z next:jsconfig-paths-plugin moduleName did not match any paths pattern 
next-flight-client-entry-loader
2025-08-31T23:32:55.453Z next:jsconfig-paths-plugin moduleName did not match any paths pattern 
next-flight-client-entry-loader
2025-08-31T23:32:55.453Z next:jsconfig-paths-plugin moduleName did not match any paths pattern 
next-flight-client-entry-loader
2025-08-31T23:32:55.471Z next:jsconfig-paths-plugin moduleName did not match any paths pattern 
next-flight-client-entry-loader
2025-08-31T23:32:55.472Z next:jsconfig-paths-plugin moduleName did not match any paths pattern 
next-flight-client-entry-loader
2025-08-31T23:32:55.472Z next:jsconfig-paths-plugin moduleName did not match any paths pattern 
next-flight-client-entry-loader
2025-08-31T23:32:55.472Z next:jsconfig-paths-plugin moduleName did not match any paths pattern 
next-flight-client-entry-loader
2025-08-31T23:32:55.472Z next:jsconfig-paths-plugin moduleName did not match any paths pattern 
next-flight-client-entry-loader
2025-08-31T23:32:55.472Z next:jsconfig-paths-plugin moduleName did not match any paths pattern 
next-flight-client-entry-loader
2025-08-31T23:32:55.472Z next:jsconfig-paths-plugin moduleName did not match any paths pattern 
next-flight-client-entry-loader
2025-08-31T23:32:55.472Z next:jsconfig-paths-plugin moduleName did not match any paths pattern 
next-flight-client-entry-loader
2025-08-31T23:32:55.472Z next:jsconfig-paths-plugin moduleName did not match any paths pattern 
next-flight-client-entry-loader
2025-08-31T23:32:55.472Z next:jsconfig-paths-plugin moduleName did not match any paths pattern 
next-flight-client-entry-loader
2025-08-31T23:32:55.472Z next:jsconfig-paths-plugin moduleName did not match any paths pattern 
next-flight-client-entry-loader
2025-08-31T23:32:55.472Z next:jsconfig-paths-plugin moduleName did not match any paths pattern 
next-flight-client-entry-loader
2025-08-31T23:32:55.472Z next:jsconfig-paths-plugin moduleName did not match any paths pattern 
next-flight-client-entry-loader
2025-08-31T23:32:55.473Z next:jsconfig-paths-plugin moduleName did not match any paths pattern 
next-flight-client-entry-loader
2025-08-31T23:32:55.473Z next:jsconfig-paths-plugin moduleName did not match any paths pattern 
next-flight-client-entry-loader
2025-08-31T23:32:55.473Z next:jsconfig-paths-plugin moduleName did not match any paths pattern 
next-flight-client-entry-loader
2025-08-31T23:32:55.473Z next:jsconfig-paths-plugin moduleName did not match any paths pattern 
next-flight-client-entry-loader
2025-08-31T23:32:55.473Z next:jsconfig-paths-plugin moduleName did not match any paths pattern 
next-flight-client-entry-loader
2025-08-31T23:32:55.473Z next:jsconfig-paths-plugin moduleName did not match any paths pattern 
next-flight-client-entry-loader
2025-08-31T23:32:55.473Z next:jsconfig-paths-plugin moduleName did not match any paths pattern 
next-flight-client-entry-loader
2025-08-31T23:32:55.473Z next:jsconfig-paths-plugin moduleName did not match any paths pattern 
next-flight-client-entry-loader
2025-08-31T23:32:55.473Z next:jsconfig-paths-plugin moduleName did not match any paths pattern 
next-flight-client-entry-loader
2025-08-31T23:32:55.473Z next:jsconfig-paths-plugin moduleName did not match any paths pattern 
next-flight-client-entry-loader
2025-08-31T23:32:55.473Z next:jsconfig-paths-plugin moduleName did not match any paths pattern 
next-flight-client-entry-loader
2025-08-31T23:32:55.473Z next:jsconfig-paths-plugin moduleName did not match any paths pattern 
next-flight-client-entry-loader
2025-08-31T23:32:55.473Z next:jsconfig-paths-plugin moduleName did not match any paths pattern 
next-flight-client-entry-loader
2025-08-31T23:32:55.473Z next:jsconfig-paths-plugin moduleName did not match any paths pattern 
next-flight-client-entry-loader
2025-08-31T23:32:55.473Z next:jsconfig-paths-plugin moduleName did not match any paths pattern 
next-flight-client-entry-loader
2025-08-31T23:32:55.474Z next:jsconfig-paths-plugin moduleName did not match any paths pattern 
next-flight-client-entry-loader
2025-08-31T23:32:55.474Z next:jsconfig-paths-plugin moduleName did not match any paths pattern 
next-flight-client-entry-loader
2025-08-31T23:32:55.474Z next:jsconfig-paths-plugin moduleName did not match any paths pattern 
next-flight-client-entry-loader
2025-08-31T23:32:55.474Z next:jsconfig-paths-plugin moduleName did not match any paths pattern 
next-flight-client-entry-loader
2025-08-31T23:32:55.474Z next:jsconfig-paths-plugin moduleName did not match any paths pattern 
next-flight-client-entry-loader
2025-08-31T23:32:55.474Z next:jsconfig-paths-plugin moduleName did not match any paths pattern 
next-flight-client-entry-loader
2025-08-31T23:32:55.474Z next:jsconfig-paths-plugin moduleName did not match any paths pattern 
next-flight-client-entry-loader
2025-08-31T23:32:55.474Z next:jsconfig-paths-plugin moduleName did not match any paths pattern 
next-flight-client-entry-loader
2025-08-31T23:32:55.474Z next:jsconfig-paths-plugin moduleName did not match any paths pattern 
next-flight-client-entry-loader
2025-08-31T23:32:55.474Z next:jsconfig-paths-plugin moduleName did not match any paths pattern 
next-flight-client-entry-loader
2025-08-31T23:32:55.474Z next:jsconfig-paths-plugin moduleName did not match any paths pattern 
next-flight-client-entry-loader
2025-08-31T23:32:55.474Z next:jsconfig-paths-plugin moduleName did not match any paths pattern 
next-flight-client-entry-loader
2025-08-31T23:32:55.474Z next:jsconfig-paths-plugin moduleName did not match any paths pattern 
next-flight-client-entry-loader
2025-08-31T23:32:55.474Z next:jsconfig-paths-plugin moduleName did not match any paths pattern 
next-flight-client-entry-loader
2025-08-31T23:32:55.474Z next:jsconfig-paths-plugin moduleName did not match any paths pattern 
next-flight-client-entry-loader
2025-08-31T23:32:55.474Z next:jsconfig-paths-plugin moduleName did not match any paths pattern 
next-flight-client-entry-loader
2025-08-31T23:32:55.475Z next:jsconfig-paths-plugin moduleName did not match any paths pattern 
next-flight-client-entry-loader
2025-08-31T23:32:55.475Z next:jsconfig-paths-plugin moduleName did not match any paths pattern 
next-flight-client-entry-loader
2025-08-31T23:32:55.475Z next:jsconfig-paths-plugin moduleName did not match any paths pattern 
next-flight-client-entry-loader
2025-08-31T23:32:55.475Z next:jsconfig-paths-plugin moduleName did not match any paths pattern 
next-flight-client-entry-loader
2025-08-31T23:32:55.475Z next:jsconfig-paths-plugin moduleName did not match any paths pattern 
next-flight-client-entry-loader
2025-08-31T23:32:55.475Z next:jsconfig-paths-plugin moduleName did not match any paths pattern 
next-flight-client-entry-loader
2025-08-31T23:32:55.475Z next:jsconfig-paths-plugin moduleName did not match any paths pattern 
next-flight-client-entry-loader
2025-08-31T23:32:55.475Z next:jsconfig-paths-plugin moduleName did not match any paths pattern 
next-flight-client-entry-loader
2025-08-31T23:32:55.475Z next:jsconfig-paths-plugin moduleName did not match any paths pattern 
next-flight-client-entry-loader
2025-08-31T23:32:55.475Z next:jsconfig-paths-plugin moduleName did not match any paths pattern 
next-flight-client-entry-loader
2025-08-31T23:32:55.475Z next:jsconfig-paths-plugin moduleName did not match any paths pattern 
next-flight-client-entry-loader
2025-08-31T23:32:55.475Z next:jsconfig-paths-plugin moduleName did not match any paths pattern 
next-flight-client-entry-loader
2025-08-31T23:32:55.475Z next:jsconfig-paths-plugin moduleName did not match any paths pattern 
next-flight-client-entry-loader
2025-08-31T23:32:55.475Z next:jsconfig-paths-plugin moduleName did not match any paths pattern 
next-flight-client-entry-loader
2025-08-31T23:32:55.475Z next:jsconfig-paths-plugin moduleName did not match any paths pattern 
next-flight-client-entry-loader
2025-08-31T23:32:55.475Z next:jsconfig-paths-plugin moduleName did not match any paths pattern 
next-flight-client-entry-loader
2025-08-31T23:32:55.476Z next:jsconfig-paths-plugin moduleName did not match any paths pattern 
next-flight-client-entry-loader
2025-08-31T23:32:55.476Z next:jsconfig-paths-plugin moduleName did not match any paths pattern 
next-flight-client-entry-loader
2025-08-31T23:32:55.476Z next:jsconfig-paths-plugin moduleName did not match any paths pattern 
next-flight-client-entry-loader
2025-08-31T23:32:55.476Z next:jsconfig-paths-plugin moduleName did not match any paths pattern 
next-flight-client-entry-loader
2025-08-31T23:32:55.476Z next:jsconfig-paths-plugin moduleName did not match any paths pattern 
next-flight-client-entry-loader
2025-08-31T23:32:55.476Z next:jsconfig-paths-plugin moduleName did not match any paths pattern 
next-flight-client-entry-loader
2025-08-31T23:32:55.476Z next:jsconfig-paths-plugin moduleName did not match any paths pattern 
next-flight-client-entry-loader
2025-08-31T23:32:55.476Z next:jsconfig-paths-plugin moduleName did not match any paths pattern 
next-flight-client-entry-loader
2025-08-31T23:32:55.476Z next:jsconfig-paths-plugin moduleName did not match any paths pattern 
next-flight-client-entry-loader
2025-08-31T23:32:55.476Z next:jsconfig-paths-plugin moduleName did not match any paths pattern 
next-flight-client-entry-loader
2025-08-31T23:32:55.476Z next:jsconfig-paths-plugin moduleName did not match any paths pattern 
next-flight-client-entry-loader
2025-08-31T23:32:55.476Z next:jsconfig-paths-plugin moduleName did not match any paths pattern 
next-flight-client-entry-loader
2025-08-31T23:32:55.476Z next:jsconfig-paths-plugin moduleName did not match any paths pattern 
next-flight-client-entry-loader
2025-08-31T23:32:55.476Z next:jsconfig-paths-plugin moduleName did not match any paths pattern 
next-flight-client-entry-loader
2025-08-31T23:32:55.476Z next:jsconfig-paths-plugin moduleName did not match any paths pattern 
next-flight-client-entry-loader
2025-08-31T23:32:55.477Z next:jsconfig-paths-plugin moduleName did not match any paths pattern 
next-flight-client-entry-loader
2025-08-31T23:32:55.477Z next:jsconfig-paths-plugin moduleName did not match any paths pattern 
next-flight-client-entry-loader
2025-08-31T23:32:55.477Z next:jsconfig-paths-plugin moduleName did not match any paths pattern 
next-flight-client-entry-loader
2025-08-31T23:32:55.477Z next:jsconfig-paths-plugin moduleName did not match any paths pattern 
next-flight-client-entry-loader
2025-08-31T23:32:55.477Z next:jsconfig-paths-plugin moduleName did not match any paths pattern 
next-flight-client-entry-loader
2025-08-31T23:32:55.477Z next:jsconfig-paths-plugin moduleName did not match any paths pattern 
next-flight-client-entry-loader
2025-08-31T23:32:55.477Z next:jsconfig-paths-plugin moduleName did not match any paths pattern 
next-flight-client-entry-loader
2025-08-31T23:32:55.477Z next:jsconfig-paths-plugin moduleName did not match any paths pattern 
next-flight-client-entry-loader
2025-08-31T23:32:55.477Z next:jsconfig-paths-plugin moduleName did not match any paths pattern 
next-flight-client-entry-loader
2025-08-31T23:32:55.477Z next:jsconfig-paths-plugin moduleName did not match any paths pattern 
next-flight-client-entry-loader
2025-08-31T23:32:55.477Z next:jsconfig-paths-plugin moduleName did not match any paths pattern 
next-flight-client-entry-loader
2025-08-31T23:32:55.477Z next:jsconfig-paths-plugin moduleName did not match any paths pattern 
next-flight-client-entry-loader
2025-08-31T23:32:55.477Z next:jsconfig-paths-plugin moduleName did not match any paths pattern 
next-flight-client-entry-loader
2025-08-31T23:32:55.477Z next:jsconfig-paths-plugin moduleName did not match any paths pattern 
next-flight-client-entry-loader
2025-08-31T23:32:55.477Z next:jsconfig-paths-plugin moduleName did not match any paths pattern 
next-flight-client-entry-loader
2025-08-31T23:32:55.502Z next:jsconfig-paths-plugin moduleName did not match any paths pattern 
next-flight-client-entry-loader
2025-08-31T23:32:55.502Z next:jsconfig-paths-plugin moduleName did not match any paths pattern 
next-flight-client-entry-loader
2025-08-31T23:32:55.502Z next:jsconfig-paths-plugin moduleName did not match any paths pattern 
next-flight-client-entry-loader
2025-08-31T23:32:55.502Z next:jsconfig-paths-plugin moduleName did not match any paths pattern 
next-flight-client-entry-loader
2025-08-31T23:32:55.502Z next:jsconfig-paths-plugin moduleName did not match any paths pattern 
next-flight-client-entry-loader
2025-08-31T23:32:55.503Z next:jsconfig-paths-plugin moduleName did not match any paths pattern 
next-flight-client-entry-loader
2025-08-31T23:32:55.503Z next:jsconfig-paths-plugin moduleName did not match any paths pattern 
next-flight-client-entry-loader
2025-08-31T23:32:55.503Z next:jsconfig-paths-plugin moduleName did not match any paths pattern 
next-flight-client-entry-loader
2025-08-31T23:32:55.503Z next:jsconfig-paths-plugin moduleName did not match any paths pattern 
next-flight-client-entry-loader
2025-08-31T23:32:55.503Z next:jsconfig-paths-plugin moduleName did not match any paths pattern 
next-flight-client-entry-loader
2025-08-31T23:32:55.503Z next:jsconfig-paths-plugin moduleName did not match any paths pattern 
next-flight-client-entry-loader
2025-08-31T23:32:55.503Z next:jsconfig-paths-plugin moduleName did not match any paths pattern 
next-flight-client-entry-loader
2025-08-31T23:32:55.503Z next:jsconfig-paths-plugin moduleName did not match any paths pattern 
next-flight-client-entry-loader
2025-08-31T23:32:55.503Z next:jsconfig-paths-plugin moduleName did not match any paths pattern 
next-flight-client-entry-loader
2025-08-31T23:32:55.503Z next:jsconfig-paths-plugin moduleName did not match any paths pattern 
next-flight-client-entry-loader
2025-08-31T23:32:55.503Z next:jsconfig-paths-plugin moduleName did not match any paths pattern 
next-flight-client-entry-loader
2025-08-31T23:32:55.503Z next:jsconfig-paths-plugin moduleName did not match any paths pattern 
next-flight-client-entry-loader
2025-08-31T23:32:55.503Z next:jsconfig-paths-plugin moduleName did not match any paths pattern 
next-flight-client-entry-loader
2025-08-31T23:32:55.503Z next:jsconfig-paths-plugin moduleName did not match any paths pattern 
next-flight-client-entry-loader
2025-08-31T23:32:55.504Z next:jsconfig-paths-plugin moduleName did not match any paths pattern 
next-flight-client-entry-loader
2025-08-31T23:32:55.506Z next:jsconfig-paths-plugin moduleName did not match any paths pattern 
next-flight-client-entry-loader
2025-08-31T23:32:55.507Z next:jsconfig-paths-plugin moduleName did not match any paths pattern 
next-flight-client-entry-loader
2025-08-31T23:32:55.507Z next:jsconfig-paths-plugin moduleName did not match any paths pattern 
next-flight-client-entry-loader
2025-08-31T23:32:55.507Z next:jsconfig-paths-plugin moduleName did not match any paths pattern 
next-flight-client-entry-loader
2025-08-31T23:32:55.507Z next:jsconfig-paths-plugin moduleName did not match any paths pattern 
next-flight-client-entry-loader
2025-08-31T23:32:55.507Z next:jsconfig-paths-plugin moduleName did not match any paths pattern 
next-flight-client-entry-loader
2025-08-31T23:32:55.507Z next:jsconfig-paths-plugin moduleName did not match any paths pattern 
next-flight-client-entry-loader
2025-08-31T23:32:55.507Z next:jsconfig-paths-plugin moduleName did not match any paths pattern 
next-flight-client-entry-loader
2025-08-31T23:32:55.507Z next:jsconfig-paths-plugin moduleName did not match any paths pattern 
next-flight-client-entry-loader
2025-08-31T23:32:55.507Z next:jsconfig-paths-plugin moduleName did not match any paths pattern 
next-flight-client-entry-loader
2025-08-31T23:32:55.507Z next:jsconfig-paths-plugin moduleName did not match any paths pattern 
next-flight-client-entry-loader
2025-08-31T23:32:55.507Z next:jsconfig-paths-plugin moduleName did not match any paths pattern 
next-flight-client-entry-loader
2025-08-31T23:32:55.507Z next:jsconfig-paths-plugin moduleName did not match any paths pattern 
next-flight-client-entry-loader
2025-08-31T23:32:55.507Z next:jsconfig-paths-plugin moduleName did not match any paths pattern 
next-flight-client-entry-loader
2025-08-31T23:32:55.507Z next:jsconfig-paths-plugin moduleName did not match any paths pattern 
next-flight-client-entry-loader
2025-08-31T23:32:55.507Z next:jsconfig-paths-plugin moduleName did not match any paths pattern 
next-flight-client-entry-loader
2025-08-31T23:32:55.507Z next:jsconfig-paths-plugin moduleName did not match any paths pattern 
next-flight-client-entry-loader
2025-08-31T23:32:55.507Z next:jsconfig-paths-plugin moduleName did not match any paths pattern 
next-flight-client-entry-loader
2025-08-31T23:32:55.508Z next:jsconfig-paths-plugin moduleName did not match any paths pattern 
next-flight-client-entry-loader
2025-08-31T23:32:55.508Z next:jsconfig-paths-plugin moduleName did not match any paths pattern 
next-flight-client-entry-loader
2025-08-31T23:32:55.516Z next:jsconfig-paths-plugin moduleName did not match any paths pattern 
next-flight-client-entry-loader
2025-08-31T23:32:55.517Z next:jsconfig-paths-plugin moduleName did not match any paths pattern 
next-flight-client-entry-loader
2025-08-31T23:32:55.517Z next:jsconfig-paths-plugin moduleName did not match any paths pattern 
next-flight-client-entry-loader
2025-08-31T23:32:55.517Z next:jsconfig-paths-plugin moduleName did not match any paths pattern 
next-flight-client-entry-loader
2025-08-31T23:32:55.517Z next:jsconfig-paths-plugin moduleName did not match any paths pattern 
next-flight-client-entry-loader
2025-08-31T23:32:55.517Z next:jsconfig-paths-plugin moduleName did not match any paths pattern 
next-flight-client-entry-loader
2025-08-31T23:32:55.517Z next:jsconfig-paths-plugin moduleName did not match any paths pattern 
next-flight-client-entry-loader
2025-08-31T23:32:55.517Z next:jsconfig-paths-plugin moduleName did not match any paths pattern 
next-flight-client-entry-loader
2025-08-31T23:32:55.517Z next:jsconfig-paths-plugin moduleName did not match any paths pattern 
next-flight-client-entry-loader
2025-08-31T23:32:55.517Z next:jsconfig-paths-plugin moduleName did not match any paths pattern 
next-flight-client-entry-loader
2025-08-31T23:32:55.517Z next:jsconfig-paths-plugin moduleName did not match any paths pattern 
next-flight-client-entry-loader
2025-08-31T23:32:55.517Z next:jsconfig-paths-plugin moduleName did not match any paths pattern 
next-flight-client-entry-loader
2025-08-31T23:32:55.518Z next:jsconfig-paths-plugin moduleName did not match any paths pattern 
next-flight-client-entry-loader
2025-08-31T23:32:55.518Z next:jsconfig-paths-plugin moduleName did not match any paths pattern 
next-flight-client-entry-loader
2025-08-31T23:32:55.518Z next:jsconfig-paths-plugin moduleName did not match any paths pattern 
next-flight-client-entry-loader
2025-08-31T23:32:55.518Z next:jsconfig-paths-plugin moduleName did not match any paths pattern 
next-flight-client-entry-loader
2025-08-31T23:32:55.518Z next:jsconfig-paths-plugin moduleName did not match any paths pattern 
next-flight-client-entry-loader
2025-08-31T23:32:55.518Z next:jsconfig-paths-plugin moduleName did not match any paths pattern 
next-flight-client-entry-loader
2025-08-31T23:32:55.518Z next:jsconfig-paths-plugin moduleName did not match any paths pattern 
next-flight-client-entry-loader
2025-08-31T23:32:55.518Z next:jsconfig-paths-plugin moduleName did not match any paths pattern 
next-flight-client-entry-loader
2025-08-31T23:32:55.519Z next:jsconfig-paths-plugin moduleName did not match any paths pattern 
next-flight-client-entry-loader
2025-08-31T23:32:55.519Z next:jsconfig-paths-plugin moduleName did not match any paths pattern 
next-flight-client-entry-loader
2025-08-31T23:32:55.519Z next:jsconfig-paths-plugin moduleName did not match any paths pattern 
next-flight-client-entry-loader
2025-08-31T23:32:55.519Z next:jsconfig-paths-plugin moduleName did not match any paths pattern 
next-flight-client-entry-loader
2025-08-31T23:32:55.519Z next:jsconfig-paths-plugin moduleName did not match any paths pattern 
next-flight-client-entry-loader
2025-08-31T23:32:55.519Z next:jsconfig-paths-plugin moduleName did not match any paths pattern 
next-flight-client-entry-loader
2025-08-31T23:32:55.519Z next:jsconfig-paths-plugin moduleName did not match any paths pattern 
next-flight-client-entry-loader
2025-08-31T23:32:55.519Z next:jsconfig-paths-plugin moduleName did not match any paths pattern 
next-flight-client-entry-loader
2025-08-31T23:32:55.519Z next:jsconfig-paths-plugin moduleName did not match any paths pattern 
next-flight-client-entry-loader
2025-08-31T23:32:55.519Z next:jsconfig-paths-plugin moduleName did not match any paths pattern 
next-flight-client-entry-loader
2025-08-31T23:32:55.519Z next:jsconfig-paths-plugin moduleName did not match any paths pattern 
next-flight-client-entry-loader
2025-08-31T23:32:55.520Z next:jsconfig-paths-plugin moduleName did not match any paths pattern 
next-flight-client-entry-loader
2025-08-31T23:32:55.520Z next:jsconfig-paths-plugin moduleName did not match any paths pattern 
next-flight-client-entry-loader
2025-08-31T23:32:55.520Z next:jsconfig-paths-plugin moduleName did not match any paths pattern 
next-flight-client-entry-loader
2025-08-31T23:32:55.520Z next:jsconfig-paths-plugin moduleName did not match any paths pattern 
next-flight-client-entry-loader
2025-08-31T23:32:55.520Z next:jsconfig-paths-plugin moduleName did not match any paths pattern 
next-flight-client-entry-loader
2025-08-31T23:32:55.520Z next:jsconfig-paths-plugin moduleName did not match any paths pattern 
next-flight-client-entry-loader
2025-08-31T23:32:55.520Z next:jsconfig-paths-plugin moduleName did not match any paths pattern 
next-flight-client-entry-loader
2025-08-31T23:32:55.520Z next:jsconfig-paths-plugin moduleName did not match any paths pattern 
next-flight-client-entry-loader
2025-08-31T23:32:55.520Z next:jsconfig-paths-plugin moduleName did not match any paths pattern 
next-flight-client-entry-loader
2025-08-31T23:32:55.520Z next:jsconfig-paths-plugin moduleName did not match any paths pattern 
next-flight-client-entry-loader
2025-08-31T23:32:55.520Z next:jsconfig-paths-plugin moduleName did not match any paths pattern 
next-flight-client-entry-loader
2025-08-31T23:32:55.520Z next:jsconfig-paths-plugin moduleName did not match any paths pattern 
next-flight-client-entry-loader
2025-08-31T23:32:55.520Z next:jsconfig-paths-plugin moduleName did not match any paths pattern 
next-flight-client-entry-loader
2025-08-31T23:32:55.520Z next:jsconfig-paths-plugin moduleName did not match any paths pattern 
next-flight-client-entry-loader
2025-08-31T23:32:55.521Z next:jsconfig-paths-plugin moduleName did not match any paths pattern 
next-flight-client-entry-loader
2025-08-31T23:32:55.521Z next:jsconfig-paths-plugin moduleName did not match any paths pattern 
next-flight-client-entry-loader
2025-08-31T23:32:55.521Z next:jsconfig-paths-plugin moduleName did not match any paths pattern 
next-flight-client-entry-loader
2025-08-31T23:32:55.521Z next:jsconfig-paths-plugin moduleName did not match any paths pattern 
next-flight-client-entry-loader
2025-08-31T23:32:55.521Z next:jsconfig-paths-plugin moduleName did not match any paths pattern 
next-flight-client-entry-loader
2025-08-31T23:32:55.521Z next:jsconfig-paths-plugin moduleName did not match any paths pattern 
next-flight-client-entry-loader
2025-08-31T23:32:55.521Z next:jsconfig-paths-plugin moduleName did not match any paths pattern 
next-flight-client-entry-loader
2025-08-31T23:32:55.521Z next:jsconfig-paths-plugin moduleName did not match any paths pattern 
next-flight-client-entry-loader
2025-08-31T23:32:55.521Z next:jsconfig-paths-plugin moduleName did not match any paths pattern 
next-flight-client-entry-loader
2025-08-31T23:32:55.521Z next:jsconfig-paths-plugin moduleName did not match any paths pattern 
next-flight-client-entry-loader
2025-08-31T23:32:55.521Z next:jsconfig-paths-plugin moduleName did not match any paths pattern 
next-flight-client-entry-loader
2025-08-31T23:32:55.521Z next:jsconfig-paths-plugin moduleName did not match any paths pattern 
next-flight-client-entry-loader
2025-08-31T23:32:55.521Z next:jsconfig-paths-plugin moduleName did not match any paths pattern 
next-flight-client-entry-loader
2025-08-31T23:32:55.521Z next:jsconfig-paths-plugin moduleName did not match any paths pattern 
next-flight-client-entry-loader
2025-08-31T23:32:55.521Z next:jsconfig-paths-plugin moduleName did not match any paths pattern 
next-flight-client-entry-loader
2025-08-31T23:32:55.534Z next:jsconfig-paths-plugin moduleName did not match any paths pattern 
next-flight-client-entry-loader
2025-08-31T23:32:55.534Z next:jsconfig-paths-plugin moduleName did not match any paths pattern 
next-flight-client-entry-loader
2025-08-31T23:32:55.534Z next:jsconfig-paths-plugin moduleName did not match any paths pattern 
next-flight-client-entry-loader
2025-08-31T23:32:55.534Z next:jsconfig-paths-plugin moduleName did not match any paths pattern 
next-flight-client-entry-loader
2025-08-31T23:32:55.534Z next:jsconfig-paths-plugin moduleName did not match any paths pattern 
next-flight-client-entry-loader
2025-08-31T23:32:55.534Z next:jsconfig-paths-plugin moduleName did not match any paths pattern 
next-flight-client-entry-loader
2025-08-31T23:32:55.534Z next:jsconfig-paths-plugin moduleName did not match any paths pattern 
next-flight-client-entry-loader
2025-08-31T23:32:55.534Z next:jsconfig-paths-plugin moduleName did not match any paths pattern 
next-flight-client-entry-loader
2025-08-31T23:32:55.535Z next:jsconfig-paths-plugin moduleName did not match any paths pattern 
next-flight-client-entry-loader
2025-08-31T23:32:55.535Z next:jsconfig-paths-plugin moduleName did not match any paths pattern 
next-flight-client-entry-loader
2025-08-31T23:32:55.535Z next:jsconfig-paths-plugin moduleName did not match any paths pattern 
next-flight-client-entry-loader
2025-08-31T23:32:55.535Z next:jsconfig-paths-plugin moduleName did not match any paths pattern 
next-flight-client-entry-loader
2025-08-31T23:32:55.535Z next:jsconfig-paths-plugin moduleName did not match any paths pattern 
next-flight-client-entry-loader
2025-08-31T23:32:55.535Z next:jsconfig-paths-plugin moduleName did not match any paths pattern 
next-flight-client-entry-loader
2025-08-31T23:32:55.535Z next:jsconfig-paths-plugin moduleName did not match any paths pattern 
next-flight-client-entry-loader
2025-08-31T23:32:55.535Z next:jsconfig-paths-plugin moduleName did not match any paths pattern 
next-flight-client-entry-loader
2025-08-31T23:32:55.535Z next:jsconfig-paths-plugin moduleName did not match any paths pattern 
next-flight-client-entry-loader
2025-08-31T23:32:55.535Z next:jsconfig-paths-plugin moduleName did not match any paths pattern 
next-flight-client-entry-loader
2025-08-31T23:32:55.535Z next:jsconfig-paths-plugin moduleName did not match any paths pattern 
next-flight-client-entry-loader
2025-08-31T23:32:55.535Z next:jsconfig-paths-plugin moduleName did not match any paths pattern 
next-flight-client-entry-loader
2025-08-31T23:32:55.535Z next:jsconfig-paths-plugin moduleName did not match any paths pattern 
next-flight-client-entry-loader
2025-08-31T23:32:55.535Z next:jsconfig-paths-plugin moduleName did not match any paths pattern 
next-flight-client-entry-loader
2025-08-31T23:32:55.535Z next:jsconfig-paths-plugin moduleName did not match any paths pattern 
next-flight-client-entry-loader
2025-08-31T23:32:55.536Z next:jsconfig-paths-plugin moduleName did not match any paths pattern 
next-flight-client-entry-loader
2025-08-31T23:32:55.536Z next:jsconfig-paths-plugin moduleName did not match any paths pattern 
next-flight-client-entry-loader
2025-08-31T23:32:55.536Z next:jsconfig-paths-plugin moduleName did not match any paths pattern 
next-flight-client-entry-loader
2025-08-31T23:32:55.536Z next:jsconfig-paths-plugin moduleName did not match any paths pattern 
next-flight-client-entry-loader
2025-08-31T23:32:55.536Z next:jsconfig-paths-plugin moduleName did not match any paths pattern 
next-flight-client-entry-loader
2025-08-31T23:32:55.536Z next:jsconfig-paths-plugin moduleName did not match any paths pattern 
next-flight-client-entry-loader
2025-08-31T23:32:55.536Z next:jsconfig-paths-plugin moduleName did not match any paths pattern 
next-flight-client-entry-loader
2025-08-31T23:32:55.536Z next:jsconfig-paths-plugin moduleName did not match any paths pattern 
next-flight-client-entry-loader
2025-08-31T23:32:55.536Z next:jsconfig-paths-plugin moduleName did not match any paths pattern 
next-flight-client-entry-loader
2025-08-31T23:32:55.536Z next:jsconfig-paths-plugin moduleName did not match any paths pattern 
next-flight-client-entry-loader
2025-08-31T23:32:55.536Z next:jsconfig-paths-plugin moduleName did not match any paths pattern 
next-flight-client-entry-loader
2025-08-31T23:32:55.536Z next:jsconfig-paths-plugin moduleName did not match any paths pattern 
next-flight-client-entry-loader
2025-08-31T23:32:55.536Z next:jsconfig-paths-plugin moduleName did not match any paths pattern 
next-flight-client-entry-loader
2025-08-31T23:32:55.536Z next:jsconfig-paths-plugin moduleName did not match any paths pattern 
next-flight-client-entry-loader
2025-08-31T23:32:55.536Z next:jsconfig-paths-plugin moduleName did not match any paths pattern 
next-flight-client-entry-loader
2025-08-31T23:32:55.537Z next:jsconfig-paths-plugin moduleName did not match any paths pattern 
next-flight-client-entry-loader
2025-08-31T23:32:55.537Z next:jsconfig-paths-plugin moduleName did not match any paths pattern 
next-flight-client-entry-loader
2025-08-31T23:32:55.537Z next:jsconfig-paths-plugin moduleName did not match any paths pattern 
next-flight-client-entry-loader
2025-08-31T23:32:55.537Z next:jsconfig-paths-plugin moduleName did not match any paths pattern 
next-flight-client-entry-loader
2025-08-31T23:32:55.537Z next:jsconfig-paths-plugin moduleName did not match any paths pattern 
next-flight-client-entry-loader
2025-08-31T23:32:55.537Z next:jsconfig-paths-plugin moduleName did not match any paths pattern 
next-flight-client-entry-loader
2025-08-31T23:32:55.537Z next:jsconfig-paths-plugin moduleName did not match any paths pattern 
next-flight-client-entry-loader
2025-08-31T23:32:55.537Z next:jsconfig-paths-plugin moduleName did not match any paths pattern 
next-flight-client-entry-loader
2025-08-31T23:32:55.537Z next:jsconfig-paths-plugin moduleName did not match any paths pattern 
next-flight-client-entry-loader
2025-08-31T23:32:55.537Z next:jsconfig-paths-plugin moduleName did not match any paths pattern 
next-flight-client-entry-loader
2025-08-31T23:32:55.537Z next:jsconfig-paths-plugin moduleName did not match any paths pattern 
next-flight-client-entry-loader
2025-08-31T23:32:55.537Z next:jsconfig-paths-plugin moduleName did not match any paths pattern 
next-flight-client-entry-loader
2025-08-31T23:32:55.537Z next:jsconfig-paths-plugin moduleName did not match any paths pattern 
next-flight-client-entry-loader
2025-08-31T23:32:55.537Z next:jsconfig-paths-plugin moduleName did not match any paths pattern 
next-flight-client-entry-loader
2025-08-31T23:32:55.537Z next:jsconfig-paths-plugin moduleName did not match any paths pattern 
next-flight-client-entry-loader
2025-08-31T23:32:55.537Z next:jsconfig-paths-plugin moduleName did not match any paths pattern 
next-flight-client-entry-loader
2025-08-31T23:32:55.538Z next:jsconfig-paths-plugin moduleName did not match any paths pattern 
next-flight-client-entry-loader
2025-08-31T23:32:55.538Z next:jsconfig-paths-plugin moduleName did not match any paths pattern 
next-flight-client-entry-loader
2025-08-31T23:32:55.538Z next:jsconfig-paths-plugin moduleName did not match any paths pattern 
next-flight-client-entry-loader
2025-08-31T23:32:55.538Z next:jsconfig-paths-plugin moduleName did not match any paths pattern 
next-flight-client-entry-loader
2025-08-31T23:32:55.538Z next:jsconfig-paths-plugin moduleName did not match any paths pattern 
next-flight-client-entry-loader
2025-08-31T23:32:55.538Z next:jsconfig-paths-plugin moduleName did not match any paths pattern 
next-flight-client-entry-loader
2025-08-31T23:32:55.552Z next:jsconfig-paths-plugin moduleName did not match any paths pattern 
next-flight-client-entry-loader
2025-08-31T23:32:55.552Z next:jsconfig-paths-plugin moduleName did not match any paths pattern 
next-flight-client-entry-loader
2025-08-31T23:32:55.552Z next:jsconfig-paths-plugin moduleName did not match any paths pattern 
next-flight-client-entry-loader
2025-08-31T23:32:55.552Z next:jsconfig-paths-plugin moduleName did not match any paths pattern 
next-flight-client-entry-loader
2025-08-31T23:32:55.552Z next:jsconfig-paths-plugin moduleName did not match any paths pattern 
next-flight-client-entry-loader
2025-08-31T23:32:55.552Z next:jsconfig-paths-plugin moduleName did not match any paths pattern 
next-flight-client-entry-loader
2025-08-31T23:32:55.552Z next:jsconfig-paths-plugin moduleName did not match any paths pattern 
next-flight-client-entry-loader
2025-08-31T23:32:55.552Z next:jsconfig-paths-plugin moduleName did not match any paths pattern 
next-flight-client-entry-loader
2025-08-31T23:32:55.552Z next:jsconfig-paths-plugin moduleName did not match any paths pattern 
next-flight-client-entry-loader
2025-08-31T23:32:55.553Z next:jsconfig-paths-plugin moduleName did not match any paths pattern 
next-flight-client-entry-loader
2025-08-31T23:32:55.553Z next:jsconfig-paths-plugin moduleName did not match any paths pattern 
next-flight-client-entry-loader
2025-08-31T23:32:55.553Z next:jsconfig-paths-plugin moduleName did not match any paths pattern 
next-flight-client-entry-loader
2025-08-31T23:32:55.553Z next:jsconfig-paths-plugin moduleName did not match any paths pattern 
next-flight-client-entry-loader
2025-08-31T23:32:55.553Z next:jsconfig-paths-plugin moduleName did not match any paths pattern 
next-flight-client-entry-loader
2025-08-31T23:32:55.553Z next:jsconfig-paths-plugin moduleName did not match any paths pattern 
next-flight-client-entry-loader
2025-08-31T23:32:55.553Z next:jsconfig-paths-plugin moduleName did not match any paths pattern 
next-flight-client-entry-loader
2025-08-31T23:32:55.553Z next:jsconfig-paths-plugin moduleName did not match any paths pattern 
next-flight-client-entry-loader
2025-08-31T23:32:55.553Z next:jsconfig-paths-plugin moduleName did not match any paths pattern 
next-flight-client-entry-loader
2025-08-31T23:32:55.553Z next:jsconfig-paths-plugin moduleName did not match any paths pattern 
next-flight-client-entry-loader
2025-08-31T23:32:55.553Z next:jsconfig-paths-plugin moduleName did not match any paths pattern 
next-flight-client-entry-loader
2025-08-31T23:32:55.553Z next:jsconfig-paths-plugin moduleName did not match any paths pattern 
next-flight-client-entry-loader
2025-08-31T23:32:55.553Z next:jsconfig-paths-plugin moduleName did not match any paths pattern 
next-flight-client-entry-loader
2025-08-31T23:32:55.553Z next:jsconfig-paths-plugin moduleName did not match any paths pattern 
next-flight-client-entry-loader
2025-08-31T23:32:55.553Z next:jsconfig-paths-plugin moduleName did not match any paths pattern 
next-flight-client-entry-loader
2025-08-31T23:32:55.553Z next:jsconfig-paths-plugin moduleName did not match any paths pattern 
next-flight-client-entry-loader
2025-08-31T23:32:55.554Z next:jsconfig-paths-plugin moduleName did not match any paths pattern 
next-flight-client-entry-loader
2025-08-31T23:32:55.554Z next:jsconfig-paths-plugin moduleName did not match any paths pattern 
next-flight-client-entry-loader
2025-08-31T23:32:55.554Z next:jsconfig-paths-plugin moduleName did not match any paths pattern 
next-flight-client-entry-loader
2025-08-31T23:32:55.554Z next:jsconfig-paths-plugin moduleName did not match any paths pattern 
next-flight-client-entry-loader
2025-08-31T23:32:55.554Z next:jsconfig-paths-plugin moduleName did not match any paths pattern 
next-flight-client-entry-loader
2025-08-31T23:32:55.554Z next:jsconfig-paths-plugin moduleName did not match any paths pattern 
next-flight-client-entry-loader
2025-08-31T23:32:55.554Z next:jsconfig-paths-plugin moduleName did not match any paths pattern 
next-flight-client-entry-loader
2025-08-31T23:32:55.554Z next:jsconfig-paths-plugin moduleName did not match any paths pattern 
next-flight-client-entry-loader
2025-08-31T23:32:55.554Z next:jsconfig-paths-plugin moduleName did not match any paths pattern 
next-flight-client-entry-loader
2025-08-31T23:32:55.554Z next:jsconfig-paths-plugin moduleName did not match any paths pattern 
next-flight-client-entry-loader
2025-08-31T23:32:55.554Z next:jsconfig-paths-plugin moduleName did not match any paths pattern 
next-flight-client-entry-loader
2025-08-31T23:32:55.554Z next:jsconfig-paths-plugin moduleName did not match any paths pattern 
next-flight-client-entry-loader
2025-08-31T23:32:55.554Z next:jsconfig-paths-plugin moduleName did not match any paths pattern 
next-flight-client-entry-loader
2025-08-31T23:32:55.554Z next:jsconfig-paths-plugin moduleName did not match any paths pattern 
next-flight-client-entry-loader
2025-08-31T23:32:55.554Z next:jsconfig-paths-plugin moduleName did not match any paths pattern 
next-flight-client-entry-loader
2025-08-31T23:32:55.554Z next:jsconfig-paths-plugin moduleName did not match any paths pattern 
next-flight-client-entry-loader
2025-08-31T23:32:55.554Z next:jsconfig-paths-plugin moduleName did not match any paths pattern 
next-flight-client-entry-loader
2025-08-31T23:32:55.554Z next:jsconfig-paths-plugin moduleName did not match any paths pattern 
next-flight-client-entry-loader
2025-08-31T23:32:55.554Z next:jsconfig-paths-plugin moduleName did not match any paths pattern 
next-flight-client-entry-loader
2025-08-31T23:32:55.554Z next:jsconfig-paths-plugin moduleName did not match any paths pattern 
next-flight-client-entry-loader
2025-08-31T23:32:55.554Z next:jsconfig-paths-plugin moduleName did not match any paths pattern 
next-flight-client-entry-loader
2025-08-31T23:32:55.555Z next:jsconfig-paths-plugin moduleName did not match any paths pattern 
next-flight-client-entry-loader
2025-08-31T23:32:55.555Z next:jsconfig-paths-plugin moduleName did not match any paths pattern 
next-flight-client-entry-loader
2025-08-31T23:32:55.555Z next:jsconfig-paths-plugin moduleName did not match any paths pattern 
next-flight-client-entry-loader
2025-08-31T23:32:55.555Z next:jsconfig-paths-plugin moduleName did not match any paths pattern 
next-flight-client-entry-loader
2025-08-31T23:32:55.555Z next:jsconfig-paths-plugin moduleName did not match any paths pattern 
next-flight-client-entry-loader
2025-08-31T23:32:55.555Z next:jsconfig-paths-plugin moduleName did not match any paths pattern 
next-flight-client-entry-loader
2025-08-31T23:32:55.555Z next:jsconfig-paths-plugin moduleName did not match any paths pattern 
next-flight-client-entry-loader
2025-08-31T23:32:55.555Z next:jsconfig-paths-plugin moduleName did not match any paths pattern 
next-flight-client-entry-loader
2025-08-31T23:32:55.555Z next:jsconfig-paths-plugin moduleName did not match any paths pattern 
next-flight-client-entry-loader
2025-08-31T23:32:55.555Z next:jsconfig-paths-plugin moduleName did not match any paths pattern 
next-flight-client-entry-loader
2025-08-31T23:32:55.555Z next:jsconfig-paths-plugin moduleName did not match any paths pattern 
next-flight-client-entry-loader
2025-08-31T23:32:55.555Z next:jsconfig-paths-plugin moduleName did not match any paths pattern 
next-flight-client-entry-loader
2025-08-31T23:32:55.555Z next:jsconfig-paths-plugin moduleName did not match any paths pattern 
next-flight-client-entry-loader
2025-08-31T23:32:55.555Z next:jsconfig-paths-plugin moduleName did not match any paths pattern 
next-flight-client-entry-loader
2025-08-31T23:32:55.555Z next:jsconfig-paths-plugin moduleName did not match any paths pattern 
next-flight-client-entry-loader
2025-08-31T23:32:55.555Z next:jsconfig-paths-plugin moduleName did not match any paths pattern 
next-flight-client-entry-loader
2025-08-31T23:32:55.555Z next:jsconfig-paths-plugin moduleName did not match any paths pattern 
next-flight-client-entry-loader
2025-08-31T23:32:55.555Z next:jsconfig-paths-plugin moduleName did not match any paths pattern 
next-flight-client-entry-loader
2025-08-31T23:32:55.555Z next:jsconfig-paths-plugin moduleName did not match any paths pattern 
next-flight-client-entry-loader
2025-08-31T23:32:55.555Z next:jsconfig-paths-plugin moduleName did not match any paths pattern 
next-flight-client-entry-loader
2025-08-31T23:32:55.555Z next:jsconfig-paths-plugin moduleName did not match any paths pattern 
next-flight-client-entry-loader
2025-08-31T23:32:55.555Z next:jsconfig-paths-plugin moduleName did not match any paths pattern 
next-flight-client-entry-loader
2025-08-31T23:32:55.556Z next:jsconfig-paths-plugin moduleName did not match any paths pattern 
next-flight-client-entry-loader
2025-08-31T23:32:55.556Z next:jsconfig-paths-plugin moduleName did not match any paths pattern 
next-flight-client-entry-loader
2025-08-31T23:32:55.556Z next:jsconfig-paths-plugin moduleName did not match any paths pattern 
next-flight-client-entry-loader
2025-08-31T23:32:55.556Z next:jsconfig-paths-plugin moduleName did not match any paths pattern 
next-flight-client-entry-loader
2025-08-31T23:32:55.556Z next:jsconfig-paths-plugin moduleName did not match any paths pattern 
next-flight-client-entry-loader
2025-08-31T23:32:55.556Z next:jsconfig-paths-plugin moduleName did not match any paths pattern 
next-flight-client-entry-loader
2025-08-31T23:32:55.556Z next:jsconfig-paths-plugin moduleName did not match any paths pattern 
next-flight-client-entry-loader
2025-08-31T23:32:55.556Z next:jsconfig-paths-plugin moduleName did not match any paths pattern 
next-flight-client-entry-loader
2025-08-31T23:32:55.556Z next:jsconfig-paths-plugin moduleName did not match any paths pattern 
next-flight-client-entry-loader
2025-08-31T23:32:55.556Z next:jsconfig-paths-plugin moduleName did not match any paths pattern 
next-flight-client-entry-loader
2025-08-31T23:32:55.556Z next:jsconfig-paths-plugin moduleName did not match any paths pattern 
next-flight-client-entry-loader
2025-08-31T23:32:55.556Z next:jsconfig-paths-plugin moduleName did not match any paths pattern 
next-flight-client-entry-loader
2025-08-31T23:32:55.556Z next:jsconfig-paths-plugin moduleName did not match any paths pattern 
next-flight-client-entry-loader
2025-08-31T23:32:55.556Z next:jsconfig-paths-plugin moduleName did not match any paths pattern 
next-flight-client-entry-loader
2025-08-31T23:32:55.556Z next:jsconfig-paths-plugin moduleName did not match any paths pattern 
next-flight-client-entry-loader
2025-08-31T23:32:55.556Z next:jsconfig-paths-plugin moduleName did not match any paths pattern 
next-flight-client-entry-loader
2025-08-31T23:32:55.557Z next:jsconfig-paths-plugin moduleName did not match any paths pattern 
next-flight-client-entry-loader
2025-08-31T23:32:55.557Z next:jsconfig-paths-plugin moduleName did not match any paths pattern 
next-flight-client-entry-loader
2025-08-31T23:32:55.557Z next:jsconfig-paths-plugin moduleName did not match any paths pattern 
next-flight-client-entry-loader
2025-08-31T23:32:55.557Z next:jsconfig-paths-plugin moduleName did not match any paths pattern 
next-flight-client-entry-loader
2025-08-31T23:32:55.557Z next:jsconfig-paths-plugin moduleName did not match any paths pattern 
next-flight-client-entry-loader
2025-08-31T23:32:55.557Z next:jsconfig-paths-plugin moduleName did not match any paths pattern 
next-flight-client-entry-loader
2025-08-31T23:32:55.572Z next:jsconfig-paths-plugin moduleName did not match any paths pattern 
next-flight-client-entry-loader
2025-08-31T23:32:55.572Z next:jsconfig-paths-plugin moduleName did not match any paths pattern 
next-flight-client-entry-loader
2025-08-31T23:32:55.572Z next:jsconfig-paths-plugin moduleName did not match any paths pattern 
next-flight-client-entry-loader
2025-08-31T23:32:55.572Z next:jsconfig-paths-plugin moduleName did not match any paths pattern 
next-flight-client-entry-loader
2025-08-31T23:32:55.573Z next:jsconfig-paths-plugin moduleName did not match any paths pattern 
next-flight-client-entry-loader
2025-08-31T23:32:55.573Z next:jsconfig-paths-plugin moduleName did not match any paths pattern 
next-flight-client-entry-loader
2025-08-31T23:32:55.573Z next:jsconfig-paths-plugin moduleName did not match any paths pattern 
next-flight-client-entry-loader
2025-08-31T23:32:55.573Z next:jsconfig-paths-plugin moduleName did not match any paths pattern 
next-flight-client-entry-loader
2025-08-31T23:32:55.573Z next:jsconfig-paths-plugin moduleName did not match any paths pattern 
next-flight-client-entry-loader
2025-08-31T23:32:55.573Z next:jsconfig-paths-plugin moduleName did not match any paths pattern 
next-flight-client-entry-loader
2025-08-31T23:32:55.573Z next:jsconfig-paths-plugin moduleName did not match any paths pattern 
next-flight-client-entry-loader
2025-08-31T23:32:55.573Z next:jsconfig-paths-plugin moduleName did not match any paths pattern 
next-flight-client-entry-loader
2025-08-31T23:32:55.573Z next:jsconfig-paths-plugin moduleName did not match any paths pattern 
next-flight-client-entry-loader
2025-08-31T23:32:55.574Z next:jsconfig-paths-plugin moduleName did not match any paths pattern 
next-flight-client-entry-loader
2025-08-31T23:32:55.574Z next:jsconfig-paths-plugin moduleName did not match any paths pattern 
next-flight-client-entry-loader
2025-08-31T23:32:55.574Z next:jsconfig-paths-plugin moduleName did not match any paths pattern 
next-flight-client-entry-loader
2025-08-31T23:32:55.574Z next:jsconfig-paths-plugin moduleName did not match any paths pattern 
next-flight-client-entry-loader
2025-08-31T23:32:55.574Z next:jsconfig-paths-plugin moduleName did not match any paths pattern 
next-flight-client-entry-loader
2025-08-31T23:32:55.574Z next:jsconfig-paths-plugin moduleName did not match any paths pattern 
next-flight-client-entry-loader
2025-08-31T23:32:55.574Z next:jsconfig-paths-plugin moduleName did not match any paths pattern 
next-flight-client-entry-loader
2025-08-31T23:32:55.574Z next:jsconfig-paths-plugin moduleName did not match any paths pattern 
next-flight-client-entry-loader
2025-08-31T23:32:55.574Z next:jsconfig-paths-plugin moduleName did not match any paths pattern 
next-flight-client-entry-loader
2025-08-31T23:32:55.574Z next:jsconfig-paths-plugin moduleName did not match any paths pattern 
next-flight-client-entry-loader
2025-08-31T23:32:55.574Z next:jsconfig-paths-plugin moduleName did not match any paths pattern 
next-flight-client-entry-loader
2025-08-31T23:32:55.574Z next:jsconfig-paths-plugin moduleName did not match any paths pattern 
next-flight-client-entry-loader
2025-08-31T23:32:55.574Z next:jsconfig-paths-plugin moduleName did not match any paths pattern 
next-flight-client-entry-loader
2025-08-31T23:32:55.574Z next:jsconfig-paths-plugin moduleName did not match any paths pattern 
next-flight-client-entry-loader
2025-08-31T23:32:55.574Z next:jsconfig-paths-plugin moduleName did not match any paths pattern 
next-flight-client-entry-loader
2025-08-31T23:32:55.574Z next:jsconfig-paths-plugin moduleName did not match any paths pattern 
next-flight-client-entry-loader
2025-08-31T23:32:55.575Z next:jsconfig-paths-plugin moduleName did not match any paths pattern 
next-flight-client-entry-loader
2025-08-31T23:32:55.575Z next:jsconfig-paths-plugin moduleName did not match any paths pattern 
next-flight-client-entry-loader
2025-08-31T23:32:55.575Z next:jsconfig-paths-plugin moduleName did not match any paths pattern 
next-flight-client-entry-loader
2025-08-31T23:32:55.575Z next:jsconfig-paths-plugin moduleName did not match any paths pattern 
next-flight-client-entry-loader
2025-08-31T23:32:55.575Z next:jsconfig-paths-plugin moduleName did not match any paths pattern 
next-flight-client-entry-loader
2025-08-31T23:32:55.575Z next:jsconfig-paths-plugin moduleName did not match any paths pattern 
next-flight-client-entry-loader
2025-08-31T23:32:55.575Z next:jsconfig-paths-plugin moduleName did not match any paths pattern 
next-flight-client-entry-loader
2025-08-31T23:32:55.575Z next:jsconfig-paths-plugin moduleName did not match any paths pattern 
next-flight-client-entry-loader
2025-08-31T23:32:55.575Z next:jsconfig-paths-plugin moduleName did not match any paths pattern 
next-flight-client-entry-loader
2025-08-31T23:32:55.575Z next:jsconfig-paths-plugin moduleName did not match any paths pattern 
next-flight-client-entry-loader
2025-08-31T23:32:55.575Z next:jsconfig-paths-plugin moduleName did not match any paths pattern 
next-flight-client-entry-loader
2025-08-31T23:32:55.575Z next:jsconfig-paths-plugin moduleName did not match any paths pattern 
next-flight-client-entry-loader
2025-08-31T23:32:55.575Z next:jsconfig-paths-plugin moduleName did not match any paths pattern 
next-flight-client-entry-loader
2025-08-31T23:32:55.575Z next:jsconfig-paths-plugin moduleName did not match any paths pattern 
next-flight-client-entry-loader
2025-08-31T23:32:55.575Z next:jsconfig-paths-plugin moduleName did not match any paths pattern 
next-flight-client-entry-loader
2025-08-31T23:32:55.576Z next:jsconfig-paths-plugin moduleName did not match any paths pattern 
next-flight-client-entry-loader
2025-08-31T23:32:55.576Z next:jsconfig-paths-plugin moduleName did not match any paths pattern 
next-flight-client-entry-loader
2025-08-31T23:32:55.576Z next:jsconfig-paths-plugin moduleName did not match any paths pattern 
next-flight-client-entry-loader
2025-08-31T23:32:55.576Z next:jsconfig-paths-plugin moduleName did not match any paths pattern 
next-flight-client-entry-loader
2025-08-31T23:32:55.576Z next:jsconfig-paths-plugin moduleName did not match any paths pattern 
next-flight-client-entry-loader
2025-08-31T23:32:55.576Z next:jsconfig-paths-plugin moduleName did not match any paths pattern 
next-flight-client-entry-loader
2025-08-31T23:32:55.576Z next:jsconfig-paths-plugin moduleName did not match any paths pattern 
next-flight-client-entry-loader
2025-08-31T23:32:55.576Z next:jsconfig-paths-plugin moduleName did not match any paths pattern 
next-flight-client-entry-loader
2025-08-31T23:32:55.576Z next:jsconfig-paths-plugin moduleName did not match any paths pattern 
next-flight-client-entry-loader
2025-08-31T23:32:55.576Z next:jsconfig-paths-plugin moduleName did not match any paths pattern 
next-flight-client-entry-loader
2025-08-31T23:32:55.576Z next:jsconfig-paths-plugin moduleName did not match any paths pattern 
next-flight-client-entry-loader
2025-08-31T23:32:55.577Z next:jsconfig-paths-plugin moduleName did not match any paths pattern 
next-flight-client-entry-loader
2025-08-31T23:32:55.577Z next:jsconfig-paths-plugin moduleName did not match any paths pattern 
next-flight-client-entry-loader
2025-08-31T23:32:55.577Z next:jsconfig-paths-plugin moduleName did not match any paths pattern 
next-flight-client-entry-loader
2025-08-31T23:32:55.577Z next:jsconfig-paths-plugin moduleName did not match any paths pattern 
next-flight-client-entry-loader
2025-08-31T23:32:55.577Z next:jsconfig-paths-plugin moduleName did not match any paths pattern 
next-flight-client-entry-loader
2025-08-31T23:32:55.577Z next:jsconfig-paths-plugin moduleName did not match any paths pattern 
next-flight-client-entry-loader
2025-08-31T23:32:55.577Z next:jsconfig-paths-plugin moduleName did not match any paths pattern 
next-flight-client-entry-loader
2025-08-31T23:32:55.577Z next:jsconfig-paths-plugin moduleName did not match any paths pattern 
next-flight-client-entry-loader
2025-08-31T23:32:55.577Z next:jsconfig-paths-plugin moduleName did not match any paths pattern 
next-flight-client-entry-loader
2025-08-31T23:32:55.577Z next:jsconfig-paths-plugin moduleName did not match any paths pattern 
next-flight-client-entry-loader
2025-08-31T23:32:55.578Z next:jsconfig-paths-plugin moduleName did not match any paths pattern 
next-flight-client-entry-loader
2025-08-31T23:32:55.578Z next:jsconfig-paths-plugin moduleName did not match any paths pattern 
next-flight-client-entry-loader
2025-08-31T23:32:55.578Z next:jsconfig-paths-plugin moduleName did not match any paths pattern 
next-flight-client-entry-loader
2025-08-31T23:32:55.578Z next:jsconfig-paths-plugin moduleName did not match any paths pattern 
next-flight-client-entry-loader
2025-08-31T23:32:55.578Z next:jsconfig-paths-plugin moduleName did not match any paths pattern 
next-flight-client-entry-loader
2025-08-31T23:32:55.578Z next:jsconfig-paths-plugin moduleName did not match any paths pattern 
next-flight-client-entry-loader
2025-08-31T23:32:55.578Z next:jsconfig-paths-plugin moduleName did not match any paths pattern 
next-flight-client-entry-loader
2025-08-31T23:32:55.579Z next:jsconfig-paths-plugin moduleName did not match any paths pattern 
next-flight-client-entry-loader
2025-08-31T23:32:55.579Z next:jsconfig-paths-plugin moduleName did not match any paths pattern 
next-flight-client-entry-loader
2025-08-31T23:32:55.579Z next:jsconfig-paths-plugin moduleName did not match any paths pattern 
next-flight-client-entry-loader
2025-08-31T23:32:55.579Z next:jsconfig-paths-plugin moduleName did not match any paths pattern 
next-flight-client-entry-loader
2025-08-31T23:32:55.579Z next:jsconfig-paths-plugin moduleName did not match any paths pattern 
next-flight-client-entry-loader
2025-08-31T23:32:55.579Z next:jsconfig-paths-plugin moduleName did not match any paths pattern 
next-flight-client-entry-loader
2025-08-31T23:32:55.579Z next:jsconfig-paths-plugin moduleName did not match any paths pattern 
next-flight-client-entry-loader
2025-08-31T23:32:55.579Z next:jsconfig-paths-plugin moduleName did not match any paths pattern 
next-flight-client-entry-loader
2025-08-31T23:32:55.579Z next:jsconfig-paths-plugin moduleName did not match any paths pattern 
next-flight-client-entry-loader
2025-08-31T23:32:55.579Z next:jsconfig-paths-plugin moduleName did not match any paths pattern 
next-flight-client-entry-loader
2025-08-31T23:32:55.579Z next:jsconfig-paths-plugin moduleName did not match any paths pattern 
next-flight-client-entry-loader
2025-08-31T23:32:55.579Z next:jsconfig-paths-plugin moduleName did not match any paths pattern 
next-flight-client-entry-loader
2025-08-31T23:32:55.579Z next:jsconfig-paths-plugin moduleName did not match any paths pattern 
next-flight-client-entry-loader
2025-08-31T23:32:55.579Z next:jsconfig-paths-plugin moduleName did not match any paths pattern 
next-flight-client-entry-loader
2025-08-31T23:32:55.579Z next:jsconfig-paths-plugin moduleName did not match any paths pattern 
next-flight-client-entry-loader
2025-08-31T23:32:55.579Z next:jsconfig-paths-plugin moduleName did not match any paths pattern 
next-flight-client-entry-loader
2025-08-31T23:32:55.579Z next:jsconfig-paths-plugin moduleName did not match any paths pattern 
next-flight-client-entry-loader
2025-08-31T23:32:55.580Z next:jsconfig-paths-plugin moduleName did not match any paths pattern 
next-flight-client-entry-loader
2025-08-31T23:32:55.620Z next:jsconfig-paths-plugin moduleName did not match any paths pattern 
next-flight-client-entry-loader
2025-08-31T23:32:55.620Z next:jsconfig-paths-plugin moduleName did not match any paths pattern 
next-flight-client-entry-loader
2025-08-31T23:32:55.620Z next:jsconfig-paths-plugin moduleName did not match any paths pattern 
next-flight-client-entry-loader
2025-08-31T23:32:55.620Z next:jsconfig-paths-plugin moduleName did not match any paths pattern 
next-flight-client-entry-loader
2025-08-31T23:32:55.620Z next:jsconfig-paths-plugin moduleName did not match any paths pattern 
next-flight-client-entry-loader
2025-08-31T23:32:55.620Z next:jsconfig-paths-plugin moduleName did not match any paths pattern 
next-flight-client-entry-loader
2025-08-31T23:32:55.620Z next:jsconfig-paths-plugin moduleName did not match any paths pattern 
next-flight-client-entry-loader
2025-08-31T23:32:55.621Z next:jsconfig-paths-plugin moduleName did not match any paths pattern 
next-flight-client-entry-loader
2025-08-31T23:32:55.621Z next:jsconfig-paths-plugin moduleName did not match any paths pattern 
next-flight-client-entry-loader
2025-08-31T23:32:55.621Z next:jsconfig-paths-plugin moduleName did not match any paths pattern 
next-flight-client-entry-loader
2025-08-31T23:32:55.621Z next:jsconfig-paths-plugin moduleName did not match any paths pattern 
next-flight-client-entry-loader
2025-08-31T23:32:55.621Z next:jsconfig-paths-plugin moduleName did not match any paths pattern 
next-flight-client-entry-loader
2025-08-31T23:32:55.621Z next:jsconfig-paths-plugin moduleName did not match any paths pattern 
next-flight-client-entry-loader
2025-08-31T23:32:55.622Z next:jsconfig-paths-plugin moduleName did not match any paths pattern 
next-flight-client-entry-loader
2025-08-31T23:32:55.622Z next:jsconfig-paths-plugin moduleName did not match any paths pattern 
next-flight-client-entry-loader
2025-08-31T23:32:55.622Z next:jsconfig-paths-plugin moduleName did not match any paths pattern 
next-flight-client-entry-loader
2025-08-31T23:32:55.622Z next:jsconfig-paths-plugin moduleName did not match any paths pattern 
next-flight-client-entry-loader
2025-08-31T23:32:55.622Z next:jsconfig-paths-plugin moduleName did not match any paths pattern 
next-flight-client-entry-loader
2025-08-31T23:32:55.622Z next:jsconfig-paths-plugin moduleName did not match any paths pattern 
next-flight-client-entry-loader
2025-08-31T23:32:55.623Z next:jsconfig-paths-plugin moduleName did not match any paths pattern 
next-flight-client-entry-loader
2025-08-31T23:32:55.623Z next:jsconfig-paths-plugin moduleName did not match any paths pattern 
next-flight-client-entry-loader
2025-08-31T23:32:55.623Z next:jsconfig-paths-plugin moduleName did not match any paths pattern 
next-flight-client-entry-loader
2025-08-31T23:32:55.623Z next:jsconfig-paths-plugin moduleName did not match any paths pattern 
next-flight-client-entry-loader
2025-08-31T23:32:55.623Z next:jsconfig-paths-plugin moduleName did not match any paths pattern 
next-flight-client-entry-loader
2025-08-31T23:32:55.623Z next:jsconfig-paths-plugin moduleName did not match any paths pattern 
next-flight-client-entry-loader
2025-08-31T23:32:55.623Z next:jsconfig-paths-plugin moduleName did not match any paths pattern 
next-flight-client-entry-loader
2025-08-31T23:32:55.623Z next:jsconfig-paths-plugin moduleName did not match any paths pattern 
next-flight-client-entry-loader
2025-08-31T23:32:55.623Z next:jsconfig-paths-plugin moduleName did not match any paths pattern 
next-flight-client-entry-loader
2025-08-31T23:32:55.623Z next:jsconfig-paths-plugin moduleName did not match any paths pattern 
next-flight-client-entry-loader
2025-08-31T23:32:55.624Z next:jsconfig-paths-plugin moduleName did not match any paths pattern 
next-flight-client-entry-loader
2025-08-31T23:32:55.628Z next:jsconfig-paths-plugin moduleName did not match any paths pattern 
next-flight-client-entry-loader
2025-08-31T23:32:55.628Z next:jsconfig-paths-plugin moduleName did not match any paths pattern 
next-flight-client-entry-loader
2025-08-31T23:32:55.628Z next:jsconfig-paths-plugin moduleName did not match any paths pattern 
next-flight-client-entry-loader
2025-08-31T23:32:55.628Z next:jsconfig-paths-plugin moduleName did not match any paths pattern 
next-flight-client-entry-loader
2025-08-31T23:32:55.629Z next:jsconfig-paths-plugin moduleName did not match any paths pattern 
next-flight-client-entry-loader
2025-08-31T23:32:55.629Z next:jsconfig-paths-plugin moduleName did not match any paths pattern 
next-flight-client-entry-loader
2025-08-31T23:32:55.629Z next:jsconfig-paths-plugin moduleName did not match any paths pattern 
next-flight-client-entry-loader
2025-08-31T23:32:55.629Z next:jsconfig-paths-plugin moduleName did not match any paths pattern 
next-flight-client-entry-loader
2025-08-31T23:32:55.629Z next:jsconfig-paths-plugin moduleName did not match any paths pattern 
next-flight-client-entry-loader
2025-08-31T23:32:55.629Z next:jsconfig-paths-plugin moduleName did not match any paths pattern 
next-flight-client-entry-loader
2025-08-31T23:32:55.629Z next:jsconfig-paths-plugin moduleName did not match any paths pattern 
next-flight-client-entry-loader
2025-08-31T23:32:55.629Z next:jsconfig-paths-plugin moduleName did not match any paths pattern 
next-flight-client-entry-loader
2025-08-31T23:32:55.629Z next:jsconfig-paths-plugin moduleName did not match any paths pattern 
next-flight-client-entry-loader
2025-08-31T23:32:55.629Z next:jsconfig-paths-plugin moduleName did not match any paths pattern 
next-flight-client-entry-loader
2025-08-31T23:32:55.630Z next:jsconfig-paths-plugin moduleName did not match any paths pattern 
next-flight-client-entry-loader
2025-08-31T23:32:55.630Z next:jsconfig-paths-plugin moduleName did not match any paths pattern 
next-flight-client-entry-loader
2025-08-31T23:32:55.630Z next:jsconfig-paths-plugin moduleName did not match any paths pattern 
next-flight-client-entry-loader
2025-08-31T23:32:55.630Z next:jsconfig-paths-plugin moduleName did not match any paths pattern 
next-flight-client-entry-loader
2025-08-31T23:32:55.630Z next:jsconfig-paths-plugin moduleName did not match any paths pattern 
next-flight-client-entry-loader
2025-08-31T23:32:55.630Z next:jsconfig-paths-plugin moduleName did not match any paths pattern 
next-flight-client-entry-loader
2025-08-31T23:32:55.630Z next:jsconfig-paths-plugin moduleName did not match any paths pattern 
next-flight-client-entry-loader
2025-08-31T23:32:55.630Z next:jsconfig-paths-plugin moduleName did not match any paths pattern 
next-flight-client-entry-loader
2025-08-31T23:32:55.630Z next:jsconfig-paths-plugin moduleName did not match any paths pattern 
next-flight-client-entry-loader
2025-08-31T23:32:55.630Z next:jsconfig-paths-plugin moduleName did not match any paths pattern 
next-flight-client-entry-loader
2025-08-31T23:32:55.631Z next:jsconfig-paths-plugin moduleName did not match any paths pattern 
next-flight-client-entry-loader
2025-08-31T23:32:55.631Z next:jsconfig-paths-plugin moduleName did not match any paths pattern 
next-flight-client-entry-loader
2025-08-31T23:32:55.631Z next:jsconfig-paths-plugin moduleName did not match any paths pattern 
next-flight-client-entry-loader
2025-08-31T23:32:55.631Z next:jsconfig-paths-plugin moduleName did not match any paths pattern 
next-flight-client-entry-loader
2025-08-31T23:32:55.631Z next:jsconfig-paths-plugin moduleName did not match any paths pattern 
next-flight-client-entry-loader
2025-08-31T23:32:55.631Z next:jsconfig-paths-plugin moduleName did not match any paths pattern 
next-flight-client-entry-loader
2025-08-31T23:32:55.644Z next:jsconfig-paths-plugin moduleName did not match any paths pattern 
next-flight-client-entry-loader
2025-08-31T23:32:55.644Z next:jsconfig-paths-plugin moduleName did not match any paths pattern 
next-flight-client-entry-loader
2025-08-31T23:32:55.644Z next:jsconfig-paths-plugin moduleName did not match any paths pattern 
next-flight-client-entry-loader
2025-08-31T23:32:55.644Z next:jsconfig-paths-plugin moduleName did not match any paths pattern 
next-flight-client-entry-loader
2025-08-31T23:32:55.644Z next:jsconfig-paths-plugin moduleName did not match any paths pattern 
next-flight-client-entry-loader
2025-08-31T23:32:55.645Z next:jsconfig-paths-plugin moduleName did not match any paths pattern 
next-flight-client-entry-loader
2025-08-31T23:32:55.645Z next:jsconfig-paths-plugin moduleName did not match any paths pattern 
next-flight-client-entry-loader
2025-08-31T23:32:55.645Z next:jsconfig-paths-plugin moduleName did not match any paths pattern 
next-flight-client-entry-loader
2025-08-31T23:32:55.645Z next:jsconfig-paths-plugin moduleName did not match any paths pattern 
next-flight-client-entry-loader
2025-08-31T23:32:55.645Z next:jsconfig-paths-plugin moduleName did not match any paths pattern 
next-flight-client-entry-loader
2025-08-31T23:32:55.645Z next:jsconfig-paths-plugin moduleName did not match any paths pattern 
next-flight-client-entry-loader
2025-08-31T23:32:55.645Z next:jsconfig-paths-plugin moduleName did not match any paths pattern 
next-flight-client-entry-loader
2025-08-31T23:32:55.645Z next:jsconfig-paths-plugin moduleName did not match any paths pattern 
next-flight-client-entry-loader
2025-08-31T23:32:55.645Z next:jsconfig-paths-plugin moduleName did not match any paths pattern 
next-flight-client-entry-loader
2025-08-31T23:32:55.645Z next:jsconfig-paths-plugin moduleName did not match any paths pattern 
next-flight-client-entry-loader
2025-08-31T23:32:55.645Z next:jsconfig-paths-plugin moduleName did not match any paths pattern 
next-flight-client-entry-loader
2025-08-31T23:32:55.646Z next:jsconfig-paths-plugin moduleName did not match any paths pattern 
next-flight-client-entry-loader
2025-08-31T23:32:55.646Z next:jsconfig-paths-plugin moduleName did not match any paths pattern 
next-flight-client-entry-loader
2025-08-31T23:32:55.646Z next:jsconfig-paths-plugin moduleName did not match any paths pattern 
next-flight-client-entry-loader
2025-08-31T23:32:55.646Z next:jsconfig-paths-plugin moduleName did not match any paths pattern 
next-flight-client-entry-loader
2025-08-31T23:32:55.646Z next:jsconfig-paths-plugin moduleName did not match any paths pattern 
next-flight-client-entry-loader
2025-08-31T23:32:55.646Z next:jsconfig-paths-plugin moduleName did not match any paths pattern 
next-flight-client-entry-loader
2025-08-31T23:32:55.646Z next:jsconfig-paths-plugin moduleName did not match any paths pattern 
next-flight-client-entry-loader
2025-08-31T23:32:55.646Z next:jsconfig-paths-plugin moduleName did not match any paths pattern 
next-flight-client-entry-loader
2025-08-31T23:32:55.646Z next:jsconfig-paths-plugin moduleName did not match any paths pattern 
next-flight-client-entry-loader
2025-08-31T23:32:55.646Z next:jsconfig-paths-plugin moduleName did not match any paths pattern 
next-flight-client-entry-loader
2025-08-31T23:32:55.646Z next:jsconfig-paths-plugin moduleName did not match any paths pattern 
next-flight-client-entry-loader
2025-08-31T23:32:55.646Z next:jsconfig-paths-plugin moduleName did not match any paths pattern 
next-flight-client-entry-loader
2025-08-31T23:32:55.646Z next:jsconfig-paths-plugin moduleName did not match any paths pattern 
next-flight-client-entry-loader
2025-08-31T23:32:55.646Z next:jsconfig-paths-plugin moduleName did not match any paths pattern 
next-flight-client-entry-loader
2025-08-31T23:32:55.647Z next:jsconfig-paths-plugin moduleName did not match any paths pattern 
next-flight-client-entry-loader
2025-08-31T23:32:55.647Z next:jsconfig-paths-plugin moduleName did not match any paths pattern 
next-flight-client-entry-loader
2025-08-31T23:32:55.647Z next:jsconfig-paths-plugin moduleName did not match any paths pattern 
next-flight-client-entry-loader
2025-08-31T23:32:55.647Z next:jsconfig-paths-plugin moduleName did not match any paths pattern 
next-flight-client-entry-loader
2025-08-31T23:32:55.647Z next:jsconfig-paths-plugin moduleName did not match any paths pattern 
next-flight-client-entry-loader
2025-08-31T23:32:55.648Z next:jsconfig-paths-plugin moduleName did not match any paths pattern 
next-flight-client-entry-loader
2025-08-31T23:32:55.648Z next:jsconfig-paths-plugin moduleName did not match any paths pattern 
next-flight-client-entry-loader
2025-08-31T23:32:55.648Z next:jsconfig-paths-plugin moduleName did not match any paths pattern 
next-flight-client-entry-loader
2025-08-31T23:32:55.648Z next:jsconfig-paths-plugin moduleName did not match any paths pattern 
next-flight-client-entry-loader
2025-08-31T23:32:55.648Z next:jsconfig-paths-plugin moduleName did not match any paths pattern 
next-flight-client-entry-loader
2025-08-31T23:32:55.648Z next:jsconfig-paths-plugin moduleName did not match any paths pattern 
next-flight-client-entry-loader
2025-08-31T23:32:55.649Z next:jsconfig-paths-plugin moduleName did not match any paths pattern 
next-flight-client-entry-loader
2025-08-31T23:32:55.656Z next:jsconfig-paths-plugin moduleName did not match any paths pattern 
next-flight-client-entry-loader
2025-08-31T23:32:55.657Z next:jsconfig-paths-plugin moduleName did not match any paths pattern 
next-flight-client-entry-loader
2025-08-31T23:32:55.657Z next:jsconfig-paths-plugin moduleName did not match any paths pattern 
next-flight-client-entry-loader
2025-08-31T23:32:55.657Z next:jsconfig-paths-plugin moduleName did not match any paths pattern 
next-flight-client-entry-loader
2025-08-31T23:32:55.657Z next:jsconfig-paths-plugin moduleName did not match any paths pattern 
next-flight-client-entry-loader
2025-08-31T23:32:55.657Z next:jsconfig-paths-plugin moduleName did not match any paths pattern 
next-flight-client-entry-loader
2025-08-31T23:32:55.657Z next:jsconfig-paths-plugin moduleName did not match any paths pattern 
next-flight-client-entry-loader
2025-08-31T23:32:55.657Z next:jsconfig-paths-plugin moduleName did not match any paths pattern 
next-flight-client-entry-loader
2025-08-31T23:32:55.657Z next:jsconfig-paths-plugin moduleName did not match any paths pattern 
next-flight-client-entry-loader
2025-08-31T23:32:55.657Z next:jsconfig-paths-plugin moduleName did not match any paths pattern 
next-flight-client-entry-loader
2025-08-31T23:32:55.657Z next:jsconfig-paths-plugin moduleName did not match any paths pattern 
next-flight-client-entry-loader
2025-08-31T23:32:55.657Z next:jsconfig-paths-plugin moduleName did not match any paths pattern 
next-flight-client-entry-loader
2025-08-31T23:32:55.657Z next:jsconfig-paths-plugin moduleName did not match any paths pattern 
next-flight-client-entry-loader
2025-08-31T23:32:55.657Z next:jsconfig-paths-plugin moduleName did not match any paths pattern 
next-flight-client-entry-loader
2025-08-31T23:32:55.657Z next:jsconfig-paths-plugin moduleName did not match any paths pattern 
next-flight-client-entry-loader
2025-08-31T23:32:55.657Z next:jsconfig-paths-plugin moduleName did not match any paths pattern 
next-flight-client-entry-loader
2025-08-31T23:32:55.657Z next:jsconfig-paths-plugin moduleName did not match any paths pattern 
next-flight-client-entry-loader
2025-08-31T23:32:55.657Z next:jsconfig-paths-plugin moduleName did not match any paths pattern 
next-flight-client-entry-loader
2025-08-31T23:32:55.658Z next:jsconfig-paths-plugin moduleName did not match any paths pattern 
next-flight-client-entry-loader
2025-08-31T23:32:55.658Z next:jsconfig-paths-plugin moduleName did not match any paths pattern 
next-flight-client-entry-loader
2025-08-31T23:32:55.658Z next:jsconfig-paths-plugin moduleName did not match any paths pattern 
next-flight-client-entry-loader
2025-08-31T23:32:55.658Z next:jsconfig-paths-plugin moduleName did not match any paths pattern 
next-flight-client-entry-loader
2025-08-31T23:32:55.658Z next:jsconfig-paths-plugin moduleName did not match any paths pattern 
next-flight-client-entry-loader
2025-08-31T23:32:55.658Z next:jsconfig-paths-plugin moduleName did not match any paths pattern 
next-flight-client-entry-loader
2025-08-31T23:32:55.658Z next:jsconfig-paths-plugin moduleName did not match any paths pattern 
next-flight-client-entry-loader
2025-08-31T23:32:55.658Z next:jsconfig-paths-plugin moduleName did not match any paths pattern 
next-flight-client-entry-loader
2025-08-31T23:32:55.658Z next:jsconfig-paths-plugin moduleName did not match any paths pattern 
next-flight-client-entry-loader
2025-08-31T23:32:55.658Z next:jsconfig-paths-plugin moduleName did not match any paths pattern 
next-flight-client-entry-loader
2025-08-31T23:32:55.658Z next:jsconfig-paths-plugin moduleName did not match any paths pattern 
next-flight-client-entry-loader
2025-08-31T23:32:55.658Z next:jsconfig-paths-plugin moduleName did not match any paths pattern 
next-flight-client-entry-loader
2025-08-31T23:32:55.658Z next:jsconfig-paths-plugin moduleName did not match any paths pattern 
next-flight-client-entry-loader
2025-08-31T23:32:55.658Z next:jsconfig-paths-plugin moduleName did not match any paths pattern 
next-flight-client-entry-loader
2025-08-31T23:32:55.658Z next:jsconfig-paths-plugin moduleName did not match any paths pattern 
next-flight-client-entry-loader
2025-08-31T23:32:55.658Z next:jsconfig-paths-plugin moduleName did not match any paths pattern 
next-flight-client-entry-loader
2025-08-31T23:32:55.658Z next:jsconfig-paths-plugin moduleName did not match any paths pattern 
next-flight-client-entry-loader
2025-08-31T23:32:55.658Z next:jsconfig-paths-plugin moduleName did not match any paths pattern 
next-flight-client-entry-loader
2025-08-31T23:32:55.659Z next:jsconfig-paths-plugin moduleName did not match any paths pattern 
next-flight-client-entry-loader
2025-08-31T23:32:55.659Z next:jsconfig-paths-plugin moduleName did not match any paths pattern 
next-flight-client-entry-loader
2025-08-31T23:32:55.659Z next:jsconfig-paths-plugin moduleName did not match any paths pattern 
next-flight-client-entry-loader
2025-08-31T23:32:55.659Z next:jsconfig-paths-plugin moduleName did not match any paths pattern 
next-flight-client-entry-loader
2025-08-31T23:32:55.659Z next:jsconfig-paths-plugin moduleName did not match any paths pattern 
next-flight-client-entry-loader
2025-08-31T23:32:55.659Z next:jsconfig-paths-plugin moduleName did not match any paths pattern 
next-flight-client-entry-loader
2025-08-31T23:32:55.672Z next:jsconfig-paths-plugin moduleName did not match any paths pattern 
next-flight-client-entry-loader
2025-08-31T23:32:55.673Z next:jsconfig-paths-plugin moduleName did not match any paths pattern 
next-flight-client-entry-loader
2025-08-31T23:32:55.673Z next:jsconfig-paths-plugin moduleName did not match any paths pattern 
next-flight-client-entry-loader
2025-08-31T23:32:55.673Z next:jsconfig-paths-plugin moduleName did not match any paths pattern 
next-flight-client-entry-loader
2025-08-31T23:32:55.673Z next:jsconfig-paths-plugin moduleName did not match any paths pattern 
next-flight-client-entry-loader
2025-08-31T23:32:55.673Z next:jsconfig-paths-plugin moduleName did not match any paths pattern 
next-flight-client-entry-loader
2025-08-31T23:32:55.673Z next:jsconfig-paths-plugin moduleName did not match any paths pattern 
next-flight-client-entry-loader
2025-08-31T23:32:55.673Z next:jsconfig-paths-plugin moduleName did not match any paths pattern 
next-flight-client-entry-loader
2025-08-31T23:32:55.673Z next:jsconfig-paths-plugin moduleName did not match any paths pattern 
next-flight-client-entry-loader
2025-08-31T23:32:55.673Z next:jsconfig-paths-plugin moduleName did not match any paths pattern 
next-flight-client-entry-loader
2025-08-31T23:32:55.673Z next:jsconfig-paths-plugin moduleName did not match any paths pattern 
next-flight-client-entry-loader
2025-08-31T23:32:55.673Z next:jsconfig-paths-plugin moduleName did not match any paths pattern 
next-flight-client-entry-loader
2025-08-31T23:32:55.673Z next:jsconfig-paths-plugin moduleName did not match any paths pattern 
next-flight-client-entry-loader
2025-08-31T23:32:55.673Z next:jsconfig-paths-plugin moduleName did not match any paths pattern 
next-flight-client-entry-loader
2025-08-31T23:32:55.674Z next:jsconfig-paths-plugin moduleName did not match any paths pattern 
next-flight-client-entry-loader
2025-08-31T23:32:55.674Z next:jsconfig-paths-plugin moduleName did not match any paths pattern 
next-flight-client-entry-loader
2025-08-31T23:32:55.674Z next:jsconfig-paths-plugin moduleName did not match any paths pattern 
next-flight-client-entry-loader
2025-08-31T23:32:55.674Z next:jsconfig-paths-plugin moduleName did not match any paths pattern 
next-flight-client-entry-loader
2025-08-31T23:32:55.674Z next:jsconfig-paths-plugin moduleName did not match any paths pattern 
next-flight-client-entry-loader
2025-08-31T23:32:55.674Z next:jsconfig-paths-plugin moduleName did not match any paths pattern 
next-flight-client-entry-loader
2025-08-31T23:32:55.674Z next:jsconfig-paths-plugin moduleName did not match any paths pattern 
next-flight-client-entry-loader
2025-08-31T23:32:55.674Z next:jsconfig-paths-plugin moduleName did not match any paths pattern 
next-flight-client-entry-loader
2025-08-31T23:32:55.674Z next:jsconfig-paths-plugin moduleName did not match any paths pattern 
next-flight-client-entry-loader
2025-08-31T23:32:55.674Z next:jsconfig-paths-plugin moduleName did not match any paths pattern 
next-flight-client-entry-loader
2025-08-31T23:32:55.674Z next:jsconfig-paths-plugin moduleName did not match any paths pattern 
next-flight-client-entry-loader
2025-08-31T23:32:55.674Z next:jsconfig-paths-plugin moduleName did not match any paths pattern 
next-flight-client-entry-loader
2025-08-31T23:32:55.674Z next:jsconfig-paths-plugin moduleName did not match any paths pattern 
next-flight-client-entry-loader
2025-08-31T23:32:55.674Z next:jsconfig-paths-plugin moduleName did not match any paths pattern 
next-flight-client-entry-loader
2025-08-31T23:32:55.674Z next:jsconfig-paths-plugin moduleName did not match any paths pattern 
next-flight-client-entry-loader
2025-08-31T23:32:55.674Z next:jsconfig-paths-plugin moduleName did not match any paths pattern 
next-flight-client-entry-loader
2025-08-31T23:32:55.675Z next:jsconfig-paths-plugin moduleName did not match any paths pattern 
next-flight-client-entry-loader
2025-08-31T23:32:55.675Z next:jsconfig-paths-plugin moduleName did not match any paths pattern 
next-flight-client-entry-loader
2025-08-31T23:32:55.675Z next:jsconfig-paths-plugin moduleName did not match any paths pattern 
next-flight-client-entry-loader
2025-08-31T23:32:55.675Z next:jsconfig-paths-plugin moduleName did not match any paths pattern 
next-flight-client-entry-loader
2025-08-31T23:32:55.675Z next:jsconfig-paths-plugin moduleName did not match any paths pattern 
next-flight-client-entry-loader
2025-08-31T23:32:55.675Z next:jsconfig-paths-plugin moduleName did not match any paths pattern 
next-flight-client-entry-loader
2025-08-31T23:32:55.675Z next:jsconfig-paths-plugin moduleName did not match any paths pattern 
next-flight-client-entry-loader
2025-08-31T23:32:55.675Z next:jsconfig-paths-plugin moduleName did not match any paths pattern 
next-flight-client-entry-loader
2025-08-31T23:32:55.675Z next:jsconfig-paths-plugin moduleName did not match any paths pattern 
next-flight-client-entry-loader
2025-08-31T23:32:55.675Z next:jsconfig-paths-plugin moduleName did not match any paths pattern 
next-flight-client-entry-loader
2025-08-31T23:32:55.675Z next:jsconfig-paths-plugin moduleName did not match any paths pattern 
next-flight-client-entry-loader
2025-08-31T23:32:55.675Z next:jsconfig-paths-plugin moduleName did not match any paths pattern 
next-flight-client-entry-loader
2025-08-31T23:32:55.675Z next:jsconfig-paths-plugin moduleName did not match any paths pattern 
next-flight-client-entry-loader
2025-08-31T23:32:55.675Z next:jsconfig-paths-plugin moduleName did not match any paths pattern 
next-flight-client-entry-loader
2025-08-31T23:32:55.675Z next:jsconfig-paths-plugin moduleName did not match any paths pattern 
next-flight-client-entry-loader
2025-08-31T23:32:55.675Z next:jsconfig-paths-plugin moduleName did not match any paths pattern 
next-flight-client-entry-loader
2025-08-31T23:32:55.676Z next:jsconfig-paths-plugin moduleName did not match any paths pattern 
next-flight-client-entry-loader
2025-08-31T23:32:55.676Z next:jsconfig-paths-plugin moduleName did not match any paths pattern 
next-flight-client-entry-loader
2025-08-31T23:32:55.676Z next:jsconfig-paths-plugin moduleName did not match any paths pattern 
next-flight-client-entry-loader
2025-08-31T23:32:55.676Z next:jsconfig-paths-plugin moduleName did not match any paths pattern 
next-flight-client-entry-loader
2025-08-31T23:32:55.676Z next:jsconfig-paths-plugin moduleName did not match any paths pattern 
next-flight-client-entry-loader
2025-08-31T23:32:55.676Z next:jsconfig-paths-plugin moduleName did not match any paths pattern 
next-flight-client-entry-loader
2025-08-31T23:32:55.676Z next:jsconfig-paths-plugin moduleName did not match any paths pattern 
next-flight-client-entry-loader
2025-08-31T23:32:55.676Z next:jsconfig-paths-plugin moduleName did not match any paths pattern 
next-flight-client-entry-loader
2025-08-31T23:32:55.685Z next:jsconfig-paths-plugin moduleName did not match any paths pattern 
next-flight-client-entry-loader
2025-08-31T23:32:55.685Z next:jsconfig-paths-plugin moduleName did not match any paths pattern 
next-flight-client-entry-loader
2025-08-31T23:32:55.685Z next:jsconfig-paths-plugin moduleName did not match any paths pattern 
next-flight-client-entry-loader
2025-08-31T23:32:55.685Z next:jsconfig-paths-plugin moduleName did not match any paths pattern 
next-flight-client-entry-loader
2025-08-31T23:32:55.685Z next:jsconfig-paths-plugin moduleName did not match any paths pattern 
next-flight-client-entry-loader
2025-08-31T23:32:55.685Z next:jsconfig-paths-plugin moduleName did not match any paths pattern 
next-flight-client-entry-loader
2025-08-31T23:32:55.685Z next:jsconfig-paths-plugin moduleName did not match any paths pattern 
next-flight-client-entry-loader
2025-08-31T23:32:55.685Z next:jsconfig-paths-plugin moduleName did not match any paths pattern 
next-flight-client-entry-loader
2025-08-31T23:32:55.685Z next:jsconfig-paths-plugin moduleName did not match any paths pattern 
next-flight-client-entry-loader
2025-08-31T23:32:55.686Z next:jsconfig-paths-plugin moduleName did not match any paths pattern 
next-flight-client-entry-loader
2025-08-31T23:32:55.686Z next:jsconfig-paths-plugin moduleName did not match any paths pattern 
next-flight-client-entry-loader
2025-08-31T23:32:55.686Z next:jsconfig-paths-plugin moduleName did not match any paths pattern 
next-flight-client-entry-loader
2025-08-31T23:32:55.686Z next:jsconfig-paths-plugin moduleName did not match any paths pattern 
next-flight-client-entry-loader
2025-08-31T23:32:55.686Z next:jsconfig-paths-plugin moduleName did not match any paths pattern 
next-flight-client-entry-loader
2025-08-31T23:32:55.686Z next:jsconfig-paths-plugin moduleName did not match any paths pattern 
next-flight-client-entry-loader
2025-08-31T23:32:55.686Z next:jsconfig-paths-plugin moduleName did not match any paths pattern 
next-flight-client-entry-loader
2025-08-31T23:32:55.686Z next:jsconfig-paths-plugin moduleName did not match any paths pattern 
next-flight-client-entry-loader
2025-08-31T23:32:55.686Z next:jsconfig-paths-plugin moduleName did not match any paths pattern 
next-flight-client-entry-loader
2025-08-31T23:32:55.686Z next:jsconfig-paths-plugin moduleName did not match any paths pattern 
next-flight-client-entry-loader
2025-08-31T23:32:55.686Z next:jsconfig-paths-plugin moduleName did not match any paths pattern 
next-flight-client-entry-loader
2025-08-31T23:32:55.686Z next:jsconfig-paths-plugin moduleName did not match any paths pattern 
next-flight-client-entry-loader
2025-08-31T23:32:55.686Z next:jsconfig-paths-plugin moduleName did not match any paths pattern 
next-flight-client-entry-loader
2025-08-31T23:32:55.686Z next:jsconfig-paths-plugin moduleName did not match any paths pattern 
next-flight-client-entry-loader
2025-08-31T23:32:55.686Z next:jsconfig-paths-plugin moduleName did not match any paths pattern 
next-flight-client-entry-loader
2025-08-31T23:32:55.687Z next:jsconfig-paths-plugin moduleName did not match any paths pattern 
next-flight-client-entry-loader
2025-08-31T23:32:55.687Z next:jsconfig-paths-plugin moduleName did not match any paths pattern 
next-flight-client-entry-loader
2025-08-31T23:32:55.687Z next:jsconfig-paths-plugin moduleName did not match any paths pattern 
next-flight-client-entry-loader
2025-08-31T23:32:55.687Z next:jsconfig-paths-plugin moduleName did not match any paths pattern 
next-flight-client-entry-loader
2025-08-31T23:32:55.687Z next:jsconfig-paths-plugin moduleName did not match any paths pattern 
next-flight-client-entry-loader
2025-08-31T23:32:55.687Z next:jsconfig-paths-plugin moduleName did not match any paths pattern 
next-flight-client-entry-loader
2025-08-31T23:32:55.687Z next:jsconfig-paths-plugin moduleName did not match any paths pattern 
next-flight-client-entry-loader
2025-08-31T23:32:55.687Z next:jsconfig-paths-plugin moduleName did not match any paths pattern 
next-flight-client-entry-loader
2025-08-31T23:32:55.687Z next:jsconfig-paths-plugin moduleName did not match any paths pattern 
next-flight-client-entry-loader
2025-08-31T23:32:55.687Z next:jsconfig-paths-plugin moduleName did not match any paths pattern 
next-flight-client-entry-loader
2025-08-31T23:32:55.687Z next:jsconfig-paths-plugin moduleName did not match any paths pattern 
next-flight-client-entry-loader
2025-08-31T23:32:55.687Z next:jsconfig-paths-plugin moduleName did not match any paths pattern 
next-flight-client-entry-loader
2025-08-31T23:32:55.687Z next:jsconfig-paths-plugin moduleName did not match any paths pattern 
next-flight-client-entry-loader
2025-08-31T23:32:55.687Z next:jsconfig-paths-plugin moduleName did not match any paths pattern 
next-flight-client-entry-loader
2025-08-31T23:32:55.688Z next:jsconfig-paths-plugin moduleName did not match any paths pattern 
next-flight-client-entry-loader
2025-08-31T23:32:55.688Z next:jsconfig-paths-plugin moduleName did not match any paths pattern 
next-flight-client-entry-loader
2025-08-31T23:32:55.688Z next:jsconfig-paths-plugin moduleName did not match any paths pattern 
next-flight-client-entry-loader
2025-08-31T23:32:55.688Z next:jsconfig-paths-plugin moduleName did not match any paths pattern 
next-flight-client-entry-loader
2025-08-31T23:32:55.688Z next:jsconfig-paths-plugin moduleName did not match any paths pattern 
next-flight-client-entry-loader
2025-08-31T23:32:55.688Z next:jsconfig-paths-plugin moduleName did not match any paths pattern 
next-flight-client-entry-loader
2025-08-31T23:32:55.688Z next:jsconfig-paths-plugin moduleName did not match any paths pattern 
next-flight-client-entry-loader
2025-08-31T23:32:55.688Z next:jsconfig-paths-plugin moduleName did not match any paths pattern 
next-flight-client-entry-loader
2025-08-31T23:32:55.688Z next:jsconfig-paths-plugin moduleName did not match any paths pattern 
next-flight-client-entry-loader
2025-08-31T23:32:55.688Z next:jsconfig-paths-plugin moduleName did not match any paths pattern 
next-flight-client-entry-loader
2025-08-31T23:32:55.688Z next:jsconfig-paths-plugin moduleName did not match any paths pattern 
next-flight-client-entry-loader
2025-08-31T23:32:55.688Z next:jsconfig-paths-plugin moduleName did not match any paths pattern 
next-flight-client-entry-loader
2025-08-31T23:32:55.688Z next:jsconfig-paths-plugin moduleName did not match any paths pattern 
next-flight-client-entry-loader
2025-08-31T23:32:55.688Z next:jsconfig-paths-plugin moduleName did not match any paths pattern 
next-flight-client-entry-loader
2025-08-31T23:32:55.688Z next:jsconfig-paths-plugin moduleName did not match any paths pattern 
next-flight-client-entry-loader
2025-08-31T23:32:55.688Z next:jsconfig-paths-plugin moduleName did not match any paths pattern 
next-flight-client-entry-loader
2025-08-31T23:32:55.706Z next:jsconfig-paths-plugin moduleName did not match any paths pattern 
next-flight-client-entry-loader
2025-08-31T23:32:55.706Z next:jsconfig-paths-plugin moduleName did not match any paths pattern 
next-flight-client-entry-loader
2025-08-31T23:32:55.706Z next:jsconfig-paths-plugin moduleName did not match any paths pattern 
next-flight-client-entry-loader
2025-08-31T23:32:55.706Z next:jsconfig-paths-plugin moduleName did not match any paths pattern 
next-flight-client-entry-loader
2025-08-31T23:32:55.706Z next:jsconfig-paths-plugin moduleName did not match any paths pattern 
next-flight-client-entry-loader
2025-08-31T23:32:55.706Z next:jsconfig-paths-plugin moduleName did not match any paths pattern 
next-flight-client-entry-loader
2025-08-31T23:32:55.706Z next:jsconfig-paths-plugin moduleName did not match any paths pattern 
next-flight-client-entry-loader
2025-08-31T23:32:55.706Z next:jsconfig-paths-plugin moduleName did not match any paths pattern 
next-flight-client-entry-loader
2025-08-31T23:32:55.707Z next:jsconfig-paths-plugin moduleName did not match any paths pattern 
next-flight-client-entry-loader
2025-08-31T23:32:55.707Z next:jsconfig-paths-plugin moduleName did not match any paths pattern 
next-flight-client-entry-loader
2025-08-31T23:32:55.707Z next:jsconfig-paths-plugin moduleName did not match any paths pattern 
next-flight-client-entry-loader
2025-08-31T23:32:55.707Z next:jsconfig-paths-plugin moduleName did not match any paths pattern 
next-flight-client-entry-loader
2025-08-31T23:32:55.708Z next:jsconfig-paths-plugin moduleName did not match any paths pattern 
next-flight-client-entry-loader
2025-08-31T23:32:55.709Z next:jsconfig-paths-plugin moduleName did not match any paths pattern 
next-flight-client-entry-loader
2025-08-31T23:32:55.709Z next:jsconfig-paths-plugin moduleName did not match any paths pattern 
next-flight-client-entry-loader
2025-08-31T23:32:55.709Z next:jsconfig-paths-plugin moduleName did not match any paths pattern 
next-flight-client-entry-loader
2025-08-31T23:32:55.709Z next:jsconfig-paths-plugin moduleName did not match any paths pattern 
next-flight-client-entry-loader
2025-08-31T23:32:55.709Z next:jsconfig-paths-plugin moduleName did not match any paths pattern 
next-flight-client-entry-loader
2025-08-31T23:32:55.709Z next:jsconfig-paths-plugin moduleName did not match any paths pattern 
next-flight-client-entry-loader
2025-08-31T23:32:55.709Z next:jsconfig-paths-plugin moduleName did not match any paths pattern 
next-flight-client-entry-loader
2025-08-31T23:32:55.709Z next:jsconfig-paths-plugin moduleName did not match any paths pattern 
next-flight-client-entry-loader
2025-08-31T23:32:55.709Z next:jsconfig-paths-plugin moduleName did not match any paths pattern 
next-flight-client-entry-loader
2025-08-31T23:32:55.709Z next:jsconfig-paths-plugin moduleName did not match any paths pattern 
next-flight-client-entry-loader
2025-08-31T23:32:55.709Z next:jsconfig-paths-plugin moduleName did not match any paths pattern 
next-flight-client-entry-loader
2025-08-31T23:32:55.776Z next:jsconfig-paths-plugin skipping request as it is an absolute path 
C:\Users\ALICEBELLA\Desktop\HMNQV2\app\components\ui\card
2025-08-31T23:32:55.777Z next:jsconfig-paths-plugin skipping request as it is an absolute path 
C:\Users\ALICEBELLA\Desktop\HMNQV2\app\components\ui\card
2025-08-31T23:32:55.779Z next:jsconfig-paths-plugin skipping request as it is an absolute path 
C:\Users\ALICEBELLA\Desktop\HMNQV2\app\components\ui\card
2025-08-31T23:32:55.780Z next:jsconfig-paths-plugin skipping request as it is an absolute path 
C:\Users\ALICEBELLA\Desktop\HMNQV2\app\components\ui\card
2025-08-31T23:32:55.785Z next:jsconfig-paths-plugin skipping request as it is an absolute path 
C:\Users\ALICEBELLA\Desktop\HMNQV2\app\components\ui\button
2025-08-31T23:32:55.785Z next:jsconfig-paths-plugin skipping request as it is an absolute path 
C:\Users\ALICEBELLA\Desktop\HMNQV2\app\components\ui\button
2025-08-31T23:32:55.786Z next:jsconfig-paths-plugin skipping request as it is an absolute path 
C:\Users\ALICEBELLA\Desktop\HMNQV2\app\components\ui\button
2025-08-31T23:32:55.787Z next:jsconfig-paths-plugin skipping request as it is an absolute path 
C:\Users\ALICEBELLA\Desktop\HMNQV2\app\components\ui\button
2025-08-31T23:32:55.791Z next:jsconfig-paths-plugin skipping request as it is an absolute path 
C:\Users\ALICEBELLA\Desktop\HMNQV2\app\components\ui\document-download-button
2025-08-31T23:32:55.792Z next:jsconfig-paths-plugin skipping request as it is an absolute path 
C:\Users\ALICEBELLA\Desktop\HMNQV2\app\components\ui\document-download-button
2025-08-31T23:32:55.805Z next:jsconfig-paths-plugin skipping request as it is an absolute path 
C:\Users\ALICEBELLA\Desktop\HMNQV2\app\components\debug\navigation-test
2025-08-31T23:32:55.806Z next:jsconfig-paths-plugin skipping request as it is an absolute path 
C:\Users\ALICEBELLA\Desktop\HMNQV2\app\components\ui\button
2025-08-31T23:32:55.806Z next:jsconfig-paths-plugin skipping request as it is an absolute path 
C:\Users\ALICEBELLA\Desktop\HMNQV2\app\components\ui\card
2025-08-31T23:32:55.806Z next:jsconfig-paths-plugin skipping request as it is an absolute path 
C:\Users\ALICEBELLA\Desktop\HMNQV2\app\components\ui\button
2025-08-31T23:32:55.806Z next:jsconfig-paths-plugin skipping request as it is an absolute path 
C:\Users\ALICEBELLA\Desktop\HMNQV2\app\components\ui\card
2025-08-31T23:32:55.807Z next:jsconfig-paths-plugin skipping request as it is an absolute path 
C:\Users\ALICEBELLA\Desktop\HMNQV2\app\components\ui\card
2025-08-31T23:32:55.808Z next:jsconfig-paths-plugin skipping request as it is an absolute path 
C:\Users\ALICEBELLA\Desktop\HMNQV2\app\components\ui\card
2025-08-31T23:32:55.810Z next:jsconfig-paths-plugin skipping request as it is an absolute path 
C:\Users\ALICEBELLA\Desktop\HMNQV2\app\components\ui\card
2025-08-31T23:32:55.810Z next:jsconfig-paths-plugin skipping request as it is an absolute path 
C:\Users\ALICEBELLA\Desktop\HMNQV2\app\components\ui\button
2025-08-31T23:32:55.810Z next:jsconfig-paths-plugin skipping request as it is an absolute path 
C:\Users\ALICEBELLA\Desktop\HMNQV2\app\components\indicador-saude-psicossocial
2025-08-31T23:32:55.810Z next:jsconfig-paths-plugin skipping request as it is an absolute path 
C:\Users\ALICEBELLA\Desktop\HMNQV2\app\components\ui\badge
2025-08-31T23:32:55.811Z next:jsconfig-paths-plugin skipping request as it is an absolute path 
C:\Users\ALICEBELLA\Desktop\HMNQV2\app\components\indicador-saude-psicossocial
2025-08-31T23:32:55.811Z next:jsconfig-paths-plugin skipping request as it is an absolute path 
C:\Users\ALICEBELLA\Desktop\HMNQV2\app\components\ui\card
2025-08-31T23:32:55.811Z next:jsconfig-paths-plugin skipping request as it is an absolute path 
C:\Users\ALICEBELLA\Desktop\HMNQV2\app\components\ui\button
2025-08-31T23:32:55.811Z next:jsconfig-paths-plugin skipping request as it is an absolute path 
C:\Users\ALICEBELLA\Desktop\HMNQV2\app\components\ui\badge
2025-08-31T23:32:55.812Z next:jsconfig-paths-plugin skipping request as it is an absolute path 
C:\Users\ALICEBELLA\Desktop\HMNQV2\app\components\ui\card
2025-08-31T23:32:55.813Z next:jsconfig-paths-plugin skipping request as it is an absolute path 
C:\Users\ALICEBELLA\Desktop\HMNQV2\app\components\ui\card
2025-08-31T23:32:55.815Z next:jsconfig-paths-plugin skipping request as it is an absolute path 
C:\Users\ALICEBELLA\Desktop\HMNQV2\app\components\ui\card
2025-08-31T23:32:55.815Z next:jsconfig-paths-plugin skipping request as it is an absolute path 
C:\Users\ALICEBELLA\Desktop\HMNQV2\app\components\ui\button
2025-08-31T23:32:55.815Z next:jsconfig-paths-plugin skipping request as it is an absolute path 
C:\Users\ALICEBELLA\Desktop\HMNQV2\app\components\ui\badge
2025-08-31T23:32:55.815Z next:jsconfig-paths-plugin skipping request as it is an absolute path 
C:\Users\ALICEBELLA\Desktop\HMNQV2\app\components\ui\alert
2025-08-31T23:32:55.815Z next:jsconfig-paths-plugin skipping request as it is an absolute path 
C:\Users\ALICEBELLA\Desktop\HMNQV2\app\components\ui\input
2025-08-31T23:32:55.815Z next:jsconfig-paths-plugin skipping request as it is an absolute path 
C:\Users\ALICEBELLA\Desktop\HMNQV2\app\components\ui\select
2025-08-31T23:32:55.815Z next:jsconfig-paths-plugin skipping request as it is an absolute path 
C:\Users\ALICEBELLA\Desktop\HMNQV2\app\components\ui\dialog
2025-08-31T23:32:55.815Z next:jsconfig-paths-plugin skipping request as it is an absolute path 
C:\Users\ALICEBELLA\Desktop\HMNQV2\app\components\ui\scroll-area
2025-08-31T23:32:55.815Z next:jsconfig-paths-plugin skipping request as it is an absolute path 
C:\Users\ALICEBELLA\Desktop\HMNQV2\app\components\ui\test-result-card
2025-08-31T23:32:55.818Z next:jsconfig-paths-plugin skipping request as it is an absolute path 
C:\Users\ALICEBELLA\Desktop\HMNQV2\app\components\ui\card
2025-08-31T23:32:55.818Z next:jsconfig-paths-plugin skipping request as it is an absolute path 
C:\Users\ALICEBELLA\Desktop\HMNQV2\app\components\ui\button
2025-08-31T23:32:55.818Z next:jsconfig-paths-plugin skipping request as it is an absolute path 
C:\Users\ALICEBELLA\Desktop\HMNQV2\app\components\ui\badge
2025-08-31T23:32:55.818Z next:jsconfig-paths-plugin skipping request as it is an absolute path 
C:\Users\ALICEBELLA\Desktop\HMNQV2\app\components\ui\alert
2025-08-31T23:32:55.818Z next:jsconfig-paths-plugin skipping request as it is an absolute path 
C:\Users\ALICEBELLA\Desktop\HMNQV2\app\components\ui\input
2025-08-31T23:32:55.818Z next:jsconfig-paths-plugin skipping request as it is an absolute path 
C:\Users\ALICEBELLA\Desktop\HMNQV2\app\components\ui\select
2025-08-31T23:32:55.818Z next:jsconfig-paths-plugin skipping request as it is an absolute path 
C:\Users\ALICEBELLA\Desktop\HMNQV2\app\components\ui\dialog
2025-08-31T23:32:55.818Z next:jsconfig-paths-plugin skipping request as it is an absolute path 
C:\Users\ALICEBELLA\Desktop\HMNQV2\app\components\ui\scroll-area
2025-08-31T23:32:55.818Z next:jsconfig-paths-plugin skipping request as it is an absolute path 
C:\Users\ALICEBELLA\Desktop\HMNQV2\app\components\ui\test-result-card
2025-08-31T23:32:55.822Z next:jsconfig-paths-plugin skipping request as it is an absolute path 
C:\Users\ALICEBELLA\Desktop\HMNQV2\app\components\ui\card
2025-08-31T23:32:55.822Z next:jsconfig-paths-plugin skipping request as it is an absolute path 
C:\Users\ALICEBELLA\Desktop\HMNQV2\app\components\ui\alert
2025-08-31T23:32:55.823Z next:jsconfig-paths-plugin skipping request as it is an absolute path 
C:\Users\ALICEBELLA\Desktop\HMNQV2\app\components\ui\card
2025-08-31T23:32:55.823Z next:jsconfig-paths-plugin skipping request as it is an absolute path 
C:\Users\ALICEBELLA\Desktop\HMNQV2\app\components\ui\alert
2025-08-31T23:32:55.825Z next:jsconfig-paths-plugin skipping request as it is an absolute path 
C:\Users\ALICEBELLA\Desktop\HMNQV2\app\components\ui\test-result-card
2025-08-31T23:32:55.825Z next:jsconfig-paths-plugin skipping request as it is an absolute path 
C:\Users\ALICEBELLA\Desktop\HMNQV2\app\components\ui\test-result-card
2025-08-31T23:32:55.826Z next:jsconfig-paths-plugin skipping request as it is an absolute path 
C:\Users\ALICEBELLA\Desktop\HMNQV2\app\components\ui\card
2025-08-31T23:32:55.827Z next:jsconfig-paths-plugin skipping request as it is an absolute path 
C:\Users\ALICEBELLA\Desktop\HMNQV2\app\components\ui\button
2025-08-31T23:32:55.827Z next:jsconfig-paths-plugin skipping request as it is an absolute path 
C:\Users\ALICEBELLA\Desktop\HMNQV2\app\components\ui\likert-scale
2025-08-31T23:32:55.828Z next:jsconfig-paths-plugin skipping request as it is an absolute path 
C:\Users\ALICEBELLA\Desktop\HMNQV2\app\components\ui\card
2025-08-31T23:32:55.828Z next:jsconfig-paths-plugin skipping request as it is an absolute path 
C:\Users\ALICEBELLA\Desktop\HMNQV2\app\components\ui\button
2025-08-31T23:32:55.828Z next:jsconfig-paths-plugin skipping request as it is an absolute path 
C:\Users\ALICEBELLA\Desktop\HMNQV2\app\components\ui\likert-scale
2025-08-31T23:32:55.829Z next:jsconfig-paths-plugin skipping request as it is an absolute path 
C:\Users\ALICEBELLA\Desktop\HMNQV2\app\components\ui\card
2025-08-31T23:32:55.830Z next:jsconfig-paths-plugin skipping request as it is an absolute path 
C:\Users\ALICEBELLA\Desktop\HMNQV2\app\components\ui\card
2025-08-31T23:32:55.831Z next:jsconfig-paths-plugin skipping request as it is an absolute path 
C:\Users\ALICEBELLA\Desktop\HMNQV2\app\components\ui\likert-scale
2025-08-31T23:32:55.831Z next:jsconfig-paths-plugin skipping request as it is an absolute path 
C:\Users\ALICEBELLA\Desktop\HMNQV2\app\components\ui\card
2025-08-31T23:32:55.832Z next:jsconfig-paths-plugin skipping request as it is an absolute path 
C:\Users\ALICEBELLA\Desktop\HMNQV2\app\components\ui\likert-scale
2025-08-31T23:32:55.832Z next:jsconfig-paths-plugin skipping request as it is an absolute path 
C:\Users\ALICEBELLA\Desktop\HMNQV2\app\components\ui\card
2025-08-31T23:32:55.833Z next:jsconfig-paths-plugin skipping request as it is an absolute path 
C:\Users\ALICEBELLA\Desktop\HMNQV2\app\components\ui\card
2025-08-31T23:32:55.834Z next:jsconfig-paths-plugin skipping request as it is an absolute path 
C:\Users\ALICEBELLA\Desktop\HMNQV2\app\components\ui\card
2025-08-31T23:32:55.837Z next:jsconfig-paths-plugin skipping request as it is an absolute path 
C:\Users\ALICEBELLA\Desktop\HMNQV2\app\components\ui\card
2025-08-31T23:32:55.837Z next:jsconfig-paths-plugin skipping request as it is an absolute path 
C:\Users\ALICEBELLA\Desktop\HMNQV2\app\components\ui\button
2025-08-31T23:32:55.837Z next:jsconfig-paths-plugin skipping request as it is an absolute path 
C:\Users\ALICEBELLA\Desktop\HMNQV2\app\components\ui\input
2025-08-31T23:32:55.837Z next:jsconfig-paths-plugin skipping request as it is an absolute path 
C:\Users\ALICEBELLA\Desktop\HMNQV2\app\components\ui\select
2025-08-31T23:32:55.838Z next:jsconfig-paths-plugin skipping request as it is an absolute path 
C:\Users\ALICEBELLA\Desktop\HMNQV2\app\components\ui\badge
2025-08-31T23:32:55.838Z next:jsconfig-paths-plugin skipping request as it is an absolute path 
C:\Users\ALICEBELLA\Desktop\HMNQV2\app\components\ui\tabs
2025-08-31T23:32:55.842Z next:jsconfig-paths-plugin skipping request as it is an absolute path 
C:\Users\ALICEBELLA\Desktop\HMNQV2\app\components\ui\card
2025-08-31T23:32:55.842Z next:jsconfig-paths-plugin skipping request as it is an absolute path 
C:\Users\ALICEBELLA\Desktop\HMNQV2\app\components\ui\button
2025-08-31T23:32:55.842Z next:jsconfig-paths-plugin skipping request as it is an absolute path 
C:\Users\ALICEBELLA\Desktop\HMNQV2\app\components\ui\input
2025-08-31T23:32:55.842Z next:jsconfig-paths-plugin skipping request as it is an absolute path 
C:\Users\ALICEBELLA\Desktop\HMNQV2\app\components\ui\select
2025-08-31T23:32:55.842Z next:jsconfig-paths-plugin skipping request as it is an absolute path 
C:\Users\ALICEBELLA\Desktop\HMNQV2\app\components\ui\badge
2025-08-31T23:32:55.842Z next:jsconfig-paths-plugin skipping request as it is an absolute path 
C:\Users\ALICEBELLA\Desktop\HMNQV2\app\components\ui\tabs
2025-08-31T23:32:55.845Z next:jsconfig-paths-plugin skipping request as it is an absolute path 
C:\Users\ALICEBELLA\Desktop\HMNQV2\app\components\ui\card
2025-08-31T23:32:55.847Z next:jsconfig-paths-plugin skipping request as it is an absolute path 
C:\Users\ALICEBELLA\Desktop\HMNQV2\app\components\ui\card
2025-08-31T23:32:55.848Z next:jsconfig-paths-plugin skipping request as it is a relative path 
./_components/admin-sidebar
2025-08-31T23:32:55.851Z next:jsconfig-paths-plugin skipping request as it is an absolute path 
C:\Users\ALICEBELLA\Desktop\HMNQV2\app\components\ui\button
2025-08-31T23:32:55.851Z next:jsconfig-paths-plugin skipping request as it is an absolute path 
C:\Users\ALICEBELLA\Desktop\HMNQV2\app\components\ui\button
2025-08-31T23:32:55.851Z next:jsconfig-paths-plugin skipping request as it is an absolute path 
C:\Users\ALICEBELLA\Desktop\HMNQV2\app\components\ui\button
2025-08-31T23:32:55.851Z next:jsconfig-paths-plugin skipping request as it is an absolute path 
C:\Users\ALICEBELLA\Desktop\HMNQV2\app\components\ui\button
2025-08-31T23:32:55.852Z next:jsconfig-paths-plugin skipping request as it is an absolute path 
C:\Users\ALICEBELLA\Desktop\HMNQV2\app\components\ui\button
2025-08-31T23:32:55.852Z next:jsconfig-paths-plugin skipping request as it is an absolute path 
C:\Users\ALICEBELLA\Desktop\HMNQV2\app\components\ui\button
2025-08-31T23:32:55.853Z next:jsconfig-paths-plugin skipping request as it is an absolute path 
C:\Users\ALICEBELLA\Desktop\HMNQV2\app\components\ui\button
2025-08-31T23:32:55.863Z next:jsconfig-paths-plugin skipping request as it is an absolute path 
C:\Users\ALICEBELLA\Desktop\HMNQV2\app\components\ui\button
2025-08-31T23:32:55.863Z next:jsconfig-paths-plugin skipping request as it is an absolute path 
C:\Users\ALICEBELLA\Desktop\HMNQV2\app\components\ui\button
2025-08-31T23:32:55.865Z next:jsconfig-paths-plugin skipping request as it is an absolute path 
C:\Users\ALICEBELLA\Desktop\HMNQV2\app\components\ui\button
2025-08-31T23:32:55.865Z next:jsconfig-paths-plugin skipping request as it is an absolute path 
C:\Users\ALICEBELLA\Desktop\HMNQV2\app\components\ui\button
2025-08-31T23:32:55.865Z next:jsconfig-paths-plugin skipping request as it is an absolute path 
C:\Users\ALICEBELLA\Desktop\HMNQV2\app\components\ui\button
2025-08-31T23:32:55.865Z next:jsconfig-paths-plugin skipping request as it is an absolute path 
C:\Users\ALICEBELLA\Desktop\HMNQV2\app\components\ui\button
2025-08-31T23:32:55.866Z next:jsconfig-paths-plugin skipping request as it is an absolute path 
C:\Users\ALICEBELLA\Desktop\HMNQV2\app\components\ui\button
2025-08-31T23:32:55.870Z next:jsconfig-paths-plugin skipping request as it is an absolute path 
C:\Users\ALICEBELLA\Desktop\HMNQV2\app\components\ui\document-download-button
2025-08-31T23:32:55.871Z next:jsconfig-paths-plugin skipping request as it is an absolute path 
C:\Users\ALICEBELLA\Desktop\HMNQV2\app\components\ui\document-download-button
2025-08-31T23:32:55.875Z next:jsconfig-paths-plugin skipping request as it is a relative path 
./_components/colaborador-sidebar
2025-08-31T23:32:55.883Z next:jsconfig-paths-plugin skipping request as it is an absolute path 
C:\Users\ALICEBELLA\Desktop\HMNQV2\app\components\debug\navigation-test
2025-08-31T23:32:55.884Z next:jsconfig-paths-plugin skipping request as it is an absolute path 
C:\Users\ALICEBELLA\Desktop\HMNQV2\app\components\ui\button
2025-08-31T23:32:55.884Z next:jsconfig-paths-plugin skipping request as it is an absolute path 
C:\Users\ALICEBELLA\Desktop\HMNQV2\app\components\ui\card
2025-08-31T23:32:55.885Z next:jsconfig-paths-plugin skipping request as it is an absolute path 
C:\Users\ALICEBELLA\Desktop\HMNQV2\app\lib\utils
2025-08-31T23:32:55.885Z next:jsconfig-paths-plugin skipping request as it is an absolute path 
C:\Users\ALICEBELLA\Desktop\HMNQV2\app\components\ui\input
2025-08-31T23:32:55.885Z next:jsconfig-paths-plugin skipping request as it is an absolute path 
C:\Users\ALICEBELLA\Desktop\HMNQV2\app\lib\utils
2025-08-31T23:32:55.886Z next:jsconfig-paths-plugin skipping request as it is an absolute path 
C:\Users\ALICEBELLA\Desktop\HMNQV2\app\components\ui\button
2025-08-31T23:32:55.886Z next:jsconfig-paths-plugin skipping request as it is an absolute path 
C:\Users\ALICEBELLA\Desktop\HMNQV2\app\components\ui\card
2025-08-31T23:32:55.886Z next:jsconfig-paths-plugin skipping request as it is an absolute path 
C:\Users\ALICEBELLA\Desktop\HMNQV2\app\components\ui\input
2025-08-31T23:32:55.888Z next:jsconfig-paths-plugin skipping request as it is an absolute path 
C:\Users\ALICEBELLA\Desktop\HMNQV2\app\lib\utils
2025-08-31T23:32:55.888Z next:jsconfig-paths-plugin skipping request as it is an absolute path 
C:\Users\ALICEBELLA\Desktop\HMNQV2\app\components\ui\button
2025-08-31T23:32:55.888Z next:jsconfig-paths-plugin skipping request as it is an absolute path 
C:\Users\ALICEBELLA\Desktop\HMNQV2\app\components\ui\card
2025-08-31T23:32:55.889Z next:jsconfig-paths-plugin skipping request as it is an absolute path 
C:\Users\ALICEBELLA\Desktop\HMNQV2\app\components\ui\button
2025-08-31T23:32:55.890Z next:jsconfig-paths-plugin skipping request as it is an absolute path 
C:\Users\ALICEBELLA\Desktop\HMNQV2\app\components\ui\card
2025-08-31T23:32:55.890Z next:jsconfig-paths-plugin skipping request as it is an absolute path 
C:\Users\ALICEBELLA\Desktop\HMNQV2\app\lib\utils
2025-08-31T23:32:55.892Z next:jsconfig-paths-plugin skipping request as it is a relative path 
../../../components/StaticHDMandala
2025-08-31T23:32:55.892Z next:jsconfig-paths-plugin skipping request as it is a relative path 
../../../components/StaticHDMandala
2025-08-31T23:32:55.892Z next:jsconfig-paths-plugin skipping request as it is an absolute path 
C:\Users\ALICEBELLA\Desktop\HMNQV2\app\components\ui\button
2025-08-31T23:32:55.892Z next:jsconfig-paths-plugin skipping request as it is an absolute path 
C:\Users\ALICEBELLA\Desktop\HMNQV2\app\components\ui\card
2025-08-31T23:32:55.893Z next:jsconfig-paths-plugin skipping request as it is an absolute path 
C:\Users\ALICEBELLA\Desktop\HMNQV2\app\components\ui\button
2025-08-31T23:32:55.893Z next:jsconfig-paths-plugin skipping request as it is an absolute path 
C:\Users\ALICEBELLA\Desktop\HMNQV2\app\components\ui\card
2025-08-31T23:32:55.894Z next:jsconfig-paths-plugin skipping request as it is an absolute path 
C:\Users\ALICEBELLA\Desktop\HMNQV2\app\components\ui\button
2025-08-31T23:32:55.894Z next:jsconfig-paths-plugin skipping request as it is an absolute path 
C:\Users\ALICEBELLA\Desktop\HMNQV2\app\components\ui\card
2025-08-31T23:32:55.895Z next:jsconfig-paths-plugin skipping request as it is an absolute path 
C:\Users\ALICEBELLA\Desktop\HMNQV2\app\components\ui\button
2025-08-31T23:32:55.895Z next:jsconfig-paths-plugin skipping request as it is an absolute path 
C:\Users\ALICEBELLA\Desktop\HMNQV2\app\components\ui\card
2025-08-31T23:32:55.897Z next:jsconfig-paths-plugin skipping request as it is a relative path 
./_components/admin-sidebar
2025-08-31T23:32:55.898Z next:jsconfig-paths-plugin skipping request as it is a relative path 
./components/BackupManager
2025-08-31T23:32:55.898Z next:jsconfig-paths-plugin skipping request as it is a relative path 
./components/AdvancedAnalytics
2025-08-31T23:32:55.898Z next:jsconfig-paths-plugin skipping request as it is an absolute path 
C:\Users\ALICEBELLA\Desktop\HMNQV2\app\components\ui\card
2025-08-31T23:32:55.899Z next:jsconfig-paths-plugin skipping request as it is an absolute path 
C:\Users\ALICEBELLA\Desktop\HMNQV2\app\components\ui\button
2025-08-31T23:32:55.899Z next:jsconfig-paths-plugin skipping request as it is an absolute path 
C:\Users\ALICEBELLA\Desktop\HMNQV2\app\components\ui\input
2025-08-31T23:32:55.899Z next:jsconfig-paths-plugin skipping request as it is an absolute path 
C:\Users\ALICEBELLA\Desktop\HMNQV2\app\components\ui\select
2025-08-31T23:32:55.899Z next:jsconfig-paths-plugin skipping request as it is an absolute path 
C:\Users\ALICEBELLA\Desktop\HMNQV2\app\components\ui\badge
2025-08-31T23:32:55.899Z next:jsconfig-paths-plugin skipping request as it is an absolute path 
C:\Users\ALICEBELLA\Desktop\HMNQV2\app\components\ui\tabs
2025-08-31T23:32:55.899Z next:jsconfig-paths-plugin skipping request as it is an absolute path 
C:\Users\ALICEBELLA\Desktop\HMNQV2\app\components\ui\table
2025-08-31T23:32:55.901Z next:jsconfig-paths-plugin skipping request as it is an absolute path 
C:\Users\ALICEBELLA\Desktop\HMNQV2\app\components\ui\card
2025-08-31T23:32:55.901Z next:jsconfig-paths-plugin skipping request as it is an absolute path 
C:\Users\ALICEBELLA\Desktop\HMNQV2\app\components\ui\button
2025-08-31T23:32:55.901Z next:jsconfig-paths-plugin skipping request as it is an absolute path 
C:\Users\ALICEBELLA\Desktop\HMNQV2\app\components\ui\input
2025-08-31T23:32:55.901Z next:jsconfig-paths-plugin skipping request as it is an absolute path 
C:\Users\ALICEBELLA\Desktop\HMNQV2\app\components\ui\select
2025-08-31T23:32:55.901Z next:jsconfig-paths-plugin skipping request as it is an absolute path 
C:\Users\ALICEBELLA\Desktop\HMNQV2\app\components\ui\badge
2025-08-31T23:32:55.902Z next:jsconfig-paths-plugin skipping request as it is an absolute path 
C:\Users\ALICEBELLA\Desktop\HMNQV2\app\components\ui\tabs
2025-08-31T23:32:55.902Z next:jsconfig-paths-plugin skipping request as it is an absolute path 
C:\Users\ALICEBELLA\Desktop\HMNQV2\app\components\ui\table
2025-08-31T23:32:55.904Z next:jsconfig-paths-plugin skipping request as it is an absolute path 
C:\Users\ALICEBELLA\Desktop\HMNQV2\app\components\ui\card
2025-08-31T23:32:55.904Z next:jsconfig-paths-plugin skipping request as it is an absolute path 
C:\Users\ALICEBELLA\Desktop\HMNQV2\app\components\ui\button
2025-08-31T23:32:55.905Z next:jsconfig-paths-plugin skipping request as it is an absolute path 
C:\Users\ALICEBELLA\Desktop\HMNQV2\app\components\ui\card
2025-08-31T23:32:55.905Z next:jsconfig-paths-plugin skipping request as it is an absolute path 
C:\Users\ALICEBELLA\Desktop\HMNQV2\app\components\ui\button
2025-08-31T23:32:55.907Z next:jsconfig-paths-plugin skipping request as it is a relative path 
./_components/new-invite-modal
2025-08-31T23:32:55.907Z next:jsconfig-paths-plugin skipping request as it is an absolute path 
C:\Users\ALICEBELLA\Desktop\HMNQV2\app\components\ui\button
2025-08-31T23:32:55.907Z next:jsconfig-paths-plugin skipping request as it is an absolute path 
C:\Users\ALICEBELLA\Desktop\HMNQV2\app\components\ui\table
2025-08-31T23:32:55.907Z next:jsconfig-paths-plugin skipping request as it is an absolute path 
C:\Users\ALICEBELLA\Desktop\HMNQV2\app\components\ui\card
2025-08-31T23:32:55.907Z next:jsconfig-paths-plugin skipping request as it is an absolute path 
C:\Users\ALICEBELLA\Desktop\HMNQV2\app\components\ui\badge
2025-08-31T23:32:55.908Z next:jsconfig-paths-plugin skipping request as it is an absolute path 
C:\Users\ALICEBELLA\Desktop\HMNQV2\app\components\ui\button
2025-08-31T23:32:55.908Z next:jsconfig-paths-plugin skipping request as it is an absolute path 
C:\Users\ALICEBELLA\Desktop\HMNQV2\app\components\ui\table
2025-08-31T23:32:55.908Z next:jsconfig-paths-plugin skipping request as it is an absolute path 
C:\Users\ALICEBELLA\Desktop\HMNQV2\app\components\ui\card
2025-08-31T23:32:55.908Z next:jsconfig-paths-plugin skipping request as it is an absolute path 
C:\Users\ALICEBELLA\Desktop\HMNQV2\app\components\ui\badge
2025-08-31T23:32:55.910Z next:jsconfig-paths-plugin skipping request as it is an absolute path 
C:\Users\ALICEBELLA\Desktop\HMNQV2\app\components\ui\button
2025-08-31T23:32:55.910Z next:jsconfig-paths-plugin skipping request as it is an absolute path 
C:\Users\ALICEBELLA\Desktop\HMNQV2\app\components\ui\card
2025-08-31T23:32:55.911Z next:jsconfig-paths-plugin skipping request as it is an absolute path 
C:\Users\ALICEBELLA\Desktop\HMNQV2\app\components\ui\button
2025-08-31T23:32:55.911Z next:jsconfig-paths-plugin skipping request as it is an absolute path 
C:\Users\ALICEBELLA\Desktop\HMNQV2\app\components\ui\card
2025-08-31T23:32:55.912Z next:jsconfig-paths-plugin skipping request as it is a relative path 
./_components/colaborador-sidebar
2025-08-31T23:32:55.913Z next:jsconfig-paths-plugin skipping request as it is an absolute path 
C:\Users\ALICEBELLA\Desktop\HMNQV2\app\components\ui\card
2025-08-31T23:32:55.913Z next:jsconfig-paths-plugin skipping request as it is an absolute path 
C:\Users\ALICEBELLA\Desktop\HMNQV2\app\components\ui\badge
2025-08-31T23:32:55.913Z next:jsconfig-paths-plugin skipping request as it is an absolute path 
C:\Users\ALICEBELLA\Desktop\HMNQV2\app\components\ui\button
2025-08-31T23:32:55.913Z next:jsconfig-paths-plugin skipping request as it is an absolute path 
C:\Users\ALICEBELLA\Desktop\HMNQV2\app\components\ui\input
2025-08-31T23:32:55.914Z next:jsconfig-paths-plugin skipping request as it is an absolute path 
C:\Users\ALICEBELLA\Desktop\HMNQV2\app\components\ui\card
2025-08-31T23:32:55.914Z next:jsconfig-paths-plugin skipping request as it is an absolute path 
C:\Users\ALICEBELLA\Desktop\HMNQV2\app\components\ui\badge
2025-08-31T23:32:55.914Z next:jsconfig-paths-plugin skipping request as it is an absolute path 
C:\Users\ALICEBELLA\Desktop\HMNQV2\app\components\ui\button
2025-08-31T23:32:55.914Z next:jsconfig-paths-plugin skipping request as it is an absolute path 
C:\Users\ALICEBELLA\Desktop\HMNQV2\app\components\ui\input
2025-08-31T23:32:55.916Z next:jsconfig-paths-plugin skipping request as it is an absolute path 
C:\Users\ALICEBELLA\Desktop\HMNQV2\app\components\ui\card
2025-08-31T23:32:55.916Z next:jsconfig-paths-plugin skipping request as it is an absolute path 
C:\Users\ALICEBELLA\Desktop\HMNQV2\app\components\ui\button
2025-08-31T23:32:55.917Z next:jsconfig-paths-plugin skipping request as it is an absolute path 
C:\Users\ALICEBELLA\Desktop\HMNQV2\app\components\ui\card
2025-08-31T23:32:55.917Z next:jsconfig-paths-plugin skipping request as it is an absolute path 
C:\Users\ALICEBELLA\Desktop\HMNQV2\app\components\ui\button
2025-08-31T23:32:55.918Z next:jsconfig-paths-plugin skipping request as it is an absolute path 
C:\Users\ALICEBELLA\Desktop\HMNQV2\app\components\indicador-saude-psicossocial
2025-08-31T23:32:55.919Z next:jsconfig-paths-plugin skipping request as it is an absolute path 
C:\Users\ALICEBELLA\Desktop\HMNQV2\app\components\indicador-saude-psicossocial
2025-08-31T23:32:55.921Z next:jsconfig-paths-plugin skipping request as it is an absolute path 
C:\Users\ALICEBELLA\Desktop\HMNQV2\app\components\ui\badge
2025-08-31T23:32:55.921Z next:jsconfig-paths-plugin skipping request as it is an absolute path 
C:\Users\ALICEBELLA\Desktop\HMNQV2\app\components\ui\badge
2025-08-31T23:32:55.921Z next:jsconfig-paths-plugin skipping request as it is an absolute path 
C:\Users\ALICEBELLA\Desktop\HMNQV2\app\components\ui\badge
2025-08-31T23:32:55.921Z next:jsconfig-paths-plugin skipping request as it is an absolute path 
C:\Users\ALICEBELLA\Desktop\HMNQV2\app\components\ui\badge
2025-08-31T23:32:55.921Z next:jsconfig-paths-plugin skipping request as it is an absolute path 
C:\Users\ALICEBELLA\Desktop\HMNQV2\app\components\ui\badge
2025-08-31T23:32:55.921Z next:jsconfig-paths-plugin skipping request as it is an absolute path 
C:\Users\ALICEBELLA\Desktop\HMNQV2\app\components\ui\badge
2025-08-31T23:32:55.923Z next:jsconfig-paths-plugin skipping request as it is an absolute path 
C:\Users\ALICEBELLA\Desktop\HMNQV2\app\components\ui\badge
2025-08-31T23:32:55.923Z next:jsconfig-paths-plugin skipping request as it is an absolute path 
C:\Users\ALICEBELLA\Desktop\HMNQV2\app\components\ui\badge
2025-08-31T23:32:55.924Z next:jsconfig-paths-plugin skipping request as it is an absolute path 
C:\Users\ALICEBELLA\Desktop\HMNQV2\app\components\ui\badge
2025-08-31T23:32:55.924Z next:jsconfig-paths-plugin skipping request as it is an absolute path 
C:\Users\ALICEBELLA\Desktop\HMNQV2\app\components\ui\badge
2025-08-31T23:32:55.924Z next:jsconfig-paths-plugin skipping request as it is an absolute path 
C:\Users\ALICEBELLA\Desktop\HMNQV2\app\components\ui\badge
2025-08-31T23:32:55.924Z next:jsconfig-paths-plugin skipping request as it is an absolute path 
C:\Users\ALICEBELLA\Desktop\HMNQV2\app\components\ui\badge
2025-08-31T23:32:55.930Z next:jsconfig-paths-plugin skipping request as it is an absolute path 
C:\Users\ALICEBELLA\Desktop\HMNQV2\app\components\ui\input
2025-08-31T23:32:55.930Z next:jsconfig-paths-plugin skipping request as it is an absolute path 
C:\Users\ALICEBELLA\Desktop\HMNQV2\app\components\ui\input
2025-08-31T23:32:55.930Z next:jsconfig-paths-plugin skipping request as it is an absolute path 
C:\Users\ALICEBELLA\Desktop\HMNQV2\app\components\ui\input
2025-08-31T23:32:55.930Z next:jsconfig-paths-plugin skipping request as it is an absolute path 
C:\Users\ALICEBELLA\Desktop\HMNQV2\app\components\ui\input
2025-08-31T23:32:55.930Z next:jsconfig-paths-plugin skipping request as it is an absolute path 
C:\Users\ALICEBELLA\Desktop\HMNQV2\app\components\ui\input
2025-08-31T23:32:55.931Z next:jsconfig-paths-plugin skipping request as it is an absolute path 
C:\Users\ALICEBELLA\Desktop\HMNQV2\app\components\ui\input
2025-08-31T23:32:55.932Z next:jsconfig-paths-plugin skipping request as it is an absolute path 
C:\Users\ALICEBELLA\Desktop\HMNQV2\app\components\ui\input
2025-08-31T23:32:55.932Z next:jsconfig-paths-plugin skipping request as it is an absolute path 
C:\Users\ALICEBELLA\Desktop\HMNQV2\app\components\ui\input
2025-08-31T23:32:55.932Z next:jsconfig-paths-plugin skipping request as it is an absolute path 
C:\Users\ALICEBELLA\Desktop\HMNQV2\app\components\ui\input
2025-08-31T23:32:55.932Z next:jsconfig-paths-plugin skipping request as it is an absolute path 
C:\Users\ALICEBELLA\Desktop\HMNQV2\app\components\ui\input
2025-08-31T23:32:55.934Z next:jsconfig-paths-plugin skipping request as it is an absolute path 
C:\Users\ALICEBELLA\Desktop\HMNQV2\app\components\ui\select
2025-08-31T23:32:55.934Z next:jsconfig-paths-plugin skipping request as it is an absolute path 
C:\Users\ALICEBELLA\Desktop\HMNQV2\app\components\ui\select
2025-08-31T23:32:55.934Z next:jsconfig-paths-plugin skipping request as it is an absolute path 
C:\Users\ALICEBELLA\Desktop\HMNQV2\app\components\ui\select
2025-08-31T23:32:55.936Z next:jsconfig-paths-plugin skipping request as it is an absolute path 
C:\Users\ALICEBELLA\Desktop\HMNQV2\app\components\ui\select
2025-08-31T23:32:55.937Z next:jsconfig-paths-plugin skipping request as it is an absolute path 
C:\Users\ALICEBELLA\Desktop\HMNQV2\app\components\ui\select
2025-08-31T23:32:55.937Z next:jsconfig-paths-plugin skipping request as it is an absolute path 
C:\Users\ALICEBELLA\Desktop\HMNQV2\app\components\ui\select
2025-08-31T23:32:55.939Z next:jsconfig-paths-plugin skipping request as it is an absolute path 
C:\Users\ALICEBELLA\Desktop\HMNQV2\app\components\ui\dialog
2025-08-31T23:32:55.939Z next:jsconfig-paths-plugin skipping request as it is an absolute path 
C:\Users\ALICEBELLA\Desktop\HMNQV2\app\components\ui\dialog
2025-08-31T23:32:55.940Z next:jsconfig-paths-plugin skipping request as it is an absolute path 
C:\Users\ALICEBELLA\Desktop\HMNQV2\app\components\ui\scroll-area
2025-08-31T23:32:55.941Z next:jsconfig-paths-plugin skipping request as it is an absolute path 
C:\Users\ALICEBELLA\Desktop\HMNQV2\app\components\ui\scroll-area
2025-08-31T23:32:55.942Z next:jsconfig-paths-plugin skipping request as it is an absolute path 
C:\Users\ALICEBELLA\Desktop\HMNQV2\app\components\ui\test-result-card
2025-08-31T23:32:55.942Z next:jsconfig-paths-plugin skipping request as it is an absolute path 
C:\Users\ALICEBELLA\Desktop\HMNQV2\app\components\ui\test-result-card
2025-08-31T23:32:55.943Z next:jsconfig-paths-plugin skipping request as it is an absolute path 
C:\Users\ALICEBELLA\Desktop\HMNQV2\app\components\ui\test-result-card
2025-08-31T23:32:55.943Z next:jsconfig-paths-plugin skipping request as it is an absolute path 
C:\Users\ALICEBELLA\Desktop\HMNQV2\app\components\ui\test-result-card
2025-08-31T23:32:55.944Z next:jsconfig-paths-plugin skipping request as it is an absolute path 
C:\Users\ALICEBELLA\Desktop\HMNQV2\app\components\ui\likert-scale
2025-08-31T23:32:55.944Z next:jsconfig-paths-plugin skipping request as it is an absolute path 
C:\Users\ALICEBELLA\Desktop\HMNQV2\app\components\ui\likert-scale
2025-08-31T23:32:55.945Z next:jsconfig-paths-plugin skipping request as it is an absolute path 
C:\Users\ALICEBELLA\Desktop\HMNQV2\app\components\ui\likert-scale
2025-08-31T23:32:55.945Z next:jsconfig-paths-plugin skipping request as it is an absolute path 
C:\Users\ALICEBELLA\Desktop\HMNQV2\app\components\ui\likert-scale
2025-08-31T23:32:55.946Z next:jsconfig-paths-plugin skipping request as it is an absolute path 
C:\Users\ALICEBELLA\Desktop\HMNQV2\app\components\ui\tabs
2025-08-31T23:32:55.946Z next:jsconfig-paths-plugin skipping request as it is an absolute path 
C:\Users\ALICEBELLA\Desktop\HMNQV2\app\components\ui\tabs
2025-08-31T23:32:55.947Z next:jsconfig-paths-plugin skipping request as it is an absolute path 
C:\Users\ALICEBELLA\Desktop\HMNQV2\app\components\ui\tabs
2025-08-31T23:32:55.947Z next:jsconfig-paths-plugin skipping request as it is an absolute path 
C:\Users\ALICEBELLA\Desktop\HMNQV2\app\components\ui\tabs
2025-08-31T23:32:55.953Z next:jsconfig-paths-plugin skipping request as it is a relative path 
./components/BackupManager
2025-08-31T23:32:55.953Z next:jsconfig-paths-plugin skipping request as it is a relative path 
./components/AdvancedAnalytics
2025-08-31T23:32:55.955Z next:jsconfig-paths-plugin skipping request as it is a relative path 
./_components/new-invite-modal
2025-08-31T23:32:55.956Z next:jsconfig-paths-plugin skipping request as it is an absolute path 
C:\Users\ALICEBELLA\Desktop\HMNQV2\app\components\ui\button
2025-08-31T23:32:55.957Z next:jsconfig-paths-plugin skipping request as it is an absolute path 
C:\Users\ALICEBELLA\Desktop\HMNQV2\app\components\ui\card
2025-08-31T23:32:55.957Z next:jsconfig-paths-plugin skipping request as it is an absolute path 
C:\Users\ALICEBELLA\Desktop\HMNQV2\app\components\ui\badge
2025-08-31T23:32:55.957Z next:jsconfig-paths-plugin skipping request as it is an absolute path 
C:\Users\ALICEBELLA\Desktop\HMNQV2\app\components\ui\progress
2025-08-31T23:32:55.957Z next:jsconfig-paths-plugin skipping request as it is an absolute path 
C:\Users\ALICEBELLA\Desktop\HMNQV2\app\components\ui\button
2025-08-31T23:32:55.957Z next:jsconfig-paths-plugin skipping request as it is an absolute path 
C:\Users\ALICEBELLA\Desktop\HMNQV2\app\components\ui\card
2025-08-31T23:32:55.957Z next:jsconfig-paths-plugin skipping request as it is an absolute path 
C:\Users\ALICEBELLA\Desktop\HMNQV2\app\components\ui\button
2025-08-31T23:32:55.959Z next:jsconfig-paths-plugin skipping request as it is an absolute path 
C:\Users\ALICEBELLA\Desktop\HMNQV2\app\components\ui\button
2025-08-31T23:32:55.959Z next:jsconfig-paths-plugin skipping request as it is an absolute path 
C:\Users\ALICEBELLA\Desktop\HMNQV2\app\components\ui\card
2025-08-31T23:32:55.959Z next:jsconfig-paths-plugin skipping request as it is an absolute path 
C:\Users\ALICEBELLA\Desktop\HMNQV2\app\components\ui\badge
2025-08-31T23:32:55.959Z next:jsconfig-paths-plugin skipping request as it is an absolute path 
C:\Users\ALICEBELLA\Desktop\HMNQV2\app\components\ui\progress
2025-08-31T23:32:55.960Z next:jsconfig-paths-plugin skipping request as it is an absolute path 
C:\Users\ALICEBELLA\Desktop\HMNQV2\app\components\ui\button
2025-08-31T23:32:55.960Z next:jsconfig-paths-plugin skipping request as it is an absolute path 
C:\Users\ALICEBELLA\Desktop\HMNQV2\app\components\ui\card
2025-08-31T23:32:55.960Z next:jsconfig-paths-plugin skipping request as it is an absolute path 
C:\Users\ALICEBELLA\Desktop\HMNQV2\app\components\ui\button
2025-08-31T23:32:55.963Z next:jsconfig-paths-plugin skipping request as it is an absolute path 
C:\Users\ALICEBELLA\Desktop\HMNQV2\app\components\ui\button
2025-08-31T23:32:55.963Z next:jsconfig-paths-plugin skipping request as it is an absolute path 
C:\Users\ALICEBELLA\Desktop\HMNQV2\app\components\ui\card
2025-08-31T23:32:55.963Z next:jsconfig-paths-plugin skipping request as it is an absolute path 
C:\Users\ALICEBELLA\Desktop\HMNQV2\app\components\ui\badge
2025-08-31T23:32:55.964Z next:jsconfig-paths-plugin skipping request as it is an absolute path 
C:\Users\ALICEBELLA\Desktop\HMNQV2\app\components\ui\button
2025-08-31T23:32:55.964Z next:jsconfig-paths-plugin skipping request as it is an absolute path 
C:\Users\ALICEBELLA\Desktop\HMNQV2\app\components\ui\card
2025-08-31T23:32:55.964Z next:jsconfig-paths-plugin skipping request as it is an absolute path 
C:\Users\ALICEBELLA\Desktop\HMNQV2\app\components\ui\button
2025-08-31T23:32:55.966Z next:jsconfig-paths-plugin skipping request as it is an absolute path 
C:\Users\ALICEBELLA\Desktop\HMNQV2\app\components\ui\button
2025-08-31T23:32:55.966Z next:jsconfig-paths-plugin skipping request as it is an absolute path 
C:\Users\ALICEBELLA\Desktop\HMNQV2\app\components\ui\card
2025-08-31T23:32:55.966Z next:jsconfig-paths-plugin skipping request as it is an absolute path 
C:\Users\ALICEBELLA\Desktop\HMNQV2\app\components\ui\badge
2025-08-31T23:32:55.967Z next:jsconfig-paths-plugin skipping request as it is an absolute path 
C:\Users\ALICEBELLA\Desktop\HMNQV2\app\components\ui\button
2025-08-31T23:32:55.967Z next:jsconfig-paths-plugin skipping request as it is an absolute path 
C:\Users\ALICEBELLA\Desktop\HMNQV2\app\components\ui\card
2025-08-31T23:32:55.967Z next:jsconfig-paths-plugin skipping request as it is an absolute path 
C:\Users\ALICEBELLA\Desktop\HMNQV2\app\components\ui\button
2025-08-31T23:32:55.973Z next:jsconfig-paths-plugin skipping request as it is an absolute path 
C:\Users\ALICEBELLA\Desktop\HMNQV2\app\hooks\useTests
2025-08-31T23:32:55.973Z next:jsconfig-paths-plugin skipping request as it is an absolute path 
C:\Users\ALICEBELLA\Desktop\HMNQV2\app\components\ui\advanced-particle-background
2025-08-31T23:32:55.974Z next:jsconfig-paths-plugin skipping request as it is an absolute path 
C:\Users\ALICEBELLA\Desktop\HMNQV2\app\components\ui\advanced-particle-background
2025-08-31T23:32:55.975Z next:jsconfig-paths-plugin skipping request as it is an absolute path 
C:\Users\ALICEBELLA\Desktop\HMNQV2\app\components\debug\navigation-test
2025-08-31T23:32:55.976Z next:jsconfig-paths-plugin skipping request as it is an absolute path 
C:\Users\ALICEBELLA\Desktop\HMNQV2\app\components\debug\navigation-test
2025-08-31T23:32:55.976Z next:jsconfig-paths-plugin skipping request as it is a relative path 
../../../components/StaticHDMandala
2025-08-31T23:32:55.977Z next:jsconfig-paths-plugin skipping request as it is a relative path 
../../../components/StaticHDMandala
2025-08-31T23:32:55.977Z next:jsconfig-paths-plugin skipping request as it is a relative path 
./_components/admin-sidebar
2025-08-31T23:32:55.978Z next:jsconfig-paths-plugin skipping request as it is a relative path 
./_components/admin-sidebar
2025-08-31T23:32:55.978Z next:jsconfig-paths-plugin skipping request as it is an absolute path 
C:\Users\ALICEBELLA\Desktop\HMNQV2\app\components\ui\table
2025-08-31T23:32:55.978Z next:jsconfig-paths-plugin skipping request as it is an absolute path 
C:\Users\ALICEBELLA\Desktop\HMNQV2\app\components\ui\table
2025-08-31T23:32:55.979Z next:jsconfig-paths-plugin skipping request as it is an absolute path 
C:\Users\ALICEBELLA\Desktop\HMNQV2\app\components\ui\table
2025-08-31T23:32:55.979Z next:jsconfig-paths-plugin skipping request as it is an absolute path 
C:\Users\ALICEBELLA\Desktop\HMNQV2\app\components\ui\table
2025-08-31T23:32:55.980Z next:jsconfig-paths-plugin skipping request as it is a relative path 
./_components/colaborador-sidebar
2025-08-31T23:32:55.981Z next:jsconfig-paths-plugin skipping request as it is a relative path 
./_components/colaborador-sidebar
2025-08-31T23:32:55.989Z next:jsconfig-paths-plugin skipping request as it is an absolute path 
C:\Users\ALICEBELLA\Desktop\HMNQV2\app\components\ui\button
2025-08-31T23:32:55.990Z next:jsconfig-paths-plugin skipping request as it is an absolute path 
C:\Users\ALICEBELLA\Desktop\HMNQV2\app\components\ui\button
2025-08-31T23:32:55.990Z next:jsconfig-paths-plugin skipping request as it is an absolute path 
C:\Users\ALICEBELLA\Desktop\HMNQV2\app\components\ui\button
2025-08-31T23:32:55.991Z next:jsconfig-paths-plugin skipping request as it is an absolute path 
C:\Users\ALICEBELLA\Desktop\HMNQV2\app\components\ui\button
2025-08-31T23:32:55.994Z next:jsconfig-paths-plugin skipping request as it is an absolute path 
C:\Users\ALICEBELLA\Desktop\HMNQV2\app\components\ui\card
2025-08-31T23:32:55.994Z next:jsconfig-paths-plugin skipping request as it is an absolute path 
C:\Users\ALICEBELLA\Desktop\HMNQV2\app\components\ui\progress
2025-08-31T23:32:55.994Z next:jsconfig-paths-plugin skipping request as it is an absolute path 
C:\Users\ALICEBELLA\Desktop\HMNQV2\app\components\ui\alert
2025-08-31T23:32:55.994Z next:jsconfig-paths-plugin skipping request as it is an absolute path 
C:\Users\ALICEBELLA\Desktop\HMNQV2\app\hooks\useTests
2025-08-31T23:32:55.994Z next:jsconfig-paths-plugin skipping request as it is an absolute path 
C:\Users\ALICEBELLA\Desktop\HMNQV2\app\components\ui\card
2025-08-31T23:32:55.994Z next:jsconfig-paths-plugin skipping request as it is an absolute path 
C:\Users\ALICEBELLA\Desktop\HMNQV2\app\components\ui\button
2025-08-31T23:32:55.994Z next:jsconfig-paths-plugin skipping request as it is an absolute path 
C:\Users\ALICEBELLA\Desktop\HMNQV2\app\components\ui\progress
2025-08-31T23:32:55.995Z next:jsconfig-paths-plugin skipping request as it is an absolute path 
C:\Users\ALICEBELLA\Desktop\HMNQV2\app\components\ui\alert
2025-08-31T23:32:55.995Z next:jsconfig-paths-plugin skipping request as it is an absolute path 
C:\Users\ALICEBELLA\Desktop\HMNQV2\app\components\ui\likert-scale
2025-08-31T23:32:56.000Z next:jsconfig-paths-plugin skipping request as it is an absolute path 
C:\Users\ALICEBELLA\Desktop\HMNQV2\app\components\ui\card
2025-08-31T23:32:56.000Z next:jsconfig-paths-plugin skipping request as it is an absolute path 
C:\Users\ALICEBELLA\Desktop\HMNQV2\app\components\ui\progress
2025-08-31T23:32:56.000Z next:jsconfig-paths-plugin skipping request as it is an absolute path 
C:\Users\ALICEBELLA\Desktop\HMNQV2\app\components\ui\alert
2025-08-31T23:32:56.001Z next:jsconfig-paths-plugin skipping request as it is an absolute path 
C:\Users\ALICEBELLA\Desktop\HMNQV2\app\components\ui\card
2025-08-31T23:32:56.001Z next:jsconfig-paths-plugin skipping request as it is an absolute path 
C:\Users\ALICEBELLA\Desktop\HMNQV2\app\components\ui\button
2025-08-31T23:32:56.001Z next:jsconfig-paths-plugin skipping request as it is an absolute path 
C:\Users\ALICEBELLA\Desktop\HMNQV2\app\components\ui\progress
2025-08-31T23:32:56.001Z next:jsconfig-paths-plugin skipping request as it is an absolute path 
C:\Users\ALICEBELLA\Desktop\HMNQV2\app\components\ui\alert
2025-08-31T23:32:56.001Z next:jsconfig-paths-plugin skipping request as it is an absolute path 
C:\Users\ALICEBELLA\Desktop\HMNQV2\app\components\ui\likert-scale
2025-08-31T23:32:56.004Z next:jsconfig-paths-plugin skipping request as it is an absolute path 
C:\Users\ALICEBELLA\Desktop\HMNQV2\app\components\ui\card
2025-08-31T23:32:56.005Z next:jsconfig-paths-plugin skipping request as it is an absolute path 
C:\Users\ALICEBELLA\Desktop\HMNQV2\app\components\ui\alert
2025-08-31T23:32:56.005Z next:jsconfig-paths-plugin skipping request as it is an absolute path 
C:\Users\ALICEBELLA\Desktop\HMNQV2\app\components\ui\card
2025-08-31T23:32:56.005Z next:jsconfig-paths-plugin skipping request as it is an absolute path 
C:\Users\ALICEBELLA\Desktop\HMNQV2\app\components\ui\button
2025-08-31T23:32:56.005Z next:jsconfig-paths-plugin skipping request as it is an absolute path 
C:\Users\ALICEBELLA\Desktop\HMNQV2\app\components\ui\alert
2025-08-31T23:32:56.005Z next:jsconfig-paths-plugin skipping request as it is an absolute path 
C:\Users\ALICEBELLA\Desktop\HMNQV2\app\components\ui\likert-scale
2025-08-31T23:32:56.007Z next:jsconfig-paths-plugin skipping request as it is an absolute path 
C:\Users\ALICEBELLA\Desktop\HMNQV2\app\components\ui\card
2025-08-31T23:32:56.007Z next:jsconfig-paths-plugin skipping request as it is an absolute path 
C:\Users\ALICEBELLA\Desktop\HMNQV2\app\components\ui\alert
2025-08-31T23:32:56.008Z next:jsconfig-paths-plugin skipping request as it is an absolute path 
C:\Users\ALICEBELLA\Desktop\HMNQV2\app\components\ui\card
2025-08-31T23:32:56.008Z next:jsconfig-paths-plugin skipping request as it is an absolute path 
C:\Users\ALICEBELLA\Desktop\HMNQV2\app\components\ui\button
2025-08-31T23:32:56.008Z next:jsconfig-paths-plugin skipping request as it is an absolute path 
C:\Users\ALICEBELLA\Desktop\HMNQV2\app\components\ui\alert
2025-08-31T23:32:56.008Z next:jsconfig-paths-plugin skipping request as it is an absolute path 
C:\Users\ALICEBELLA\Desktop\HMNQV2\app\components\ui\likert-scale
2025-08-31T23:32:56.017Z next:jsconfig-paths-plugin skipping request as it is a relative path 
./components/BackupManager
2025-08-31T23:32:56.018Z next:jsconfig-paths-plugin skipping request as it is a relative path 
./components/BackupManager
2025-08-31T23:32:56.018Z next:jsconfig-paths-plugin skipping request as it is a relative path 
./components/AdvancedAnalytics
2025-08-31T23:32:56.018Z next:jsconfig-paths-plugin skipping request as it is a relative path 
./components/AdvancedAnalytics
2025-08-31T23:32:56.019Z next:jsconfig-paths-plugin skipping request as it is a relative path 
./_components/new-invite-modal
2025-08-31T23:32:56.019Z next:jsconfig-paths-plugin skipping request as it is a relative path 
./_components/new-invite-modal
2025-08-31T23:32:56.025Z next:jsconfig-paths-plugin skipping request as it is an absolute path 
C:\Users\ALICEBELLA\Desktop\HMNQV2\app\hooks\useTests
2025-08-31T23:32:56.025Z next:jsconfig-paths-plugin skipping request as it is an absolute path 
C:\Users\ALICEBELLA\Desktop\HMNQV2\app\hooks\useTests
2025-08-31T23:32:56.026Z next:jsconfig-paths-plugin skipping request as it is an absolute path 
C:\Users\ALICEBELLA\Desktop\HMNQV2\app\components\ui\card
2025-08-31T23:32:56.026Z next:jsconfig-paths-plugin skipping request as it is an absolute path 
C:\Users\ALICEBELLA\Desktop\HMNQV2\app\components\ui\button
2025-08-31T23:32:56.026Z next:jsconfig-paths-plugin skipping request as it is an absolute path 
C:\Users\ALICEBELLA\Desktop\HMNQV2\app\components\ui\progress
2025-08-31T23:32:56.026Z next:jsconfig-paths-plugin skipping request as it is an absolute path 
C:\Users\ALICEBELLA\Desktop\HMNQV2\app\components\ui\alert
2025-08-31T23:32:56.027Z next:jsconfig-paths-plugin skipping request as it is an absolute path 
C:\Users\ALICEBELLA\Desktop\HMNQV2\app\components\ui\card
2025-08-31T23:32:56.027Z next:jsconfig-paths-plugin skipping request as it is an absolute path 
C:\Users\ALICEBELLA\Desktop\HMNQV2\app\components\ui\button
2025-08-31T23:32:56.027Z next:jsconfig-paths-plugin skipping request as it is an absolute path 
C:\Users\ALICEBELLA\Desktop\HMNQV2\app\components\ui\progress
2025-08-31T23:32:56.027Z next:jsconfig-paths-plugin skipping request as it is an absolute path 
C:\Users\ALICEBELLA\Desktop\HMNQV2\app\components\ui\alert
2025-08-31T23:32:56.028Z next:jsconfig-paths-plugin skipping request as it is an absolute path 
C:\Users\ALICEBELLA\Desktop\HMNQV2\app\components\ui\card
2025-08-31T23:32:56.028Z next:jsconfig-paths-plugin skipping request as it is an absolute path 
C:\Users\ALICEBELLA\Desktop\HMNQV2\app\components\ui\button
2025-08-31T23:32:56.028Z next:jsconfig-paths-plugin skipping request as it is an absolute path 
C:\Users\ALICEBELLA\Desktop\HMNQV2\app\components\ui\alert
2025-08-31T23:32:56.029Z next:jsconfig-paths-plugin skipping request as it is an absolute path 
C:\Users\ALICEBELLA\Desktop\HMNQV2\app\components\ui\card
2025-08-31T23:32:56.029Z next:jsconfig-paths-plugin skipping request as it is an absolute path 
C:\Users\ALICEBELLA\Desktop\HMNQV2\app\components\ui\button
2025-08-31T23:32:56.029Z next:jsconfig-paths-plugin skipping request as it is an absolute path 
C:\Users\ALICEBELLA\Desktop\HMNQV2\app\components\ui\alert
2025-08-31T23:32:56.031Z next:jsconfig-paths-plugin skipping request as it is an absolute path 
C:\Users\ALICEBELLA\Desktop\HMNQV2\app\components\ui\card
2025-08-31T23:32:56.031Z next:jsconfig-paths-plugin skipping request as it is an absolute path 
C:\Users\ALICEBELLA\Desktop\HMNQV2\app\components\ui\button
2025-08-31T23:32:56.031Z next:jsconfig-paths-plugin skipping request as it is an absolute path 
C:\Users\ALICEBELLA\Desktop\HMNQV2\app\components\ui\button
2025-08-31T23:32:56.031Z next:jsconfig-paths-plugin skipping request as it is an absolute path 
C:\Users\ALICEBELLA\Desktop\HMNQV2\app\components\ui\input
2025-08-31T23:32:56.032Z next:jsconfig-paths-plugin skipping request as it is an absolute path 
C:\Users\ALICEBELLA\Desktop\HMNQV2\app\components\ui\card
2025-08-31T23:32:56.032Z next:jsconfig-paths-plugin skipping request as it is an absolute path 
C:\Users\ALICEBELLA\Desktop\HMNQV2\app\components\ui\button
2025-08-31T23:32:56.032Z next:jsconfig-paths-plugin skipping request as it is an absolute path 
C:\Users\ALICEBELLA\Desktop\HMNQV2\app\components\ui\button
2025-08-31T23:32:56.032Z next:jsconfig-paths-plugin skipping request as it is an absolute path 
C:\Users\ALICEBELLA\Desktop\HMNQV2\app\components\ui\input
2025-08-31T23:32:56.033Z next:jsconfig-paths-plugin skipping request as it is an absolute path 
C:\Users\ALICEBELLA\Desktop\HMNQV2\app\components\ui\card
2025-08-31T23:32:56.034Z next:jsconfig-paths-plugin skipping request as it is an absolute path 
C:\Users\ALICEBELLA\Desktop\HMNQV2\app\components\ui\button
2025-08-31T23:32:56.034Z next:jsconfig-paths-plugin skipping request as it is an absolute path 
C:\Users\ALICEBELLA\Desktop\HMNQV2\app\components\ui\button
2025-08-31T23:32:56.034Z next:jsconfig-paths-plugin skipping request as it is an absolute path 
C:\Users\ALICEBELLA\Desktop\HMNQV2\app\components\ui\input
2025-08-31T23:32:56.034Z next:jsconfig-paths-plugin skipping request as it is an absolute path 
C:\Users\ALICEBELLA\Desktop\HMNQV2\app\components\ui\card
2025-08-31T23:32:56.034Z next:jsconfig-paths-plugin skipping request as it is an absolute path 
C:\Users\ALICEBELLA\Desktop\HMNQV2\app\components\ui\button
2025-08-31T23:32:56.035Z next:jsconfig-paths-plugin skipping request as it is an absolute path 
C:\Users\ALICEBELLA\Desktop\HMNQV2\app\components\ui\button
2025-08-31T23:32:56.035Z next:jsconfig-paths-plugin skipping request as it is an absolute path 
C:\Users\ALICEBELLA\Desktop\HMNQV2\app\components\ui\input
2025-08-31T23:32:56.037Z next:jsconfig-paths-plugin skipping request as it is an absolute path 
C:\Users\ALICEBELLA\Desktop\HMNQV2\app\components\ui\progress
2025-08-31T23:32:56.037Z next:jsconfig-paths-plugin skipping request as it is an absolute path 
C:\Users\ALICEBELLA\Desktop\HMNQV2\app\components\ui\progress
2025-08-31T23:32:56.038Z next:jsconfig-paths-plugin skipping request as it is an absolute path 
C:\Users\ALICEBELLA\Desktop\HMNQV2\app\components\ui\progress
2025-08-31T23:32:56.038Z next:jsconfig-paths-plugin skipping request as it is an absolute path 
C:\Users\ALICEBELLA\Desktop\HMNQV2\app\components\ui\progress
2025-08-31T23:32:56.039Z next:jsconfig-paths-plugin skipping request as it is an absolute path 
C:\Users\ALICEBELLA\Desktop\HMNQV2\app\components\ui\progress
2025-08-31T23:32:56.039Z next:jsconfig-paths-plugin skipping request as it is an absolute path 
C:\Users\ALICEBELLA\Desktop\HMNQV2\app\components\ui\progress
2025-08-31T23:32:56.040Z next:jsconfig-paths-plugin skipping request as it is an absolute path 
C:\Users\ALICEBELLA\Desktop\HMNQV2\app\components\ui\progress
2025-08-31T23:32:56.040Z next:jsconfig-paths-plugin skipping request as it is an absolute path 
C:\Users\ALICEBELLA\Desktop\HMNQV2\app\components\ui\progress
2025-08-31T23:32:56.042Z next:jsconfig-paths-plugin skipping request as it is an absolute path 
C:\Users\ALICEBELLA\Desktop\HMNQV2\app\components\ui\advanced-particle-background
2025-08-31T23:32:56.042Z next:jsconfig-paths-plugin skipping request as it is an absolute path 
C:\Users\ALICEBELLA\Desktop\HMNQV2\app\components\ui\advanced-particle-background
2025-08-31T23:32:56.046Z next:jsconfig-paths-plugin skipping request as it is an absolute path 
C:\Users\ALICEBELLA\Desktop\HMNQV2\app\components\ui\test-card
2025-08-31T23:32:56.047Z next:jsconfig-paths-plugin skipping request as it is an absolute path 
C:\Users\ALICEBELLA\Desktop\HMNQV2\app\components\ui\test-card
2025-08-31T23:32:56.057Z next:jsconfig-paths-plugin skipping request as it is an absolute path 
C:\Users\ALICEBELLA\Desktop\HMNQV2\app\components\ui\button
2025-08-31T23:32:56.057Z next:jsconfig-paths-plugin skipping request as it is an absolute path 
C:\Users\ALICEBELLA\Desktop\HMNQV2\app\components\ui\card
2025-08-31T23:32:56.057Z next:jsconfig-paths-plugin skipping request as it is an absolute path 
C:\Users\ALICEBELLA\Desktop\HMNQV2\app\components\ui\advanced-particle-background
2025-08-31T23:32:56.058Z next:jsconfig-paths-plugin skipping request as it is an absolute path 
C:\Users\ALICEBELLA\Desktop\HMNQV2\app\components\ui\button
2025-08-31T23:32:56.058Z next:jsconfig-paths-plugin skipping request as it is an absolute path 
C:\Users\ALICEBELLA\Desktop\HMNQV2\app\components\ui\card
2025-08-31T23:32:56.058Z next:jsconfig-paths-plugin skipping request as it is an absolute path 
C:\Users\ALICEBELLA\Desktop\HMNQV2\app\components\ui\advanced-particle-background
2025-08-31T23:32:56.059Z next:jsconfig-paths-plugin skipping request as it is an absolute path 
C:\Users\ALICEBELLA\Desktop\HMNQV2\app\components\ui\button
2025-08-31T23:32:56.059Z next:jsconfig-paths-plugin skipping request as it is an absolute path 
C:\Users\ALICEBELLA\Desktop\HMNQV2\app\components\ui\card
2025-08-31T23:32:56.059Z next:jsconfig-paths-plugin skipping request as it is an absolute path 
C:\Users\ALICEBELLA\Desktop\HMNQV2\app\components\ui\advanced-particle-background
2025-08-31T23:32:56.060Z next:jsconfig-paths-plugin skipping request as it is an absolute path 
C:\Users\ALICEBELLA\Desktop\HMNQV2\app\components\ui\button
2025-08-31T23:32:56.060Z next:jsconfig-paths-plugin skipping request as it is an absolute path 
C:\Users\ALICEBELLA\Desktop\HMNQV2\app\components\ui\card
2025-08-31T23:32:56.060Z next:jsconfig-paths-plugin skipping request as it is an absolute path 
C:\Users\ALICEBELLA\Desktop\HMNQV2\app\components\ui\advanced-particle-background
2025-08-31T23:32:56.063Z next:jsconfig-paths-plugin skipping request as it is an absolute path 
C:\Users\ALICEBELLA\Desktop\HMNQV2\app\components\ui\button
2025-08-31T23:32:56.063Z next:jsconfig-paths-plugin skipping request as it is an absolute path 
C:\Users\ALICEBELLA\Desktop\HMNQV2\app\components\ui\button
2025-08-31T23:32:56.064Z next:jsconfig-paths-plugin skipping request as it is an absolute path 
C:\Users\ALICEBELLA\Desktop\HMNQV2\app\components\ui\button
2025-08-31T23:32:56.064Z next:jsconfig-paths-plugin skipping request as it is an absolute path 
C:\Users\ALICEBELLA\Desktop\HMNQV2\app\components\ui\button
2025-08-31T23:32:56.065Z next:jsconfig-paths-plugin skipping request as it is an absolute path 
C:\Users\ALICEBELLA\Desktop\HMNQV2\app\components\ui\card
2025-08-31T23:32:56.065Z next:jsconfig-paths-plugin skipping request as it is an absolute path 
C:\Users\ALICEBELLA\Desktop\HMNQV2\app\components\ui\button
2025-08-31T23:32:56.066Z next:jsconfig-paths-plugin skipping request as it is an absolute path 
C:\Users\ALICEBELLA\Desktop\HMNQV2\app\components\ui\card
2025-08-31T23:32:56.066Z next:jsconfig-paths-plugin skipping request as it is an absolute path 
C:\Users\ALICEBELLA\Desktop\HMNQV2\app\components\ui\button
2025-08-31T23:32:56.066Z next:jsconfig-paths-plugin skipping request as it is an absolute path 
C:\Users\ALICEBELLA\Desktop\HMNQV2\app\components\ui\card
2025-08-31T23:32:56.067Z next:jsconfig-paths-plugin skipping request as it is an absolute path 
C:\Users\ALICEBELLA\Desktop\HMNQV2\app\components\ui\button
2025-08-31T23:32:56.067Z next:jsconfig-paths-plugin skipping request as it is an absolute path 
C:\Users\ALICEBELLA\Desktop\HMNQV2\app\components\ui\card
2025-08-31T23:32:56.067Z next:jsconfig-paths-plugin skipping request as it is an absolute path 
C:\Users\ALICEBELLA\Desktop\HMNQV2\app\components\ui\button
2025-08-31T23:32:56.073Z next:jsconfig-paths-plugin skipping request as it is an absolute path 
C:\Users\ALICEBELLA\Desktop\HMNQV2\app\hooks\useTests
2025-08-31T23:32:56.073Z next:jsconfig-paths-plugin skipping request as it is an absolute path 
C:\Users\ALICEBELLA\Desktop\HMNQV2\app\hooks\useTests
2025-08-31T23:32:56.073Z next:jsconfig-paths-plugin skipping request as it is an absolute path 
C:\Users\ALICEBELLA\Desktop\HMNQV2\app\hooks\useTests
2025-08-31T23:32:56.074Z next:jsconfig-paths-plugin skipping request as it is an absolute path 
C:\Users\ALICEBELLA\Desktop\HMNQV2\app\hooks\useTests
2025-08-31T23:32:56.076Z next:jsconfig-paths-plugin skipping request as it is an absolute path 
C:\Users\ALICEBELLA\Desktop\HMNQV2\app\components\ui\test-card
2025-08-31T23:32:56.077Z next:jsconfig-paths-plugin skipping request as it is an absolute path 
C:\Users\ALICEBELLA\Desktop\HMNQV2\app\components\ui\test-card
2025-08-31T23:32:56.078Z next:jsconfig-paths-plugin skipping request as it is an absolute path 
C:\Users\ALICEBELLA\Desktop\HMNQV2\app\components\ui\avatar
2025-08-31T23:32:56.078Z next:jsconfig-paths-plugin skipping request as it is an absolute path 
C:\Users\ALICEBELLA\Desktop\HMNQV2\app\components\ui\avatar
2025-08-31T23:32:56.088Z next:jsconfig-paths-plugin skipping request as it is an absolute path 
C:\Users\ALICEBELLA\Desktop\HMNQV2\app\components\ui\card
2025-08-31T23:32:56.088Z next:jsconfig-paths-plugin skipping request as it is an absolute path 
C:\Users\ALICEBELLA\Desktop\HMNQV2\app\components\ui\button
2025-08-31T23:32:56.088Z next:jsconfig-paths-plugin skipping request as it is an absolute path 
C:\Users\ALICEBELLA\Desktop\HMNQV2\app\components\ui\progress
2025-08-31T23:32:56.088Z next:jsconfig-paths-plugin skipping request as it is an absolute path 
C:\Users\ALICEBELLA\Desktop\HMNQV2\app\components\ui\badge
2025-08-31T23:32:56.088Z next:jsconfig-paths-plugin skipping request as it is an absolute path 
C:\Users\ALICEBELLA\Desktop\HMNQV2\app\components\ui\separator
2025-08-31T23:32:56.090Z next:jsconfig-paths-plugin skipping request as it is an absolute path 
C:\Users\ALICEBELLA\Desktop\HMNQV2\app\components\ui\card
2025-08-31T23:32:56.090Z next:jsconfig-paths-plugin skipping request as it is an absolute path 
C:\Users\ALICEBELLA\Desktop\HMNQV2\app\components\ui\button
2025-08-31T23:32:56.090Z next:jsconfig-paths-plugin skipping request as it is an absolute path 
C:\Users\ALICEBELLA\Desktop\HMNQV2\app\components\ui\progress
2025-08-31T23:32:56.090Z next:jsconfig-paths-plugin skipping request as it is an absolute path 
C:\Users\ALICEBELLA\Desktop\HMNQV2\app\components\ui\badge
2025-08-31T23:32:56.090Z next:jsconfig-paths-plugin skipping request as it is an absolute path 
C:\Users\ALICEBELLA\Desktop\HMNQV2\app\components\ui\separator
2025-08-31T23:32:56.093Z next:jsconfig-paths-plugin skipping request as it is an absolute path 
C:\Users\ALICEBELLA\Desktop\HMNQV2\app\components\ui\card
2025-08-31T23:32:56.093Z next:jsconfig-paths-plugin skipping request as it is an absolute path 
C:\Users\ALICEBELLA\Desktop\HMNQV2\app\components\ui\button
2025-08-31T23:32:56.093Z next:jsconfig-paths-plugin skipping request as it is an absolute path 
C:\Users\ALICEBELLA\Desktop\HMNQV2\app\components\ui\progress
2025-08-31T23:32:56.093Z next:jsconfig-paths-plugin skipping request as it is an absolute path 
C:\Users\ALICEBELLA\Desktop\HMNQV2\app\components\ui\badge
2025-08-31T23:32:56.095Z next:jsconfig-paths-plugin skipping request as it is an absolute path 
C:\Users\ALICEBELLA\Desktop\HMNQV2\app\components\ui\card
2025-08-31T23:32:56.095Z next:jsconfig-paths-plugin skipping request as it is an absolute path 
C:\Users\ALICEBELLA\Desktop\HMNQV2\app\components\ui\button
2025-08-31T23:32:56.095Z next:jsconfig-paths-plugin skipping request as it is an absolute path 
C:\Users\ALICEBELLA\Desktop\HMNQV2\app\components\ui\progress
2025-08-31T23:32:56.095Z next:jsconfig-paths-plugin skipping request as it is an absolute path 
C:\Users\ALICEBELLA\Desktop\HMNQV2\app\components\ui\badge
2025-08-31T23:32:56.098Z next:jsconfig-paths-plugin skipping request as it is an absolute path 
C:\Users\ALICEBELLA\Desktop\HMNQV2\app\components\ui\card
2025-08-31T23:32:56.098Z next:jsconfig-paths-plugin skipping request as it is an absolute path 
C:\Users\ALICEBELLA\Desktop\HMNQV2\app\components\ui\button
2025-08-31T23:32:56.098Z next:jsconfig-paths-plugin skipping request as it is an absolute path 
C:\Users\ALICEBELLA\Desktop\HMNQV2\app\components\ui\input
2025-08-31T23:32:56.099Z next:jsconfig-paths-plugin skipping request as it is an absolute path 
C:\Users\ALICEBELLA\Desktop\HMNQV2\app\components\ui\card
2025-08-31T23:32:56.099Z next:jsconfig-paths-plugin skipping request as it is an absolute path 
C:\Users\ALICEBELLA\Desktop\HMNQV2\app\components\ui\button
2025-08-31T23:32:56.099Z next:jsconfig-paths-plugin skipping request as it is an absolute path 
C:\Users\ALICEBELLA\Desktop\HMNQV2\app\components\ui\input
2025-08-31T23:32:56.100Z next:jsconfig-paths-plugin skipping request as it is an absolute path 
C:\Users\ALICEBELLA\Desktop\HMNQV2\app\components\ui\card
2025-08-31T23:32:56.101Z next:jsconfig-paths-plugin skipping request as it is an absolute path 
C:\Users\ALICEBELLA\Desktop\HMNQV2\app\components\ui\button
2025-08-31T23:32:56.101Z next:jsconfig-paths-plugin skipping request as it is an absolute path 
C:\Users\ALICEBELLA\Desktop\HMNQV2\app\components\ui\input
2025-08-31T23:32:56.102Z next:jsconfig-paths-plugin skipping request as it is an absolute path 
C:\Users\ALICEBELLA\Desktop\HMNQV2\app\components\ui\card
2025-08-31T23:32:56.102Z next:jsconfig-paths-plugin skipping request as it is an absolute path 
C:\Users\ALICEBELLA\Desktop\HMNQV2\app\components\ui\button
2025-08-31T23:32:56.102Z next:jsconfig-paths-plugin skipping request as it is an absolute path 
C:\Users\ALICEBELLA\Desktop\HMNQV2\app\components\ui\input
2025-08-31T23:32:56.104Z next:jsconfig-paths-plugin skipping request as it is an absolute path 
C:\Users\ALICEBELLA\Desktop\HMNQV2\app\components\ui\card
2025-08-31T23:32:56.105Z next:jsconfig-paths-plugin skipping request as it is an absolute path 
C:\Users\ALICEBELLA\Desktop\HMNQV2\app\components\ui\button
2025-08-31T23:32:56.105Z next:jsconfig-paths-plugin skipping request as it is an absolute path 
C:\Users\ALICEBELLA\Desktop\HMNQV2\app\components\ui\input
2025-08-31T23:32:56.105Z next:jsconfig-paths-plugin skipping request as it is an absolute path 
C:\Users\ALICEBELLA\Desktop\HMNQV2\app\components\ui\badge
2025-08-31T23:32:56.105Z next:jsconfig-paths-plugin skipping request as it is an absolute path 
C:\Users\ALICEBELLA\Desktop\HMNQV2\app\components\ui\separator
2025-08-31T23:32:56.105Z next:jsconfig-paths-plugin skipping request as it is an absolute path 
C:\Users\ALICEBELLA\Desktop\HMNQV2\app\components\ui\label
2025-08-31T23:32:56.105Z next:jsconfig-paths-plugin skipping request as it is an absolute path 
C:\Users\ALICEBELLA\Desktop\HMNQV2\app\components\ui\avatar
2025-08-31T23:32:56.107Z next:jsconfig-paths-plugin skipping request as it is an absolute path 
C:\Users\ALICEBELLA\Desktop\HMNQV2\app\components\ui\card
2025-08-31T23:32:56.107Z next:jsconfig-paths-plugin skipping request as it is an absolute path 
C:\Users\ALICEBELLA\Desktop\HMNQV2\app\components\ui\button
2025-08-31T23:32:56.107Z next:jsconfig-paths-plugin skipping request as it is an absolute path 
C:\Users\ALICEBELLA\Desktop\HMNQV2\app\components\ui\input
2025-08-31T23:32:56.107Z next:jsconfig-paths-plugin skipping request as it is an absolute path 
C:\Users\ALICEBELLA\Desktop\HMNQV2\app\components\ui\badge
2025-08-31T23:32:56.107Z next:jsconfig-paths-plugin skipping request as it is an absolute path 
C:\Users\ALICEBELLA\Desktop\HMNQV2\app\components\ui\separator
2025-08-31T23:32:56.107Z next:jsconfig-paths-plugin skipping request as it is an absolute path 
C:\Users\ALICEBELLA\Desktop\HMNQV2\app\components\ui\label
2025-08-31T23:32:56.107Z next:jsconfig-paths-plugin skipping request as it is an absolute path 
C:\Users\ALICEBELLA\Desktop\HMNQV2\app\components\ui\avatar
2025-08-31T23:32:56.114Z next:jsconfig-paths-plugin skipping request as it is an absolute path 
C:\Users\ALICEBELLA\Desktop\HMNQV2\app\components\ui\card
2025-08-31T23:32:56.114Z next:jsconfig-paths-plugin skipping request as it is an absolute path 
C:\Users\ALICEBELLA\Desktop\HMNQV2\app\components\ui\button
2025-08-31T23:32:56.114Z next:jsconfig-paths-plugin skipping request as it is an absolute path 
C:\Users\ALICEBELLA\Desktop\HMNQV2\app\components\ui\input
2025-08-31T23:32:56.114Z next:jsconfig-paths-plugin skipping request as it is an absolute path 
C:\Users\ALICEBELLA\Desktop\HMNQV2\app\components\ui\badge
2025-08-31T23:32:56.116Z next:jsconfig-paths-plugin skipping request as it is an absolute path 
C:\Users\ALICEBELLA\Desktop\HMNQV2\app\components\ui\card
2025-08-31T23:32:56.116Z next:jsconfig-paths-plugin skipping request as it is an absolute path 
C:\Users\ALICEBELLA\Desktop\HMNQV2\app\components\ui\button
2025-08-31T23:32:56.116Z next:jsconfig-paths-plugin skipping request as it is an absolute path 
C:\Users\ALICEBELLA\Desktop\HMNQV2\app\components\ui\input
2025-08-31T23:32:56.116Z next:jsconfig-paths-plugin skipping request as it is an absolute path 
C:\Users\ALICEBELLA\Desktop\HMNQV2\app\components\ui\badge
2025-08-31T23:32:56.119Z next:jsconfig-paths-plugin skipping request as it is an absolute path 
C:\Users\ALICEBELLA\Desktop\HMNQV2\app\components\ui\button
2025-08-31T23:32:56.120Z next:jsconfig-paths-plugin skipping request as it is an absolute path 
C:\Users\ALICEBELLA\Desktop\HMNQV2\app\components\ui\card
2025-08-31T23:32:56.120Z next:jsconfig-paths-plugin skipping request as it is an absolute path 
C:\Users\ALICEBELLA\Desktop\HMNQV2\app\components\ui\badge
2025-08-31T23:32:56.120Z next:jsconfig-paths-plugin skipping request as it is an absolute path 
C:\Users\ALICEBELLA\Desktop\HMNQV2\app\components\ui\likert-scale
2025-08-31T23:32:56.121Z next:jsconfig-paths-plugin skipping request as it is an absolute path 
C:\Users\ALICEBELLA\Desktop\HMNQV2\app\components\ui\button
2025-08-31T23:32:56.121Z next:jsconfig-paths-plugin skipping request as it is an absolute path 
C:\Users\ALICEBELLA\Desktop\HMNQV2\app\components\ui\card
2025-08-31T23:32:56.121Z next:jsconfig-paths-plugin skipping request as it is an absolute path 
C:\Users\ALICEBELLA\Desktop\HMNQV2\app\components\ui\badge
2025-08-31T23:32:56.121Z next:jsconfig-paths-plugin skipping request as it is an absolute path 
C:\Users\ALICEBELLA\Desktop\HMNQV2\app\components\ui\likert-scale
2025-08-31T23:32:56.123Z next:jsconfig-paths-plugin skipping request as it is an absolute path 
C:\Users\ALICEBELLA\Desktop\HMNQV2\app\components\ui\button
2025-08-31T23:32:56.123Z next:jsconfig-paths-plugin skipping request as it is an absolute path 
C:\Users\ALICEBELLA\Desktop\HMNQV2\app\components\ui\card
2025-08-31T23:32:56.123Z next:jsconfig-paths-plugin skipping request as it is an absolute path 
C:\Users\ALICEBELLA\Desktop\HMNQV2\app\components\ui\badge
2025-08-31T23:32:56.123Z next:jsconfig-paths-plugin skipping request as it is an absolute path 
C:\Users\ALICEBELLA\Desktop\HMNQV2\app\components\ui\likert-scale
2025-08-31T23:32:56.125Z next:jsconfig-paths-plugin skipping request as it is an absolute path 
C:\Users\ALICEBELLA\Desktop\HMNQV2\app\components\ui\button
2025-08-31T23:32:56.125Z next:jsconfig-paths-plugin skipping request as it is an absolute path 
C:\Users\ALICEBELLA\Desktop\HMNQV2\app\components\ui\card
2025-08-31T23:32:56.125Z next:jsconfig-paths-plugin skipping request as it is an absolute path 
C:\Users\ALICEBELLA\Desktop\HMNQV2\app\components\ui\badge
2025-08-31T23:32:56.125Z next:jsconfig-paths-plugin skipping request as it is an absolute path 
C:\Users\ALICEBELLA\Desktop\HMNQV2\app\components\ui\likert-scale
2025-08-31T23:32:56.127Z next:jsconfig-paths-plugin skipping request as it is an absolute path 
C:\Users\ALICEBELLA\Desktop\HMNQV2\app\components\ui\button
2025-08-31T23:32:56.128Z next:jsconfig-paths-plugin skipping request as it is an absolute path 
C:\Users\ALICEBELLA\Desktop\HMNQV2\app\components\ui\button
2025-08-31T23:32:56.128Z next:jsconfig-paths-plugin skipping request as it is an absolute path 
C:\Users\ALICEBELLA\Desktop\HMNQV2\app\components\ui\button
2025-08-31T23:32:56.129Z next:jsconfig-paths-plugin skipping request as it is an absolute path 
C:\Users\ALICEBELLA\Desktop\HMNQV2\app\components\ui\button
2025-08-31T23:32:56.130Z next:jsconfig-paths-plugin skipping request as it is an absolute path 
C:\Users\ALICEBELLA\Desktop\HMNQV2\app\hooks\useTests
2025-08-31T23:32:56.131Z next:jsconfig-paths-plugin skipping request as it is an absolute path 
C:\Users\ALICEBELLA\Desktop\HMNQV2\app\components\ui\card
2025-08-31T23:32:56.131Z next:jsconfig-paths-plugin skipping request as it is an absolute path 
C:\Users\ALICEBELLA\Desktop\HMNQV2\app\components\ui\test-card
2025-08-31T23:32:56.132Z next:jsconfig-paths-plugin skipping request as it is an absolute path 
C:\Users\ALICEBELLA\Desktop\HMNQV2\app\hooks\useTests
2025-08-31T23:32:56.132Z next:jsconfig-paths-plugin skipping request as it is an absolute path 
C:\Users\ALICEBELLA\Desktop\HMNQV2\app\components\ui\card
2025-08-31T23:32:56.132Z next:jsconfig-paths-plugin skipping request as it is an absolute path 
C:\Users\ALICEBELLA\Desktop\HMNQV2\app\components\ui\test-card
2025-08-31T23:32:56.133Z next:jsconfig-paths-plugin skipping request as it is an absolute path 
C:\Users\ALICEBELLA\Desktop\HMNQV2\app\hooks\useTests
2025-08-31T23:32:56.133Z next:jsconfig-paths-plugin skipping request as it is an absolute path 
C:\Users\ALICEBELLA\Desktop\HMNQV2\app\components\ui\card
2025-08-31T23:32:56.133Z next:jsconfig-paths-plugin skipping request as it is an absolute path 
C:\Users\ALICEBELLA\Desktop\HMNQV2\app\components\ui\test-card
2025-08-31T23:32:56.134Z next:jsconfig-paths-plugin skipping request as it is an absolute path 
C:\Users\ALICEBELLA\Desktop\HMNQV2\app\hooks\useTests
2025-08-31T23:32:56.134Z next:jsconfig-paths-plugin skipping request as it is an absolute path 
C:\Users\ALICEBELLA\Desktop\HMNQV2\app\components\ui\card
2025-08-31T23:32:56.134Z next:jsconfig-paths-plugin skipping request as it is an absolute path 
C:\Users\ALICEBELLA\Desktop\HMNQV2\app\components\ui\test-card
2025-08-31T23:32:56.137Z next:jsconfig-paths-plugin skipping request as it is an absolute path 
C:\Users\ALICEBELLA\Desktop\HMNQV2\app\components\ui\avatar
2025-08-31T23:32:56.137Z next:jsconfig-paths-plugin skipping request as it is an absolute path 
C:\Users\ALICEBELLA\Desktop\HMNQV2\app\components\ui\avatar
2025-08-31T23:32:56.138Z next:jsconfig-paths-plugin skipping request as it is an absolute path 
C:\Users\ALICEBELLA\Desktop\HMNQV2\app\components\ui\avatar
2025-08-31T23:32:56.138Z next:jsconfig-paths-plugin skipping request as it is an absolute path 
C:\Users\ALICEBELLA\Desktop\HMNQV2\app\components\ui\avatar
2025-08-31T23:32:56.149Z next:jsconfig-paths-plugin skipping request as it is an absolute path 
C:\Users\ALICEBELLA\Desktop\HMNQV2\app\components\ui\card
2025-08-31T23:32:56.149Z next:jsconfig-paths-plugin skipping request as it is an absolute path 
C:\Users\ALICEBELLA\Desktop\HMNQV2\app\components\ui\button
2025-08-31T23:32:56.149Z next:jsconfig-paths-plugin skipping request as it is an absolute path 
C:\Users\ALICEBELLA\Desktop\HMNQV2\app\components\ui\progress
2025-08-31T23:32:56.149Z next:jsconfig-paths-plugin skipping request as it is an absolute path 
C:\Users\ALICEBELLA\Desktop\HMNQV2\app\components\ui\badge
2025-08-31T23:32:56.149Z next:jsconfig-paths-plugin skipping request as it is an absolute path 
C:\Users\ALICEBELLA\Desktop\HMNQV2\app\components\ui\button
2025-08-31T23:32:56.149Z next:jsconfig-paths-plugin skipping request as it is an absolute path 
C:\Users\ALICEBELLA\Desktop\HMNQV2\app\components\ui\card
2025-08-31T23:32:56.149Z next:jsconfig-paths-plugin skipping request as it is an absolute path 
C:\Users\ALICEBELLA\Desktop\HMNQV2\app\components\ui\badge
2025-08-31T23:32:56.151Z next:jsconfig-paths-plugin skipping request as it is an absolute path 
C:\Users\ALICEBELLA\Desktop\HMNQV2\app\components\ui\card
2025-08-31T23:32:56.151Z next:jsconfig-paths-plugin skipping request as it is an absolute path 
C:\Users\ALICEBELLA\Desktop\HMNQV2\app\components\ui\button
2025-08-31T23:32:56.151Z next:jsconfig-paths-plugin skipping request as it is an absolute path 
C:\Users\ALICEBELLA\Desktop\HMNQV2\app\components\ui\progress
2025-08-31T23:32:56.151Z next:jsconfig-paths-plugin skipping request as it is an absolute path 
C:\Users\ALICEBELLA\Desktop\HMNQV2\app\components\ui\badge
2025-08-31T23:32:56.152Z next:jsconfig-paths-plugin skipping request as it is an absolute path 
C:\Users\ALICEBELLA\Desktop\HMNQV2\app\components\ui\button
2025-08-31T23:32:56.152Z next:jsconfig-paths-plugin skipping request as it is an absolute path 
C:\Users\ALICEBELLA\Desktop\HMNQV2\app\components\ui\card
2025-08-31T23:32:56.152Z next:jsconfig-paths-plugin skipping request as it is an absolute path 
C:\Users\ALICEBELLA\Desktop\HMNQV2\app\components\ui\badge
2025-08-31T23:32:56.155Z next:jsconfig-paths-plugin skipping request as it is an absolute path 
C:\Users\ALICEBELLA\Desktop\HMNQV2\app\components\ui\card
2025-08-31T23:32:56.155Z next:jsconfig-paths-plugin skipping request as it is an absolute path 
C:\Users\ALICEBELLA\Desktop\HMNQV2\app\components\ui\button
2025-08-31T23:32:56.155Z next:jsconfig-paths-plugin skipping request as it is an absolute path 
C:\Users\ALICEBELLA\Desktop\HMNQV2\app\components\ui\progress
2025-08-31T23:32:56.155Z next:jsconfig-paths-plugin skipping request as it is an absolute path 
C:\Users\ALICEBELLA\Desktop\HMNQV2\app\components\ui\badge
2025-08-31T23:32:56.156Z next:jsconfig-paths-plugin skipping request as it is an absolute path 
C:\Users\ALICEBELLA\Desktop\HMNQV2\app\components\ui\button
2025-08-31T23:32:56.156Z next:jsconfig-paths-plugin skipping request as it is an absolute path 
C:\Users\ALICEBELLA\Desktop\HMNQV2\app\components\ui\card
2025-08-31T23:32:56.156Z next:jsconfig-paths-plugin skipping request as it is an absolute path 
C:\Users\ALICEBELLA\Desktop\HMNQV2\app\components\ui\badge
2025-08-31T23:32:56.158Z next:jsconfig-paths-plugin skipping request as it is an absolute path 
C:\Users\ALICEBELLA\Desktop\HMNQV2\app\components\ui\card
2025-08-31T23:32:56.158Z next:jsconfig-paths-plugin skipping request as it is an absolute path 
C:\Users\ALICEBELLA\Desktop\HMNQV2\app\components\ui\button
2025-08-31T23:32:56.159Z next:jsconfig-paths-plugin skipping request as it is an absolute path 
C:\Users\ALICEBELLA\Desktop\HMNQV2\app\components\ui\progress
2025-08-31T23:32:56.159Z next:jsconfig-paths-plugin skipping request as it is an absolute path 
C:\Users\ALICEBELLA\Desktop\HMNQV2\app\components\ui\badge
2025-08-31T23:32:56.159Z next:jsconfig-paths-plugin skipping request as it is an absolute path 
C:\Users\ALICEBELLA\Desktop\HMNQV2\app\components\ui\button
2025-08-31T23:32:56.160Z next:jsconfig-paths-plugin skipping request as it is an absolute path 
C:\Users\ALICEBELLA\Desktop\HMNQV2\app\components\ui\card
2025-08-31T23:32:56.160Z next:jsconfig-paths-plugin skipping request as it is an absolute path 
C:\Users\ALICEBELLA\Desktop\HMNQV2\app\components\ui\badge
2025-08-31T23:32:56.164Z next:jsconfig-paths-plugin moduleName did not match any paths pattern 
styled-jsx/style
2025-08-31T23:32:56.164Z next:jsconfig-paths-plugin moduleName did not match any paths pattern 
styled-jsx/style
2025-08-31T23:32:56.164Z next:jsconfig-paths-plugin moduleName did not match any paths pattern 
styled-jsx/style
2025-08-31T23:32:56.164Z next:jsconfig-paths-plugin moduleName did not match any paths pattern 
styled-jsx/style
2025-08-31T23:32:56.167Z next:jsconfig-paths-plugin skipping request as it is an absolute path 
C:\Users\ALICEBELLA\Desktop\HMNQV2\app\components\ui\card
2025-08-31T23:32:56.167Z next:jsconfig-paths-plugin skipping request as it is an absolute path 
C:\Users\ALICEBELLA\Desktop\HMNQV2\app\components\ui\button
2025-08-31T23:32:56.167Z next:jsconfig-paths-plugin skipping request as it is an absolute path 
C:\Users\ALICEBELLA\Desktop\HMNQV2\app\components\ui\separator
2025-08-31T23:32:56.167Z next:jsconfig-paths-plugin skipping request as it is an absolute path 
C:\Users\ALICEBELLA\Desktop\HMNQV2\app\components\graphology\BarChart
2025-08-31T23:32:56.167Z next:jsconfig-paths-plugin skipping request as it is an absolute path 
C:\Users\ALICEBELLA\Desktop\HMNQV2\app\components\graphology\ManuscriptViewer
2025-08-31T23:32:56.167Z next:jsconfig-paths-plugin skipping request as it is an absolute path 
C:\Users\ALICEBELLA\Desktop\HMNQV2\app\components\graphology\ExportFeatures
2025-08-31T23:32:56.167Z next:jsconfig-paths-plugin skipping request as it is an absolute path 
C:\Users\ALICEBELLA\Desktop\HMNQV2\app\components\graphology\RadarChart
2025-08-31T23:32:56.168Z next:jsconfig-paths-plugin skipping request as it is an absolute path 
C:\Users\ALICEBELLA\Desktop\HMNQV2\app\components\ui\card
2025-08-31T23:32:56.168Z next:jsconfig-paths-plugin skipping request as it is an absolute path 
C:\Users\ALICEBELLA\Desktop\HMNQV2\app\components\ui\button
2025-08-31T23:32:56.168Z next:jsconfig-paths-plugin skipping request as it is an absolute path 
C:\Users\ALICEBELLA\Desktop\HMNQV2\app\components\ui\separator
2025-08-31T23:32:56.170Z next:jsconfig-paths-plugin skipping request as it is an absolute path 
C:\Users\ALICEBELLA\Desktop\HMNQV2\app\components\ui\card
2025-08-31T23:32:56.170Z next:jsconfig-paths-plugin skipping request as it is an absolute path 
C:\Users\ALICEBELLA\Desktop\HMNQV2\app\components\ui\button
2025-08-31T23:32:56.171Z next:jsconfig-paths-plugin skipping request as it is an absolute path 
C:\Users\ALICEBELLA\Desktop\HMNQV2\app\components\ui\card
2025-08-31T23:32:56.171Z next:jsconfig-paths-plugin skipping request as it is an absolute path 
C:\Users\ALICEBELLA\Desktop\HMNQV2\app\components\ui\button
2025-08-31T23:32:56.178Z next:jsconfig-paths-plugin skipping request as it is an absolute path 
C:\Users\ALICEBELLA\Desktop\HMNQV2\app\components\ui\card
2025-08-31T23:32:56.178Z next:jsconfig-paths-plugin skipping request as it is an absolute path 
C:\Users\ALICEBELLA\Desktop\HMNQV2\app\components\ui\button
2025-08-31T23:32:56.178Z next:jsconfig-paths-plugin skipping request as it is an absolute path 
C:\Users\ALICEBELLA\Desktop\HMNQV2\app\components\ui\progress
2025-08-31T23:32:56.178Z next:jsconfig-paths-plugin skipping request as it is an absolute path 
C:\Users\ALICEBELLA\Desktop\HMNQV2\app\components\ui\badge
2025-08-31T23:32:56.178Z next:jsconfig-paths-plugin skipping request as it is an absolute path 
C:\Users\ALICEBELLA\Desktop\HMNQV2\app\components\ui\likert-scale
2025-08-31T23:32:56.180Z next:jsconfig-paths-plugin skipping request as it is an absolute path 
C:\Users\ALICEBELLA\Desktop\HMNQV2\app\components\ui\card
2025-08-31T23:32:56.180Z next:jsconfig-paths-plugin skipping request as it is an absolute path 
C:\Users\ALICEBELLA\Desktop\HMNQV2\app\components\ui\button
2025-08-31T23:32:56.180Z next:jsconfig-paths-plugin skipping request as it is an absolute path 
C:\Users\ALICEBELLA\Desktop\HMNQV2\app\components\ui\progress
2025-08-31T23:32:56.180Z next:jsconfig-paths-plugin skipping request as it is an absolute path 
C:\Users\ALICEBELLA\Desktop\HMNQV2\app\components\ui\badge
2025-08-31T23:32:56.180Z next:jsconfig-paths-plugin skipping request as it is an absolute path 
C:\Users\ALICEBELLA\Desktop\HMNQV2\app\components\ui\likert-scale
2025-08-31T23:32:56.182Z next:jsconfig-paths-plugin skipping request as it is an absolute path 
C:\Users\ALICEBELLA\Desktop\HMNQV2\app\components\ui\card
2025-08-31T23:32:56.183Z next:jsconfig-paths-plugin skipping request as it is an absolute path 
C:\Users\ALICEBELLA\Desktop\HMNQV2\app\components\ui\button
2025-08-31T23:32:56.183Z next:jsconfig-paths-plugin skipping request as it is an absolute path 
C:\Users\ALICEBELLA\Desktop\HMNQV2\app\components\ui\progress
2025-08-31T23:32:56.183Z next:jsconfig-paths-plugin skipping request as it is an absolute path 
C:\Users\ALICEBELLA\Desktop\HMNQV2\app\components\ui\badge
2025-08-31T23:32:56.183Z next:jsconfig-paths-plugin skipping request as it is an absolute path 
C:\Users\ALICEBELLA\Desktop\HMNQV2\app\components\ui\likert-scale
2025-08-31T23:32:56.185Z next:jsconfig-paths-plugin skipping request as it is an absolute path 
C:\Users\ALICEBELLA\Desktop\HMNQV2\app\components\ui\card
2025-08-31T23:32:56.185Z next:jsconfig-paths-plugin skipping request as it is an absolute path 
C:\Users\ALICEBELLA\Desktop\HMNQV2\app\components\ui\button
2025-08-31T23:32:56.185Z next:jsconfig-paths-plugin skipping request as it is an absolute path 
C:\Users\ALICEBELLA\Desktop\HMNQV2\app\components\ui\progress
2025-08-31T23:32:56.185Z next:jsconfig-paths-plugin skipping request as it is an absolute path 
C:\Users\ALICEBELLA\Desktop\HMNQV2\app\components\ui\badge
2025-08-31T23:32:56.185Z next:jsconfig-paths-plugin skipping request as it is an absolute path 
C:\Users\ALICEBELLA\Desktop\HMNQV2\app\components\ui\likert-scale
2025-08-31T23:32:56.188Z next:jsconfig-paths-plugin skipping request as it is an absolute path 
C:\Users\ALICEBELLA\Desktop\HMNQV2\app\components\ui\button
2025-08-31T23:32:56.189Z next:jsconfig-paths-plugin skipping request as it is an absolute path 
C:\Users\ALICEBELLA\Desktop\HMNQV2\app\components\ui\badge
2025-08-31T23:32:56.189Z next:jsconfig-paths-plugin skipping request as it is an absolute path 
C:\Users\ALICEBELLA\Desktop\HMNQV2\app\components\ui\button
2025-08-31T23:32:56.190Z next:jsconfig-paths-plugin skipping request as it is an absolute path 
C:\Users\ALICEBELLA\Desktop\HMNQV2\app\components\ui\badge
2025-08-31T23:32:56.191Z next:jsconfig-paths-plugin skipping request as it is an absolute path 
C:\Users\ALICEBELLA\Desktop\HMNQV2\app\components\ui\button
2025-08-31T23:32:56.191Z next:jsconfig-paths-plugin skipping request as it is an absolute path 
C:\Users\ALICEBELLA\Desktop\HMNQV2\app\components\ui\badge
2025-08-31T23:32:56.192Z next:jsconfig-paths-plugin skipping request as it is an absolute path 
C:\Users\ALICEBELLA\Desktop\HMNQV2\app\components\ui\button
2025-08-31T23:32:56.192Z next:jsconfig-paths-plugin skipping request as it is an absolute path 
C:\Users\ALICEBELLA\Desktop\HMNQV2\app\components\ui\badge
2025-08-31T23:32:56.195Z next:jsconfig-paths-plugin skipping request as it is an absolute path 
C:\Users\ALICEBELLA\Desktop\HMNQV2\app\components\ui\card
2025-08-31T23:32:56.195Z next:jsconfig-paths-plugin skipping request as it is an absolute path 
C:\Users\ALICEBELLA\Desktop\HMNQV2\app\components\ui\button
2025-08-31T23:32:56.195Z next:jsconfig-paths-plugin skipping request as it is an absolute path 
C:\Users\ALICEBELLA\Desktop\HMNQV2\app\components\ui\progress
2025-08-31T23:32:56.195Z next:jsconfig-paths-plugin skipping request as it is an absolute path 
C:\Users\ALICEBELLA\Desktop\HMNQV2\app\components\graphology\RadarChart
2025-08-31T23:32:56.199Z next:jsconfig-paths-plugin skipping request as it is an absolute path 
C:\Users\ALICEBELLA\Desktop\HMNQV2\app\components\ui\card
2025-08-31T23:32:56.199Z next:jsconfig-paths-plugin skipping request as it is an absolute path 
C:\Users\ALICEBELLA\Desktop\HMNQV2\app\components\ui\button
2025-08-31T23:32:56.199Z next:jsconfig-paths-plugin skipping request as it is an absolute path 
C:\Users\ALICEBELLA\Desktop\HMNQV2\app\components\ui\progress
2025-08-31T23:32:56.202Z next:jsconfig-paths-plugin skipping request as it is an absolute path 
C:\Users\ALICEBELLA\Desktop\HMNQV2\app\components\ui\card
2025-08-31T23:32:56.202Z next:jsconfig-paths-plugin skipping request as it is an absolute path 
C:\Users\ALICEBELLA\Desktop\HMNQV2\app\components\ui\button
2025-08-31T23:32:56.202Z next:jsconfig-paths-plugin skipping request as it is an absolute path 
C:\Users\ALICEBELLA\Desktop\HMNQV2\app\components\ui\progress
2025-08-31T23:32:56.205Z next:jsconfig-paths-plugin skipping request as it is an absolute path 
C:\Users\ALICEBELLA\Desktop\HMNQV2\app\components\ui\card
2025-08-31T23:32:56.205Z next:jsconfig-paths-plugin skipping request as it is an absolute path 
C:\Users\ALICEBELLA\Desktop\HMNQV2\app\components\ui\button
2025-08-31T23:32:56.205Z next:jsconfig-paths-plugin skipping request as it is an absolute path 
C:\Users\ALICEBELLA\Desktop\HMNQV2\app\components\ui\progress
2025-08-31T23:32:56.208Z next:jsconfig-paths-plugin skipping request as it is an absolute path 
C:\Users\ALICEBELLA\Desktop\HMNQV2\app\components\ui\separator
2025-08-31T23:32:56.208Z next:jsconfig-paths-plugin skipping request as it is an absolute path 
C:\Users\ALICEBELLA\Desktop\HMNQV2\app\components\ui\separator
2025-08-31T23:32:56.208Z next:jsconfig-paths-plugin skipping request as it is an absolute path 
C:\Users\ALICEBELLA\Desktop\HMNQV2\app\components\ui\separator
2025-08-31T23:32:56.210Z next:jsconfig-paths-plugin skipping request as it is an absolute path 
C:\Users\ALICEBELLA\Desktop\HMNQV2\app\components\ui\separator
2025-08-31T23:32:56.211Z next:jsconfig-paths-plugin skipping request as it is an absolute path 
C:\Users\ALICEBELLA\Desktop\HMNQV2\app\components\ui\separator
2025-08-31T23:32:56.211Z next:jsconfig-paths-plugin skipping request as it is an absolute path 
C:\Users\ALICEBELLA\Desktop\HMNQV2\app\components\ui\separator
2025-08-31T23:32:56.214Z next:jsconfig-paths-plugin skipping request as it is an absolute path 
C:\Users\ALICEBELLA\Desktop\HMNQV2\app\components\ui\label
2025-08-31T23:32:56.215Z next:jsconfig-paths-plugin skipping request as it is an absolute path 
C:\Users\ALICEBELLA\Desktop\HMNQV2\app\components\ui\label
2025-08-31T23:32:56.224Z next:jsconfig-paths-plugin skipping request as it is an absolute path 
C:\Users\ALICEBELLA\Desktop\HMNQV2\app\hooks\useTests
2025-08-31T23:32:56.224Z next:jsconfig-paths-plugin skipping request as it is an absolute path 
C:\Users\ALICEBELLA\Desktop\HMNQV2\app\components\ui\advanced-particle-background
2025-08-31T23:32:56.224Z next:jsconfig-paths-plugin skipping request as it is an absolute path 
C:\Users\ALICEBELLA\Desktop\HMNQV2\app\hooks\useTests
2025-08-31T23:32:56.224Z next:jsconfig-paths-plugin skipping request as it is an absolute path 
C:\Users\ALICEBELLA\Desktop\HMNQV2\app\components\ui\advanced-particle-background
2025-08-31T23:32:56.225Z next:jsconfig-paths-plugin skipping request as it is an absolute path 
C:\Users\ALICEBELLA\Desktop\HMNQV2\app\hooks\useTests
2025-08-31T23:32:56.225Z next:jsconfig-paths-plugin skipping request as it is an absolute path 
C:\Users\ALICEBELLA\Desktop\HMNQV2\app\components\ui\advanced-particle-background
2025-08-31T23:32:56.226Z next:jsconfig-paths-plugin skipping request as it is an absolute path 
C:\Users\ALICEBELLA\Desktop\HMNQV2\app\hooks\useTests
2025-08-31T23:32:56.226Z next:jsconfig-paths-plugin skipping request as it is an absolute path 
C:\Users\ALICEBELLA\Desktop\HMNQV2\app\components\ui\advanced-particle-background
2025-08-31T23:32:56.229Z next:jsconfig-paths-plugin skipping request as it is an absolute path 
C:\Users\ALICEBELLA\Desktop\HMNQV2\app\components\ui\button
2025-08-31T23:32:56.229Z next:jsconfig-paths-plugin skipping request as it is an absolute path 
C:\Users\ALICEBELLA\Desktop\HMNQV2\app\components\ui\badge
2025-08-31T23:32:56.229Z next:jsconfig-paths-plugin skipping request as it is an absolute path 
C:\Users\ALICEBELLA\Desktop\HMNQV2\app\hooks\use-toast
2025-08-31T23:32:56.229Z next:jsconfig-paths-plugin skipping request as it is an absolute path 
C:\Users\ALICEBELLA\Desktop\HMNQV2\app\lib\toast-utils
2025-08-31T23:32:56.230Z next:jsconfig-paths-plugin skipping request as it is an absolute path 
C:\Users\ALICEBELLA\Desktop\HMNQV2\app\hooks\use-toast
2025-08-31T23:32:56.230Z next:jsconfig-paths-plugin skipping request as it is an absolute path 
C:\Users\ALICEBELLA\Desktop\HMNQV2\app\lib\toast-utils
2025-08-31T23:32:56.230Z next:jsconfig-paths-plugin skipping request as it is an absolute path 
C:\Users\ALICEBELLA\Desktop\HMNQV2\app\components\ui\button
2025-08-31T23:32:56.230Z next:jsconfig-paths-plugin skipping request as it is an absolute path 
C:\Users\ALICEBELLA\Desktop\HMNQV2\app\components\ui\badge
2025-08-31T23:32:56.231Z next:jsconfig-paths-plugin skipping request as it is an absolute path 
C:\Users\ALICEBELLA\Desktop\HMNQV2\app\components\ui\button
2025-08-31T23:32:56.232Z next:jsconfig-paths-plugin skipping request as it is an absolute path 
C:\Users\ALICEBELLA\Desktop\HMNQV2\app\components\ui\badge
2025-08-31T23:32:56.232Z next:jsconfig-paths-plugin skipping request as it is an absolute path 
C:\Users\ALICEBELLA\Desktop\HMNQV2\app\components\ui\button
2025-08-31T23:32:56.232Z next:jsconfig-paths-plugin skipping request as it is an absolute path 
C:\Users\ALICEBELLA\Desktop\HMNQV2\app\components\ui\badge
2025-08-31T23:32:56.234Z next:jsconfig-paths-plugin skipping request as it is an absolute path 
C:\Users\ALICEBELLA\Desktop\HMNQV2\app\components\graphology\RadarChart
2025-08-31T23:32:56.235Z next:jsconfig-paths-plugin skipping request as it is an absolute path 
C:\Users\ALICEBELLA\Desktop\HMNQV2\app\components\graphology\BarChart
2025-08-31T23:32:56.235Z next:jsconfig-paths-plugin skipping request as it is an absolute path 
C:\Users\ALICEBELLA\Desktop\HMNQV2\app\components\graphology\ManuscriptViewer
2025-08-31T23:32:56.235Z next:jsconfig-paths-plugin skipping request as it is an absolute path 
C:\Users\ALICEBELLA\Desktop\HMNQV2\app\components\graphology\ExportFeatures
2025-08-31T23:32:56.235Z next:jsconfig-paths-plugin skipping request as it is an absolute path 
C:\Users\ALICEBELLA\Desktop\HMNQV2\app\components\graphology\RadarChart
2025-08-31T23:32:56.236Z next:jsconfig-paths-plugin skipping request as it is an absolute path 
C:\Users\ALICEBELLA\Desktop\HMNQV2\app\components\ui\button
2025-08-31T23:32:56.236Z next:jsconfig-paths-plugin skipping request as it is an absolute path 
C:\Users\ALICEBELLA\Desktop\HMNQV2\app\components\ui\card
2025-08-31T23:32:56.236Z next:jsconfig-paths-plugin skipping request as it is an absolute path 
C:\Users\ALICEBELLA\Desktop\HMNQV2\app\components\ui\button
2025-08-31T23:32:56.236Z next:jsconfig-paths-plugin skipping request as it is an absolute path 
C:\Users\ALICEBELLA\Desktop\HMNQV2\app\components\ui\card
2025-08-31T23:32:56.237Z next:jsconfig-paths-plugin skipping request as it is an absolute path 
C:\Users\ALICEBELLA\Desktop\HMNQV2\app\components\ui\button
2025-08-31T23:32:56.237Z next:jsconfig-paths-plugin skipping request as it is an absolute path 
C:\Users\ALICEBELLA\Desktop\HMNQV2\app\components\ui\card
2025-08-31T23:32:56.238Z next:jsconfig-paths-plugin skipping request as it is an absolute path 
C:\Users\ALICEBELLA\Desktop\HMNQV2\app\components\ui\button
2025-08-31T23:32:56.238Z next:jsconfig-paths-plugin skipping request as it is an absolute path 
C:\Users\ALICEBELLA\Desktop\HMNQV2\app\components\ui\card
2025-08-31T23:32:56.239Z next:jsconfig-paths-plugin skipping request as it is an absolute path 
C:\Users\ALICEBELLA\Desktop\HMNQV2\app\components\ui\button
2025-08-31T23:32:56.239Z next:jsconfig-paths-plugin skipping request as it is an absolute path 
C:\Users\ALICEBELLA\Desktop\HMNQV2\app\components\ui\badge
2025-08-31T23:32:56.239Z next:jsconfig-paths-plugin skipping request as it is an absolute path 
C:\Users\ALICEBELLA\Desktop\HMNQV2\app\data\enneagram-subtypes
2025-08-31T23:32:56.239Z next:jsconfig-paths-plugin skipping request as it is an absolute path 
C:\Users\ALICEBELLA\Desktop\HMNQV2\app\components\SubtypeDetails
2025-08-31T23:32:56.239Z next:jsconfig-paths-plugin skipping request as it is an absolute path 
C:\Users\ALICEBELLA\Desktop\HMNQV2\app\components\EnhancedStaticHDMandala
2025-08-31T23:32:56.245Z next:jsconfig-paths-plugin skipping request as it is an absolute path 
C:\Users\ALICEBELLA\Desktop\HMNQV2\app\data\enneagram-subtypes
2025-08-31T23:32:56.245Z next:jsconfig-paths-plugin skipping request as it is an absolute path 
C:\Users\ALICEBELLA\Desktop\HMNQV2\app\components\SubtypeDetails
2025-08-31T23:32:56.245Z next:jsconfig-paths-plugin skipping request as it is an absolute path 
C:\Users\ALICEBELLA\Desktop\HMNQV2\app\components\EnhancedStaticHDMandala
2025-08-31T23:32:56.245Z next:jsconfig-paths-plugin skipping request as it is an absolute path 
C:\Users\ALICEBELLA\Desktop\HMNQV2\app\components\ui\button
2025-08-31T23:32:56.245Z next:jsconfig-paths-plugin skipping request as it is an absolute path 
C:\Users\ALICEBELLA\Desktop\HMNQV2\app\components\ui\badge
2025-08-31T23:32:56.247Z next:jsconfig-paths-plugin skipping request as it is an absolute path 
C:\Users\ALICEBELLA\Desktop\HMNQV2\app\data\enneagram-subtypes
2025-08-31T23:32:56.247Z next:jsconfig-paths-plugin skipping request as it is an absolute path 
C:\Users\ALICEBELLA\Desktop\HMNQV2\app\components\ui\button
2025-08-31T23:32:56.247Z next:jsconfig-paths-plugin skipping request as it is an absolute path 
C:\Users\ALICEBELLA\Desktop\HMNQV2\app\components\ui\badge
2025-08-31T23:32:56.249Z next:jsconfig-paths-plugin skipping request as it is an absolute path 
C:\Users\ALICEBELLA\Desktop\HMNQV2\app\data\enneagram-subtypes
2025-08-31T23:32:56.249Z next:jsconfig-paths-plugin skipping request as it is an absolute path 
C:\Users\ALICEBELLA\Desktop\HMNQV2\app\components\ui\button
2025-08-31T23:32:56.249Z next:jsconfig-paths-plugin skipping request as it is an absolute path 
C:\Users\ALICEBELLA\Desktop\HMNQV2\app\components\ui\badge
2025-08-31T23:32:56.252Z next:jsconfig-paths-plugin skipping request as it is an absolute path 
C:\Users\ALICEBELLA\Desktop\HMNQV2\app\components\ui\card
2025-08-31T23:32:56.252Z next:jsconfig-paths-plugin skipping request as it is an absolute path 
C:\Users\ALICEBELLA\Desktop\HMNQV2\app\components\ui\button
2025-08-31T23:32:56.253Z next:jsconfig-paths-plugin skipping request as it is an absolute path 
C:\Users\ALICEBELLA\Desktop\HMNQV2\app\components\ui\progress
2025-08-31T23:32:56.253Z next:jsconfig-paths-plugin skipping request as it is an absolute path 
C:\Users\ALICEBELLA\Desktop\HMNQV2\app\components\ui\badge
2025-08-31T23:32:56.253Z next:jsconfig-paths-plugin skipping request as it is an absolute path 
C:\Users\ALICEBELLA\Desktop\HMNQV2\app\components\ui\likert-scale
2025-08-31T23:32:56.253Z next:jsconfig-paths-plugin skipping request as it is an absolute path 
C:\Users\ALICEBELLA\Desktop\HMNQV2\app\lib\toast-utils
2025-08-31T23:32:56.253Z next:jsconfig-paths-plugin skipping request as it is an absolute path 
C:\Users\ALICEBELLA\Desktop\HMNQV2\app\components\ui\button
2025-08-31T23:32:56.253Z next:jsconfig-paths-plugin skipping request as it is an absolute path 
C:\Users\ALICEBELLA\Desktop\HMNQV2\app\components\ui\card
2025-08-31T23:32:56.253Z next:jsconfig-paths-plugin skipping request as it is an absolute path 
C:\Users\ALICEBELLA\Desktop\HMNQV2\app\components\ui\badge
2025-08-31T23:32:56.255Z next:jsconfig-paths-plugin skipping request as it is an absolute path 
C:\Users\ALICEBELLA\Desktop\HMNQV2\app\lib\toast-utils
2025-08-31T23:32:56.255Z next:jsconfig-paths-plugin skipping request as it is an absolute path 
C:\Users\ALICEBELLA\Desktop\HMNQV2\app\components\ui\card
2025-08-31T23:32:56.255Z next:jsconfig-paths-plugin skipping request as it is an absolute path 
C:\Users\ALICEBELLA\Desktop\HMNQV2\app\components\ui\button
2025-08-31T23:32:56.255Z next:jsconfig-paths-plugin skipping request as it is an absolute path 
C:\Users\ALICEBELLA\Desktop\HMNQV2\app\components\ui\progress
2025-08-31T23:32:56.255Z next:jsconfig-paths-plugin skipping request as it is an absolute path 
C:\Users\ALICEBELLA\Desktop\HMNQV2\app\components\ui\badge
2025-08-31T23:32:56.255Z next:jsconfig-paths-plugin skipping request as it is an absolute path 
C:\Users\ALICEBELLA\Desktop\HMNQV2\app\components\ui\likert-scale
2025-08-31T23:32:56.256Z next:jsconfig-paths-plugin skipping request as it is an absolute path 
C:\Users\ALICEBELLA\Desktop\HMNQV2\app\components\ui\button
2025-08-31T23:32:56.256Z next:jsconfig-paths-plugin skipping request as it is an absolute path 
C:\Users\ALICEBELLA\Desktop\HMNQV2\app\components\ui\card
2025-08-31T23:32:56.256Z next:jsconfig-paths-plugin skipping request as it is an absolute path 
C:\Users\ALICEBELLA\Desktop\HMNQV2\app\components\ui\badge
2025-08-31T23:32:56.260Z next:jsconfig-paths-plugin skipping request as it is an absolute path 
C:\Users\ALICEBELLA\Desktop\HMNQV2\app\components\ui\card
2025-08-31T23:32:56.260Z next:jsconfig-paths-plugin skipping request as it is an absolute path 
C:\Users\ALICEBELLA\Desktop\HMNQV2\app\components\ui\button
2025-08-31T23:32:56.260Z next:jsconfig-paths-plugin skipping request as it is an absolute path 
C:\Users\ALICEBELLA\Desktop\HMNQV2\app\components\ui\progress
2025-08-31T23:32:56.260Z next:jsconfig-paths-plugin skipping request as it is an absolute path 
C:\Users\ALICEBELLA\Desktop\HMNQV2\app\components\ui\badge
2025-08-31T23:32:56.260Z next:jsconfig-paths-plugin skipping request as it is an absolute path 
C:\Users\ALICEBELLA\Desktop\HMNQV2\app\components\ui\likert-scale
2025-08-31T23:32:56.260Z next:jsconfig-paths-plugin skipping request as it is an absolute path 
C:\Users\ALICEBELLA\Desktop\HMNQV2\app\components\ui\button
2025-08-31T23:32:56.260Z next:jsconfig-paths-plugin skipping request as it is an absolute path 
C:\Users\ALICEBELLA\Desktop\HMNQV2\app\components\ui\card
2025-08-31T23:32:56.260Z next:jsconfig-paths-plugin skipping request as it is an absolute path 
C:\Users\ALICEBELLA\Desktop\HMNQV2\app\components\ui\badge
2025-08-31T23:32:56.263Z next:jsconfig-paths-plugin skipping request as it is an absolute path 
C:\Users\ALICEBELLA\Desktop\HMNQV2\app\components\ui\card
2025-08-31T23:32:56.263Z next:jsconfig-paths-plugin skipping request as it is an absolute path 
C:\Users\ALICEBELLA\Desktop\HMNQV2\app\components\ui\button
2025-08-31T23:32:56.263Z next:jsconfig-paths-plugin skipping request as it is an absolute path 
C:\Users\ALICEBELLA\Desktop\HMNQV2\app\components\ui\progress
2025-08-31T23:32:56.263Z next:jsconfig-paths-plugin skipping request as it is an absolute path 
C:\Users\ALICEBELLA\Desktop\HMNQV2\app\components\ui\badge
2025-08-31T23:32:56.263Z next:jsconfig-paths-plugin skipping request as it is an absolute path 
C:\Users\ALICEBELLA\Desktop\HMNQV2\app\components\ui\likert-scale
2025-08-31T23:32:56.264Z next:jsconfig-paths-plugin skipping request as it is an absolute path 
C:\Users\ALICEBELLA\Desktop\HMNQV2\app\components\ui\button
2025-08-31T23:32:56.264Z next:jsconfig-paths-plugin skipping request as it is an absolute path 
C:\Users\ALICEBELLA\Desktop\HMNQV2\app\components\ui\card
2025-08-31T23:32:56.264Z next:jsconfig-paths-plugin skipping request as it is an absolute path 
C:\Users\ALICEBELLA\Desktop\HMNQV2\app\components\ui\badge
2025-08-31T23:32:56.272Z next:jsconfig-paths-plugin skipping request as it is an absolute path 
C:\Users\ALICEBELLA\Desktop\HMNQV2\app\components\ui\card
2025-08-31T23:32:56.272Z next:jsconfig-paths-plugin skipping request as it is an absolute path 
C:\Users\ALICEBELLA\Desktop\HMNQV2\app\components\ui\button
2025-08-31T23:32:56.272Z next:jsconfig-paths-plugin skipping request as it is an absolute path 
C:\Users\ALICEBELLA\Desktop\HMNQV2\app\components\ui\avatar
2025-08-31T23:32:56.272Z next:jsconfig-paths-plugin skipping request as it is an absolute path 
C:\Users\ALICEBELLA\Desktop\HMNQV2\app\components\ui\badge
2025-08-31T23:32:56.272Z next:jsconfig-paths-plugin skipping request as it is an absolute path 
C:\Users\ALICEBELLA\Desktop\HMNQV2\app\components\ui\separator
2025-08-31T23:32:56.272Z next:jsconfig-paths-plugin skipping request as it is an absolute path 
C:\Users\ALICEBELLA\Desktop\HMNQV2\app\components\ui\collapsible
2025-08-31T23:32:56.272Z next:jsconfig-paths-plugin skipping request as it is an absolute path 
C:\Users\ALICEBELLA\Desktop\HMNQV2\app\components\graphology\RadarChart
2025-08-31T23:32:56.275Z next:jsconfig-paths-plugin skipping request as it is an absolute path 
C:\Users\ALICEBELLA\Desktop\HMNQV2\app\components\ui\card
2025-08-31T23:32:56.275Z next:jsconfig-paths-plugin skipping request as it is an absolute path 
C:\Users\ALICEBELLA\Desktop\HMNQV2\app\components\ui\button
2025-08-31T23:32:56.275Z next:jsconfig-paths-plugin skipping request as it is an absolute path 
C:\Users\ALICEBELLA\Desktop\HMNQV2\app\components\ui\avatar
2025-08-31T23:32:56.275Z next:jsconfig-paths-plugin skipping request as it is an absolute path 
C:\Users\ALICEBELLA\Desktop\HMNQV2\app\components\ui\badge
2025-08-31T23:32:56.275Z next:jsconfig-paths-plugin skipping request as it is an absolute path 
C:\Users\ALICEBELLA\Desktop\HMNQV2\app\components\ui\separator
2025-08-31T23:32:56.275Z next:jsconfig-paths-plugin skipping request as it is an absolute path 
C:\Users\ALICEBELLA\Desktop\HMNQV2\app\components\ui\collapsible
2025-08-31T23:32:56.275Z next:jsconfig-paths-plugin skipping request as it is an absolute path 
C:\Users\ALICEBELLA\Desktop\HMNQV2\app\components\graphology\RadarChart
2025-08-31T23:32:56.278Z next:jsconfig-paths-plugin skipping request as it is an absolute path 
C:\Users\ALICEBELLA\Desktop\HMNQV2\app\components\ui\card
2025-08-31T23:32:56.278Z next:jsconfig-paths-plugin skipping request as it is an absolute path 
C:\Users\ALICEBELLA\Desktop\HMNQV2\app\components\ui\button
2025-08-31T23:32:56.278Z next:jsconfig-paths-plugin skipping request as it is an absolute path 
C:\Users\ALICEBELLA\Desktop\HMNQV2\app\components\ui\avatar
2025-08-31T23:32:56.278Z next:jsconfig-paths-plugin skipping request as it is an absolute path 
C:\Users\ALICEBELLA\Desktop\HMNQV2\app\components\ui\badge
2025-08-31T23:32:56.278Z next:jsconfig-paths-plugin skipping request as it is an absolute path 
C:\Users\ALICEBELLA\Desktop\HMNQV2\app\components\ui\separator
2025-08-31T23:32:56.280Z next:jsconfig-paths-plugin skipping request as it is an absolute path 
C:\Users\ALICEBELLA\Desktop\HMNQV2\app\components\ui\card
2025-08-31T23:32:56.281Z next:jsconfig-paths-plugin skipping request as it is an absolute path 
C:\Users\ALICEBELLA\Desktop\HMNQV2\app\components\ui\button
2025-08-31T23:32:56.281Z next:jsconfig-paths-plugin skipping request as it is an absolute path 
C:\Users\ALICEBELLA\Desktop\HMNQV2\app\components\ui\avatar
2025-08-31T23:32:56.281Z next:jsconfig-paths-plugin skipping request as it is an absolute path 
C:\Users\ALICEBELLA\Desktop\HMNQV2\app\components\ui\badge
2025-08-31T23:32:56.281Z next:jsconfig-paths-plugin skipping request as it is an absolute path 
C:\Users\ALICEBELLA\Desktop\HMNQV2\app\components\ui\separator
2025-08-31T23:32:56.294Z next:jsconfig-paths-plugin moduleName did not match any paths pattern 
styled-jsx/style
2025-08-31T23:32:56.294Z next:jsconfig-paths-plugin moduleName did not match any paths pattern 
styled-jsx/style
2025-08-31T23:32:56.294Z next:jsconfig-paths-plugin moduleName did not match any paths pattern 
styled-jsx/style
2025-08-31T23:32:56.295Z next:jsconfig-paths-plugin moduleName did not match any paths pattern 
styled-jsx/style
2025-08-31T23:32:56.297Z next:jsconfig-paths-plugin skipping request as it is an absolute path 
C:\Users\ALICEBELLA\Desktop\HMNQV2\app\components\ui\button
2025-08-31T23:32:56.297Z next:jsconfig-paths-plugin skipping request as it is an absolute path 
C:\Users\ALICEBELLA\Desktop\HMNQV2\app\components\ui\card
2025-08-31T23:32:56.297Z next:jsconfig-paths-plugin skipping request as it is an absolute path 
C:\Users\ALICEBELLA\Desktop\HMNQV2\app\components\ui\badge
2025-08-31T23:32:56.297Z next:jsconfig-paths-plugin skipping request as it is an absolute path 
C:\Users\ALICEBELLA\Desktop\HMNQV2\app\components\ui\likert-scale
2025-08-31T23:32:56.298Z next:jsconfig-paths-plugin skipping request as it is an absolute path 
C:\Users\ALICEBELLA\Desktop\HMNQV2\app\components\ui\button
2025-08-31T23:32:56.298Z next:jsconfig-paths-plugin skipping request as it is an absolute path 
C:\Users\ALICEBELLA\Desktop\HMNQV2\app\components\ui\card
2025-08-31T23:32:56.298Z next:jsconfig-paths-plugin skipping request as it is an absolute path 
C:\Users\ALICEBELLA\Desktop\HMNQV2\app\components\ui\badge
2025-08-31T23:32:56.298Z next:jsconfig-paths-plugin skipping request as it is an absolute path 
C:\Users\ALICEBELLA\Desktop\HMNQV2\app\components\ui\likert-scale
2025-08-31T23:32:56.301Z next:jsconfig-paths-plugin skipping request as it is an absolute path 
C:\Users\ALICEBELLA\Desktop\HMNQV2\app\components\ui\button
2025-08-31T23:32:56.301Z next:jsconfig-paths-plugin skipping request as it is an absolute path 
C:\Users\ALICEBELLA\Desktop\HMNQV2\app\components\ui\card
2025-08-31T23:32:56.301Z next:jsconfig-paths-plugin skipping request as it is an absolute path 
C:\Users\ALICEBELLA\Desktop\HMNQV2\app\components\ui\badge
2025-08-31T23:32:56.301Z next:jsconfig-paths-plugin skipping request as it is an absolute path 
C:\Users\ALICEBELLA\Desktop\HMNQV2\app\components\ui\likert-scale
2025-08-31T23:32:56.309Z next:jsconfig-paths-plugin skipping request as it is an absolute path 
C:\Users\ALICEBELLA\Desktop\HMNQV2\app\components\ui\button
2025-08-31T23:32:56.309Z next:jsconfig-paths-plugin skipping request as it is an absolute path 
C:\Users\ALICEBELLA\Desktop\HMNQV2\app\components\ui\card
2025-08-31T23:32:56.309Z next:jsconfig-paths-plugin skipping request as it is an absolute path 
C:\Users\ALICEBELLA\Desktop\HMNQV2\app\components\ui\badge
2025-08-31T23:32:56.309Z next:jsconfig-paths-plugin skipping request as it is an absolute path 
C:\Users\ALICEBELLA\Desktop\HMNQV2\app\components\ui\likert-scale
2025-08-31T23:32:56.312Z next:jsconfig-paths-plugin skipping request as it is an absolute path 
C:\Users\ALICEBELLA\Desktop\HMNQV2\app\components\ui\card
2025-08-31T23:32:56.312Z next:jsconfig-paths-plugin skipping request as it is an absolute path 
C:\Users\ALICEBELLA\Desktop\HMNQV2\app\components\ui\button
2025-08-31T23:32:56.312Z next:jsconfig-paths-plugin skipping request as it is an absolute path 
C:\Users\ALICEBELLA\Desktop\HMNQV2\app\components\ui\badge
2025-08-31T23:32:56.314Z next:jsconfig-paths-plugin skipping request as it is an absolute path 
C:\Users\ALICEBELLA\Desktop\HMNQV2\app\components\ui\card
2025-08-31T23:32:56.314Z next:jsconfig-paths-plugin skipping request as it is an absolute path 
C:\Users\ALICEBELLA\Desktop\HMNQV2\app\components\ui\button
2025-08-31T23:32:56.314Z next:jsconfig-paths-plugin skipping request as it is an absolute path 
C:\Users\ALICEBELLA\Desktop\HMNQV2\app\components\ui\badge
2025-08-31T23:32:56.315Z next:jsconfig-paths-plugin skipping request as it is an absolute path 
C:\Users\ALICEBELLA\Desktop\HMNQV2\app\components\ui\card
2025-08-31T23:32:56.315Z next:jsconfig-paths-plugin skipping request as it is an absolute path 
C:\Users\ALICEBELLA\Desktop\HMNQV2\app\components\ui\button
2025-08-31T23:32:56.315Z next:jsconfig-paths-plugin skipping request as it is an absolute path 
C:\Users\ALICEBELLA\Desktop\HMNQV2\app\components\ui\badge
2025-08-31T23:32:56.317Z next:jsconfig-paths-plugin skipping request as it is an absolute path 
C:\Users\ALICEBELLA\Desktop\HMNQV2\app\components\ui\card
2025-08-31T23:32:56.317Z next:jsconfig-paths-plugin skipping request as it is an absolute path 
C:\Users\ALICEBELLA\Desktop\HMNQV2\app\components\ui\button
2025-08-31T23:32:56.317Z next:jsconfig-paths-plugin skipping request as it is an absolute path 
C:\Users\ALICEBELLA\Desktop\HMNQV2\app\components\ui\badge
2025-08-31T23:32:56.319Z next:jsconfig-paths-plugin skipping request as it is an absolute path 
C:\Users\ALICEBELLA\Desktop\HMNQV2\app\hooks\use-toast
2025-08-31T23:32:56.319Z next:jsconfig-paths-plugin skipping request as it is an absolute path 
C:\Users\ALICEBELLA\Desktop\HMNQV2\app\hooks\use-toast
2025-08-31T23:32:56.320Z next:jsconfig-paths-plugin skipping request as it is an absolute path 
C:\Users\ALICEBELLA\Desktop\HMNQV2\app\lib\toast-utils
2025-08-31T23:32:56.321Z next:jsconfig-paths-plugin skipping request as it is an absolute path 
C:\Users\ALICEBELLA\Desktop\HMNQV2\app\lib\toast-utils
2025-08-31T23:32:56.321Z next:jsconfig-paths-plugin skipping request as it is an absolute path 
C:\Users\ALICEBELLA\Desktop\HMNQV2\app\lib\toast-utils
2025-08-31T23:32:56.321Z next:jsconfig-paths-plugin skipping request as it is an absolute path 
C:\Users\ALICEBELLA\Desktop\HMNQV2\app\lib\toast-utils
2025-08-31T23:32:56.323Z next:jsconfig-paths-plugin skipping request as it is an absolute path 
C:\Users\ALICEBELLA\Desktop\HMNQV2\app\components\graphology\RadarChart
2025-08-31T23:32:56.323Z next:jsconfig-paths-plugin skipping request as it is an absolute path 
C:\Users\ALICEBELLA\Desktop\HMNQV2\app\components\graphology\RadarChart
2025-08-31T23:32:56.323Z next:jsconfig-paths-plugin skipping request as it is an absolute path 
C:\Users\ALICEBELLA\Desktop\HMNQV2\app\components\graphology\RadarChart
2025-08-31T23:32:56.325Z next:jsconfig-paths-plugin skipping request as it is an absolute path 
C:\Users\ALICEBELLA\Desktop\HMNQV2\app\components\graphology\RadarChart
2025-08-31T23:32:56.325Z next:jsconfig-paths-plugin skipping request as it is an absolute path 
C:\Users\ALICEBELLA\Desktop\HMNQV2\app\components\graphology\RadarChart
2025-08-31T23:32:56.325Z next:jsconfig-paths-plugin skipping request as it is an absolute path 
C:\Users\ALICEBELLA\Desktop\HMNQV2\app\components\graphology\RadarChart
2025-08-31T23:32:56.327Z next:jsconfig-paths-plugin skipping request as it is an absolute path 
C:\Users\ALICEBELLA\Desktop\HMNQV2\app\components\graphology\BarChart
2025-08-31T23:32:56.328Z next:jsconfig-paths-plugin skipping request as it is an absolute path 
C:\Users\ALICEBELLA\Desktop\HMNQV2\app\components\graphology\BarChart
2025-08-31T23:32:56.329Z next:jsconfig-paths-plugin skipping request as it is an absolute path 
C:\Users\ALICEBELLA\Desktop\HMNQV2\app\components\graphology\ManuscriptViewer
2025-08-31T23:32:56.329Z next:jsconfig-paths-plugin skipping request as it is an absolute path 
C:\Users\ALICEBELLA\Desktop\HMNQV2\app\components\graphology\ManuscriptViewer
2025-08-31T23:32:56.330Z next:jsconfig-paths-plugin skipping request as it is an absolute path 
C:\Users\ALICEBELLA\Desktop\HMNQV2\app\components\graphology\ExportFeatures
2025-08-31T23:32:56.331Z next:jsconfig-paths-plugin skipping request as it is an absolute path 
C:\Users\ALICEBELLA\Desktop\HMNQV2\app\components\graphology\ExportFeatures
2025-08-31T23:32:56.332Z next:jsconfig-paths-plugin skipping request as it is an absolute path 
C:\Users\ALICEBELLA\Desktop\HMNQV2\app\components\SubtypeDetails
2025-08-31T23:32:56.333Z next:jsconfig-paths-plugin skipping request as it is an absolute path 
C:\Users\ALICEBELLA\Desktop\HMNQV2\app\components\SubtypeDetails
2025-08-31T23:32:56.333Z next:jsconfig-paths-plugin skipping request as it is an absolute path 
C:\Users\ALICEBELLA\Desktop\HMNQV2\app\components\EnhancedStaticHDMandala
2025-08-31T23:32:56.334Z next:jsconfig-paths-plugin skipping request as it is an absolute path 
C:\Users\ALICEBELLA\Desktop\HMNQV2\app\components\EnhancedStaticHDMandala
2025-08-31T23:32:56.334Z next:jsconfig-paths-plugin skipping request as it is an absolute path 
C:\Users\ALICEBELLA\Desktop\HMNQV2\app\components\ui\collapsible
2025-08-31T23:32:56.335Z next:jsconfig-paths-plugin skipping request as it is an absolute path 
C:\Users\ALICEBELLA\Desktop\HMNQV2\app\components\ui\collapsible
2025-08-31T23:32:56.342Z next:jsconfig-paths-plugin skipping request as it is an absolute path 
C:\Users\ALICEBELLA\Desktop\HMNQV2\app\components\ui\button
2025-08-31T23:32:56.342Z next:jsconfig-paths-plugin skipping request as it is an absolute path 
C:\Users\ALICEBELLA\Desktop\HMNQV2\app\components\ui\card
2025-08-31T23:32:56.342Z next:jsconfig-paths-plugin skipping request as it is an absolute path 
C:\Users\ALICEBELLA\Desktop\HMNQV2\app\components\ui\badge
2025-08-31T23:32:56.342Z next:jsconfig-paths-plugin skipping request as it is an absolute path 
C:\Users\ALICEBELLA\Desktop\HMNQV2\app\components\ui\button
2025-08-31T23:32:56.342Z next:jsconfig-paths-plugin skipping request as it is an absolute path 
C:\Users\ALICEBELLA\Desktop\HMNQV2\app\components\ui\card
2025-08-31T23:32:56.342Z next:jsconfig-paths-plugin skipping request as it is an absolute path 
C:\Users\ALICEBELLA\Desktop\HMNQV2\app\components\ui\badge
2025-08-31T23:32:56.343Z next:jsconfig-paths-plugin skipping request as it is an absolute path 
C:\Users\ALICEBELLA\Desktop\HMNQV2\app\components\ui\button
2025-08-31T23:32:56.343Z next:jsconfig-paths-plugin skipping request as it is an absolute path 
C:\Users\ALICEBELLA\Desktop\HMNQV2\app\components\ui\card
2025-08-31T23:32:56.343Z next:jsconfig-paths-plugin skipping request as it is an absolute path 
C:\Users\ALICEBELLA\Desktop\HMNQV2\app\components\ui\badge
2025-08-31T23:32:56.343Z next:jsconfig-paths-plugin skipping request as it is an absolute path 
C:\Users\ALICEBELLA\Desktop\HMNQV2\app\components\ui\button
2025-08-31T23:32:56.343Z next:jsconfig-paths-plugin skipping request as it is an absolute path 
C:\Users\ALICEBELLA\Desktop\HMNQV2\app\components\ui\card
2025-08-31T23:32:56.343Z next:jsconfig-paths-plugin skipping request as it is an absolute path 
C:\Users\ALICEBELLA\Desktop\HMNQV2\app\components\ui\badge
2025-08-31T23:32:56.345Z next:jsconfig-paths-plugin skipping request as it is an absolute path 
C:\Users\ALICEBELLA\Desktop\HMNQV2\app\components\ui\button
2025-08-31T23:32:56.345Z next:jsconfig-paths-plugin skipping request as it is an absolute path 
C:\Users\ALICEBELLA\Desktop\HMNQV2\app\components\ui\card
2025-08-31T23:32:56.345Z next:jsconfig-paths-plugin skipping request as it is an absolute path 
C:\Users\ALICEBELLA\Desktop\HMNQV2\app\components\ui\badge
2025-08-31T23:32:56.345Z next:jsconfig-paths-plugin skipping request as it is an absolute path 
C:\Users\ALICEBELLA\Desktop\HMNQV2\app\components\ui\button
2025-08-31T23:32:56.345Z next:jsconfig-paths-plugin skipping request as it is an absolute path 
C:\Users\ALICEBELLA\Desktop\HMNQV2\app\components\ui\card
2025-08-31T23:32:56.345Z next:jsconfig-paths-plugin skipping request as it is an absolute path 
C:\Users\ALICEBELLA\Desktop\HMNQV2\app\components\ui\badge
2025-08-31T23:32:56.346Z next:jsconfig-paths-plugin skipping request as it is an absolute path 
C:\Users\ALICEBELLA\Desktop\HMNQV2\app\components\ui\button
2025-08-31T23:32:56.346Z next:jsconfig-paths-plugin skipping request as it is an absolute path 
C:\Users\ALICEBELLA\Desktop\HMNQV2\app\components\ui\card
2025-08-31T23:32:56.346Z next:jsconfig-paths-plugin skipping request as it is an absolute path 
C:\Users\ALICEBELLA\Desktop\HMNQV2\app\components\ui\badge
2025-08-31T23:32:56.347Z next:jsconfig-paths-plugin skipping request as it is an absolute path 
C:\Users\ALICEBELLA\Desktop\HMNQV2\app\components\ui\button
2025-08-31T23:32:56.347Z next:jsconfig-paths-plugin skipping request as it is an absolute path 
C:\Users\ALICEBELLA\Desktop\HMNQV2\app\components\ui\card
2025-08-31T23:32:56.347Z next:jsconfig-paths-plugin skipping request as it is an absolute path 
C:\Users\ALICEBELLA\Desktop\HMNQV2\app\components\ui\badge
2025-08-31T23:32:56.349Z next:jsconfig-paths-plugin skipping request as it is an absolute path 
C:\Users\ALICEBELLA\Desktop\HMNQV2\app\components\ui\card
2025-08-31T23:32:56.350Z next:jsconfig-paths-plugin skipping request as it is an absolute path 
C:\Users\ALICEBELLA\Desktop\HMNQV2\app\components\ui\button
2025-08-31T23:32:56.350Z next:jsconfig-paths-plugin skipping request as it is an absolute path 
C:\Users\ALICEBELLA\Desktop\HMNQV2\app\components\ui\progress
2025-08-31T23:32:56.350Z next:jsconfig-paths-plugin skipping request as it is an absolute path 
C:\Users\ALICEBELLA\Desktop\HMNQV2\app\components\ui\badge
2025-08-31T23:32:56.350Z next:jsconfig-paths-plugin skipping request as it is an absolute path 
C:\Users\ALICEBELLA\Desktop\HMNQV2\app\components\ui\card
2025-08-31T23:32:56.350Z next:jsconfig-paths-plugin skipping request as it is an absolute path 
C:\Users\ALICEBELLA\Desktop\HMNQV2\app\components\ui\button
2025-08-31T23:32:56.350Z next:jsconfig-paths-plugin skipping request as it is an absolute path 
C:\Users\ALICEBELLA\Desktop\HMNQV2\app\components\ui\progress
2025-08-31T23:32:56.350Z next:jsconfig-paths-plugin skipping request as it is an absolute path 
C:\Users\ALICEBELLA\Desktop\HMNQV2\app\components\ui\badge
2025-08-31T23:32:56.352Z next:jsconfig-paths-plugin skipping request as it is an absolute path 
C:\Users\ALICEBELLA\Desktop\HMNQV2\app\components\ui\card
2025-08-31T23:32:56.352Z next:jsconfig-paths-plugin skipping request as it is an absolute path 
C:\Users\ALICEBELLA\Desktop\HMNQV2\app\components\ui\button
2025-08-31T23:32:56.352Z next:jsconfig-paths-plugin skipping request as it is an absolute path 
C:\Users\ALICEBELLA\Desktop\HMNQV2\app\components\ui\progress
2025-08-31T23:32:56.352Z next:jsconfig-paths-plugin skipping request as it is an absolute path 
C:\Users\ALICEBELLA\Desktop\HMNQV2\app\components\ui\badge
2025-08-31T23:32:56.353Z next:jsconfig-paths-plugin skipping request as it is an absolute path 
C:\Users\ALICEBELLA\Desktop\HMNQV2\app\components\ui\card
2025-08-31T23:32:56.353Z next:jsconfig-paths-plugin skipping request as it is an absolute path 
C:\Users\ALICEBELLA\Desktop\HMNQV2\app\components\ui\button
2025-08-31T23:32:56.353Z next:jsconfig-paths-plugin skipping request as it is an absolute path 
C:\Users\ALICEBELLA\Desktop\HMNQV2\app\components\ui\progress
2025-08-31T23:32:56.353Z next:jsconfig-paths-plugin skipping request as it is an absolute path 
C:\Users\ALICEBELLA\Desktop\HMNQV2\app\components\ui\badge
2025-08-31T23:32:56.368Z next:jsconfig-paths-plugin skipping request as it is an absolute path 
C:\Users\ALICEBELLA\Desktop\HMNQV2\app\components\ui\button
2025-08-31T23:32:56.368Z next:jsconfig-paths-plugin skipping request as it is an absolute path 
C:\Users\ALICEBELLA\Desktop\HMNQV2\app\components\ui\card
2025-08-31T23:32:56.368Z next:jsconfig-paths-plugin skipping request as it is an absolute path 
C:\Users\ALICEBELLA\Desktop\HMNQV2\app\components\ui\badge
2025-08-31T23:32:56.369Z next:jsconfig-paths-plugin skipping request as it is an absolute path 
C:\Users\ALICEBELLA\Desktop\HMNQV2\app\components\ui\button
2025-08-31T23:32:56.369Z next:jsconfig-paths-plugin skipping request as it is an absolute path 
C:\Users\ALICEBELLA\Desktop\HMNQV2\app\components\ui\card
2025-08-31T23:32:56.369Z next:jsconfig-paths-plugin skipping request as it is an absolute path 
C:\Users\ALICEBELLA\Desktop\HMNQV2\app\components\ui\badge
2025-08-31T23:32:56.371Z next:jsconfig-paths-plugin skipping request as it is an absolute path 
C:\Users\ALICEBELLA\Desktop\HMNQV2\app\components\ui\button
2025-08-31T23:32:56.371Z next:jsconfig-paths-plugin skipping request as it is an absolute path 
C:\Users\ALICEBELLA\Desktop\HMNQV2\app\components\ui\card
2025-08-31T23:32:56.371Z next:jsconfig-paths-plugin skipping request as it is an absolute path 
C:\Users\ALICEBELLA\Desktop\HMNQV2\app\components\ui\badge
2025-08-31T23:32:56.372Z next:jsconfig-paths-plugin skipping request as it is an absolute path 
C:\Users\ALICEBELLA\Desktop\HMNQV2\app\components\ui\button
2025-08-31T23:32:56.372Z next:jsconfig-paths-plugin skipping request as it is an absolute path 
C:\Users\ALICEBELLA\Desktop\HMNQV2\app\components\ui\card
2025-08-31T23:32:56.372Z next:jsconfig-paths-plugin skipping request as it is an absolute path 
C:\Users\ALICEBELLA\Desktop\HMNQV2\app\components\ui\badge
2025-08-31T23:32:56.373Z next:jsconfig-paths-plugin skipping request as it is an absolute path 
C:\Users\ALICEBELLA\Desktop\HMNQV2\app\components\ui\card
2025-08-31T23:32:56.373Z next:jsconfig-paths-plugin skipping request as it is an absolute path 
C:\Users\ALICEBELLA\Desktop\HMNQV2\app\components\ui\button
2025-08-31T23:32:56.373Z next:jsconfig-paths-plugin skipping request as it is an absolute path 
C:\Users\ALICEBELLA\Desktop\HMNQV2\app\components\ui\progress
2025-08-31T23:32:56.374Z next:jsconfig-paths-plugin skipping request as it is an absolute path 
C:\Users\ALICEBELLA\Desktop\HMNQV2\app\components\ui\card
2025-08-31T23:32:56.374Z next:jsconfig-paths-plugin skipping request as it is an absolute path 
C:\Users\ALICEBELLA\Desktop\HMNQV2\app\components\ui\button
2025-08-31T23:32:56.374Z next:jsconfig-paths-plugin skipping request as it is an absolute path 
C:\Users\ALICEBELLA\Desktop\HMNQV2\app\components\ui\progress
2025-08-31T23:32:56.375Z next:jsconfig-paths-plugin skipping request as it is an absolute path 
C:\Users\ALICEBELLA\Desktop\HMNQV2\app\components\ui\card
2025-08-31T23:32:56.375Z next:jsconfig-paths-plugin skipping request as it is an absolute path 
C:\Users\ALICEBELLA\Desktop\HMNQV2\app\components\ui\button
2025-08-31T23:32:56.375Z next:jsconfig-paths-plugin skipping request as it is an absolute path 
C:\Users\ALICEBELLA\Desktop\HMNQV2\app\components\ui\progress
2025-08-31T23:32:56.376Z next:jsconfig-paths-plugin skipping request as it is an absolute path 
C:\Users\ALICEBELLA\Desktop\HMNQV2\app\components\ui\card
2025-08-31T23:32:56.376Z next:jsconfig-paths-plugin skipping request as it is an absolute path 
C:\Users\ALICEBELLA\Desktop\HMNQV2\app\components\ui\button
2025-08-31T23:32:56.376Z next:jsconfig-paths-plugin skipping request as it is an absolute path 
C:\Users\ALICEBELLA\Desktop\HMNQV2\app\components\ui\progress
2025-08-31T23:32:56.378Z next:jsconfig-paths-plugin skipping request as it is an absolute path 
C:\Users\ALICEBELLA\Desktop\HMNQV2\app\components\ui\button
2025-08-31T23:32:56.378Z next:jsconfig-paths-plugin skipping request as it is an absolute path 
C:\Users\ALICEBELLA\Desktop\HMNQV2\app\components\ui\card
2025-08-31T23:32:56.378Z next:jsconfig-paths-plugin skipping request as it is an absolute path 
C:\Users\ALICEBELLA\Desktop\HMNQV2\app\components\ui\progress
2025-08-31T23:32:56.378Z next:jsconfig-paths-plugin skipping request as it is an absolute path 
C:\Users\ALICEBELLA\Desktop\HMNQV2\app\components\ui\badge
2025-08-31T23:32:56.378Z next:jsconfig-paths-plugin skipping request as it is an absolute path 
C:\Users\ALICEBELLA\Desktop\HMNQV2\app\components\ui\likert-scale
2025-08-31T23:32:56.378Z next:jsconfig-paths-plugin skipping request as it is an absolute path 
C:\Users\ALICEBELLA\Desktop\HMNQV2\app\components\ui\button
2025-08-31T23:32:56.378Z next:jsconfig-paths-plugin skipping request as it is an absolute path 
C:\Users\ALICEBELLA\Desktop\HMNQV2\app\components\ui\badge
2025-08-31T23:32:56.379Z next:jsconfig-paths-plugin skipping request as it is an absolute path 
C:\Users\ALICEBELLA\Desktop\HMNQV2\app\components\ui\button
2025-08-31T23:32:56.379Z next:jsconfig-paths-plugin skipping request as it is an absolute path 
C:\Users\ALICEBELLA\Desktop\HMNQV2\app\components\ui\card
2025-08-31T23:32:56.379Z next:jsconfig-paths-plugin skipping request as it is an absolute path 
C:\Users\ALICEBELLA\Desktop\HMNQV2\app\components\ui\progress
2025-08-31T23:32:56.379Z next:jsconfig-paths-plugin skipping request as it is an absolute path 
C:\Users\ALICEBELLA\Desktop\HMNQV2\app\components\ui\badge
2025-08-31T23:32:56.379Z next:jsconfig-paths-plugin skipping request as it is an absolute path 
C:\Users\ALICEBELLA\Desktop\HMNQV2\app\components\ui\likert-scale
2025-08-31T23:32:56.379Z next:jsconfig-paths-plugin skipping request as it is an absolute path 
C:\Users\ALICEBELLA\Desktop\HMNQV2\app\components\ui\button
2025-08-31T23:32:56.379Z next:jsconfig-paths-plugin skipping request as it is an absolute path 
C:\Users\ALICEBELLA\Desktop\HMNQV2\app\components\ui\badge
2025-08-31T23:32:56.381Z next:jsconfig-paths-plugin skipping request as it is an absolute path 
C:\Users\ALICEBELLA\Desktop\HMNQV2\app\components\ui\button
2025-08-31T23:32:56.381Z next:jsconfig-paths-plugin skipping request as it is an absolute path 
C:\Users\ALICEBELLA\Desktop\HMNQV2\app\components\ui\card
2025-08-31T23:32:56.381Z next:jsconfig-paths-plugin skipping request as it is an absolute path 
C:\Users\ALICEBELLA\Desktop\HMNQV2\app\components\ui\progress
2025-08-31T23:32:56.381Z next:jsconfig-paths-plugin skipping request as it is an absolute path 
C:\Users\ALICEBELLA\Desktop\HMNQV2\app\components\ui\badge
2025-08-31T23:32:56.381Z next:jsconfig-paths-plugin skipping request as it is an absolute path 
C:\Users\ALICEBELLA\Desktop\HMNQV2\app\components\ui\likert-scale
2025-08-31T23:32:56.381Z next:jsconfig-paths-plugin skipping request as it is an absolute path 
C:\Users\ALICEBELLA\Desktop\HMNQV2\app\components\ui\button
2025-08-31T23:32:56.381Z next:jsconfig-paths-plugin skipping request as it is an absolute path 
C:\Users\ALICEBELLA\Desktop\HMNQV2\app\components\ui\badge
2025-08-31T23:32:56.383Z next:jsconfig-paths-plugin skipping request as it is an absolute path 
C:\Users\ALICEBELLA\Desktop\HMNQV2\app\components\ui\button
2025-08-31T23:32:56.383Z next:jsconfig-paths-plugin skipping request as it is an absolute path 
C:\Users\ALICEBELLA\Desktop\HMNQV2\app\components\ui\card
2025-08-31T23:32:56.383Z next:jsconfig-paths-plugin skipping request as it is an absolute path 
C:\Users\ALICEBELLA\Desktop\HMNQV2\app\components\ui\progress
2025-08-31T23:32:56.383Z next:jsconfig-paths-plugin skipping request as it is an absolute path 
C:\Users\ALICEBELLA\Desktop\HMNQV2\app\components\ui\badge
2025-08-31T23:32:56.383Z next:jsconfig-paths-plugin skipping request as it is an absolute path 
C:\Users\ALICEBELLA\Desktop\HMNQV2\app\components\ui\likert-scale
2025-08-31T23:32:56.384Z next:jsconfig-paths-plugin skipping request as it is an absolute path 
C:\Users\ALICEBELLA\Desktop\HMNQV2\app\components\ui\button
2025-08-31T23:32:56.384Z next:jsconfig-paths-plugin skipping request as it is an absolute path 
C:\Users\ALICEBELLA\Desktop\HMNQV2\app\components\ui\badge
2025-08-31T23:32:56.387Z next:jsconfig-paths-plugin skipping request as it is an absolute path 
C:\Users\ALICEBELLA\Desktop\HMNQV2\app\components\ui\button
2025-08-31T23:32:56.387Z next:jsconfig-paths-plugin skipping request as it is an absolute path 
C:\Users\ALICEBELLA\Desktop\HMNQV2\app\components\ui\card
2025-08-31T23:32:56.388Z next:jsconfig-paths-plugin skipping request as it is an absolute path 
C:\Users\ALICEBELLA\Desktop\HMNQV2\app\components\ui\button
2025-08-31T23:32:56.388Z next:jsconfig-paths-plugin skipping request as it is an absolute path 
C:\Users\ALICEBELLA\Desktop\HMNQV2\app\components\ui\card
2025-08-31T23:32:56.389Z next:jsconfig-paths-plugin skipping request as it is an absolute path 
C:\Users\ALICEBELLA\Desktop\HMNQV2\app\components\ui\button
2025-08-31T23:32:56.389Z next:jsconfig-paths-plugin skipping request as it is an absolute path 
C:\Users\ALICEBELLA\Desktop\HMNQV2\app\components\ui\card
2025-08-31T23:32:56.390Z next:jsconfig-paths-plugin skipping request as it is an absolute path 
C:\Users\ALICEBELLA\Desktop\HMNQV2\app\components\ui\button
2025-08-31T23:32:56.390Z next:jsconfig-paths-plugin skipping request as it is an absolute path 
C:\Users\ALICEBELLA\Desktop\HMNQV2\app\components\ui\card
2025-08-31T23:32:56.423Z next:jsconfig-paths-plugin skipping request as it is an absolute path 
C:\Users\ALICEBELLA\Desktop\HMNQV2\app\components\ui\button
2025-08-31T23:32:56.423Z next:jsconfig-paths-plugin skipping request as it is an absolute path 
C:\Users\ALICEBELLA\Desktop\HMNQV2\app\components\ui\card
2025-08-31T23:32:56.423Z next:jsconfig-paths-plugin skipping request as it is an absolute path 
C:\Users\ALICEBELLA\Desktop\HMNQV2\app\components\ui\progress
2025-08-31T23:32:56.423Z next:jsconfig-paths-plugin skipping request as it is an absolute path 
C:\Users\ALICEBELLA\Desktop\HMNQV2\app\components\ui\badge
2025-08-31T23:32:56.424Z next:jsconfig-paths-plugin skipping request as it is an absolute path 
C:\Users\ALICEBELLA\Desktop\HMNQV2\app\components\ui\likert-scale
2025-08-31T23:32:56.424Z next:jsconfig-paths-plugin skipping request as it is an absolute path 
C:\Users\ALICEBELLA\Desktop\HMNQV2\app\components\ui\card
2025-08-31T23:32:56.424Z next:jsconfig-paths-plugin skipping request as it is an absolute path 
C:\Users\ALICEBELLA\Desktop\HMNQV2\app\components\ui\button
2025-08-31T23:32:56.424Z next:jsconfig-paths-plugin skipping request as it is an absolute path 
C:\Users\ALICEBELLA\Desktop\HMNQV2\app\components\ui\badge
2025-08-31T23:32:56.424Z next:jsconfig-paths-plugin skipping request as it is an absolute path 
C:\Users\ALICEBELLA\Desktop\HMNQV2\app\components\ui\progress
2025-08-31T23:32:56.424Z next:jsconfig-paths-plugin skipping request as it is an absolute path 
C:\Users\ALICEBELLA\Desktop\HMNQV2\app\components\ui\likert-scale
2025-08-31T23:32:56.424Z next:jsconfig-paths-plugin skipping request as it is an absolute path 
C:\Users\ALICEBELLA\Desktop\HMNQV2\app\components\ui\button
2025-08-31T23:32:56.424Z next:jsconfig-paths-plugin skipping request as it is an absolute path 
C:\Users\ALICEBELLA\Desktop\HMNQV2\app\components\ui\card
2025-08-31T23:32:56.424Z next:jsconfig-paths-plugin skipping request as it is an absolute path 
C:\Users\ALICEBELLA\Desktop\HMNQV2\app\components\ui\badge
2025-08-31T23:32:56.424Z next:jsconfig-paths-plugin skipping request as it is an absolute path 
C:\Users\ALICEBELLA\Desktop\HMNQV2\app\components\ui\progress
2025-08-31T23:32:56.427Z next:jsconfig-paths-plugin skipping request as it is an absolute path 
C:\Users\ALICEBELLA\Desktop\HMNQV2\app\components\ui\button
2025-08-31T23:32:56.427Z next:jsconfig-paths-plugin skipping request as it is an absolute path 
C:\Users\ALICEBELLA\Desktop\HMNQV2\app\components\ui\card
2025-08-31T23:32:56.427Z next:jsconfig-paths-plugin skipping request as it is an absolute path 
C:\Users\ALICEBELLA\Desktop\HMNQV2\app\components\ui\progress
2025-08-31T23:32:56.427Z next:jsconfig-paths-plugin skipping request as it is an absolute path 
C:\Users\ALICEBELLA\Desktop\HMNQV2\app\components\ui\badge
2025-08-31T23:32:56.427Z next:jsconfig-paths-plugin skipping request as it is an absolute path 
C:\Users\ALICEBELLA\Desktop\HMNQV2\app\components\ui\likert-scale
2025-08-31T23:32:56.427Z next:jsconfig-paths-plugin skipping request as it is an absolute path 
C:\Users\ALICEBELLA\Desktop\HMNQV2\app\components\ui\card
2025-08-31T23:32:56.427Z next:jsconfig-paths-plugin skipping request as it is an absolute path 
C:\Users\ALICEBELLA\Desktop\HMNQV2\app\components\ui\button
2025-08-31T23:32:56.427Z next:jsconfig-paths-plugin skipping request as it is an absolute path 
C:\Users\ALICEBELLA\Desktop\HMNQV2\app\components\ui\badge
2025-08-31T23:32:56.427Z next:jsconfig-paths-plugin skipping request as it is an absolute path 
C:\Users\ALICEBELLA\Desktop\HMNQV2\app\components\ui\progress
2025-08-31T23:32:56.427Z next:jsconfig-paths-plugin skipping request as it is an absolute path 
C:\Users\ALICEBELLA\Desktop\HMNQV2\app\components\ui\likert-scale
2025-08-31T23:32:56.429Z next:jsconfig-paths-plugin skipping request as it is an absolute path 
C:\Users\ALICEBELLA\Desktop\HMNQV2\app\components\ui\button
2025-08-31T23:32:56.429Z next:jsconfig-paths-plugin skipping request as it is an absolute path 
C:\Users\ALICEBELLA\Desktop\HMNQV2\app\components\ui\card
2025-08-31T23:32:56.429Z next:jsconfig-paths-plugin skipping request as it is an absolute path 
C:\Users\ALICEBELLA\Desktop\HMNQV2\app\components\ui\badge
2025-08-31T23:32:56.429Z next:jsconfig-paths-plugin skipping request as it is an absolute path 
C:\Users\ALICEBELLA\Desktop\HMNQV2\app\components\ui\progress
2025-08-31T23:32:56.436Z next:jsconfig-paths-plugin skipping request as it is an absolute path 
C:\Users\ALICEBELLA\Desktop\HMNQV2\app\components\ui\button
2025-08-31T23:32:56.436Z next:jsconfig-paths-plugin skipping request as it is an absolute path 
C:\Users\ALICEBELLA\Desktop\HMNQV2\app\components\ui\card
2025-08-31T23:32:56.436Z next:jsconfig-paths-plugin skipping request as it is an absolute path 
C:\Users\ALICEBELLA\Desktop\HMNQV2\app\components\ui\progress
2025-08-31T23:32:56.436Z next:jsconfig-paths-plugin skipping request as it is an absolute path 
C:\Users\ALICEBELLA\Desktop\HMNQV2\app\components\ui\badge
2025-08-31T23:32:56.436Z next:jsconfig-paths-plugin skipping request as it is an absolute path 
C:\Users\ALICEBELLA\Desktop\HMNQV2\app\components\ui\likert-scale
2025-08-31T23:32:56.436Z next:jsconfig-paths-plugin skipping request as it is an absolute path 
C:\Users\ALICEBELLA\Desktop\HMNQV2\app\components\ui\card
2025-08-31T23:32:56.437Z next:jsconfig-paths-plugin skipping request as it is an absolute path 
C:\Users\ALICEBELLA\Desktop\HMNQV2\app\components\ui\button
2025-08-31T23:32:56.437Z next:jsconfig-paths-plugin skipping request as it is an absolute path 
C:\Users\ALICEBELLA\Desktop\HMNQV2\app\components\ui\badge
2025-08-31T23:32:56.437Z next:jsconfig-paths-plugin skipping request as it is an absolute path 
C:\Users\ALICEBELLA\Desktop\HMNQV2\app\components\ui\progress
2025-08-31T23:32:56.437Z next:jsconfig-paths-plugin skipping request as it is an absolute path 
C:\Users\ALICEBELLA\Desktop\HMNQV2\app\components\ui\likert-scale
2025-08-31T23:32:56.437Z next:jsconfig-paths-plugin skipping request as it is an absolute path 
C:\Users\ALICEBELLA\Desktop\HMNQV2\app\components\ui\button
2025-08-31T23:32:56.437Z next:jsconfig-paths-plugin skipping request as it is an absolute path 
C:\Users\ALICEBELLA\Desktop\HMNQV2\app\components\ui\card
2025-08-31T23:32:56.437Z next:jsconfig-paths-plugin skipping request as it is an absolute path 
C:\Users\ALICEBELLA\Desktop\HMNQV2\app\components\ui\badge
2025-08-31T23:32:56.437Z next:jsconfig-paths-plugin skipping request as it is an absolute path 
C:\Users\ALICEBELLA\Desktop\HMNQV2\app\components\ui\progress
2025-08-31T23:32:56.441Z next:jsconfig-paths-plugin skipping request as it is an absolute path 
C:\Users\ALICEBELLA\Desktop\HMNQV2\app\components\ui\button
2025-08-31T23:32:56.442Z next:jsconfig-paths-plugin skipping request as it is an absolute path 
C:\Users\ALICEBELLA\Desktop\HMNQV2\app\components\ui\card
2025-08-31T23:32:56.442Z next:jsconfig-paths-plugin skipping request as it is an absolute path 
C:\Users\ALICEBELLA\Desktop\HMNQV2\app\components\ui\progress
2025-08-31T23:32:56.442Z next:jsconfig-paths-plugin skipping request as it is an absolute path 
C:\Users\ALICEBELLA\Desktop\HMNQV2\app\components\ui\badge
2025-08-31T23:32:56.442Z next:jsconfig-paths-plugin skipping request as it is an absolute path 
C:\Users\ALICEBELLA\Desktop\HMNQV2\app\components\ui\likert-scale
2025-08-31T23:32:56.442Z next:jsconfig-paths-plugin skipping request as it is an absolute path 
C:\Users\ALICEBELLA\Desktop\HMNQV2\app\components\ui\card
2025-08-31T23:32:56.442Z next:jsconfig-paths-plugin skipping request as it is an absolute path 
C:\Users\ALICEBELLA\Desktop\HMNQV2\app\components\ui\button
2025-08-31T23:32:56.442Z next:jsconfig-paths-plugin skipping request as it is an absolute path 
C:\Users\ALICEBELLA\Desktop\HMNQV2\app\components\ui\badge
2025-08-31T23:32:56.442Z next:jsconfig-paths-plugin skipping request as it is an absolute path 
C:\Users\ALICEBELLA\Desktop\HMNQV2\app\components\ui\progress
2025-08-31T23:32:56.442Z next:jsconfig-paths-plugin skipping request as it is an absolute path 
C:\Users\ALICEBELLA\Desktop\HMNQV2\app\components\ui\likert-scale
2025-08-31T23:32:56.444Z next:jsconfig-paths-plugin skipping request as it is an absolute path 
C:\Users\ALICEBELLA\Desktop\HMNQV2\app\components\ui\button
2025-08-31T23:32:56.444Z next:jsconfig-paths-plugin skipping request as it is an absolute path 
C:\Users\ALICEBELLA\Desktop\HMNQV2\app\components\ui\card
2025-08-31T23:32:56.444Z next:jsconfig-paths-plugin skipping request as it is an absolute path 
C:\Users\ALICEBELLA\Desktop\HMNQV2\app\components\ui\badge
2025-08-31T23:32:56.444Z next:jsconfig-paths-plugin skipping request as it is an absolute path 
C:\Users\ALICEBELLA\Desktop\HMNQV2\app\components\ui\progress
2025-08-31T23:32:56.449Z next:jsconfig-paths-plugin skipping request as it is an absolute path 
C:\Users\ALICEBELLA\Desktop\HMNQV2\app\components\ui\button
2025-08-31T23:32:56.449Z next:jsconfig-paths-plugin skipping request as it is an absolute path 
C:\Users\ALICEBELLA\Desktop\HMNQV2\app\components\ui\card
2025-08-31T23:32:56.450Z next:jsconfig-paths-plugin skipping request as it is an absolute path 
C:\Users\ALICEBELLA\Desktop\HMNQV2\app\components\ui\button
2025-08-31T23:32:56.450Z next:jsconfig-paths-plugin skipping request as it is an absolute path 
C:\Users\ALICEBELLA\Desktop\HMNQV2\app\components\ui\card
2025-08-31T23:32:56.451Z next:jsconfig-paths-plugin skipping request as it is an absolute path 
C:\Users\ALICEBELLA\Desktop\HMNQV2\app\components\ui\button
2025-08-31T23:32:56.451Z next:jsconfig-paths-plugin skipping request as it is an absolute path 
C:\Users\ALICEBELLA\Desktop\HMNQV2\app\components\ui\card
2025-08-31T23:32:56.452Z next:jsconfig-paths-plugin skipping request as it is an absolute path 
C:\Users\ALICEBELLA\Desktop\HMNQV2\app\components\ui\button
2025-08-31T23:32:56.452Z next:jsconfig-paths-plugin skipping request as it is an absolute path 
C:\Users\ALICEBELLA\Desktop\HMNQV2\app\components\ui\card
2025-08-31T23:32:56.454Z next:jsconfig-paths-plugin skipping request as it is an absolute path 
C:\Users\ALICEBELLA\Desktop\HMNQV2\app\components\ui\card
2025-08-31T23:32:56.454Z next:jsconfig-paths-plugin skipping request as it is an absolute path 
C:\Users\ALICEBELLA\Desktop\HMNQV2\app\components\ui\button
2025-08-31T23:32:56.454Z next:jsconfig-paths-plugin skipping request as it is an absolute path 
C:\Users\ALICEBELLA\Desktop\HMNQV2\app\components\ui\progress
2025-08-31T23:32:56.454Z next:jsconfig-paths-plugin skipping request as it is an absolute path 
C:\Users\ALICEBELLA\Desktop\HMNQV2\app\components\ui\badge
2025-08-31T23:32:56.454Z next:jsconfig-paths-plugin skipping request as it is an absolute path 
C:\Users\ALICEBELLA\Desktop\HMNQV2\app\components\ui\button
2025-08-31T23:32:56.454Z next:jsconfig-paths-plugin skipping request as it is an absolute path 
C:\Users\ALICEBELLA\Desktop\HMNQV2\app\components\ui\card
2025-08-31T23:32:56.454Z next:jsconfig-paths-plugin skipping request as it is an absolute path 
C:\Users\ALICEBELLA\Desktop\HMNQV2\app\components\ui\badge
2025-08-31T23:32:56.456Z next:jsconfig-paths-plugin skipping request as it is an absolute path 
C:\Users\ALICEBELLA\Desktop\HMNQV2\app\components\ui\card
2025-08-31T23:32:56.456Z next:jsconfig-paths-plugin skipping request as it is an absolute path 
C:\Users\ALICEBELLA\Desktop\HMNQV2\app\components\ui\button
2025-08-31T23:32:56.456Z next:jsconfig-paths-plugin skipping request as it is an absolute path 
C:\Users\ALICEBELLA\Desktop\HMNQV2\app\components\ui\progress
2025-08-31T23:32:56.456Z next:jsconfig-paths-plugin skipping request as it is an absolute path 
C:\Users\ALICEBELLA\Desktop\HMNQV2\app\components\ui\badge
2025-08-31T23:32:56.456Z next:jsconfig-paths-plugin skipping request as it is an absolute path 
C:\Users\ALICEBELLA\Desktop\HMNQV2\app\components\ui\button
2025-08-31T23:32:56.457Z next:jsconfig-paths-plugin skipping request as it is an absolute path 
C:\Users\ALICEBELLA\Desktop\HMNQV2\app\components\ui\card
2025-08-31T23:32:56.457Z next:jsconfig-paths-plugin skipping request as it is an absolute path 
C:\Users\ALICEBELLA\Desktop\HMNQV2\app\components\ui\badge
2025-08-31T23:32:56.459Z next:jsconfig-paths-plugin skipping request as it is an absolute path 
C:\Users\ALICEBELLA\Desktop\HMNQV2\app\components\ui\card
2025-08-31T23:32:56.459Z next:jsconfig-paths-plugin skipping request as it is an absolute path 
C:\Users\ALICEBELLA\Desktop\HMNQV2\app\components\ui\button
2025-08-31T23:32:56.459Z next:jsconfig-paths-plugin skipping request as it is an absolute path 
C:\Users\ALICEBELLA\Desktop\HMNQV2\app\components\ui\progress
2025-08-31T23:32:56.459Z next:jsconfig-paths-plugin skipping request as it is an absolute path 
C:\Users\ALICEBELLA\Desktop\HMNQV2\app\components\ui\badge
2025-08-31T23:32:56.459Z next:jsconfig-paths-plugin skipping request as it is an absolute path 
C:\Users\ALICEBELLA\Desktop\HMNQV2\app\components\ui\button
2025-08-31T23:32:56.459Z next:jsconfig-paths-plugin skipping request as it is an absolute path 
C:\Users\ALICEBELLA\Desktop\HMNQV2\app\components\ui\card
2025-08-31T23:32:56.459Z next:jsconfig-paths-plugin skipping request as it is an absolute path 
C:\Users\ALICEBELLA\Desktop\HMNQV2\app\components\ui\badge
2025-08-31T23:32:56.461Z next:jsconfig-paths-plugin skipping request as it is an absolute path 
C:\Users\ALICEBELLA\Desktop\HMNQV2\app\components\ui\card
2025-08-31T23:32:56.461Z next:jsconfig-paths-plugin skipping request as it is an absolute path 
C:\Users\ALICEBELLA\Desktop\HMNQV2\app\components\ui\button
2025-08-31T23:32:56.461Z next:jsconfig-paths-plugin skipping request as it is an absolute path 
C:\Users\ALICEBELLA\Desktop\HMNQV2\app\components\ui\progress
2025-08-31T23:32:56.461Z next:jsconfig-paths-plugin skipping request as it is an absolute path 
C:\Users\ALICEBELLA\Desktop\HMNQV2\app\components\ui\badge
2025-08-31T23:32:56.462Z next:jsconfig-paths-plugin skipping request as it is an absolute path 
C:\Users\ALICEBELLA\Desktop\HMNQV2\app\components\ui\button
2025-08-31T23:32:56.462Z next:jsconfig-paths-plugin skipping request as it is an absolute path 
C:\Users\ALICEBELLA\Desktop\HMNQV2\app\components\ui\card
2025-08-31T23:32:56.462Z next:jsconfig-paths-plugin skipping request as it is an absolute path 
C:\Users\ALICEBELLA\Desktop\HMNQV2\app\components\ui\badge
2025-08-31T23:32:56.470Z next:jsconfig-paths-plugin skipping request as it is an absolute path 
C:\Users\ALICEBELLA\Desktop\HMNQV2\app\components\ui\card
2025-08-31T23:32:56.470Z next:jsconfig-paths-plugin skipping request as it is an absolute path 
C:\Users\ALICEBELLA\Desktop\HMNQV2\app\components\ui\button
2025-08-31T23:32:56.470Z next:jsconfig-paths-plugin skipping request as it is an absolute path 
C:\Users\ALICEBELLA\Desktop\HMNQV2\app\components\ui\progress
2025-08-31T23:32:56.470Z next:jsconfig-paths-plugin skipping request as it is an absolute path 
C:\Users\ALICEBELLA\Desktop\HMNQV2\app\components\ui\likert-scale
2025-08-31T23:32:56.471Z next:jsconfig-paths-plugin skipping request as it is an absolute path 
C:\Users\ALICEBELLA\Desktop\HMNQV2\app\components\ui\card
2025-08-31T23:32:56.471Z next:jsconfig-paths-plugin skipping request as it is an absolute path 
C:\Users\ALICEBELLA\Desktop\HMNQV2\app\components\ui\button
2025-08-31T23:32:56.471Z next:jsconfig-paths-plugin skipping request as it is an absolute path 
C:\Users\ALICEBELLA\Desktop\HMNQV2\app\components\ui\progress
2025-08-31T23:32:56.471Z next:jsconfig-paths-plugin skipping request as it is an absolute path 
C:\Users\ALICEBELLA\Desktop\HMNQV2\app\components\ui\likert-scale
2025-08-31T23:32:56.473Z next:jsconfig-paths-plugin skipping request as it is an absolute path 
C:\Users\ALICEBELLA\Desktop\HMNQV2\app\components\ui\card
2025-08-31T23:32:56.473Z next:jsconfig-paths-plugin skipping request as it is an absolute path 
C:\Users\ALICEBELLA\Desktop\HMNQV2\app\components\ui\button
2025-08-31T23:32:56.473Z next:jsconfig-paths-plugin skipping request as it is an absolute path 
C:\Users\ALICEBELLA\Desktop\HMNQV2\app\components\ui\progress
2025-08-31T23:32:56.473Z next:jsconfig-paths-plugin skipping request as it is an absolute path 
C:\Users\ALICEBELLA\Desktop\HMNQV2\app\components\ui\likert-scale
2025-08-31T23:32:56.475Z next:jsconfig-paths-plugin skipping request as it is an absolute path 
C:\Users\ALICEBELLA\Desktop\HMNQV2\app\components\ui\card
2025-08-31T23:32:56.475Z next:jsconfig-paths-plugin skipping request as it is an absolute path 
C:\Users\ALICEBELLA\Desktop\HMNQV2\app\components\ui\button
2025-08-31T23:32:56.475Z next:jsconfig-paths-plugin skipping request as it is an absolute path 
C:\Users\ALICEBELLA\Desktop\HMNQV2\app\components\ui\progress
2025-08-31T23:32:56.475Z next:jsconfig-paths-plugin skipping request as it is an absolute path 
C:\Users\ALICEBELLA\Desktop\HMNQV2\app\components\ui\likert-scale
2025-08-31T23:32:56.479Z next:jsconfig-paths-plugin skipping request as it is an absolute path 
C:\Users\ALICEBELLA\Desktop\HMNQV2\app\components\ui\card
2025-08-31T23:32:56.479Z next:jsconfig-paths-plugin skipping request as it is an absolute path 
C:\Users\ALICEBELLA\Desktop\HMNQV2\app\components\ui\button
2025-08-31T23:32:56.479Z next:jsconfig-paths-plugin skipping request as it is an absolute path 
C:\Users\ALICEBELLA\Desktop\HMNQV2\app\components\ui\badge
2025-08-31T23:32:56.479Z next:jsconfig-paths-plugin skipping request as it is an absolute path 
C:\Users\ALICEBELLA\Desktop\HMNQV2\app\components\ui\progress
2025-08-31T23:32:56.479Z next:jsconfig-paths-plugin skipping request as it is an absolute path 
C:\Users\ALICEBELLA\Desktop\HMNQV2\app\components\ui\likert-scale
2025-08-31T23:32:56.479Z next:jsconfig-paths-plugin skipping request as it is an absolute path 
C:\Users\ALICEBELLA\Desktop\HMNQV2\app\components\ui\card
2025-08-31T23:32:56.479Z next:jsconfig-paths-plugin skipping request as it is an absolute path 
C:\Users\ALICEBELLA\Desktop\HMNQV2\app\components\ui\button
2025-08-31T23:32:56.479Z next:jsconfig-paths-plugin skipping request as it is an absolute path 
C:\Users\ALICEBELLA\Desktop\HMNQV2\app\components\ui\badge
2025-08-31T23:32:56.481Z next:jsconfig-paths-plugin skipping request as it is an absolute path 
C:\Users\ALICEBELLA\Desktop\HMNQV2\app\components\ui\card
2025-08-31T23:32:56.481Z next:jsconfig-paths-plugin skipping request as it is an absolute path 
C:\Users\ALICEBELLA\Desktop\HMNQV2\app\components\ui\button
2025-08-31T23:32:56.481Z next:jsconfig-paths-plugin skipping request as it is an absolute path 
C:\Users\ALICEBELLA\Desktop\HMNQV2\app\components\ui\badge
2025-08-31T23:32:56.481Z next:jsconfig-paths-plugin skipping request as it is an absolute path 
C:\Users\ALICEBELLA\Desktop\HMNQV2\app\components\ui\progress
2025-08-31T23:32:56.481Z next:jsconfig-paths-plugin skipping request as it is an absolute path 
C:\Users\ALICEBELLA\Desktop\HMNQV2\app\components\ui\likert-scale
2025-08-31T23:32:56.482Z next:jsconfig-paths-plugin skipping request as it is an absolute path 
C:\Users\ALICEBELLA\Desktop\HMNQV2\app\components\ui\card
2025-08-31T23:32:56.482Z next:jsconfig-paths-plugin skipping request as it is an absolute path 
C:\Users\ALICEBELLA\Desktop\HMNQV2\app\components\ui\button
2025-08-31T23:32:56.482Z next:jsconfig-paths-plugin skipping request as it is an absolute path 
C:\Users\ALICEBELLA\Desktop\HMNQV2\app\components\ui\badge
2025-08-31T23:32:56.485Z next:jsconfig-paths-plugin skipping request as it is an absolute path 
C:\Users\ALICEBELLA\Desktop\HMNQV2\app\components\ui\card
2025-08-31T23:32:56.485Z next:jsconfig-paths-plugin skipping request as it is an absolute path 
C:\Users\ALICEBELLA\Desktop\HMNQV2\app\components\ui\button
2025-08-31T23:32:56.485Z next:jsconfig-paths-plugin skipping request as it is an absolute path 
C:\Users\ALICEBELLA\Desktop\HMNQV2\app\components\ui\badge
2025-08-31T23:32:56.485Z next:jsconfig-paths-plugin skipping request as it is an absolute path 
C:\Users\ALICEBELLA\Desktop\HMNQV2\app\components\ui\progress
2025-08-31T23:32:56.485Z next:jsconfig-paths-plugin skipping request as it is an absolute path 
C:\Users\ALICEBELLA\Desktop\HMNQV2\app\components\ui\likert-scale
2025-08-31T23:32:56.485Z next:jsconfig-paths-plugin skipping request as it is an absolute path 
C:\Users\ALICEBELLA\Desktop\HMNQV2\app\components\ui\card
2025-08-31T23:32:56.485Z next:jsconfig-paths-plugin skipping request as it is an absolute path 
C:\Users\ALICEBELLA\Desktop\HMNQV2\app\components\ui\button
2025-08-31T23:32:56.485Z next:jsconfig-paths-plugin skipping request as it is an absolute path 
C:\Users\ALICEBELLA\Desktop\HMNQV2\app\components\ui\badge
2025-08-31T23:32:56.488Z next:jsconfig-paths-plugin skipping request as it is an absolute path 
C:\Users\ALICEBELLA\Desktop\HMNQV2\app\components\ui\card
2025-08-31T23:32:56.488Z next:jsconfig-paths-plugin skipping request as it is an absolute path 
C:\Users\ALICEBELLA\Desktop\HMNQV2\app\components\ui\button
2025-08-31T23:32:56.488Z next:jsconfig-paths-plugin skipping request as it is an absolute path 
C:\Users\ALICEBELLA\Desktop\HMNQV2\app\components\ui\badge
2025-08-31T23:32:56.488Z next:jsconfig-paths-plugin skipping request as it is an absolute path 
C:\Users\ALICEBELLA\Desktop\HMNQV2\app\components\ui\progress
2025-08-31T23:32:56.488Z next:jsconfig-paths-plugin skipping request as it is an absolute path 
C:\Users\ALICEBELLA\Desktop\HMNQV2\app\components\ui\likert-scale
2025-08-31T23:32:56.489Z next:jsconfig-paths-plugin skipping request as it is an absolute path 
C:\Users\ALICEBELLA\Desktop\HMNQV2\app\components\ui\card
2025-08-31T23:32:56.489Z next:jsconfig-paths-plugin skipping request as it is an absolute path 
C:\Users\ALICEBELLA\Desktop\HMNQV2\app\components\ui\button
2025-08-31T23:32:56.489Z next:jsconfig-paths-plugin skipping request as it is an absolute path 
C:\Users\ALICEBELLA\Desktop\HMNQV2\app\components\ui\badge
2025-08-31T23:32:56.494Z next:jsconfig-paths-plugin skipping request as it is an absolute path 
C:\Users\ALICEBELLA\Desktop\HMNQV2\app\components\ui\button
2025-08-31T23:32:56.494Z next:jsconfig-paths-plugin skipping request as it is an absolute path 
C:\Users\ALICEBELLA\Desktop\HMNQV2\app\components\ui\card
2025-08-31T23:32:56.494Z next:jsconfig-paths-plugin skipping request as it is an absolute path 
C:\Users\ALICEBELLA\Desktop\HMNQV2\app\components\ui\badge
2025-08-31T23:32:56.494Z next:jsconfig-paths-plugin skipping request as it is an absolute path 
C:\Users\ALICEBELLA\Desktop\HMNQV2\app\components\ui\button
2025-08-31T23:32:56.494Z next:jsconfig-paths-plugin skipping request as it is an absolute path 
C:\Users\ALICEBELLA\Desktop\HMNQV2\app\components\ui\badge
2025-08-31T23:32:56.495Z next:jsconfig-paths-plugin skipping request as it is an absolute path 
C:\Users\ALICEBELLA\Desktop\HMNQV2\app\components\ui\button
2025-08-31T23:32:56.495Z next:jsconfig-paths-plugin skipping request as it is an absolute path 
C:\Users\ALICEBELLA\Desktop\HMNQV2\app\components\ui\card
2025-08-31T23:32:56.495Z next:jsconfig-paths-plugin skipping request as it is an absolute path 
C:\Users\ALICEBELLA\Desktop\HMNQV2\app\components\ui\badge
2025-08-31T23:32:56.496Z next:jsconfig-paths-plugin skipping request as it is an absolute path 
C:\Users\ALICEBELLA\Desktop\HMNQV2\app\components\ui\button
2025-08-31T23:32:56.496Z next:jsconfig-paths-plugin skipping request as it is an absolute path 
C:\Users\ALICEBELLA\Desktop\HMNQV2\app\components\ui\badge
2025-08-31T23:32:56.498Z next:jsconfig-paths-plugin skipping request as it is an absolute path 
C:\Users\ALICEBELLA\Desktop\HMNQV2\app\components\ui\button
2025-08-31T23:32:56.498Z next:jsconfig-paths-plugin skipping request as it is an absolute path 
C:\Users\ALICEBELLA\Desktop\HMNQV2\app\components\ui\card
2025-08-31T23:32:56.498Z next:jsconfig-paths-plugin skipping request as it is an absolute path 
C:\Users\ALICEBELLA\Desktop\HMNQV2\app\components\ui\badge
2025-08-31T23:32:56.499Z next:jsconfig-paths-plugin skipping request as it is an absolute path 
C:\Users\ALICEBELLA\Desktop\HMNQV2\app\components\ui\button
2025-08-31T23:32:56.499Z next:jsconfig-paths-plugin skipping request as it is an absolute path 
C:\Users\ALICEBELLA\Desktop\HMNQV2\app\components\ui\badge
2025-08-31T23:32:56.500Z next:jsconfig-paths-plugin skipping request as it is an absolute path 
C:\Users\ALICEBELLA\Desktop\HMNQV2\app\components\ui\button
2025-08-31T23:32:56.500Z next:jsconfig-paths-plugin skipping request as it is an absolute path 
C:\Users\ALICEBELLA\Desktop\HMNQV2\app\components\ui\card
2025-08-31T23:32:56.500Z next:jsconfig-paths-plugin skipping request as it is an absolute path 
C:\Users\ALICEBELLA\Desktop\HMNQV2\app\components\ui\badge
2025-08-31T23:32:56.501Z next:jsconfig-paths-plugin skipping request as it is an absolute path 
C:\Users\ALICEBELLA\Desktop\HMNQV2\app\components\ui\button
2025-08-31T23:32:56.501Z next:jsconfig-paths-plugin skipping request as it is an absolute path 
C:\Users\ALICEBELLA\Desktop\HMNQV2\app\components\ui\badge
2025-08-31T23:32:56.518Z next:jsconfig-paths-plugin skipping request as it is an absolute path 
C:\Users\ALICEBELLA\Desktop\HMNQV2\app\components\ui\button
2025-08-31T23:32:56.518Z next:jsconfig-paths-plugin skipping request as it is an absolute path 
C:\Users\ALICEBELLA\Desktop\HMNQV2\app\components\ui\input
2025-08-31T23:32:56.518Z next:jsconfig-paths-plugin skipping request as it is an absolute path 
C:\Users\ALICEBELLA\Desktop\HMNQV2\app\components\ui\label
2025-08-31T23:32:56.518Z next:jsconfig-paths-plugin skipping request as it is an absolute path 
C:\Users\ALICEBELLA\Desktop\HMNQV2\app\components\ui\card
2025-08-31T23:32:56.518Z next:jsconfig-paths-plugin skipping request as it is an absolute path 
C:\Users\ALICEBELLA\Desktop\HMNQV2\app\components\ui\alert
2025-08-31T23:32:56.519Z next:jsconfig-paths-plugin skipping request as it is an absolute path 
C:\Users\ALICEBELLA\Desktop\HMNQV2\app\components\ui\button
2025-08-31T23:32:56.519Z next:jsconfig-paths-plugin skipping request as it is an absolute path 
C:\Users\ALICEBELLA\Desktop\HMNQV2\app\components\ui\input
2025-08-31T23:32:56.519Z next:jsconfig-paths-plugin skipping request as it is an absolute path 
C:\Users\ALICEBELLA\Desktop\HMNQV2\app\components\ui\label
2025-08-31T23:32:56.519Z next:jsconfig-paths-plugin skipping request as it is an absolute path 
C:\Users\ALICEBELLA\Desktop\HMNQV2\app\components\ui\card
2025-08-31T23:32:56.519Z next:jsconfig-paths-plugin skipping request as it is an absolute path 
C:\Users\ALICEBELLA\Desktop\HMNQV2\app\components\ui\alert
2025-08-31T23:32:56.521Z next:jsconfig-paths-plugin skipping request as it is an absolute path 
C:\Users\ALICEBELLA\Desktop\HMNQV2\app\components\ui\button
2025-08-31T23:32:56.521Z next:jsconfig-paths-plugin skipping request as it is an absolute path 
C:\Users\ALICEBELLA\Desktop\HMNQV2\app\components\ui\input
2025-08-31T23:32:56.522Z next:jsconfig-paths-plugin skipping request as it is an absolute path 
C:\Users\ALICEBELLA\Desktop\HMNQV2\app\components\ui\label
2025-08-31T23:32:56.522Z next:jsconfig-paths-plugin skipping request as it is an absolute path 
C:\Users\ALICEBELLA\Desktop\HMNQV2\app\components\ui\card
2025-08-31T23:32:56.522Z next:jsconfig-paths-plugin skipping request as it is an absolute path 
C:\Users\ALICEBELLA\Desktop\HMNQV2\app\components\ui\alert
2025-08-31T23:32:56.528Z next:jsconfig-paths-plugin skipping request as it is an absolute path 
C:\Users\ALICEBELLA\Desktop\HMNQV2\app\components\ui\button
2025-08-31T23:32:56.528Z next:jsconfig-paths-plugin skipping request as it is an absolute path 
C:\Users\ALICEBELLA\Desktop\HMNQV2\app\components\ui\input
2025-08-31T23:32:56.528Z next:jsconfig-paths-plugin skipping request as it is an absolute path 
C:\Users\ALICEBELLA\Desktop\HMNQV2\app\components\ui\label
2025-08-31T23:32:56.528Z next:jsconfig-paths-plugin skipping request as it is an absolute path 
C:\Users\ALICEBELLA\Desktop\HMNQV2\app\components\ui\card
2025-08-31T23:32:56.528Z next:jsconfig-paths-plugin skipping request as it is an absolute path 
C:\Users\ALICEBELLA\Desktop\HMNQV2\app\components\ui\alert
2025-08-31T23:32:56.531Z next:jsconfig-paths-plugin skipping request as it is an absolute path 
C:\Users\ALICEBELLA\Desktop\HMNQV2\app\components\ui\card
2025-08-31T23:32:56.531Z next:jsconfig-paths-plugin skipping request as it is an absolute path 
C:\Users\ALICEBELLA\Desktop\HMNQV2\app\components\ui\button
2025-08-31T23:32:56.531Z next:jsconfig-paths-plugin skipping request as it is an absolute path 
C:\Users\ALICEBELLA\Desktop\HMNQV2\app\components\ui\badge
2025-08-31T23:32:56.531Z next:jsconfig-paths-plugin skipping request as it is an absolute path 
C:\Users\ALICEBELLA\Desktop\HMNQV2\app\components\ui\button
2025-08-31T23:32:56.531Z next:jsconfig-paths-plugin skipping request as it is an absolute path 
C:\Users\ALICEBELLA\Desktop\HMNQV2\app\components\ui\card
2025-08-31T23:32:56.532Z next:jsconfig-paths-plugin skipping request as it is an absolute path 
C:\Users\ALICEBELLA\Desktop\HMNQV2\app\components\ui\badge
2025-08-31T23:32:56.533Z next:jsconfig-paths-plugin skipping request as it is an absolute path 
C:\Users\ALICEBELLA\Desktop\HMNQV2\app\components\ui\card
2025-08-31T23:32:56.533Z next:jsconfig-paths-plugin skipping request as it is an absolute path 
C:\Users\ALICEBELLA\Desktop\HMNQV2\app\components\ui\button
2025-08-31T23:32:56.533Z next:jsconfig-paths-plugin skipping request as it is an absolute path 
C:\Users\ALICEBELLA\Desktop\HMNQV2\app\components\ui\badge
2025-08-31T23:32:56.534Z next:jsconfig-paths-plugin skipping request as it is an absolute path 
C:\Users\ALICEBELLA\Desktop\HMNQV2\app\components\ui\button
2025-08-31T23:32:56.534Z next:jsconfig-paths-plugin skipping request as it is an absolute path 
C:\Users\ALICEBELLA\Desktop\HMNQV2\app\components\ui\card
2025-08-31T23:32:56.534Z next:jsconfig-paths-plugin skipping request as it is an absolute path 
C:\Users\ALICEBELLA\Desktop\HMNQV2\app\components\ui\badge
2025-08-31T23:32:56.536Z next:jsconfig-paths-plugin skipping request as it is an absolute path 
C:\Users\ALICEBELLA\Desktop\HMNQV2\app\components\ui\card
2025-08-31T23:32:56.536Z next:jsconfig-paths-plugin skipping request as it is an absolute path 
C:\Users\ALICEBELLA\Desktop\HMNQV2\app\components\ui\button
2025-08-31T23:32:56.536Z next:jsconfig-paths-plugin skipping request as it is an absolute path 
C:\Users\ALICEBELLA\Desktop\HMNQV2\app\components\ui\badge
2025-08-31T23:32:56.536Z next:jsconfig-paths-plugin skipping request as it is an absolute path 
C:\Users\ALICEBELLA\Desktop\HMNQV2\app\components\ui\button
2025-08-31T23:32:56.536Z next:jsconfig-paths-plugin skipping request as it is an absolute path 
C:\Users\ALICEBELLA\Desktop\HMNQV2\app\components\ui\card
2025-08-31T23:32:56.536Z next:jsconfig-paths-plugin skipping request as it is an absolute path 
C:\Users\ALICEBELLA\Desktop\HMNQV2\app\components\ui\badge
2025-08-31T23:32:56.538Z next:jsconfig-paths-plugin skipping request as it is an absolute path 
C:\Users\ALICEBELLA\Desktop\HMNQV2\app\components\ui\card
2025-08-31T23:32:56.538Z next:jsconfig-paths-plugin skipping request as it is an absolute path 
C:\Users\ALICEBELLA\Desktop\HMNQV2\app\components\ui\button
2025-08-31T23:32:56.538Z next:jsconfig-paths-plugin skipping request as it is an absolute path 
C:\Users\ALICEBELLA\Desktop\HMNQV2\app\components\ui\badge
2025-08-31T23:32:56.539Z next:jsconfig-paths-plugin skipping request as it is an absolute path 
C:\Users\ALICEBELLA\Desktop\HMNQV2\app\components\ui\button
2025-08-31T23:32:56.539Z next:jsconfig-paths-plugin skipping request as it is an absolute path 
C:\Users\ALICEBELLA\Desktop\HMNQV2\app\components\ui\card
2025-08-31T23:32:56.539Z next:jsconfig-paths-plugin skipping request as it is an absolute path 
C:\Users\ALICEBELLA\Desktop\HMNQV2\app\components\ui\badge
2025-08-31T23:32:56.542Z next:jsconfig-paths-plugin skipping request as it is an absolute path 
C:\Users\ALICEBELLA\Desktop\HMNQV2\app\hooks\useAuth
2025-08-31T23:32:56.542Z next:jsconfig-paths-plugin skipping request as it is an absolute path 
C:\Users\ALICEBELLA\Desktop\HMNQV2\app\hooks\useAuth
2025-08-31T23:32:56.545Z next:jsconfig-paths-plugin skipping request as it is a relative path 
./theme-provider
2025-08-31T23:32:56.545Z next:jsconfig-paths-plugin skipping request as it is a relative path 
./theme-provider
2025-08-31T23:32:56.550Z next:jsconfig-paths-plugin skipping request as it is an absolute path 
C:\Users\ALICEBELLA\Desktop\HMNQV2\app\components\ui\button
2025-08-31T23:32:56.550Z next:jsconfig-paths-plugin skipping request as it is an absolute path 
C:\Users\ALICEBELLA\Desktop\HMNQV2\app\components\ui\input
2025-08-31T23:32:56.550Z next:jsconfig-paths-plugin skipping request as it is an absolute path 
C:\Users\ALICEBELLA\Desktop\HMNQV2\app\components\ui\card
2025-08-31T23:32:56.550Z next:jsconfig-paths-plugin skipping request as it is an absolute path 
C:\Users\ALICEBELLA\Desktop\HMNQV2\app\lib\utils
2025-08-31T23:32:56.551Z next:jsconfig-paths-plugin skipping request as it is an absolute path 
C:\Users\ALICEBELLA\Desktop\HMNQV2\app\lib\utils
2025-08-31T23:32:56.551Z next:jsconfig-paths-plugin skipping request as it is an absolute path 
C:\Users\ALICEBELLA\Desktop\HMNQV2\app\components\ui\button
2025-08-31T23:32:56.551Z next:jsconfig-paths-plugin skipping request as it is an absolute path 
C:\Users\ALICEBELLA\Desktop\HMNQV2\app\components\ui\input
2025-08-31T23:32:56.551Z next:jsconfig-paths-plugin skipping request as it is an absolute path 
C:\Users\ALICEBELLA\Desktop\HMNQV2\app\components\ui\card
2025-08-31T23:32:56.552Z next:jsconfig-paths-plugin skipping request as it is an absolute path 
C:\Users\ALICEBELLA\Desktop\HMNQV2\app\lib\utils
2025-08-31T23:32:56.552Z next:jsconfig-paths-plugin skipping request as it is an absolute path 
C:\Users\ALICEBELLA\Desktop\HMNQV2\app\components\ui\button
2025-08-31T23:32:56.552Z next:jsconfig-paths-plugin skipping request as it is an absolute path 
C:\Users\ALICEBELLA\Desktop\HMNQV2\app\components\ui\input
2025-08-31T23:32:56.552Z next:jsconfig-paths-plugin skipping request as it is an absolute path 
C:\Users\ALICEBELLA\Desktop\HMNQV2\app\components\ui\card
2025-08-31T23:32:56.554Z next:jsconfig-paths-plugin skipping request as it is an absolute path 
C:\Users\ALICEBELLA\Desktop\HMNQV2\app\components\ui\button
2025-08-31T23:32:56.554Z next:jsconfig-paths-plugin skipping request as it is an absolute path 
C:\Users\ALICEBELLA\Desktop\HMNQV2\app\components\ui\input
2025-08-31T23:32:56.554Z next:jsconfig-paths-plugin skipping request as it is an absolute path 
C:\Users\ALICEBELLA\Desktop\HMNQV2\app\components\ui\card
2025-08-31T23:32:56.555Z next:jsconfig-paths-plugin skipping request as it is an absolute path 
C:\Users\ALICEBELLA\Desktop\HMNQV2\app\lib\utils
2025-08-31T23:32:56.558Z next:jsconfig-paths-plugin skipping request as it is an absolute path 
C:\Users\ALICEBELLA\Desktop\HMNQV2\app\hooks\useAuth
2025-08-31T23:32:56.558Z next:jsconfig-paths-plugin skipping request as it is an absolute path 
C:\Users\ALICEBELLA\Desktop\HMNQV2\app\hooks\useAuth
2025-08-31T23:32:56.559Z next:jsconfig-paths-plugin skipping request as it is a relative path 
./theme-provider
2025-08-31T23:32:56.559Z next:jsconfig-paths-plugin skipping request as it is a relative path 
./theme-provider
2025-08-31T23:32:56.560Z next:jsconfig-paths-plugin skipping request as it is a relative path ./sidebar
2025-08-31T23:32:56.560Z next:jsconfig-paths-plugin skipping request as it is a relative path ./sidebar
2025-08-31T23:32:56.581Z next:jsconfig-paths-plugin skipping request as it is a relative path 
./dashboard-content
2025-08-31T23:32:56.581Z next:jsconfig-paths-plugin skipping request as it is a relative path 
./dashboard-content
2025-08-31T23:32:56.582Z next:jsconfig-paths-plugin skipping request as it is an absolute path 
C:\Users\ALICEBELLA\Desktop\HMNQV2\app\components\ui\button
2025-08-31T23:32:56.583Z next:jsconfig-paths-plugin skipping request as it is an absolute path 
C:\Users\ALICEBELLA\Desktop\HMNQV2\app\components\ui\card
2025-08-31T23:32:56.583Z next:jsconfig-paths-plugin skipping request as it is an absolute path 
C:\Users\ALICEBELLA\Desktop\HMNQV2\app\components\ui\progress
2025-08-31T23:32:56.583Z next:jsconfig-paths-plugin skipping request as it is an absolute path 
C:\Users\ALICEBELLA\Desktop\HMNQV2\app\components\ui\badge
2025-08-31T23:32:56.583Z next:jsconfig-paths-plugin skipping request as it is an absolute path 
C:\Users\ALICEBELLA\Desktop\HMNQV2\app\components\ui\button
2025-08-31T23:32:56.583Z next:jsconfig-paths-plugin skipping request as it is an absolute path 
C:\Users\ALICEBELLA\Desktop\HMNQV2\app\components\ui\card
2025-08-31T23:32:56.583Z next:jsconfig-paths-plugin skipping request as it is an absolute path 
C:\Users\ALICEBELLA\Desktop\HMNQV2\app\components\ui\badge
2025-08-31T23:32:56.585Z next:jsconfig-paths-plugin skipping request as it is an absolute path 
C:\Users\ALICEBELLA\Desktop\HMNQV2\app\components\ui\button
2025-08-31T23:32:56.585Z next:jsconfig-paths-plugin skipping request as it is an absolute path 
C:\Users\ALICEBELLA\Desktop\HMNQV2\app\components\ui\card
2025-08-31T23:32:56.585Z next:jsconfig-paths-plugin skipping request as it is an absolute path 
C:\Users\ALICEBELLA\Desktop\HMNQV2\app\components\ui\progress
2025-08-31T23:32:56.585Z next:jsconfig-paths-plugin skipping request as it is an absolute path 
C:\Users\ALICEBELLA\Desktop\HMNQV2\app\components\ui\badge
2025-08-31T23:32:56.585Z next:jsconfig-paths-plugin skipping request as it is an absolute path 
C:\Users\ALICEBELLA\Desktop\HMNQV2\app\components\ui\button
2025-08-31T23:32:56.585Z next:jsconfig-paths-plugin skipping request as it is an absolute path 
C:\Users\ALICEBELLA\Desktop\HMNQV2\app\components\ui\card
2025-08-31T23:32:56.585Z next:jsconfig-paths-plugin skipping request as it is an absolute path 
C:\Users\ALICEBELLA\Desktop\HMNQV2\app\components\ui\badge
2025-08-31T23:32:56.588Z next:jsconfig-paths-plugin skipping request as it is an absolute path 
C:\Users\ALICEBELLA\Desktop\HMNQV2\app\components\ui\button
2025-08-31T23:32:56.588Z next:jsconfig-paths-plugin skipping request as it is an absolute path 
C:\Users\ALICEBELLA\Desktop\HMNQV2\app\components\ui\card
2025-08-31T23:32:56.588Z next:jsconfig-paths-plugin skipping request as it is an absolute path 
C:\Users\ALICEBELLA\Desktop\HMNQV2\app\components\ui\progress
2025-08-31T23:32:56.588Z next:jsconfig-paths-plugin skipping request as it is an absolute path 
C:\Users\ALICEBELLA\Desktop\HMNQV2\app\components\ui\badge
2025-08-31T23:32:56.588Z next:jsconfig-paths-plugin skipping request as it is an absolute path 
C:\Users\ALICEBELLA\Desktop\HMNQV2\app\components\ui\button
2025-08-31T23:32:56.588Z next:jsconfig-paths-plugin skipping request as it is an absolute path 
C:\Users\ALICEBELLA\Desktop\HMNQV2\app\components\ui\card
2025-08-31T23:32:56.588Z next:jsconfig-paths-plugin skipping request as it is an absolute path 
C:\Users\ALICEBELLA\Desktop\HMNQV2\app\components\ui\badge
2025-08-31T23:32:56.590Z next:jsconfig-paths-plugin skipping request as it is an absolute path 
C:\Users\ALICEBELLA\Desktop\HMNQV2\app\components\ui\button
2025-08-31T23:32:56.590Z next:jsconfig-paths-plugin skipping request as it is an absolute path 
C:\Users\ALICEBELLA\Desktop\HMNQV2\app\components\ui\card
2025-08-31T23:32:56.590Z next:jsconfig-paths-plugin skipping request as it is an absolute path 
C:\Users\ALICEBELLA\Desktop\HMNQV2\app\components\ui\progress
2025-08-31T23:32:56.590Z next:jsconfig-paths-plugin skipping request as it is an absolute path 
C:\Users\ALICEBELLA\Desktop\HMNQV2\app\components\ui\badge
2025-08-31T23:32:56.591Z next:jsconfig-paths-plugin skipping request as it is an absolute path 
C:\Users\ALICEBELLA\Desktop\HMNQV2\app\components\ui\button
2025-08-31T23:32:56.591Z next:jsconfig-paths-plugin skipping request as it is an absolute path 
C:\Users\ALICEBELLA\Desktop\HMNQV2\app\components\ui\card
2025-08-31T23:32:56.591Z next:jsconfig-paths-plugin skipping request as it is an absolute path 
C:\Users\ALICEBELLA\Desktop\HMNQV2\app\components\ui\badge
2025-08-31T23:32:56.594Z next:jsconfig-paths-plugin skipping request as it is an absolute path 
C:\Users\ALICEBELLA\Desktop\HMNQV2\app\components\ui\button
2025-08-31T23:32:56.594Z next:jsconfig-paths-plugin skipping request as it is an absolute path 
C:\Users\ALICEBELLA\Desktop\HMNQV2\app\components\ui\button
2025-08-31T23:32:56.594Z next:jsconfig-paths-plugin skipping request as it is an absolute path 
C:\Users\ALICEBELLA\Desktop\HMNQV2\app\components\ui\card
2025-08-31T23:32:56.594Z next:jsconfig-paths-plugin skipping request as it is an absolute path 
C:\Users\ALICEBELLA\Desktop\HMNQV2\app\components\ui\button
2025-08-31T23:32:56.595Z next:jsconfig-paths-plugin skipping request as it is an absolute path 
C:\Users\ALICEBELLA\Desktop\HMNQV2\app\components\ui\button
2025-08-31T23:32:56.595Z next:jsconfig-paths-plugin skipping request as it is an absolute path 
C:\Users\ALICEBELLA\Desktop\HMNQV2\app\components\ui\card
2025-08-31T23:32:56.596Z next:jsconfig-paths-plugin skipping request as it is an absolute path 
C:\Users\ALICEBELLA\Desktop\HMNQV2\app\components\ui\button
2025-08-31T23:32:56.596Z next:jsconfig-paths-plugin skipping request as it is an absolute path 
C:\Users\ALICEBELLA\Desktop\HMNQV2\app\components\ui\button
2025-08-31T23:32:56.596Z next:jsconfig-paths-plugin skipping request as it is an absolute path 
C:\Users\ALICEBELLA\Desktop\HMNQV2\app\components\ui\card
2025-08-31T23:32:56.596Z next:jsconfig-paths-plugin skipping request as it is an absolute path 
C:\Users\ALICEBELLA\Desktop\HMNQV2\app\components\ui\button
2025-08-31T23:32:56.597Z next:jsconfig-paths-plugin skipping request as it is an absolute path 
C:\Users\ALICEBELLA\Desktop\HMNQV2\app\components\ui\button
2025-08-31T23:32:56.597Z next:jsconfig-paths-plugin skipping request as it is an absolute path 
C:\Users\ALICEBELLA\Desktop\HMNQV2\app\components\ui\card
2025-08-31T23:32:56.599Z next:jsconfig-paths-plugin skipping request as it is a relative path ./sidebar
2025-08-31T23:32:56.600Z next:jsconfig-paths-plugin skipping request as it is a relative path ./sidebar
2025-08-31T23:32:56.618Z next:jsconfig-paths-plugin skipping request as it is an absolute path 
C:\Users\ALICEBELLA\Desktop\HMNQV2\app\components\ui\card
2025-08-31T23:32:56.618Z next:jsconfig-paths-plugin skipping request as it is an absolute path 
C:\Users\ALICEBELLA\Desktop\HMNQV2\app\components\ui\button
2025-08-31T23:32:56.618Z next:jsconfig-paths-plugin skipping request as it is an absolute path 
C:\Users\ALICEBELLA\Desktop\HMNQV2\app\components\ui\badge
2025-08-31T23:32:56.618Z next:jsconfig-paths-plugin skipping request as it is an absolute path 
C:\Users\ALICEBELLA\Desktop\HMNQV2\app\components\ui\button
2025-08-31T23:32:56.618Z next:jsconfig-paths-plugin skipping request as it is an absolute path 
C:\Users\ALICEBELLA\Desktop\HMNQV2\app\components\ui\card
2025-08-31T23:32:56.618Z next:jsconfig-paths-plugin skipping request as it is an absolute path 
C:\Users\ALICEBELLA\Desktop\HMNQV2\app\components\ui\button
2025-08-31T23:32:56.619Z next:jsconfig-paths-plugin skipping request as it is an absolute path 
C:\Users\ALICEBELLA\Desktop\HMNQV2\app\components\ui\badge
2025-08-31T23:32:56.619Z next:jsconfig-paths-plugin skipping request as it is an absolute path 
C:\Users\ALICEBELLA\Desktop\HMNQV2\app\components\ui\button
2025-08-31T23:32:56.620Z next:jsconfig-paths-plugin skipping request as it is an absolute path 
C:\Users\ALICEBELLA\Desktop\HMNQV2\app\components\ui\card
2025-08-31T23:32:56.620Z next:jsconfig-paths-plugin skipping request as it is an absolute path 
C:\Users\ALICEBELLA\Desktop\HMNQV2\app\components\ui\button
2025-08-31T23:32:56.620Z next:jsconfig-paths-plugin skipping request as it is an absolute path 
C:\Users\ALICEBELLA\Desktop\HMNQV2\app\components\ui\badge
2025-08-31T23:32:56.620Z next:jsconfig-paths-plugin skipping request as it is an absolute path 
C:\Users\ALICEBELLA\Desktop\HMNQV2\app\components\ui\button
2025-08-31T23:32:56.622Z next:jsconfig-paths-plugin skipping request as it is an absolute path 
C:\Users\ALICEBELLA\Desktop\HMNQV2\app\components\ui\card
2025-08-31T23:32:56.622Z next:jsconfig-paths-plugin skipping request as it is an absolute path 
C:\Users\ALICEBELLA\Desktop\HMNQV2\app\components\ui\button
2025-08-31T23:32:56.622Z next:jsconfig-paths-plugin skipping request as it is an absolute path 
C:\Users\ALICEBELLA\Desktop\HMNQV2\app\components\ui\badge
2025-08-31T23:32:56.622Z next:jsconfig-paths-plugin skipping request as it is an absolute path 
C:\Users\ALICEBELLA\Desktop\HMNQV2\app\components\ui\button
2025-08-31T23:32:56.625Z next:jsconfig-paths-plugin skipping request as it is an absolute path 
C:\Users\ALICEBELLA\Desktop\HMNQV2\app\components\ui\card
2025-08-31T23:32:56.630Z next:jsconfig-paths-plugin skipping request as it is an absolute path 
C:\Users\ALICEBELLA\Desktop\HMNQV2\app\components\ui\button
2025-08-31T23:32:56.630Z next:jsconfig-paths-plugin skipping request as it is an absolute path 
C:\Users\ALICEBELLA\Desktop\HMNQV2\app\components\ui\progress
2025-08-31T23:32:56.630Z next:jsconfig-paths-plugin skipping request as it is an absolute path 
C:\Users\ALICEBELLA\Desktop\HMNQV2\app\components\ui\alert
2025-08-31T23:32:56.630Z next:jsconfig-paths-plugin skipping request as it is an absolute path 
C:\Users\ALICEBELLA\Desktop\HMNQV2\app\components\ui\likert-scale
2025-08-31T23:32:56.632Z next:jsconfig-paths-plugin skipping request as it is an absolute path 
C:\Users\ALICEBELLA\Desktop\HMNQV2\app\components\ui\card
2025-08-31T23:32:56.632Z next:jsconfig-paths-plugin skipping request as it is an absolute path 
C:\Users\ALICEBELLA\Desktop\HMNQV2\app\components\ui\button
2025-08-31T23:32:56.632Z next:jsconfig-paths-plugin skipping request as it is an absolute path 
C:\Users\ALICEBELLA\Desktop\HMNQV2\app\components\ui\progress
2025-08-31T23:32:56.632Z next:jsconfig-paths-plugin skipping request as it is an absolute path 
C:\Users\ALICEBELLA\Desktop\HMNQV2\app\components\ui\alert
2025-08-31T23:32:56.632Z next:jsconfig-paths-plugin skipping request as it is an absolute path 
C:\Users\ALICEBELLA\Desktop\HMNQV2\app\components\ui\likert-scale
2025-08-31T23:32:56.635Z next:jsconfig-paths-plugin skipping request as it is an absolute path 
C:\Users\ALICEBELLA\Desktop\HMNQV2\app\components\ui\card
2025-08-31T23:32:56.635Z next:jsconfig-paths-plugin skipping request as it is an absolute path 
C:\Users\ALICEBELLA\Desktop\HMNQV2\app\components\ui\button
2025-08-31T23:32:56.635Z next:jsconfig-paths-plugin skipping request as it is an absolute path 
C:\Users\ALICEBELLA\Desktop\HMNQV2\app\components\ui\progress
2025-08-31T23:32:56.635Z next:jsconfig-paths-plugin skipping request as it is an absolute path 
C:\Users\ALICEBELLA\Desktop\HMNQV2\app\components\ui\alert
2025-08-31T23:32:56.635Z next:jsconfig-paths-plugin skipping request as it is an absolute path 
C:\Users\ALICEBELLA\Desktop\HMNQV2\app\components\ui\likert-scale
2025-08-31T23:32:56.637Z next:jsconfig-paths-plugin skipping request as it is an absolute path 
C:\Users\ALICEBELLA\Desktop\HMNQV2\app\components\ui\card
2025-08-31T23:32:56.637Z next:jsconfig-paths-plugin skipping request as it is an absolute path 
C:\Users\ALICEBELLA\Desktop\HMNQV2\app\components\ui\button
2025-08-31T23:32:56.637Z next:jsconfig-paths-plugin skipping request as it is an absolute path 
C:\Users\ALICEBELLA\Desktop\HMNQV2\app\components\ui\progress
2025-08-31T23:32:56.637Z next:jsconfig-paths-plugin skipping request as it is an absolute path 
C:\Users\ALICEBELLA\Desktop\HMNQV2\app\components\ui\alert
2025-08-31T23:32:56.637Z next:jsconfig-paths-plugin skipping request as it is an absolute path 
C:\Users\ALICEBELLA\Desktop\HMNQV2\app\components\ui\likert-scale
2025-08-31T23:32:56.640Z next:jsconfig-paths-plugin skipping request as it is an absolute path 
C:\Users\ALICEBELLA\Desktop\HMNQV2\app\components\ui\card
2025-08-31T23:32:56.640Z next:jsconfig-paths-plugin skipping request as it is an absolute path 
C:\Users\ALICEBELLA\Desktop\HMNQV2\app\components\ui\button
2025-08-31T23:32:56.641Z next:jsconfig-paths-plugin skipping request as it is an absolute path 
C:\Users\ALICEBELLA\Desktop\HMNQV2\app\components\ui\card
2025-08-31T23:32:56.641Z next:jsconfig-paths-plugin skipping request as it is an absolute path 
C:\Users\ALICEBELLA\Desktop\HMNQV2\app\components\ui\button
2025-08-31T23:32:56.642Z next:jsconfig-paths-plugin skipping request as it is an absolute path 
C:\Users\ALICEBELLA\Desktop\HMNQV2\app\components\ui\card
2025-08-31T23:32:56.642Z next:jsconfig-paths-plugin skipping request as it is an absolute path 
C:\Users\ALICEBELLA\Desktop\HMNQV2\app\components\ui\button
2025-08-31T23:32:56.643Z next:jsconfig-paths-plugin skipping request as it is an absolute path 
C:\Users\ALICEBELLA\Desktop\HMNQV2\app\components\ui\card
2025-08-31T23:32:56.643Z next:jsconfig-paths-plugin skipping request as it is an absolute path 
C:\Users\ALICEBELLA\Desktop\HMNQV2\app\components\ui\button
2025-08-31T23:32:56.646Z next:jsconfig-paths-plugin skipping request as it is an absolute path 
C:\Users\ALICEBELLA\Desktop\HMNQV2\app\components\ui\card
2025-08-31T23:32:56.646Z next:jsconfig-paths-plugin skipping request as it is an absolute path 
C:\Users\ALICEBELLA\Desktop\HMNQV2\app\components\ui\button
2025-08-31T23:32:56.646Z next:jsconfig-paths-plugin skipping request as it is an absolute path 
C:\Users\ALICEBELLA\Desktop\HMNQV2\app\components\ui\alert
2025-08-31T23:32:56.646Z next:jsconfig-paths-plugin skipping request as it is an absolute path 
C:\Users\ALICEBELLA\Desktop\HMNQV2\app\components\ui\button
2025-08-31T23:32:56.647Z next:jsconfig-paths-plugin skipping request as it is an absolute path 
C:\Users\ALICEBELLA\Desktop\HMNQV2\app\components\ui\card
2025-08-31T23:32:56.647Z next:jsconfig-paths-plugin skipping request as it is an absolute path 
C:\Users\ALICEBELLA\Desktop\HMNQV2\app\components\ui\button
2025-08-31T23:32:56.648Z next:jsconfig-paths-plugin skipping request as it is an absolute path 
C:\Users\ALICEBELLA\Desktop\HMNQV2\app\components\ui\alert
2025-08-31T23:32:56.648Z next:jsconfig-paths-plugin skipping request as it is an absolute path 
C:\Users\ALICEBELLA\Desktop\HMNQV2\app\components\ui\button
2025-08-31T23:32:56.650Z next:jsconfig-paths-plugin skipping request as it is an absolute path 
C:\Users\ALICEBELLA\Desktop\HMNQV2\app\components\ui\card
2025-08-31T23:32:56.650Z next:jsconfig-paths-plugin skipping request as it is an absolute path 
C:\Users\ALICEBELLA\Desktop\HMNQV2\app\components\ui\button
2025-08-31T23:32:56.651Z next:jsconfig-paths-plugin skipping request as it is an absolute path 
C:\Users\ALICEBELLA\Desktop\HMNQV2\app\components\ui\alert
2025-08-31T23:32:56.651Z next:jsconfig-paths-plugin skipping request as it is an absolute path 
C:\Users\ALICEBELLA\Desktop\HMNQV2\app\components\ui\button
2025-08-31T23:32:56.652Z next:jsconfig-paths-plugin skipping request as it is an absolute path 
C:\Users\ALICEBELLA\Desktop\HMNQV2\app\components\ui\card
2025-08-31T23:32:56.652Z next:jsconfig-paths-plugin skipping request as it is an absolute path 
C:\Users\ALICEBELLA\Desktop\HMNQV2\app\components\ui\button
2025-08-31T23:32:56.652Z next:jsconfig-paths-plugin skipping request as it is an absolute path 
C:\Users\ALICEBELLA\Desktop\HMNQV2\app\components\ui\alert
2025-08-31T23:32:56.653Z next:jsconfig-paths-plugin skipping request as it is an absolute path 
C:\Users\ALICEBELLA\Desktop\HMNQV2\app\components\ui\button
2025-08-31T23:32:56.656Z next:jsconfig-paths-plugin skipping request as it is an absolute path 
C:\Users\ALICEBELLA\Desktop\HMNQV2\app\components\ui\button
2025-08-31T23:32:56.657Z next:jsconfig-paths-plugin skipping request as it is an absolute path 
C:\Users\ALICEBELLA\Desktop\HMNQV2\app\components\ui\card
2025-08-31T23:32:56.657Z next:jsconfig-paths-plugin skipping request as it is an absolute path 
C:\Users\ALICEBELLA\Desktop\HMNQV2\app\components\ui\badge
2025-08-31T23:32:56.657Z next:jsconfig-paths-plugin skipping request as it is an absolute path 
C:\Users\ALICEBELLA\Desktop\HMNQV2\app\components\ui\alert
2025-08-31T23:32:56.657Z next:jsconfig-paths-plugin skipping request as it is an absolute path 
C:\Users\ALICEBELLA\Desktop\HMNQV2\app\components\ui\button
2025-08-31T23:32:56.658Z next:jsconfig-paths-plugin skipping request as it is an absolute path 
C:\Users\ALICEBELLA\Desktop\HMNQV2\app\components\ui\badge
2025-08-31T23:32:56.659Z next:jsconfig-paths-plugin skipping request as it is an absolute path 
C:\Users\ALICEBELLA\Desktop\HMNQV2\app\components\ui\button
2025-08-31T23:32:56.660Z next:jsconfig-paths-plugin skipping request as it is an absolute path 
C:\Users\ALICEBELLA\Desktop\HMNQV2\app\components\ui\card
2025-08-31T23:32:56.660Z next:jsconfig-paths-plugin skipping request as it is an absolute path 
C:\Users\ALICEBELLA\Desktop\HMNQV2\app\components\ui\badge
2025-08-31T23:32:56.660Z next:jsconfig-paths-plugin skipping request as it is an absolute path 
C:\Users\ALICEBELLA\Desktop\HMNQV2\app\components\ui\alert
2025-08-31T23:32:56.660Z next:jsconfig-paths-plugin skipping request as it is an absolute path 
C:\Users\ALICEBELLA\Desktop\HMNQV2\app\components\ui\button
2025-08-31T23:32:56.660Z next:jsconfig-paths-plugin skipping request as it is an absolute path 
C:\Users\ALICEBELLA\Desktop\HMNQV2\app\components\ui\badge
2025-08-31T23:32:56.676Z next:jsconfig-paths-plugin skipping request as it is an absolute path 
C:\Users\ALICEBELLA\Desktop\HMNQV2\app\components\ui\button
2025-08-31T23:32:56.676Z next:jsconfig-paths-plugin skipping request as it is an absolute path 
C:\Users\ALICEBELLA\Desktop\HMNQV2\app\components\ui\card
2025-08-31T23:32:56.676Z next:jsconfig-paths-plugin skipping request as it is an absolute path 
C:\Users\ALICEBELLA\Desktop\HMNQV2\app\components\ui\badge
2025-08-31T23:32:56.676Z next:jsconfig-paths-plugin skipping request as it is an absolute path 
C:\Users\ALICEBELLA\Desktop\HMNQV2\app\components\ui\alert
2025-08-31T23:32:56.676Z next:jsconfig-paths-plugin skipping request as it is an absolute path 
C:\Users\ALICEBELLA\Desktop\HMNQV2\app\components\ui\button
2025-08-31T23:32:56.676Z next:jsconfig-paths-plugin skipping request as it is an absolute path 
C:\Users\ALICEBELLA\Desktop\HMNQV2\app\components\ui\badge
2025-08-31T23:32:56.679Z next:jsconfig-paths-plugin skipping request as it is an absolute path 
C:\Users\ALICEBELLA\Desktop\HMNQV2\app\components\ui\button
2025-08-31T23:32:56.679Z next:jsconfig-paths-plugin skipping request as it is an absolute path 
C:\Users\ALICEBELLA\Desktop\HMNQV2\app\components\ui\card
2025-08-31T23:32:56.679Z next:jsconfig-paths-plugin skipping request as it is an absolute path 
C:\Users\ALICEBELLA\Desktop\HMNQV2\app\components\ui\badge
2025-08-31T23:32:56.679Z next:jsconfig-paths-plugin skipping request as it is an absolute path 
C:\Users\ALICEBELLA\Desktop\HMNQV2\app\components\ui\alert
2025-08-31T23:32:56.680Z next:jsconfig-paths-plugin skipping request as it is an absolute path 
C:\Users\ALICEBELLA\Desktop\HMNQV2\app\components\ui\button
2025-08-31T23:32:56.680Z next:jsconfig-paths-plugin skipping request as it is an absolute path 
C:\Users\ALICEBELLA\Desktop\HMNQV2\app\components\ui\badge
2025-08-31T23:32:56.683Z next:jsconfig-paths-plugin skipping request as it is an absolute path 
C:\Users\ALICEBELLA\Desktop\HMNQV2\app\components\ui\card
2025-08-31T23:32:56.683Z next:jsconfig-paths-plugin skipping request as it is an absolute path 
C:\Users\ALICEBELLA\Desktop\HMNQV2\app\components\ui\button
2025-08-31T23:32:56.683Z next:jsconfig-paths-plugin skipping request as it is an absolute path 
C:\Users\ALICEBELLA\Desktop\HMNQV2\app\components\ui\progress
2025-08-31T23:32:56.684Z next:jsconfig-paths-plugin skipping request as it is an absolute path 
C:\Users\ALICEBELLA\Desktop\HMNQV2\app\components\ui\card
2025-08-31T23:32:56.684Z next:jsconfig-paths-plugin skipping request as it is an absolute path 
C:\Users\ALICEBELLA\Desktop\HMNQV2\app\components\ui\button
2025-08-31T23:32:56.684Z next:jsconfig-paths-plugin skipping request as it is an absolute path 
C:\Users\ALICEBELLA\Desktop\HMNQV2\app\components\ui\progress
2025-08-31T23:32:56.686Z next:jsconfig-paths-plugin skipping request as it is an absolute path 
C:\Users\ALICEBELLA\Desktop\HMNQV2\app\components\ui\card
2025-08-31T23:32:56.686Z next:jsconfig-paths-plugin skipping request as it is an absolute path 
C:\Users\ALICEBELLA\Desktop\HMNQV2\app\components\ui\button
2025-08-31T23:32:56.686Z next:jsconfig-paths-plugin skipping request as it is an absolute path 
C:\Users\ALICEBELLA\Desktop\HMNQV2\app\components\ui\progress
2025-08-31T23:32:56.688Z next:jsconfig-paths-plugin skipping request as it is an absolute path 
C:\Users\ALICEBELLA\Desktop\HMNQV2\app\components\ui\card
2025-08-31T23:32:56.688Z next:jsconfig-paths-plugin skipping request as it is an absolute path 
C:\Users\ALICEBELLA\Desktop\HMNQV2\app\components\ui\button
2025-08-31T23:32:56.688Z next:jsconfig-paths-plugin skipping request as it is an absolute path 
C:\Users\ALICEBELLA\Desktop\HMNQV2\app\components\ui\progress
2025-08-31T23:32:56.691Z next:jsconfig-paths-plugin skipping request as it is an absolute path 
C:\Users\ALICEBELLA\Desktop\HMNQV2\app\components\ui\button
2025-08-31T23:32:56.692Z next:jsconfig-paths-plugin skipping request as it is an absolute path 
C:\Users\ALICEBELLA\Desktop\HMNQV2\app\components\ui\card
2025-08-31T23:32:56.692Z next:jsconfig-paths-plugin skipping request as it is an absolute path 
C:\Users\ALICEBELLA\Desktop\HMNQV2\app\components\ui\progress
2025-08-31T23:32:56.692Z next:jsconfig-paths-plugin skipping request as it is an absolute path 
C:\Users\ALICEBELLA\Desktop\HMNQV2\app\components\ui\badge
2025-08-31T23:32:56.692Z next:jsconfig-paths-plugin skipping request as it is an absolute path 
C:\Users\ALICEBELLA\Desktop\HMNQV2\app\lib\toast-utils
2025-08-31T23:32:56.692Z next:jsconfig-paths-plugin skipping request as it is an absolute path 
C:\Users\ALICEBELLA\Desktop\HMNQV2\app\components\ui\button
2025-08-31T23:32:56.692Z next:jsconfig-paths-plugin skipping request as it is an absolute path 
C:\Users\ALICEBELLA\Desktop\HMNQV2\app\components\ui\card
2025-08-31T23:32:56.692Z next:jsconfig-paths-plugin skipping request as it is an absolute path 
C:\Users\ALICEBELLA\Desktop\HMNQV2\app\components\ui\badge
2025-08-31T23:32:56.694Z next:jsconfig-paths-plugin skipping request as it is an absolute path 
C:\Users\ALICEBELLA\Desktop\HMNQV2\app\lib\toast-utils
2025-08-31T23:32:56.694Z next:jsconfig-paths-plugin skipping request as it is an absolute path 
C:\Users\ALICEBELLA\Desktop\HMNQV2\app\components\ui\button
2025-08-31T23:32:56.695Z next:jsconfig-paths-plugin skipping request as it is an absolute path 
C:\Users\ALICEBELLA\Desktop\HMNQV2\app\components\ui\card
2025-08-31T23:32:56.695Z next:jsconfig-paths-plugin skipping request as it is an absolute path 
C:\Users\ALICEBELLA\Desktop\HMNQV2\app\components\ui\progress
2025-08-31T23:32:56.695Z next:jsconfig-paths-plugin skipping request as it is an absolute path 
C:\Users\ALICEBELLA\Desktop\HMNQV2\app\components\ui\badge
2025-08-31T23:32:56.696Z next:jsconfig-paths-plugin skipping request as it is an absolute path 
C:\Users\ALICEBELLA\Desktop\HMNQV2\app\components\ui\button
2025-08-31T23:32:56.696Z next:jsconfig-paths-plugin skipping request as it is an absolute path 
C:\Users\ALICEBELLA\Desktop\HMNQV2\app\components\ui\card
2025-08-31T23:32:56.696Z next:jsconfig-paths-plugin skipping request as it is an absolute path 
C:\Users\ALICEBELLA\Desktop\HMNQV2\app\components\ui\badge
2025-08-31T23:32:56.700Z next:jsconfig-paths-plugin skipping request as it is an absolute path 
C:\Users\ALICEBELLA\Desktop\HMNQV2\app\lib\toast-utils
2025-08-31T23:32:56.700Z next:jsconfig-paths-plugin skipping request as it is an absolute path 
C:\Users\ALICEBELLA\Desktop\HMNQV2\app\components\ui\button
2025-08-31T23:32:56.700Z next:jsconfig-paths-plugin skipping request as it is an absolute path 
C:\Users\ALICEBELLA\Desktop\HMNQV2\app\components\ui\card
2025-08-31T23:32:56.701Z next:jsconfig-paths-plugin skipping request as it is an absolute path 
C:\Users\ALICEBELLA\Desktop\HMNQV2\app\components\ui\progress
2025-08-31T23:32:56.701Z next:jsconfig-paths-plugin skipping request as it is an absolute path 
C:\Users\ALICEBELLA\Desktop\HMNQV2\app\components\ui\badge
2025-08-31T23:32:56.701Z next:jsconfig-paths-plugin skipping request as it is an absolute path 
C:\Users\ALICEBELLA\Desktop\HMNQV2\app\components\ui\button
2025-08-31T23:32:56.701Z next:jsconfig-paths-plugin skipping request as it is an absolute path 
C:\Users\ALICEBELLA\Desktop\HMNQV2\app\components\ui\card
2025-08-31T23:32:56.701Z next:jsconfig-paths-plugin skipping request as it is an absolute path 
C:\Users\ALICEBELLA\Desktop\HMNQV2\app\components\ui\badge
2025-08-31T23:32:56.704Z next:jsconfig-paths-plugin skipping request as it is an absolute path 
C:\Users\ALICEBELLA\Desktop\HMNQV2\app\lib\toast-utils
2025-08-31T23:32:56.704Z next:jsconfig-paths-plugin skipping request as it is an absolute path 
C:\Users\ALICEBELLA\Desktop\HMNQV2\app\components\ui\button
2025-08-31T23:32:56.704Z next:jsconfig-paths-plugin skipping request as it is an absolute path 
C:\Users\ALICEBELLA\Desktop\HMNQV2\app\components\ui\card
2025-08-31T23:32:56.704Z next:jsconfig-paths-plugin skipping request as it is an absolute path 
C:\Users\ALICEBELLA\Desktop\HMNQV2\app\components\ui\progress
2025-08-31T23:32:56.704Z next:jsconfig-paths-plugin skipping request as it is an absolute path 
C:\Users\ALICEBELLA\Desktop\HMNQV2\app\components\ui\badge
2025-08-31T23:32:56.712Z next:jsconfig-paths-plugin skipping request as it is an absolute path 
C:\Users\ALICEBELLA\Desktop\HMNQV2\app\components\ui\button
2025-08-31T23:32:56.712Z next:jsconfig-paths-plugin skipping request as it is an absolute path 
C:\Users\ALICEBELLA\Desktop\HMNQV2\app\components\ui\card
2025-08-31T23:32:56.712Z next:jsconfig-paths-plugin skipping request as it is an absolute path 
C:\Users\ALICEBELLA\Desktop\HMNQV2\app\components\ui\badge
2025-08-31T23:32:56.716Z next:jsconfig-paths-plugin skipping request as it is a relative path 
./dashboard-content
2025-08-31T23:32:56.717Z next:jsconfig-paths-plugin skipping request as it is a relative path 
./dashboard-content
2025-08-31T23:32:56.732Z next:jsconfig-paths-plugin skipping request as it is an absolute path 
C:\Users\ALICEBELLA\Desktop\HMNQV2\app\components\ui\button
2025-08-31T23:32:56.733Z next:jsconfig-paths-plugin skipping request as it is an absolute path 
C:\Users\ALICEBELLA\Desktop\HMNQV2\app\components\ui\card
2025-08-31T23:32:56.733Z next:jsconfig-paths-plugin skipping request as it is an absolute path 
C:\Users\ALICEBELLA\Desktop\HMNQV2\app\components\ui\progress
2025-08-31T23:32:56.733Z next:jsconfig-paths-plugin skipping request as it is an absolute path 
C:\Users\ALICEBELLA\Desktop\HMNQV2\app\components\ui\badge
2025-08-31T23:32:56.735Z next:jsconfig-paths-plugin skipping request as it is an absolute path 
C:\Users\ALICEBELLA\Desktop\HMNQV2\app\components\ui\button
2025-08-31T23:32:56.735Z next:jsconfig-paths-plugin skipping request as it is an absolute path 
C:\Users\ALICEBELLA\Desktop\HMNQV2\app\components\ui\card
2025-08-31T23:32:56.735Z next:jsconfig-paths-plugin skipping request as it is an absolute path 
C:\Users\ALICEBELLA\Desktop\HMNQV2\app\components\ui\progress
2025-08-31T23:32:56.735Z next:jsconfig-paths-plugin skipping request as it is an absolute path 
C:\Users\ALICEBELLA\Desktop\HMNQV2\app\components\ui\badge
2025-08-31T23:32:56.737Z next:jsconfig-paths-plugin skipping request as it is an absolute path 
C:\Users\ALICEBELLA\Desktop\HMNQV2\app\components\ui\button
2025-08-31T23:32:56.738Z next:jsconfig-paths-plugin skipping request as it is an absolute path 
C:\Users\ALICEBELLA\Desktop\HMNQV2\app\components\ui\card
2025-08-31T23:32:56.738Z next:jsconfig-paths-plugin skipping request as it is an absolute path 
C:\Users\ALICEBELLA\Desktop\HMNQV2\app\components\ui\progress
2025-08-31T23:32:56.738Z next:jsconfig-paths-plugin skipping request as it is an absolute path 
C:\Users\ALICEBELLA\Desktop\HMNQV2\app\components\ui\badge
2025-08-31T23:32:56.740Z next:jsconfig-paths-plugin skipping request as it is an absolute path 
C:\Users\ALICEBELLA\Desktop\HMNQV2\app\components\ui\button
2025-08-31T23:32:56.740Z next:jsconfig-paths-plugin skipping request as it is an absolute path 
C:\Users\ALICEBELLA\Desktop\HMNQV2\app\components\ui\card
2025-08-31T23:32:56.740Z next:jsconfig-paths-plugin skipping request as it is an absolute path 
C:\Users\ALICEBELLA\Desktop\HMNQV2\app\components\ui\progress
2025-08-31T23:32:56.740Z next:jsconfig-paths-plugin skipping request as it is an absolute path 
C:\Users\ALICEBELLA\Desktop\HMNQV2\app\components\ui\badge
2025-08-31T23:32:56.743Z next:jsconfig-paths-plugin skipping request as it is an absolute path 
C:\Users\ALICEBELLA\Desktop\HMNQV2\app\components\ui\button
2025-08-31T23:32:56.743Z next:jsconfig-paths-plugin skipping request as it is an absolute path 
C:\Users\ALICEBELLA\Desktop\HMNQV2\app\components\ui\card
2025-08-31T23:32:56.743Z next:jsconfig-paths-plugin skipping request as it is an absolute path 
C:\Users\ALICEBELLA\Desktop\HMNQV2\app\components\ui\badge
2025-08-31T23:32:56.743Z next:jsconfig-paths-plugin skipping request as it is an absolute path 
C:\Users\ALICEBELLA\Desktop\HMNQV2\app\components\ui\progress
2025-08-31T23:32:56.744Z next:jsconfig-paths-plugin skipping request as it is an absolute path 
C:\Users\ALICEBELLA\Desktop\HMNQV2\app\components\ui\button
2025-08-31T23:32:56.745Z next:jsconfig-paths-plugin skipping request as it is an absolute path 
C:\Users\ALICEBELLA\Desktop\HMNQV2\app\components\ui\card
2025-08-31T23:32:56.745Z next:jsconfig-paths-plugin skipping request as it is an absolute path 
C:\Users\ALICEBELLA\Desktop\HMNQV2\app\components\ui\badge
2025-08-31T23:32:56.745Z next:jsconfig-paths-plugin skipping request as it is an absolute path 
C:\Users\ALICEBELLA\Desktop\HMNQV2\app\components\ui\progress
2025-08-31T23:32:56.747Z next:jsconfig-paths-plugin skipping request as it is an absolute path 
C:\Users\ALICEBELLA\Desktop\HMNQV2\app\components\ui\button
2025-08-31T23:32:56.747Z next:jsconfig-paths-plugin skipping request as it is an absolute path 
C:\Users\ALICEBELLA\Desktop\HMNQV2\app\components\ui\card
2025-08-31T23:32:56.747Z next:jsconfig-paths-plugin skipping request as it is an absolute path 
C:\Users\ALICEBELLA\Desktop\HMNQV2\app\components\ui\badge
2025-08-31T23:32:56.747Z next:jsconfig-paths-plugin skipping request as it is an absolute path 
C:\Users\ALICEBELLA\Desktop\HMNQV2\app\components\ui\progress
2025-08-31T23:32:56.748Z next:jsconfig-paths-plugin skipping request as it is an absolute path 
C:\Users\ALICEBELLA\Desktop\HMNQV2\app\components\ui\button
2025-08-31T23:32:56.749Z next:jsconfig-paths-plugin skipping request as it is an absolute path 
C:\Users\ALICEBELLA\Desktop\HMNQV2\app\components\ui\card
2025-08-31T23:32:56.749Z next:jsconfig-paths-plugin skipping request as it is an absolute path 
C:\Users\ALICEBELLA\Desktop\HMNQV2\app\components\ui\badge
2025-08-31T23:32:56.749Z next:jsconfig-paths-plugin skipping request as it is an absolute path 
C:\Users\ALICEBELLA\Desktop\HMNQV2\app\components\ui\progress
2025-08-31T23:32:56.751Z next:jsconfig-paths-plugin skipping request as it is an absolute path 
C:\Users\ALICEBELLA\Desktop\HMNQV2\app\components\ui\button
2025-08-31T23:32:56.752Z next:jsconfig-paths-plugin skipping request as it is an absolute path 
C:\Users\ALICEBELLA\Desktop\HMNQV2\app\components\ui\button
2025-08-31T23:32:56.752Z next:jsconfig-paths-plugin skipping request as it is an absolute path 
C:\Users\ALICEBELLA\Desktop\HMNQV2\app\components\ui\button
2025-08-31T23:32:56.753Z next:jsconfig-paths-plugin skipping request as it is an absolute path 
C:\Users\ALICEBELLA\Desktop\HMNQV2\app\components\ui\button
2025-08-31T23:32:56.754Z next:jsconfig-paths-plugin skipping request as it is an absolute path 
C:\Users\ALICEBELLA\Desktop\HMNQV2\app\components\ui\button
2025-08-31T23:32:56.755Z next:jsconfig-paths-plugin skipping request as it is an absolute path 
C:\Users\ALICEBELLA\Desktop\HMNQV2\app\components\ui\button
2025-08-31T23:32:56.755Z next:jsconfig-paths-plugin skipping request as it is an absolute path 
C:\Users\ALICEBELLA\Desktop\HMNQV2\app\components\ui\button
2025-08-31T23:32:56.756Z next:jsconfig-paths-plugin skipping request as it is an absolute path 
C:\Users\ALICEBELLA\Desktop\HMNQV2\app\components\ui\button
2025-08-31T23:32:56.757Z next:jsconfig-paths-plugin skipping request as it is an absolute path 
C:\Users\ALICEBELLA\Desktop\HMNQV2\app\components\ui\button
2025-08-31T23:32:56.758Z next:jsconfig-paths-plugin skipping request as it is an absolute path 
C:\Users\ALICEBELLA\Desktop\HMNQV2\app\components\ui\button
2025-08-31T23:32:56.758Z next:jsconfig-paths-plugin skipping request as it is an absolute path 
C:\Users\ALICEBELLA\Desktop\HMNQV2\app\components\ui\button
2025-08-31T23:32:56.759Z next:jsconfig-paths-plugin skipping request as it is an absolute path 
C:\Users\ALICEBELLA\Desktop\HMNQV2\app\components\ui\button
2025-08-31T23:32:56.760Z next:jsconfig-paths-plugin moduleName did not match any paths pattern 
styled-jsx/style
2025-08-31T23:32:56.761Z next:jsconfig-paths-plugin moduleName did not match any paths pattern 
styled-jsx/style
2025-08-31T23:32:56.762Z next:jsconfig-paths-plugin skipping request as it is an absolute path 
C:\Users\ALICEBELLA\Desktop\HMNQV2\app\components\ui\card
2025-08-31T23:32:56.763Z next:jsconfig-paths-plugin skipping request as it is an absolute path 
C:\Users\ALICEBELLA\Desktop\HMNQV2\app\components\ui\button
2025-08-31T23:32:56.763Z next:jsconfig-paths-plugin skipping request as it is an absolute path 
C:\Users\ALICEBELLA\Desktop\HMNQV2\app\components\ui\badge
2025-08-31T23:32:56.763Z next:jsconfig-paths-plugin skipping request as it is an absolute path 
C:\Users\ALICEBELLA\Desktop\HMNQV2\app\components\ui\progress
2025-08-31T23:32:56.763Z next:jsconfig-paths-plugin skipping request as it is an absolute path 
C:\Users\ALICEBELLA\Desktop\HMNQV2\app\components\ui\alert
2025-08-31T23:32:56.765Z next:jsconfig-paths-plugin skipping request as it is an absolute path 
C:\Users\ALICEBELLA\Desktop\HMNQV2\app\components\ui\card
2025-08-31T23:32:56.766Z next:jsconfig-paths-plugin skipping request as it is an absolute path 
C:\Users\ALICEBELLA\Desktop\HMNQV2\app\components\ui\button
2025-08-31T23:32:56.766Z next:jsconfig-paths-plugin skipping request as it is an absolute path 
C:\Users\ALICEBELLA\Desktop\HMNQV2\app\components\ui\badge
2025-08-31T23:32:56.766Z next:jsconfig-paths-plugin skipping request as it is an absolute path 
C:\Users\ALICEBELLA\Desktop\HMNQV2\app\components\ui\progress
2025-08-31T23:32:56.766Z next:jsconfig-paths-plugin skipping request as it is an absolute path 
C:\Users\ALICEBELLA\Desktop\HMNQV2\app\components\ui\alert
2025-08-31T23:32:56.768Z next:jsconfig-paths-plugin skipping request as it is an absolute path 
C:\Users\ALICEBELLA\Desktop\HMNQV2\app\components\ui\card
2025-08-31T23:32:56.769Z next:jsconfig-paths-plugin skipping request as it is an absolute path 
C:\Users\ALICEBELLA\Desktop\HMNQV2\app\components\ui\button
2025-08-31T23:32:56.769Z next:jsconfig-paths-plugin skipping request as it is an absolute path 
C:\Users\ALICEBELLA\Desktop\HMNQV2\app\components\ui\badge
2025-08-31T23:32:56.769Z next:jsconfig-paths-plugin skipping request as it is an absolute path 
C:\Users\ALICEBELLA\Desktop\HMNQV2\app\components\ui\progress
2025-08-31T23:32:56.769Z next:jsconfig-paths-plugin skipping request as it is an absolute path 
C:\Users\ALICEBELLA\Desktop\HMNQV2\app\components\ui\alert
2025-08-31T23:32:56.772Z next:jsconfig-paths-plugin skipping request as it is an absolute path 
C:\Users\ALICEBELLA\Desktop\HMNQV2\app\components\ui\card
2025-08-31T23:32:56.772Z next:jsconfig-paths-plugin skipping request as it is an absolute path 
C:\Users\ALICEBELLA\Desktop\HMNQV2\app\components\ui\button
2025-08-31T23:32:56.772Z next:jsconfig-paths-plugin skipping request as it is an absolute path 
C:\Users\ALICEBELLA\Desktop\HMNQV2\app\components\ui\badge
2025-08-31T23:32:56.772Z next:jsconfig-paths-plugin skipping request as it is an absolute path 
C:\Users\ALICEBELLA\Desktop\HMNQV2\app\components\ui\progress
2025-08-31T23:32:56.772Z next:jsconfig-paths-plugin skipping request as it is an absolute path 
C:\Users\ALICEBELLA\Desktop\HMNQV2\app\components\ui\alert
2025-08-31T23:32:56.795Z next:jsconfig-paths-plugin skipping request as it is inside node_modules 
../client/link
2025-08-31T23:32:56.795Z next:jsconfig-paths-plugin skipping request as it is inside node_modules 
../client/components/navigation
2025-08-31T23:32:56.795Z next:jsconfig-paths-plugin skipping request as it is inside node_modules 
../client/link
2025-08-31T23:32:56.799Z next:jsconfig-paths-plugin skipping request as it is an absolute path 
C:\Users\ALICEBELLA\Desktop\HMNQV2\app\components\ui\card
2025-08-31T23:32:56.799Z next:jsconfig-paths-plugin skipping request as it is an absolute path 
C:\Users\ALICEBELLA\Desktop\HMNQV2\app\components\ui\button
2025-08-31T23:32:56.799Z next:jsconfig-paths-plugin skipping request as it is an absolute path 
C:\Users\ALICEBELLA\Desktop\HMNQV2\app\components\ui\progress
2025-08-31T23:32:56.800Z next:jsconfig-paths-plugin skipping request as it is an absolute path 
C:\Users\ALICEBELLA\Desktop\HMNQV2\app\components\ui\likert-scale
2025-08-31T23:32:56.801Z next:jsconfig-paths-plugin skipping request as it is an absolute path 
C:\Users\ALICEBELLA\Desktop\HMNQV2\app\components\ui\card
2025-08-31T23:32:56.801Z next:jsconfig-paths-plugin skipping request as it is an absolute path 
C:\Users\ALICEBELLA\Desktop\HMNQV2\app\components\ui\button
2025-08-31T23:32:56.801Z next:jsconfig-paths-plugin skipping request as it is an absolute path 
C:\Users\ALICEBELLA\Desktop\HMNQV2\app\components\ui\progress
2025-08-31T23:32:56.801Z next:jsconfig-paths-plugin skipping request as it is an absolute path 
C:\Users\ALICEBELLA\Desktop\HMNQV2\app\components\ui\likert-scale
2025-08-31T23:32:56.804Z next:jsconfig-paths-plugin skipping request as it is an absolute path 
C:\Users\ALICEBELLA\Desktop\HMNQV2\app\components\ui\card
2025-08-31T23:32:56.804Z next:jsconfig-paths-plugin skipping request as it is an absolute path 
C:\Users\ALICEBELLA\Desktop\HMNQV2\app\components\ui\button
2025-08-31T23:32:56.804Z next:jsconfig-paths-plugin skipping request as it is an absolute path 
C:\Users\ALICEBELLA\Desktop\HMNQV2\app\components\ui\progress
2025-08-31T23:32:56.804Z next:jsconfig-paths-plugin skipping request as it is an absolute path 
C:\Users\ALICEBELLA\Desktop\HMNQV2\app\components\ui\likert-scale
2025-08-31T23:32:56.805Z next:jsconfig-paths-plugin skipping request as it is an absolute path 
C:\Users\ALICEBELLA\Desktop\HMNQV2\app\components\ui\card
2025-08-31T23:32:56.806Z next:jsconfig-paths-plugin skipping request as it is an absolute path 
C:\Users\ALICEBELLA\Desktop\HMNQV2\app\components\ui\button
2025-08-31T23:32:56.806Z next:jsconfig-paths-plugin skipping request as it is an absolute path 
C:\Users\ALICEBELLA\Desktop\HMNQV2\app\components\ui\progress
2025-08-31T23:32:56.806Z next:jsconfig-paths-plugin skipping request as it is an absolute path 
C:\Users\ALICEBELLA\Desktop\HMNQV2\app\components\ui\likert-scale
2025-08-31T23:32:56.808Z next:jsconfig-paths-plugin skipping request as it is an absolute path 
C:\Users\ALICEBELLA\Desktop\HMNQV2\app\components\ui\card
2025-08-31T23:32:56.809Z next:jsconfig-paths-plugin skipping request as it is an absolute path 
C:\Users\ALICEBELLA\Desktop\HMNQV2\app\components\ui\button
2025-08-31T23:32:56.809Z next:jsconfig-paths-plugin skipping request as it is an absolute path 
C:\Users\ALICEBELLA\Desktop\HMNQV2\app\components\ui\card
2025-08-31T23:32:56.809Z next:jsconfig-paths-plugin skipping request as it is an absolute path 
C:\Users\ALICEBELLA\Desktop\HMNQV2\app\components\ui\button
2025-08-31T23:32:56.810Z next:jsconfig-paths-plugin skipping request as it is an absolute path 
C:\Users\ALICEBELLA\Desktop\HMNQV2\app\components\ui\card
2025-08-31T23:32:56.810Z next:jsconfig-paths-plugin skipping request as it is an absolute path 
C:\Users\ALICEBELLA\Desktop\HMNQV2\app\components\ui\button
2025-08-31T23:32:56.811Z next:jsconfig-paths-plugin skipping request as it is an absolute path 
C:\Users\ALICEBELLA\Desktop\HMNQV2\app\components\ui\card
2025-08-31T23:32:56.811Z next:jsconfig-paths-plugin skipping request as it is an absolute path 
C:\Users\ALICEBELLA\Desktop\HMNQV2\app\components\ui\button
2025-08-31T23:32:56.813Z next:jsconfig-paths-plugin skipping request as it is an absolute path 
C:\Users\ALICEBELLA\Desktop\HMNQV2\app\components\ui\button
2025-08-31T23:32:56.813Z next:jsconfig-paths-plugin skipping request as it is an absolute path 
C:\Users\ALICEBELLA\Desktop\HMNQV2\app\components\ui\card
2025-08-31T23:32:56.813Z next:jsconfig-paths-plugin skipping request as it is an absolute path 
C:\Users\ALICEBELLA\Desktop\HMNQV2\app\components\ui\badge
2025-08-31T23:32:56.814Z next:jsconfig-paths-plugin skipping request as it is an absolute path 
C:\Users\ALICEBELLA\Desktop\HMNQV2\app\components\ui\button
2025-08-31T23:32:56.814Z next:jsconfig-paths-plugin skipping request as it is an absolute path 
C:\Users\ALICEBELLA\Desktop\HMNQV2\app\components\ui\card
2025-08-31T23:32:56.814Z next:jsconfig-paths-plugin skipping request as it is an absolute path 
C:\Users\ALICEBELLA\Desktop\HMNQV2\app\components\ui\badge
2025-08-31T23:32:56.816Z next:jsconfig-paths-plugin skipping request as it is an absolute path 
C:\Users\ALICEBELLA\Desktop\HMNQV2\app\components\ui\button
2025-08-31T23:32:56.816Z next:jsconfig-paths-plugin skipping request as it is an absolute path 
C:\Users\ALICEBELLA\Desktop\HMNQV2\app\components\ui\card
2025-08-31T23:32:56.816Z next:jsconfig-paths-plugin skipping request as it is an absolute path 
C:\Users\ALICEBELLA\Desktop\HMNQV2\app\components\ui\badge
2025-08-31T23:32:56.817Z next:jsconfig-paths-plugin skipping request as it is an absolute path 
C:\Users\ALICEBELLA\Desktop\HMNQV2\app\components\ui\button
2025-08-31T23:32:56.817Z next:jsconfig-paths-plugin skipping request as it is an absolute path 
C:\Users\ALICEBELLA\Desktop\HMNQV2\app\components\ui\card
2025-08-31T23:32:56.817Z next:jsconfig-paths-plugin skipping request as it is an absolute path 
C:\Users\ALICEBELLA\Desktop\HMNQV2\app\components\ui\badge
2025-08-31T23:32:56.819Z next:jsconfig-paths-plugin skipping request as it is an absolute path 
C:\Users\ALICEBELLA\Desktop\HMNQV2\app\components\ui\card
2025-08-31T23:32:56.820Z next:jsconfig-paths-plugin skipping request as it is an absolute path 
C:\Users\ALICEBELLA\Desktop\HMNQV2\app\components\ui\button
2025-08-31T23:32:56.820Z next:jsconfig-paths-plugin skipping request as it is an absolute path 
C:\Users\ALICEBELLA\Desktop\HMNQV2\app\components\ui\progress
2025-08-31T23:32:56.820Z next:jsconfig-paths-plugin skipping request as it is an absolute path 
C:\Users\ALICEBELLA\Desktop\HMNQV2\app\components\ui\badge
2025-08-31T23:32:56.822Z next:jsconfig-paths-plugin skipping request as it is an absolute path 
C:\Users\ALICEBELLA\Desktop\HMNQV2\app\components\ui\card
2025-08-31T23:32:56.822Z next:jsconfig-paths-plugin skipping request as it is an absolute path 
C:\Users\ALICEBELLA\Desktop\HMNQV2\app\components\ui\button
2025-08-31T23:32:56.822Z next:jsconfig-paths-plugin skipping request as it is an absolute path 
C:\Users\ALICEBELLA\Desktop\HMNQV2\app\components\ui\progress
2025-08-31T23:32:56.822Z next:jsconfig-paths-plugin skipping request as it is an absolute path 
C:\Users\ALICEBELLA\Desktop\HMNQV2\app\components\ui\badge
2025-08-31T23:32:56.824Z next:jsconfig-paths-plugin skipping request as it is an absolute path 
C:\Users\ALICEBELLA\Desktop\HMNQV2\app\components\ui\card
2025-08-31T23:32:56.825Z next:jsconfig-paths-plugin skipping request as it is an absolute path 
C:\Users\ALICEBELLA\Desktop\HMNQV2\app\components\ui\button
2025-08-31T23:32:56.825Z next:jsconfig-paths-plugin skipping request as it is an absolute path 
C:\Users\ALICEBELLA\Desktop\HMNQV2\app\components\ui\progress
2025-08-31T23:32:56.825Z next:jsconfig-paths-plugin skipping request as it is an absolute path 
C:\Users\ALICEBELLA\Desktop\HMNQV2\app\components\ui\badge
2025-08-31T23:32:56.827Z next:jsconfig-paths-plugin skipping request as it is an absolute path 
C:\Users\ALICEBELLA\Desktop\HMNQV2\app\components\ui\card
2025-08-31T23:32:56.827Z next:jsconfig-paths-plugin skipping request as it is an absolute path 
C:\Users\ALICEBELLA\Desktop\HMNQV2\app\components\ui\button
2025-08-31T23:32:56.827Z next:jsconfig-paths-plugin skipping request as it is an absolute path 
C:\Users\ALICEBELLA\Desktop\HMNQV2\app\components\ui\progress
2025-08-31T23:32:56.827Z next:jsconfig-paths-plugin skipping request as it is an absolute path 
C:\Users\ALICEBELLA\Desktop\HMNQV2\app\components\ui\badge
2025-08-31T23:32:56.830Z next:jsconfig-paths-plugin skipping request as it is an absolute path 
C:\Users\ALICEBELLA\Desktop\HMNQV2\app\components\ui\button
2025-08-31T23:32:56.830Z next:jsconfig-paths-plugin skipping request as it is an absolute path 
C:\Users\ALICEBELLA\Desktop\HMNQV2\app\components\ui\card
2025-08-31T23:32:56.830Z next:jsconfig-paths-plugin skipping request as it is an absolute path 
C:\Users\ALICEBELLA\Desktop\HMNQV2\app\components\ui\badge
2025-08-31T23:32:56.830Z next:jsconfig-paths-plugin skipping request as it is an absolute path 
C:\Users\ALICEBELLA\Desktop\HMNQV2\app\components\ui\separator
2025-08-31T23:32:56.832Z next:jsconfig-paths-plugin skipping request as it is an absolute path 
C:\Users\ALICEBELLA\Desktop\HMNQV2\app\components\ui\button
2025-08-31T23:32:56.832Z next:jsconfig-paths-plugin skipping request as it is an absolute path 
C:\Users\ALICEBELLA\Desktop\HMNQV2\app\components\ui\card
2025-08-31T23:32:56.832Z next:jsconfig-paths-plugin skipping request as it is an absolute path 
C:\Users\ALICEBELLA\Desktop\HMNQV2\app\components\ui\badge
2025-08-31T23:32:56.832Z next:jsconfig-paths-plugin skipping request as it is an absolute path 
C:\Users\ALICEBELLA\Desktop\HMNQV2\app\components\ui\separator
2025-08-31T23:32:56.834Z next:jsconfig-paths-plugin skipping request as it is an absolute path 
C:\Users\ALICEBELLA\Desktop\HMNQV2\app\components\ui\button
2025-08-31T23:32:56.835Z next:jsconfig-paths-plugin skipping request as it is an absolute path 
C:\Users\ALICEBELLA\Desktop\HMNQV2\app\components\ui\card
2025-08-31T23:32:56.835Z next:jsconfig-paths-plugin skipping request as it is an absolute path 
C:\Users\ALICEBELLA\Desktop\HMNQV2\app\components\ui\badge
2025-08-31T23:32:56.835Z next:jsconfig-paths-plugin skipping request as it is an absolute path 
C:\Users\ALICEBELLA\Desktop\HMNQV2\app\components\ui\separator
2025-08-31T23:32:56.837Z next:jsconfig-paths-plugin skipping request as it is an absolute path 
C:\Users\ALICEBELLA\Desktop\HMNQV2\app\components\ui\button
2025-08-31T23:32:56.837Z next:jsconfig-paths-plugin skipping request as it is an absolute path 
C:\Users\ALICEBELLA\Desktop\HMNQV2\app\components\ui\card
2025-08-31T23:32:56.838Z next:jsconfig-paths-plugin skipping request as it is an absolute path 
C:\Users\ALICEBELLA\Desktop\HMNQV2\app\components\ui\badge
2025-08-31T23:32:56.838Z next:jsconfig-paths-plugin skipping request as it is an absolute path 
C:\Users\ALICEBELLA\Desktop\HMNQV2\app\components\ui\separator
2025-08-31T23:32:56.842Z next:jsconfig-paths-plugin skipping request as it is an absolute path 
C:\Users\ALICEBELLA\Desktop\HMNQV2\app\components\ui\button
2025-08-31T23:32:56.842Z next:jsconfig-paths-plugin skipping request as it is an absolute path 
C:\Users\ALICEBELLA\Desktop\HMNQV2\app\components\ui\card
2025-08-31T23:32:56.842Z next:jsconfig-paths-plugin skipping request as it is an absolute path 
C:\Users\ALICEBELLA\Desktop\HMNQV2\app\components\ui\badge
2025-08-31T23:32:56.842Z next:jsconfig-paths-plugin skipping request as it is an absolute path 
C:\Users\ALICEBELLA\Desktop\HMNQV2\app\components\ui\progress
2025-08-31T23:32:56.845Z next:jsconfig-paths-plugin skipping request as it is an absolute path 
C:\Users\ALICEBELLA\Desktop\HMNQV2\app\components\ui\button
2025-08-31T23:32:56.845Z next:jsconfig-paths-plugin skipping request as it is an absolute path 
C:\Users\ALICEBELLA\Desktop\HMNQV2\app\components\ui\card
2025-08-31T23:32:56.845Z next:jsconfig-paths-plugin skipping request as it is an absolute path 
C:\Users\ALICEBELLA\Desktop\HMNQV2\app\components\ui\badge
2025-08-31T23:32:56.845Z next:jsconfig-paths-plugin skipping request as it is an absolute path 
C:\Users\ALICEBELLA\Desktop\HMNQV2\app\components\ui\progress
2025-08-31T23:32:56.848Z next:jsconfig-paths-plugin skipping request as it is an absolute path 
C:\Users\ALICEBELLA\Desktop\HMNQV2\app\components\ui\button
2025-08-31T23:32:56.848Z next:jsconfig-paths-plugin skipping request as it is an absolute path 
C:\Users\ALICEBELLA\Desktop\HMNQV2\app\components\ui\card
2025-08-31T23:32:56.848Z next:jsconfig-paths-plugin skipping request as it is an absolute path 
C:\Users\ALICEBELLA\Desktop\HMNQV2\app\components\ui\badge
2025-08-31T23:32:56.849Z next:jsconfig-paths-plugin skipping request as it is an absolute path 
C:\Users\ALICEBELLA\Desktop\HMNQV2\app\components\ui\progress
2025-08-31T23:32:56.851Z next:jsconfig-paths-plugin skipping request as it is an absolute path 
C:\Users\ALICEBELLA\Desktop\HMNQV2\app\components\ui\button
2025-08-31T23:32:56.851Z next:jsconfig-paths-plugin skipping request as it is an absolute path 
C:\Users\ALICEBELLA\Desktop\HMNQV2\app\components\ui\card
2025-08-31T23:32:56.851Z next:jsconfig-paths-plugin skipping request as it is an absolute path 
C:\Users\ALICEBELLA\Desktop\HMNQV2\app\components\ui\badge
2025-08-31T23:32:56.851Z next:jsconfig-paths-plugin skipping request as it is an absolute path 
C:\Users\ALICEBELLA\Desktop\HMNQV2\app\components\ui\progress
2025-08-31T23:32:56.860Z next:jsconfig-paths-plugin skipping request as it is an absolute path 
C:\Users\ALICEBELLA\Desktop\HMNQV2\app\components\ui\card
2025-08-31T23:32:56.860Z next:jsconfig-paths-plugin skipping request as it is an absolute path 
C:\Users\ALICEBELLA\Desktop\HMNQV2\app\components\ui\badge
2025-08-31T23:32:56.860Z next:jsconfig-paths-plugin skipping request as it is an absolute path 
C:\Users\ALICEBELLA\Desktop\HMNQV2\app\components\ui\button
2025-08-31T23:32:56.862Z next:jsconfig-paths-plugin skipping request as it is an absolute path 
C:\Users\ALICEBELLA\Desktop\HMNQV2\app\components\ui\card
2025-08-31T23:32:56.862Z next:jsconfig-paths-plugin skipping request as it is an absolute path 
C:\Users\ALICEBELLA\Desktop\HMNQV2\app\components\ui\badge
2025-08-31T23:32:56.862Z next:jsconfig-paths-plugin skipping request as it is an absolute path 
C:\Users\ALICEBELLA\Desktop\HMNQV2\app\components\ui\button
2025-08-31T23:32:56.864Z next:jsconfig-paths-plugin skipping request as it is an absolute path 
C:\Users\ALICEBELLA\Desktop\HMNQV2\app\components\ui\card
2025-08-31T23:32:56.864Z next:jsconfig-paths-plugin skipping request as it is an absolute path 
C:\Users\ALICEBELLA\Desktop\HMNQV2\app\components\ui\badge
2025-08-31T23:32:56.864Z next:jsconfig-paths-plugin skipping request as it is an absolute path 
C:\Users\ALICEBELLA\Desktop\HMNQV2\app\components\ui\button
2025-08-31T23:32:56.865Z next:jsconfig-paths-plugin skipping request as it is an absolute path 
C:\Users\ALICEBELLA\Desktop\HMNQV2\app\components\ui\card
2025-08-31T23:32:56.865Z next:jsconfig-paths-plugin skipping request as it is an absolute path 
C:\Users\ALICEBELLA\Desktop\HMNQV2\app\components\ui\badge
2025-08-31T23:32:56.865Z next:jsconfig-paths-plugin skipping request as it is an absolute path 
C:\Users\ALICEBELLA\Desktop\HMNQV2\app\components\ui\button
2025-08-31T23:32:56.871Z next:jsconfig-paths-plugin skipping request as it is an absolute path 
C:\Users\ALICEBELLA\Desktop\HMNQV2\app\components\ui\card
2025-08-31T23:32:56.871Z next:jsconfig-paths-plugin skipping request as it is an absolute path 
C:\Users\ALICEBELLA\Desktop\HMNQV2\app\components\ui\button
2025-08-31T23:32:56.871Z next:jsconfig-paths-plugin skipping request as it is an absolute path 
C:\Users\ALICEBELLA\Desktop\HMNQV2\app\components\ui\badge
2025-08-31T23:32:56.871Z next:jsconfig-paths-plugin skipping request as it is an absolute path 
C:\Users\ALICEBELLA\Desktop\HMNQV2\app\components\ui\card
2025-08-31T23:32:56.871Z next:jsconfig-paths-plugin skipping request as it is an absolute path 
C:\Users\ALICEBELLA\Desktop\HMNQV2\app\components\ui\button
2025-08-31T23:32:56.871Z next:jsconfig-paths-plugin skipping request as it is an absolute path 
C:\Users\ALICEBELLA\Desktop\HMNQV2\app\components\ui\badge
2025-08-31T23:32:56.871Z next:jsconfig-paths-plugin skipping request as it is an absolute path 
C:\Users\ALICEBELLA\Desktop\HMNQV2\app\components\ui\dialog
2025-08-31T23:32:56.871Z next:jsconfig-paths-plugin skipping request as it is an absolute path 
C:\Users\ALICEBELLA\Desktop\HMNQV2\app\components\ui\progress
2025-08-31T23:32:56.871Z next:jsconfig-paths-plugin skipping request as it is an absolute path 
C:\Users\ALICEBELLA\Desktop\HMNQV2\app\components\ui\alert
2025-08-31T23:32:56.871Z next:jsconfig-paths-plugin skipping request as it is an absolute path 
C:\Users\ALICEBELLA\Desktop\HMNQV2\app\components\ui\interactive-manuscript-viewer
2025-08-31T23:32:56.871Z next:jsconfig-paths-plugin skipping request as it is an absolute path 
C:\Users\ALICEBELLA\Desktop\HMNQV2\app\components\ui\advanced-behavioral-analysis
2025-08-31T23:32:56.871Z next:jsconfig-paths-plugin skipping request as it is an absolute path 
C:\Users\ALICEBELLA\Desktop\HMNQV2\app\components\ui\graphology-report-header
2025-08-31T23:32:56.871Z next:jsconfig-paths-plugin skipping request as it is an absolute path 
C:\Users\ALICEBELLA\Desktop\HMNQV2\app\components\ui\report-actions
2025-08-31T23:32:56.871Z next:jsconfig-paths-plugin skipping request as it is an absolute path 
C:\Users\ALICEBELLA\Desktop\HMNQV2\app\components\ui\pdf-generator
2025-08-31T23:32:56.874Z next:jsconfig-paths-plugin skipping request as it is an absolute path 
C:\Users\ALICEBELLA\Desktop\HMNQV2\app\components\ui\card
2025-08-31T23:32:56.874Z next:jsconfig-paths-plugin skipping request as it is an absolute path 
C:\Users\ALICEBELLA\Desktop\HMNQV2\app\components\ui\button
2025-08-31T23:32:56.874Z next:jsconfig-paths-plugin skipping request as it is an absolute path 
C:\Users\ALICEBELLA\Desktop\HMNQV2\app\components\ui\badge
2025-08-31T23:32:56.876Z next:jsconfig-paths-plugin skipping request as it is an absolute path 
C:\Users\ALICEBELLA\Desktop\HMNQV2\app\components\ui\card
2025-08-31T23:32:56.876Z next:jsconfig-paths-plugin skipping request as it is an absolute path 
C:\Users\ALICEBELLA\Desktop\HMNQV2\app\components\ui\button
2025-08-31T23:32:56.876Z next:jsconfig-paths-plugin skipping request as it is an absolute path 
C:\Users\ALICEBELLA\Desktop\HMNQV2\app\components\ui\badge
2025-08-31T23:32:56.876Z next:jsconfig-paths-plugin skipping request as it is an absolute path 
C:\Users\ALICEBELLA\Desktop\HMNQV2\app\components\ui\dialog
2025-08-31T23:32:56.876Z next:jsconfig-paths-plugin skipping request as it is an absolute path 
C:\Users\ALICEBELLA\Desktop\HMNQV2\app\components\ui\progress
2025-08-31T23:32:56.876Z next:jsconfig-paths-plugin skipping request as it is an absolute path 
C:\Users\ALICEBELLA\Desktop\HMNQV2\app\components\ui\alert
2025-08-31T23:32:56.876Z next:jsconfig-paths-plugin skipping request as it is an absolute path 
C:\Users\ALICEBELLA\Desktop\HMNQV2\app\components\ui\interactive-manuscript-viewer
2025-08-31T23:32:56.876Z next:jsconfig-paths-plugin skipping request as it is an absolute path 
C:\Users\ALICEBELLA\Desktop\HMNQV2\app\components\ui\advanced-behavioral-analysis
2025-08-31T23:32:56.876Z next:jsconfig-paths-plugin skipping request as it is an absolute path 
C:\Users\ALICEBELLA\Desktop\HMNQV2\app\components\ui\graphology-report-header
2025-08-31T23:32:56.876Z next:jsconfig-paths-plugin skipping request as it is an absolute path 
C:\Users\ALICEBELLA\Desktop\HMNQV2\app\components\ui\report-actions
2025-08-31T23:32:56.876Z next:jsconfig-paths-plugin skipping request as it is an absolute path 
C:\Users\ALICEBELLA\Desktop\HMNQV2\app\components\ui\pdf-generator
2025-08-31T23:32:56.882Z next:jsconfig-paths-plugin skipping request as it is an absolute path 
C:\Users\ALICEBELLA\Desktop\HMNQV2\app\components\ui\card
2025-08-31T23:32:56.882Z next:jsconfig-paths-plugin skipping request as it is an absolute path 
C:\Users\ALICEBELLA\Desktop\HMNQV2\app\components\ui\button
2025-08-31T23:32:56.882Z next:jsconfig-paths-plugin skipping request as it is an absolute path 
C:\Users\ALICEBELLA\Desktop\HMNQV2\app\components\ui\badge
2025-08-31T23:32:56.882Z next:jsconfig-paths-plugin skipping request as it is an absolute path 
C:\Users\ALICEBELLA\Desktop\HMNQV2\app\components\ui\card
2025-08-31T23:32:56.882Z next:jsconfig-paths-plugin skipping request as it is an absolute path 
C:\Users\ALICEBELLA\Desktop\HMNQV2\app\components\ui\button
2025-08-31T23:32:56.882Z next:jsconfig-paths-plugin skipping request as it is an absolute path 
C:\Users\ALICEBELLA\Desktop\HMNQV2\app\components\ui\badge
2025-08-31T23:32:56.882Z next:jsconfig-paths-plugin skipping request as it is an absolute path 
C:\Users\ALICEBELLA\Desktop\HMNQV2\app\components\ui\dialog
2025-08-31T23:32:56.882Z next:jsconfig-paths-plugin skipping request as it is an absolute path 
C:\Users\ALICEBELLA\Desktop\HMNQV2\app\components\ui\progress
2025-08-31T23:32:56.882Z next:jsconfig-paths-plugin skipping request as it is an absolute path 
C:\Users\ALICEBELLA\Desktop\HMNQV2\app\components\ui\alert
2025-08-31T23:32:56.887Z next:jsconfig-paths-plugin skipping request as it is an absolute path 
C:\Users\ALICEBELLA\Desktop\HMNQV2\app\components\ui\card
2025-08-31T23:32:56.887Z next:jsconfig-paths-plugin skipping request as it is an absolute path 
C:\Users\ALICEBELLA\Desktop\HMNQV2\app\components\ui\button
2025-08-31T23:32:56.887Z next:jsconfig-paths-plugin skipping request as it is an absolute path 
C:\Users\ALICEBELLA\Desktop\HMNQV2\app\components\ui\badge
2025-08-31T23:32:56.889Z next:jsconfig-paths-plugin skipping request as it is an absolute path 
C:\Users\ALICEBELLA\Desktop\HMNQV2\app\components\ui\card
2025-08-31T23:32:56.890Z next:jsconfig-paths-plugin skipping request as it is an absolute path 
C:\Users\ALICEBELLA\Desktop\HMNQV2\app\components\ui\button
2025-08-31T23:32:56.890Z next:jsconfig-paths-plugin skipping request as it is an absolute path 
C:\Users\ALICEBELLA\Desktop\HMNQV2\app\components\ui\badge
2025-08-31T23:32:56.890Z next:jsconfig-paths-plugin skipping request as it is an absolute path 
C:\Users\ALICEBELLA\Desktop\HMNQV2\app\components\ui\dialog
2025-08-31T23:32:56.890Z next:jsconfig-paths-plugin skipping request as it is an absolute path 
C:\Users\ALICEBELLA\Desktop\HMNQV2\app\components\ui\progress
2025-08-31T23:32:56.890Z next:jsconfig-paths-plugin skipping request as it is an absolute path 
C:\Users\ALICEBELLA\Desktop\HMNQV2\app\components\ui\alert
2025-08-31T23:32:56.896Z next:jsconfig-paths-plugin skipping request as it is inside node_modules 
../client/components/navigation
2025-08-31T23:32:56.906Z next:jsconfig-paths-plugin skipping request as it is an absolute path 
C:\Users\ALICEBELLA\Desktop\HMNQV2\app\components\ui\dialog
2025-08-31T23:32:56.906Z next:jsconfig-paths-plugin skipping request as it is an absolute path 
C:\Users\ALICEBELLA\Desktop\HMNQV2\app\components\ui\scroll-area
2025-08-31T23:32:56.906Z next:jsconfig-paths-plugin skipping request as it is an absolute path 
C:\Users\ALICEBELLA\Desktop\HMNQV2\app\components\ui\input
2025-08-31T23:32:56.906Z next:jsconfig-paths-plugin skipping request as it is an absolute path 
C:\Users\ALICEBELLA\Desktop\HMNQV2\app\components\ui\select
2025-08-31T23:32:56.906Z next:jsconfig-paths-plugin skipping request as it is an absolute path 
C:\Users\ALICEBELLA\Desktop\HMNQV2\app\components\ui\test-result-card
2025-08-31T23:32:56.906Z next:jsconfig-paths-plugin skipping request as it is an absolute path 
C:\Users\ALICEBELLA\Desktop\HMNQV2\app\hooks\useTests
2025-08-31T23:32:56.906Z next:jsconfig-paths-plugin skipping request as it is an absolute path 
C:\Users\ALICEBELLA\Desktop\HMNQV2\app\components\ui\advanced-particle-background
2025-08-31T23:32:56.908Z next:jsconfig-paths-plugin skipping request as it is an absolute path 
C:\Users\ALICEBELLA\Desktop\HMNQV2\app\hooks\useTests
2025-08-31T23:32:56.908Z next:jsconfig-paths-plugin skipping request as it is an absolute path 
C:\Users\ALICEBELLA\Desktop\HMNQV2\app\components\ui\dialog
2025-08-31T23:32:56.908Z next:jsconfig-paths-plugin skipping request as it is an absolute path 
C:\Users\ALICEBELLA\Desktop\HMNQV2\app\components\ui\scroll-area
2025-08-31T23:32:56.908Z next:jsconfig-paths-plugin skipping request as it is an absolute path 
C:\Users\ALICEBELLA\Desktop\HMNQV2\app\components\ui\input
2025-08-31T23:32:56.908Z next:jsconfig-paths-plugin skipping request as it is an absolute path 
C:\Users\ALICEBELLA\Desktop\HMNQV2\app\components\ui\select
2025-08-31T23:32:56.908Z next:jsconfig-paths-plugin skipping request as it is an absolute path 
C:\Users\ALICEBELLA\Desktop\HMNQV2\app\components\ui\test-result-card
2025-08-31T23:32:56.908Z next:jsconfig-paths-plugin skipping request as it is an absolute path 
C:\Users\ALICEBELLA\Desktop\HMNQV2\app\components\ui\advanced-particle-background
2025-08-31T23:32:56.911Z next:jsconfig-paths-plugin skipping request as it is an absolute path 
C:\Users\ALICEBELLA\Desktop\HMNQV2\app\hooks\useTests
2025-08-31T23:32:56.912Z next:jsconfig-paths-plugin skipping request as it is an absolute path 
C:\Users\ALICEBELLA\Desktop\HMNQV2\app\components\ui\dialog
2025-08-31T23:32:56.912Z next:jsconfig-paths-plugin skipping request as it is an absolute path 
C:\Users\ALICEBELLA\Desktop\HMNQV2\app\components\ui\scroll-area
2025-08-31T23:32:56.912Z next:jsconfig-paths-plugin skipping request as it is an absolute path 
C:\Users\ALICEBELLA\Desktop\HMNQV2\app\components\ui\input
2025-08-31T23:32:56.912Z next:jsconfig-paths-plugin skipping request as it is an absolute path 
C:\Users\ALICEBELLA\Desktop\HMNQV2\app\components\ui\select
2025-08-31T23:32:56.912Z next:jsconfig-paths-plugin skipping request as it is an absolute path 
C:\Users\ALICEBELLA\Desktop\HMNQV2\app\components\ui\test-result-card
2025-08-31T23:32:56.912Z next:jsconfig-paths-plugin skipping request as it is an absolute path 
C:\Users\ALICEBELLA\Desktop\HMNQV2\app\components\ui\advanced-particle-background
2025-08-31T23:32:56.916Z next:jsconfig-paths-plugin skipping request as it is an absolute path 
C:\Users\ALICEBELLA\Desktop\HMNQV2\app\hooks\useTests
2025-08-31T23:32:56.916Z next:jsconfig-paths-plugin skipping request as it is an absolute path 
C:\Users\ALICEBELLA\Desktop\HMNQV2\app\components\ui\dialog
2025-08-31T23:32:56.916Z next:jsconfig-paths-plugin skipping request as it is an absolute path 
C:\Users\ALICEBELLA\Desktop\HMNQV2\app\components\ui\scroll-area
2025-08-31T23:32:56.916Z next:jsconfig-paths-plugin skipping request as it is an absolute path 
C:\Users\ALICEBELLA\Desktop\HMNQV2\app\components\ui\input
2025-08-31T23:32:56.916Z next:jsconfig-paths-plugin skipping request as it is an absolute path 
C:\Users\ALICEBELLA\Desktop\HMNQV2\app\components\ui\select
2025-08-31T23:32:56.916Z next:jsconfig-paths-plugin skipping request as it is an absolute path 
C:\Users\ALICEBELLA\Desktop\HMNQV2\app\components\ui\test-result-card
2025-08-31T23:32:56.916Z next:jsconfig-paths-plugin skipping request as it is an absolute path 
C:\Users\ALICEBELLA\Desktop\HMNQV2\app\components\ui\advanced-particle-background
2025-08-31T23:32:56.921Z next:jsconfig-paths-plugin skipping request as it is an absolute path 
C:\Users\ALICEBELLA\Desktop\HMNQV2\app\components\ui\interactive-manuscript-viewer
2025-08-31T23:32:56.921Z next:jsconfig-paths-plugin skipping request as it is an absolute path 
C:\Users\ALICEBELLA\Desktop\HMNQV2\app\components\ui\interactive-manuscript-viewer
2025-08-31T23:32:56.922Z next:jsconfig-paths-plugin skipping request as it is an absolute path 
C:\Users\ALICEBELLA\Desktop\HMNQV2\app\components\ui\advanced-behavioral-analysis
2025-08-31T23:32:56.923Z next:jsconfig-paths-plugin skipping request as it is an absolute path 
C:\Users\ALICEBELLA\Desktop\HMNQV2\app\components\ui\advanced-behavioral-analysis
2025-08-31T23:32:56.924Z next:jsconfig-paths-plugin skipping request as it is an absolute path 
C:\Users\ALICEBELLA\Desktop\HMNQV2\app\components\ui\graphology-report-header
2025-08-31T23:32:56.928Z next:jsconfig-paths-plugin skipping request as it is an absolute path 
C:\Users\ALICEBELLA\Desktop\HMNQV2\app\components\ui\graphology-report-header
2025-08-31T23:32:56.929Z next:jsconfig-paths-plugin skipping request as it is an absolute path 
C:\Users\ALICEBELLA\Desktop\HMNQV2\app\components\ui\report-actions
2025-08-31T23:32:56.929Z next:jsconfig-paths-plugin skipping request as it is an absolute path 
C:\Users\ALICEBELLA\Desktop\HMNQV2\app\components\ui\report-actions
2025-08-31T23:32:56.931Z next:jsconfig-paths-plugin skipping request as it is an absolute path 
C:\Users\ALICEBELLA\Desktop\HMNQV2\app\components\ui\pdf-generator
2025-08-31T23:32:56.931Z next:jsconfig-paths-plugin skipping request as it is an absolute path 
C:\Users\ALICEBELLA\Desktop\HMNQV2\app\components\ui\pdf-generator
2025-08-31T23:32:56.943Z next:jsconfig-paths-plugin skipping request as it is an absolute path 
C:\Users\ALICEBELLA\Desktop\HMNQV2\app\components\ui\button
2025-08-31T23:32:56.945Z next:jsconfig-paths-plugin skipping request as it is an absolute path 
C:\Users\ALICEBELLA\Desktop\HMNQV2\app\components\ui\card
2025-08-31T23:32:56.945Z next:jsconfig-paths-plugin skipping request as it is an absolute path 
C:\Users\ALICEBELLA\Desktop\HMNQV2\app\components\ui\badge
2025-08-31T23:32:56.946Z next:jsconfig-paths-plugin skipping request as it is an absolute path 
C:\Users\ALICEBELLA\Desktop\HMNQV2\app\components\ui\button
2025-08-31T23:32:56.946Z next:jsconfig-paths-plugin skipping request as it is an absolute path 
C:\Users\ALICEBELLA\Desktop\HMNQV2\app\components\ui\card
2025-08-31T23:32:56.946Z next:jsconfig-paths-plugin skipping request as it is an absolute path 
C:\Users\ALICEBELLA\Desktop\HMNQV2\app\components\ui\badge
2025-08-31T23:32:56.948Z next:jsconfig-paths-plugin skipping request as it is an absolute path 
C:\Users\ALICEBELLA\Desktop\HMNQV2\app\components\ui\button
2025-08-31T23:32:56.948Z next:jsconfig-paths-plugin skipping request as it is an absolute path 
C:\Users\ALICEBELLA\Desktop\HMNQV2\app\components\ui\card
2025-08-31T23:32:56.948Z next:jsconfig-paths-plugin skipping request as it is an absolute path 
C:\Users\ALICEBELLA\Desktop\HMNQV2\app\components\ui\badge
2025-08-31T23:32:56.949Z next:jsconfig-paths-plugin skipping request as it is an absolute path 
C:\Users\ALICEBELLA\Desktop\HMNQV2\app\components\ui\button
2025-08-31T23:32:56.949Z next:jsconfig-paths-plugin skipping request as it is an absolute path 
C:\Users\ALICEBELLA\Desktop\HMNQV2\app\components\ui\card
2025-08-31T23:32:56.949Z next:jsconfig-paths-plugin skipping request as it is an absolute path 
C:\Users\ALICEBELLA\Desktop\HMNQV2\app\components\ui\badge
2025-08-31T23:32:56.952Z next:jsconfig-paths-plugin skipping request as it is an absolute path 
C:\Users\ALICEBELLA\Desktop\HMNQV2\app\components\ui\card
2025-08-31T23:32:56.953Z next:jsconfig-paths-plugin skipping request as it is an absolute path 
C:\Users\ALICEBELLA\Desktop\HMNQV2\app\components\ui\button
2025-08-31T23:32:56.953Z next:jsconfig-paths-plugin skipping request as it is an absolute path 
C:\Users\ALICEBELLA\Desktop\HMNQV2\app\components\ui\badge
2025-08-31T23:32:56.954Z next:jsconfig-paths-plugin skipping request as it is an absolute path 
C:\Users\ALICEBELLA\Desktop\HMNQV2\app\components\ui\card
2025-08-31T23:32:56.954Z next:jsconfig-paths-plugin skipping request as it is an absolute path 
C:\Users\ALICEBELLA\Desktop\HMNQV2\app\components\ui\button
2025-08-31T23:32:56.954Z next:jsconfig-paths-plugin skipping request as it is an absolute path 
C:\Users\ALICEBELLA\Desktop\HMNQV2\app\components\ui\badge
2025-08-31T23:32:56.956Z next:jsconfig-paths-plugin skipping request as it is an absolute path 
C:\Users\ALICEBELLA\Desktop\HMNQV2\app\components\ui\card
2025-08-31T23:32:56.956Z next:jsconfig-paths-plugin skipping request as it is an absolute path 
C:\Users\ALICEBELLA\Desktop\HMNQV2\app\components\ui\button
2025-08-31T23:32:56.956Z next:jsconfig-paths-plugin skipping request as it is an absolute path 
C:\Users\ALICEBELLA\Desktop\HMNQV2\app\components\ui\badge
2025-08-31T23:32:56.957Z next:jsconfig-paths-plugin skipping request as it is an absolute path 
C:\Users\ALICEBELLA\Desktop\HMNQV2\app\components\ui\card
2025-08-31T23:32:56.957Z next:jsconfig-paths-plugin skipping request as it is an absolute path 
C:\Users\ALICEBELLA\Desktop\HMNQV2\app\components\ui\button
2025-08-31T23:32:56.957Z next:jsconfig-paths-plugin skipping request as it is an absolute path 
C:\Users\ALICEBELLA\Desktop\HMNQV2\app\components\ui\badge
2025-08-31T23:32:56.960Z next:jsconfig-paths-plugin skipping request as it is an absolute path 
C:\Users\ALICEBELLA\Desktop\HMNQV2\app\components\ui\card
2025-08-31T23:32:56.960Z next:jsconfig-paths-plugin skipping request as it is an absolute path 
C:\Users\ALICEBELLA\Desktop\HMNQV2\app\components\ui\button
2025-08-31T23:32:56.960Z next:jsconfig-paths-plugin skipping request as it is an absolute path 
C:\Users\ALICEBELLA\Desktop\HMNQV2\app\components\ui\input
2025-08-31T23:32:56.960Z next:jsconfig-paths-plugin skipping request as it is an absolute path 
C:\Users\ALICEBELLA\Desktop\HMNQV2\app\components\ui\badge
2025-08-31T23:32:56.960Z next:jsconfig-paths-plugin skipping request as it is an absolute path 
C:\Users\ALICEBELLA\Desktop\HMNQV2\app\components\ui\skeleton
2025-08-31T23:32:56.960Z next:jsconfig-paths-plugin skipping request as it is an absolute path 
C:\Users\ALICEBELLA\Desktop\HMNQV2\app\components\ui\alert
2025-08-31T23:32:56.960Z next:jsconfig-paths-plugin skipping request as it is an absolute path 
C:\Users\ALICEBELLA\Desktop\HMNQV2\app\lib\test-categories
2025-08-31T23:32:56.962Z next:jsconfig-paths-plugin skipping request as it is an absolute path 
C:\Users\ALICEBELLA\Desktop\HMNQV2\app\lib\test-categories
2025-08-31T23:32:56.962Z next:jsconfig-paths-plugin skipping request as it is an absolute path 
C:\Users\ALICEBELLA\Desktop\HMNQV2\app\components\ui\card
2025-08-31T23:32:56.962Z next:jsconfig-paths-plugin skipping request as it is an absolute path 
C:\Users\ALICEBELLA\Desktop\HMNQV2\app\components\ui\button
2025-08-31T23:32:56.962Z next:jsconfig-paths-plugin skipping request as it is an absolute path 
C:\Users\ALICEBELLA\Desktop\HMNQV2\app\components\ui\input
2025-08-31T23:32:56.962Z next:jsconfig-paths-plugin skipping request as it is an absolute path 
C:\Users\ALICEBELLA\Desktop\HMNQV2\app\components\ui\badge
2025-08-31T23:32:56.962Z next:jsconfig-paths-plugin skipping request as it is an absolute path 
C:\Users\ALICEBELLA\Desktop\HMNQV2\app\components\ui\skeleton
2025-08-31T23:32:56.962Z next:jsconfig-paths-plugin skipping request as it is an absolute path 
C:\Users\ALICEBELLA\Desktop\HMNQV2\app\components\ui\alert
2025-08-31T23:32:56.965Z next:jsconfig-paths-plugin skipping request as it is an absolute path 
C:\Users\ALICEBELLA\Desktop\HMNQV2\app\components\ui\card
2025-08-31T23:32:56.965Z next:jsconfig-paths-plugin skipping request as it is an absolute path 
C:\Users\ALICEBELLA\Desktop\HMNQV2\app\components\ui\button
2025-08-31T23:32:56.965Z next:jsconfig-paths-plugin skipping request as it is an absolute path 
C:\Users\ALICEBELLA\Desktop\HMNQV2\app\components\ui\input
2025-08-31T23:32:56.965Z next:jsconfig-paths-plugin skipping request as it is an absolute path 
C:\Users\ALICEBELLA\Desktop\HMNQV2\app\components\ui\badge
2025-08-31T23:32:56.965Z next:jsconfig-paths-plugin skipping request as it is an absolute path 
C:\Users\ALICEBELLA\Desktop\HMNQV2\app\components\ui\alert
2025-08-31T23:32:56.967Z next:jsconfig-paths-plugin skipping request as it is an absolute path 
C:\Users\ALICEBELLA\Desktop\HMNQV2\app\components\ui\card
2025-08-31T23:32:56.967Z next:jsconfig-paths-plugin skipping request as it is an absolute path 
C:\Users\ALICEBELLA\Desktop\HMNQV2\app\components\ui\button
2025-08-31T23:32:56.967Z next:jsconfig-paths-plugin skipping request as it is an absolute path 
C:\Users\ALICEBELLA\Desktop\HMNQV2\app\components\ui\input
2025-08-31T23:32:56.967Z next:jsconfig-paths-plugin skipping request as it is an absolute path 
C:\Users\ALICEBELLA\Desktop\HMNQV2\app\components\ui\badge
2025-08-31T23:32:56.967Z next:jsconfig-paths-plugin skipping request as it is an absolute path 
C:\Users\ALICEBELLA\Desktop\HMNQV2\app\components\ui\alert
2025-08-31T23:32:56.970Z next:jsconfig-paths-plugin skipping request as it is an absolute path 
C:\Users\ALICEBELLA\Desktop\HMNQV2\app\components\ui\card
2025-08-31T23:32:56.970Z next:jsconfig-paths-plugin skipping request as it is an absolute path 
C:\Users\ALICEBELLA\Desktop\HMNQV2\app\components\ui\button
2025-08-31T23:32:56.970Z next:jsconfig-paths-plugin skipping request as it is an absolute path 
C:\Users\ALICEBELLA\Desktop\HMNQV2\app\components\ui\badge
2025-08-31T23:32:56.970Z next:jsconfig-paths-plugin skipping request as it is an absolute path 
C:\Users\ALICEBELLA\Desktop\HMNQV2\app\components\ui\progress
2025-08-31T23:32:56.970Z next:jsconfig-paths-plugin skipping request as it is an absolute path 
C:\Users\ALICEBELLA\Desktop\HMNQV2\app\components\ui\alert
2025-08-31T23:32:56.971Z next:jsconfig-paths-plugin skipping request as it is an absolute path 
C:\Users\ALICEBELLA\Desktop\HMNQV2\app\components\ui\card
2025-08-31T23:32:56.971Z next:jsconfig-paths-plugin skipping request as it is an absolute path 
C:\Users\ALICEBELLA\Desktop\HMNQV2\app\components\ui\button
2025-08-31T23:32:56.971Z next:jsconfig-paths-plugin skipping request as it is an absolute path 
C:\Users\ALICEBELLA\Desktop\HMNQV2\app\components\ui\badge
2025-08-31T23:32:56.971Z next:jsconfig-paths-plugin skipping request as it is an absolute path 
C:\Users\ALICEBELLA\Desktop\HMNQV2\app\components\ui\progress
2025-08-31T23:32:56.971Z next:jsconfig-paths-plugin skipping request as it is an absolute path 
C:\Users\ALICEBELLA\Desktop\HMNQV2\app\components\ui\alert
2025-08-31T23:32:56.973Z next:jsconfig-paths-plugin skipping request as it is an absolute path 
C:\Users\ALICEBELLA\Desktop\HMNQV2\app\components\ui\card
2025-08-31T23:32:56.973Z next:jsconfig-paths-plugin skipping request as it is an absolute path 
C:\Users\ALICEBELLA\Desktop\HMNQV2\app\components\ui\button
2025-08-31T23:32:56.973Z next:jsconfig-paths-plugin skipping request as it is an absolute path 
C:\Users\ALICEBELLA\Desktop\HMNQV2\app\components\ui\badge
2025-08-31T23:32:56.973Z next:jsconfig-paths-plugin skipping request as it is an absolute path 
C:\Users\ALICEBELLA\Desktop\HMNQV2\app\components\ui\progress
2025-08-31T23:32:56.973Z next:jsconfig-paths-plugin skipping request as it is an absolute path 
C:\Users\ALICEBELLA\Desktop\HMNQV2\app\components\ui\alert
2025-08-31T23:32:56.974Z next:jsconfig-paths-plugin skipping request as it is an absolute path 
C:\Users\ALICEBELLA\Desktop\HMNQV2\app\components\ui\card
2025-08-31T23:32:56.974Z next:jsconfig-paths-plugin skipping request as it is an absolute path 
C:\Users\ALICEBELLA\Desktop\HMNQV2\app\components\ui\button
2025-08-31T23:32:56.974Z next:jsconfig-paths-plugin skipping request as it is an absolute path 
C:\Users\ALICEBELLA\Desktop\HMNQV2\app\components\ui\badge
2025-08-31T23:32:56.974Z next:jsconfig-paths-plugin skipping request as it is an absolute path 
C:\Users\ALICEBELLA\Desktop\HMNQV2\app\components\ui\progress
2025-08-31T23:32:56.974Z next:jsconfig-paths-plugin skipping request as it is an absolute path 
C:\Users\ALICEBELLA\Desktop\HMNQV2\app\components\ui\alert
2025-08-31T23:32:56.976Z next:jsconfig-paths-plugin skipping request as it is an absolute path 
C:\Users\ALICEBELLA\Desktop\HMNQV2\app\components\ui\card
2025-08-31T23:32:56.976Z next:jsconfig-paths-plugin skipping request as it is an absolute path 
C:\Users\ALICEBELLA\Desktop\HMNQV2\app\components\ui\button
2025-08-31T23:32:56.976Z next:jsconfig-paths-plugin skipping request as it is an absolute path 
C:\Users\ALICEBELLA\Desktop\HMNQV2\app\components\ui\input
2025-08-31T23:32:56.976Z next:jsconfig-paths-plugin skipping request as it is an absolute path 
C:\Users\ALICEBELLA\Desktop\HMNQV2\app\components\ui\badge
2025-08-31T23:32:56.976Z next:jsconfig-paths-plugin skipping request as it is an absolute path 
C:\Users\ALICEBELLA\Desktop\HMNQV2\app\components\ui\select
2025-08-31T23:32:56.977Z next:jsconfig-paths-plugin skipping request as it is an absolute path 
C:\Users\ALICEBELLA\Desktop\HMNQV2\app\components\DiagnosticPanel
2025-08-31T23:32:56.977Z next:jsconfig-paths-plugin skipping request as it is an absolute path 
C:\Users\ALICEBELLA\Desktop\HMNQV2\app\components\DiagnosticPanel
2025-08-31T23:32:56.978Z next:jsconfig-paths-plugin skipping request as it is an absolute path 
C:\Users\ALICEBELLA\Desktop\HMNQV2\app\components\ui\card
2025-08-31T23:32:56.978Z next:jsconfig-paths-plugin skipping request as it is an absolute path 
C:\Users\ALICEBELLA\Desktop\HMNQV2\app\components\ui\button
2025-08-31T23:32:56.978Z next:jsconfig-paths-plugin skipping request as it is an absolute path 
C:\Users\ALICEBELLA\Desktop\HMNQV2\app\components\ui\input
2025-08-31T23:32:56.978Z next:jsconfig-paths-plugin skipping request as it is an absolute path 
C:\Users\ALICEBELLA\Desktop\HMNQV2\app\components\ui\badge
2025-08-31T23:32:56.978Z next:jsconfig-paths-plugin skipping request as it is an absolute path 
C:\Users\ALICEBELLA\Desktop\HMNQV2\app\components\ui\select
2025-08-31T23:32:56.979Z next:jsconfig-paths-plugin skipping request as it is an absolute path 
C:\Users\ALICEBELLA\Desktop\HMNQV2\app\components\ui\card
2025-08-31T23:32:56.979Z next:jsconfig-paths-plugin skipping request as it is an absolute path 
C:\Users\ALICEBELLA\Desktop\HMNQV2\app\components\ui\button
2025-08-31T23:32:56.979Z next:jsconfig-paths-plugin skipping request as it is an absolute path 
C:\Users\ALICEBELLA\Desktop\HMNQV2\app\components\ui\input
2025-08-31T23:32:56.979Z next:jsconfig-paths-plugin skipping request as it is an absolute path 
C:\Users\ALICEBELLA\Desktop\HMNQV2\app\components\ui\badge
2025-08-31T23:32:56.979Z next:jsconfig-paths-plugin skipping request as it is an absolute path 
C:\Users\ALICEBELLA\Desktop\HMNQV2\app\components\ui\select
2025-08-31T23:32:56.980Z next:jsconfig-paths-plugin skipping request as it is an absolute path 
C:\Users\ALICEBELLA\Desktop\HMNQV2\app\components\ui\card
2025-08-31T23:32:56.981Z next:jsconfig-paths-plugin skipping request as it is an absolute path 
C:\Users\ALICEBELLA\Desktop\HMNQV2\app\components\ui\button
2025-08-31T23:32:56.981Z next:jsconfig-paths-plugin skipping request as it is an absolute path 
C:\Users\ALICEBELLA\Desktop\HMNQV2\app\components\ui\input
2025-08-31T23:32:56.981Z next:jsconfig-paths-plugin skipping request as it is an absolute path 
C:\Users\ALICEBELLA\Desktop\HMNQV2\app\components\ui\badge
2025-08-31T23:32:56.981Z next:jsconfig-paths-plugin skipping request as it is an absolute path 
C:\Users\ALICEBELLA\Desktop\HMNQV2\app\components\ui\select
2025-08-31T23:32:56.991Z next:jsconfig-paths-plugin skipping request as it is an absolute path 
C:\Users\ALICEBELLA\Desktop\HMNQV2\app\components\ui\card
2025-08-31T23:32:56.992Z next:jsconfig-paths-plugin skipping request as it is an absolute path 
C:\Users\ALICEBELLA\Desktop\HMNQV2\app\components\ui\badge
2025-08-31T23:32:56.992Z next:jsconfig-paths-plugin skipping request as it is an absolute path 
C:\Users\ALICEBELLA\Desktop\HMNQV2\app\components\ui\card
2025-08-31T23:32:56.992Z next:jsconfig-paths-plugin skipping request as it is an absolute path 
C:\Users\ALICEBELLA\Desktop\HMNQV2\app\components\ui\badge
2025-08-31T23:32:56.998Z next:jsconfig-paths-plugin skipping request as it is an absolute path 
C:\Users\ALICEBELLA\Desktop\HMNQV2\app\components\ui\card
2025-08-31T23:32:56.998Z next:jsconfig-paths-plugin skipping request as it is an absolute path 
C:\Users\ALICEBELLA\Desktop\HMNQV2\app\components\ui\badge
2025-08-31T23:32:56.999Z next:jsconfig-paths-plugin skipping request as it is an absolute path 
C:\Users\ALICEBELLA\Desktop\HMNQV2\app\components\ui\card
2025-08-31T23:32:56.999Z next:jsconfig-paths-plugin skipping request as it is an absolute path 
C:\Users\ALICEBELLA\Desktop\HMNQV2\app\components\ui\badge
2025-08-31T23:32:57.001Z next:jsconfig-paths-plugin skipping request as it is an absolute path 
C:\Users\ALICEBELLA\Desktop\HMNQV2\app\components\ui\card
2025-08-31T23:32:57.001Z next:jsconfig-paths-plugin skipping request as it is an absolute path 
C:\Users\ALICEBELLA\Desktop\HMNQV2\app\components\ui\button
2025-08-31T23:32:57.001Z next:jsconfig-paths-plugin skipping request as it is an absolute path 
C:\Users\ALICEBELLA\Desktop\HMNQV2\app\components\ui\badge
2025-08-31T23:32:57.001Z next:jsconfig-paths-plugin skipping request as it is an absolute path 
C:\Users\ALICEBELLA\Desktop\HMNQV2\app\components\ui\tabs
2025-08-31T23:32:57.001Z next:jsconfig-paths-plugin skipping request as it is an absolute path 
C:\Users\ALICEBELLA\Desktop\HMNQV2\app\components\ui\table
2025-08-31T23:32:57.001Z next:jsconfig-paths-plugin skipping request as it is an absolute path 
C:\Users\ALICEBELLA\Desktop\HMNQV2\app\components\ui\dialog
2025-08-31T23:32:57.001Z next:jsconfig-paths-plugin skipping request as it is an absolute path 
C:\Users\ALICEBELLA\Desktop\HMNQV2\app\components\ui\select
2025-08-31T23:32:57.001Z next:jsconfig-paths-plugin skipping request as it is an absolute path 
C:\Users\ALICEBELLA\Desktop\HMNQV2\app\components\ui\progress
2025-08-31T23:32:57.004Z next:jsconfig-paths-plugin skipping request as it is an absolute path 
C:\Users\ALICEBELLA\Desktop\HMNQV2\app\components\ui\card
2025-08-31T23:32:57.004Z next:jsconfig-paths-plugin skipping request as it is an absolute path 
C:\Users\ALICEBELLA\Desktop\HMNQV2\app\components\ui\button
2025-08-31T23:32:57.004Z next:jsconfig-paths-plugin skipping request as it is an absolute path 
C:\Users\ALICEBELLA\Desktop\HMNQV2\app\components\ui\badge
2025-08-31T23:32:57.004Z next:jsconfig-paths-plugin skipping request as it is an absolute path 
C:\Users\ALICEBELLA\Desktop\HMNQV2\app\components\ui\tabs
2025-08-31T23:32:57.004Z next:jsconfig-paths-plugin skipping request as it is an absolute path 
C:\Users\ALICEBELLA\Desktop\HMNQV2\app\components\ui\table
2025-08-31T23:32:57.005Z next:jsconfig-paths-plugin skipping request as it is an absolute path 
C:\Users\ALICEBELLA\Desktop\HMNQV2\app\components\ui\dialog
2025-08-31T23:32:57.005Z next:jsconfig-paths-plugin skipping request as it is an absolute path 
C:\Users\ALICEBELLA\Desktop\HMNQV2\app\components\ui\select
2025-08-31T23:32:57.005Z next:jsconfig-paths-plugin skipping request as it is an absolute path 
C:\Users\ALICEBELLA\Desktop\HMNQV2\app\components\ui\progress
2025-08-31T23:32:57.010Z next:jsconfig-paths-plugin skipping request as it is an absolute path 
C:\Users\ALICEBELLA\Desktop\HMNQV2\app\components\ui\card
2025-08-31T23:32:57.010Z next:jsconfig-paths-plugin skipping request as it is an absolute path 
C:\Users\ALICEBELLA\Desktop\HMNQV2\app\components\ui\button
2025-08-31T23:32:57.010Z next:jsconfig-paths-plugin skipping request as it is an absolute path 
C:\Users\ALICEBELLA\Desktop\HMNQV2\app\components\ui\badge
2025-08-31T23:32:57.010Z next:jsconfig-paths-plugin skipping request as it is an absolute path 
C:\Users\ALICEBELLA\Desktop\HMNQV2\app\components\ui\tabs
2025-08-31T23:32:57.010Z next:jsconfig-paths-plugin skipping request as it is an absolute path 
C:\Users\ALICEBELLA\Desktop\HMNQV2\app\components\ui\table
2025-08-31T23:32:57.010Z next:jsconfig-paths-plugin skipping request as it is an absolute path 
C:\Users\ALICEBELLA\Desktop\HMNQV2\app\components\ui\dialog
2025-08-31T23:32:57.010Z next:jsconfig-paths-plugin skipping request as it is an absolute path 
C:\Users\ALICEBELLA\Desktop\HMNQV2\app\components\ui\select
2025-08-31T23:32:57.010Z next:jsconfig-paths-plugin skipping request as it is an absolute path 
C:\Users\ALICEBELLA\Desktop\HMNQV2\app\components\ui\progress
2025-08-31T23:32:57.014Z next:jsconfig-paths-plugin skipping request as it is an absolute path 
C:\Users\ALICEBELLA\Desktop\HMNQV2\app\components\ui\card
2025-08-31T23:32:57.014Z next:jsconfig-paths-plugin skipping request as it is an absolute path 
C:\Users\ALICEBELLA\Desktop\HMNQV2\app\components\ui\button
2025-08-31T23:32:57.014Z next:jsconfig-paths-plugin skipping request as it is an absolute path 
C:\Users\ALICEBELLA\Desktop\HMNQV2\app\components\ui\badge
2025-08-31T23:32:57.014Z next:jsconfig-paths-plugin skipping request as it is an absolute path 
C:\Users\ALICEBELLA\Desktop\HMNQV2\app\components\ui\tabs
2025-08-31T23:32:57.014Z next:jsconfig-paths-plugin skipping request as it is an absolute path 
C:\Users\ALICEBELLA\Desktop\HMNQV2\app\components\ui\table
2025-08-31T23:32:57.014Z next:jsconfig-paths-plugin skipping request as it is an absolute path 
C:\Users\ALICEBELLA\Desktop\HMNQV2\app\components\ui\dialog
2025-08-31T23:32:57.014Z next:jsconfig-paths-plugin skipping request as it is an absolute path 
C:\Users\ALICEBELLA\Desktop\HMNQV2\app\components\ui\select
2025-08-31T23:32:57.015Z next:jsconfig-paths-plugin skipping request as it is an absolute path 
C:\Users\ALICEBELLA\Desktop\HMNQV2\app\components\ui\progress
2025-08-31T23:32:57.022Z next:jsconfig-paths-plugin skipping request as it is an absolute path 
C:\Users\ALICEBELLA\Desktop\HMNQV2\app\components\ui\card
2025-08-31T23:32:57.022Z next:jsconfig-paths-plugin skipping request as it is an absolute path 
C:\Users\ALICEBELLA\Desktop\HMNQV2\app\components\ui\button
2025-08-31T23:32:57.022Z next:jsconfig-paths-plugin skipping request as it is an absolute path 
C:\Users\ALICEBELLA\Desktop\HMNQV2\app\components\ui\input
2025-08-31T23:32:57.022Z next:jsconfig-paths-plugin skipping request as it is an absolute path 
C:\Users\ALICEBELLA\Desktop\HMNQV2\app\components\ui\badge
2025-08-31T23:32:57.022Z next:jsconfig-paths-plugin skipping request as it is an absolute path 
C:\Users\ALICEBELLA\Desktop\HMNQV2\app\components\ui\avatar
2025-08-31T23:32:57.022Z next:jsconfig-paths-plugin skipping request as it is an absolute path 
C:\Users\ALICEBELLA\Desktop\HMNQV2\app\components\ui\select
2025-08-31T23:32:57.024Z next:jsconfig-paths-plugin skipping request as it is an absolute path 
C:\Users\ALICEBELLA\Desktop\HMNQV2\app\components\ui\card
2025-08-31T23:32:57.024Z next:jsconfig-paths-plugin skipping request as it is an absolute path 
C:\Users\ALICEBELLA\Desktop\HMNQV2\app\components\ui\button
2025-08-31T23:32:57.024Z next:jsconfig-paths-plugin skipping request as it is an absolute path 
C:\Users\ALICEBELLA\Desktop\HMNQV2\app\components\ui\input
2025-08-31T23:32:57.024Z next:jsconfig-paths-plugin skipping request as it is an absolute path 
C:\Users\ALICEBELLA\Desktop\HMNQV2\app\components\ui\badge
2025-08-31T23:32:57.024Z next:jsconfig-paths-plugin skipping request as it is an absolute path 
C:\Users\ALICEBELLA\Desktop\HMNQV2\app\components\ui\avatar
2025-08-31T23:32:57.024Z next:jsconfig-paths-plugin skipping request as it is an absolute path 
C:\Users\ALICEBELLA\Desktop\HMNQV2\app\components\ui\select
2025-08-31T23:32:57.028Z next:jsconfig-paths-plugin skipping request as it is an absolute path 
C:\Users\ALICEBELLA\Desktop\HMNQV2\app\components\ui\card
2025-08-31T23:32:57.028Z next:jsconfig-paths-plugin skipping request as it is an absolute path 
C:\Users\ALICEBELLA\Desktop\HMNQV2\app\components\ui\button
2025-08-31T23:32:57.028Z next:jsconfig-paths-plugin skipping request as it is an absolute path 
C:\Users\ALICEBELLA\Desktop\HMNQV2\app\components\ui\input
2025-08-31T23:32:57.028Z next:jsconfig-paths-plugin skipping request as it is an absolute path 
C:\Users\ALICEBELLA\Desktop\HMNQV2\app\components\ui\badge
2025-08-31T23:32:57.028Z next:jsconfig-paths-plugin skipping request as it is an absolute path 
C:\Users\ALICEBELLA\Desktop\HMNQV2\app\components\ui\avatar
2025-08-31T23:32:57.028Z next:jsconfig-paths-plugin skipping request as it is an absolute path 
C:\Users\ALICEBELLA\Desktop\HMNQV2\app\components\ui\select
2025-08-31T23:32:57.032Z next:jsconfig-paths-plugin skipping request as it is an absolute path 
C:\Users\ALICEBELLA\Desktop\HMNQV2\app\components\ui\card
2025-08-31T23:32:57.032Z next:jsconfig-paths-plugin skipping request as it is an absolute path 
C:\Users\ALICEBELLA\Desktop\HMNQV2\app\components\ui\button
2025-08-31T23:32:57.032Z next:jsconfig-paths-plugin skipping request as it is an absolute path 
C:\Users\ALICEBELLA\Desktop\HMNQV2\app\components\ui\input
2025-08-31T23:32:57.032Z next:jsconfig-paths-plugin skipping request as it is an absolute path 
C:\Users\ALICEBELLA\Desktop\HMNQV2\app\components\ui\badge
2025-08-31T23:32:57.032Z next:jsconfig-paths-plugin skipping request as it is an absolute path 
C:\Users\ALICEBELLA\Desktop\HMNQV2\app\components\ui\avatar
2025-08-31T23:32:57.032Z next:jsconfig-paths-plugin skipping request as it is an absolute path 
C:\Users\ALICEBELLA\Desktop\HMNQV2\app\components\ui\select
2025-08-31T23:32:57.037Z next:jsconfig-paths-plugin skipping request as it is an absolute path 
C:\Users\ALICEBELLA\Desktop\HMNQV2\app\components\ui\card
2025-08-31T23:32:57.037Z next:jsconfig-paths-plugin skipping request as it is an absolute path 
C:\Users\ALICEBELLA\Desktop\HMNQV2\app\components\ui\button
2025-08-31T23:32:57.037Z next:jsconfig-paths-plugin skipping request as it is an absolute path 
C:\Users\ALICEBELLA\Desktop\HMNQV2\app\components\ui\input
2025-08-31T23:32:57.037Z next:jsconfig-paths-plugin skipping request as it is an absolute path 
C:\Users\ALICEBELLA\Desktop\HMNQV2\app\components\ui\badge
2025-08-31T23:32:57.037Z next:jsconfig-paths-plugin skipping request as it is an absolute path 
C:\Users\ALICEBELLA\Desktop\HMNQV2\app\components\ui\avatar
2025-08-31T23:32:57.037Z next:jsconfig-paths-plugin skipping request as it is an absolute path 
C:\Users\ALICEBELLA\Desktop\HMNQV2\app\components\ui\select
2025-08-31T23:32:57.039Z next:jsconfig-paths-plugin skipping request as it is an absolute path 
C:\Users\ALICEBELLA\Desktop\HMNQV2\app\components\ui\card
2025-08-31T23:32:57.039Z next:jsconfig-paths-plugin skipping request as it is an absolute path 
C:\Users\ALICEBELLA\Desktop\HMNQV2\app\components\ui\button
2025-08-31T23:32:57.039Z next:jsconfig-paths-plugin skipping request as it is an absolute path 
C:\Users\ALICEBELLA\Desktop\HMNQV2\app\components\ui\input
2025-08-31T23:32:57.039Z next:jsconfig-paths-plugin skipping request as it is an absolute path 
C:\Users\ALICEBELLA\Desktop\HMNQV2\app\components\ui\badge
2025-08-31T23:32:57.039Z next:jsconfig-paths-plugin skipping request as it is an absolute path 
C:\Users\ALICEBELLA\Desktop\HMNQV2\app\components\ui\avatar
2025-08-31T23:32:57.039Z next:jsconfig-paths-plugin skipping request as it is an absolute path 
C:\Users\ALICEBELLA\Desktop\HMNQV2\app\components\ui\select
2025-08-31T23:32:57.042Z next:jsconfig-paths-plugin skipping request as it is an absolute path 
C:\Users\ALICEBELLA\Desktop\HMNQV2\app\components\ui\card
2025-08-31T23:32:57.042Z next:jsconfig-paths-plugin skipping request as it is an absolute path 
C:\Users\ALICEBELLA\Desktop\HMNQV2\app\components\ui\button
2025-08-31T23:32:57.042Z next:jsconfig-paths-plugin skipping request as it is an absolute path 
C:\Users\ALICEBELLA\Desktop\HMNQV2\app\components\ui\input
2025-08-31T23:32:57.042Z next:jsconfig-paths-plugin skipping request as it is an absolute path 
C:\Users\ALICEBELLA\Desktop\HMNQV2\app\components\ui\badge
2025-08-31T23:32:57.042Z next:jsconfig-paths-plugin skipping request as it is an absolute path 
C:\Users\ALICEBELLA\Desktop\HMNQV2\app\components\ui\avatar
2025-08-31T23:32:57.043Z next:jsconfig-paths-plugin skipping request as it is an absolute path 
C:\Users\ALICEBELLA\Desktop\HMNQV2\app\components\ui\select
2025-08-31T23:32:57.045Z next:jsconfig-paths-plugin skipping request as it is an absolute path 
C:\Users\ALICEBELLA\Desktop\HMNQV2\app\components\ui\card
2025-08-31T23:32:57.045Z next:jsconfig-paths-plugin skipping request as it is an absolute path 
C:\Users\ALICEBELLA\Desktop\HMNQV2\app\components\ui\button
2025-08-31T23:32:57.045Z next:jsconfig-paths-plugin skipping request as it is an absolute path 
C:\Users\ALICEBELLA\Desktop\HMNQV2\app\components\ui\input
2025-08-31T23:32:57.045Z next:jsconfig-paths-plugin skipping request as it is an absolute path 
C:\Users\ALICEBELLA\Desktop\HMNQV2\app\components\ui\badge
2025-08-31T23:32:57.046Z next:jsconfig-paths-plugin skipping request as it is an absolute path 
C:\Users\ALICEBELLA\Desktop\HMNQV2\app\components\ui\avatar
2025-08-31T23:32:57.046Z next:jsconfig-paths-plugin skipping request as it is an absolute path 
C:\Users\ALICEBELLA\Desktop\HMNQV2\app\components\ui\select
2025-08-31T23:32:57.056Z next:jsconfig-paths-plugin skipping request as it is an absolute path 
C:\Users\ALICEBELLA\Desktop\HMNQV2\app\components\ui\card
2025-08-31T23:32:57.056Z next:jsconfig-paths-plugin skipping request as it is an absolute path 
C:\Users\ALICEBELLA\Desktop\HMNQV2\app\components\ui\button
2025-08-31T23:32:57.056Z next:jsconfig-paths-plugin skipping request as it is an absolute path 
C:\Users\ALICEBELLA\Desktop\HMNQV2\app\components\ui\input
2025-08-31T23:32:57.057Z next:jsconfig-paths-plugin skipping request as it is an absolute path 
C:\Users\ALICEBELLA\Desktop\HMNQV2\app\components\ui\label
2025-08-31T23:32:57.057Z next:jsconfig-paths-plugin skipping request as it is an absolute path 
C:\Users\ALICEBELLA\Desktop\HMNQV2\app\components\ui\badge
2025-08-31T23:32:57.057Z next:jsconfig-paths-plugin skipping request as it is an absolute path 
C:\Users\ALICEBELLA\Desktop\HMNQV2\app\components\ui\tabs
2025-08-31T23:32:57.057Z next:jsconfig-paths-plugin skipping request as it is an absolute path 
C:\Users\ALICEBELLA\Desktop\HMNQV2\app\components\ui\select
2025-08-31T23:32:57.057Z next:jsconfig-paths-plugin skipping request as it is an absolute path 
C:\Users\ALICEBELLA\Desktop\HMNQV2\app\components\ui\checkbox
2025-08-31T23:32:57.057Z next:jsconfig-paths-plugin skipping request as it is an absolute path 
C:\Users\ALICEBELLA\Desktop\HMNQV2\app\components\ui\use-toast
2025-08-31T23:32:57.060Z next:jsconfig-paths-plugin skipping request as it is an absolute path 
C:\Users\ALICEBELLA\Desktop\HMNQV2\app\components\ui\card
2025-08-31T23:32:57.060Z next:jsconfig-paths-plugin skipping request as it is an absolute path 
C:\Users\ALICEBELLA\Desktop\HMNQV2\app\components\ui\button
2025-08-31T23:32:57.060Z next:jsconfig-paths-plugin skipping request as it is an absolute path 
C:\Users\ALICEBELLA\Desktop\HMNQV2\app\components\ui\input
2025-08-31T23:32:57.060Z next:jsconfig-paths-plugin skipping request as it is an absolute path 
C:\Users\ALICEBELLA\Desktop\HMNQV2\app\components\ui\label
2025-08-31T23:32:57.060Z next:jsconfig-paths-plugin skipping request as it is an absolute path 
C:\Users\ALICEBELLA\Desktop\HMNQV2\app\components\ui\badge
2025-08-31T23:32:57.060Z next:jsconfig-paths-plugin skipping request as it is an absolute path 
C:\Users\ALICEBELLA\Desktop\HMNQV2\app\components\ui\tabs
2025-08-31T23:32:57.060Z next:jsconfig-paths-plugin skipping request as it is an absolute path 
C:\Users\ALICEBELLA\Desktop\HMNQV2\app\components\ui\select
2025-08-31T23:32:57.060Z next:jsconfig-paths-plugin skipping request as it is an absolute path 
C:\Users\ALICEBELLA\Desktop\HMNQV2\app\components\ui\checkbox
2025-08-31T23:32:57.060Z next:jsconfig-paths-plugin skipping request as it is an absolute path 
C:\Users\ALICEBELLA\Desktop\HMNQV2\app\components\ui\use-toast
2025-08-31T23:32:57.064Z next:jsconfig-paths-plugin skipping request as it is an absolute path 
C:\Users\ALICEBELLA\Desktop\HMNQV2\app\components\ui\card
2025-08-31T23:32:57.064Z next:jsconfig-paths-plugin skipping request as it is an absolute path 
C:\Users\ALICEBELLA\Desktop\HMNQV2\app\components\ui\button
2025-08-31T23:32:57.064Z next:jsconfig-paths-plugin skipping request as it is an absolute path 
C:\Users\ALICEBELLA\Desktop\HMNQV2\app\components\ui\input
2025-08-31T23:32:57.064Z next:jsconfig-paths-plugin skipping request as it is an absolute path 
C:\Users\ALICEBELLA\Desktop\HMNQV2\app\components\ui\label
2025-08-31T23:32:57.064Z next:jsconfig-paths-plugin skipping request as it is an absolute path 
C:\Users\ALICEBELLA\Desktop\HMNQV2\app\components\ui\badge
2025-08-31T23:32:57.064Z next:jsconfig-paths-plugin skipping request as it is an absolute path 
C:\Users\ALICEBELLA\Desktop\HMNQV2\app\components\ui\tabs
2025-08-31T23:32:57.064Z next:jsconfig-paths-plugin skipping request as it is an absolute path 
C:\Users\ALICEBELLA\Desktop\HMNQV2\app\components\ui\select
2025-08-31T23:32:57.067Z next:jsconfig-paths-plugin skipping request as it is an absolute path 
C:\Users\ALICEBELLA\Desktop\HMNQV2\app\components\ui\card
2025-08-31T23:32:57.067Z next:jsconfig-paths-plugin skipping request as it is an absolute path 
C:\Users\ALICEBELLA\Desktop\HMNQV2\app\components\ui\button
2025-08-31T23:32:57.067Z next:jsconfig-paths-plugin skipping request as it is an absolute path 
C:\Users\ALICEBELLA\Desktop\HMNQV2\app\components\ui\input
2025-08-31T23:32:57.067Z next:jsconfig-paths-plugin skipping request as it is an absolute path 
C:\Users\ALICEBELLA\Desktop\HMNQV2\app\components\ui\label
2025-08-31T23:32:57.067Z next:jsconfig-paths-plugin skipping request as it is an absolute path 
C:\Users\ALICEBELLA\Desktop\HMNQV2\app\components\ui\badge
2025-08-31T23:32:57.067Z next:jsconfig-paths-plugin skipping request as it is an absolute path 
C:\Users\ALICEBELLA\Desktop\HMNQV2\app\components\ui\tabs
2025-08-31T23:32:57.067Z next:jsconfig-paths-plugin skipping request as it is an absolute path 
C:\Users\ALICEBELLA\Desktop\HMNQV2\app\components\ui\select
2025-08-31T23:32:57.074Z next:jsconfig-paths-plugin skipping request as it is an absolute path 
C:\Users\ALICEBELLA\Desktop\HMNQV2\app\components\ui\card
2025-08-31T23:32:57.074Z next:jsconfig-paths-plugin skipping request as it is an absolute path 
C:\Users\ALICEBELLA\Desktop\HMNQV2\app\components\ui\button
2025-08-31T23:32:57.074Z next:jsconfig-paths-plugin skipping request as it is an absolute path 
C:\Users\ALICEBELLA\Desktop\HMNQV2\app\components\ui\input
2025-08-31T23:32:57.074Z next:jsconfig-paths-plugin skipping request as it is an absolute path 
C:\Users\ALICEBELLA\Desktop\HMNQV2\app\components\ui\label
2025-08-31T23:32:57.075Z next:jsconfig-paths-plugin skipping request as it is an absolute path 
C:\Users\ALICEBELLA\Desktop\HMNQV2\app\components\ui\separator
2025-08-31T23:32:57.075Z next:jsconfig-paths-plugin skipping request as it is an absolute path 
C:\Users\ALICEBELLA\Desktop\HMNQV2\app\components\ui\badge
2025-08-31T23:32:57.075Z next:jsconfig-paths-plugin skipping request as it is an absolute path 
C:\Users\ALICEBELLA\Desktop\HMNQV2\app\components\ui\textarea
2025-08-31T23:32:57.075Z next:jsconfig-paths-plugin skipping request as it is an absolute path 
C:\Users\ALICEBELLA\Desktop\HMNQV2\app\components\ui\switch
2025-08-31T23:32:57.075Z next:jsconfig-paths-plugin skipping request as it is an absolute path 
C:\Users\ALICEBELLA\Desktop\HMNQV2\app\components\ui\alert
2025-08-31T23:32:57.078Z next:jsconfig-paths-plugin skipping request as it is an absolute path 
C:\Users\ALICEBELLA\Desktop\HMNQV2\app\components\ui\card
2025-08-31T23:32:57.078Z next:jsconfig-paths-plugin skipping request as it is an absolute path 
C:\Users\ALICEBELLA\Desktop\HMNQV2\app\components\ui\button
2025-08-31T23:32:57.078Z next:jsconfig-paths-plugin skipping request as it is an absolute path 
C:\Users\ALICEBELLA\Desktop\HMNQV2\app\components\ui\input
2025-08-31T23:32:57.078Z next:jsconfig-paths-plugin skipping request as it is an absolute path 
C:\Users\ALICEBELLA\Desktop\HMNQV2\app\components\ui\label
2025-08-31T23:32:57.078Z next:jsconfig-paths-plugin skipping request as it is an absolute path 
C:\Users\ALICEBELLA\Desktop\HMNQV2\app\components\ui\separator
2025-08-31T23:32:57.078Z next:jsconfig-paths-plugin skipping request as it is an absolute path 
C:\Users\ALICEBELLA\Desktop\HMNQV2\app\components\ui\badge
2025-08-31T23:32:57.078Z next:jsconfig-paths-plugin skipping request as it is an absolute path 
C:\Users\ALICEBELLA\Desktop\HMNQV2\app\components\ui\textarea
2025-08-31T23:32:57.078Z next:jsconfig-paths-plugin skipping request as it is an absolute path 
C:\Users\ALICEBELLA\Desktop\HMNQV2\app\components\ui\switch
2025-08-31T23:32:57.078Z next:jsconfig-paths-plugin skipping request as it is an absolute path 
C:\Users\ALICEBELLA\Desktop\HMNQV2\app\components\ui\alert
2025-08-31T23:32:57.082Z next:jsconfig-paths-plugin skipping request as it is an absolute path 
C:\Users\ALICEBELLA\Desktop\HMNQV2\app\components\ui\card
2025-08-31T23:32:57.082Z next:jsconfig-paths-plugin skipping request as it is an absolute path 
C:\Users\ALICEBELLA\Desktop\HMNQV2\app\components\ui\button
2025-08-31T23:32:57.082Z next:jsconfig-paths-plugin skipping request as it is an absolute path 
C:\Users\ALICEBELLA\Desktop\HMNQV2\app\components\ui\input
2025-08-31T23:32:57.082Z next:jsconfig-paths-plugin skipping request as it is an absolute path 
C:\Users\ALICEBELLA\Desktop\HMNQV2\app\components\ui\label
2025-08-31T23:32:57.082Z next:jsconfig-paths-plugin skipping request as it is an absolute path 
C:\Users\ALICEBELLA\Desktop\HMNQV2\app\components\ui\separator
2025-08-31T23:32:57.082Z next:jsconfig-paths-plugin skipping request as it is an absolute path 
C:\Users\ALICEBELLA\Desktop\HMNQV2\app\components\ui\badge
2025-08-31T23:32:57.082Z next:jsconfig-paths-plugin skipping request as it is an absolute path 
C:\Users\ALICEBELLA\Desktop\HMNQV2\app\components\ui\alert
2025-08-31T23:32:57.085Z next:jsconfig-paths-plugin skipping request as it is an absolute path 
C:\Users\ALICEBELLA\Desktop\HMNQV2\app\components\ui\card
2025-08-31T23:32:57.085Z next:jsconfig-paths-plugin skipping request as it is an absolute path 
C:\Users\ALICEBELLA\Desktop\HMNQV2\app\components\ui\button
2025-08-31T23:32:57.085Z next:jsconfig-paths-plugin skipping request as it is an absolute path 
C:\Users\ALICEBELLA\Desktop\HMNQV2\app\components\ui\input
2025-08-31T23:32:57.085Z next:jsconfig-paths-plugin skipping request as it is an absolute path 
C:\Users\ALICEBELLA\Desktop\HMNQV2\app\components\ui\label
2025-08-31T23:32:57.085Z next:jsconfig-paths-plugin skipping request as it is an absolute path 
C:\Users\ALICEBELLA\Desktop\HMNQV2\app\components\ui\separator
2025-08-31T23:32:57.085Z next:jsconfig-paths-plugin skipping request as it is an absolute path 
C:\Users\ALICEBELLA\Desktop\HMNQV2\app\components\ui\badge
2025-08-31T23:32:57.086Z next:jsconfig-paths-plugin skipping request as it is an absolute path 
C:\Users\ALICEBELLA\Desktop\HMNQV2\app\components\ui\alert
2025-08-31T23:32:57.090Z next:jsconfig-paths-plugin skipping request as it is an absolute path 
C:\Users\ALICEBELLA\Desktop\HMNQV2\app\lib\test-categories
2025-08-31T23:32:57.091Z next:jsconfig-paths-plugin skipping request as it is an absolute path 
C:\Users\ALICEBELLA\Desktop\HMNQV2\app\lib\test-categories
2025-08-31T23:32:57.092Z next:jsconfig-paths-plugin skipping request as it is an absolute path 
C:\Users\ALICEBELLA\Desktop\HMNQV2\app\components\ui\skeleton
2025-08-31T23:32:57.092Z next:jsconfig-paths-plugin skipping request as it is an absolute path 
C:\Users\ALICEBELLA\Desktop\HMNQV2\app\components\ui\skeleton
2025-08-31T23:32:57.093Z next:jsconfig-paths-plugin skipping request as it is an absolute path 
C:\Users\ALICEBELLA\Desktop\HMNQV2\app\components\DiagnosticPanel
2025-08-31T23:32:57.094Z next:jsconfig-paths-plugin skipping request as it is an absolute path 
C:\Users\ALICEBELLA\Desktop\HMNQV2\app\components\DiagnosticPanel
2025-08-31T23:32:57.098Z next:jsconfig-paths-plugin skipping request as it is an absolute path 
C:\Users\ALICEBELLA\Desktop\HMNQV2\app\components\ui\card
2025-08-31T23:32:57.098Z next:jsconfig-paths-plugin skipping request as it is an absolute path 
C:\Users\ALICEBELLA\Desktop\HMNQV2\app\components\ui\button
2025-08-31T23:32:57.098Z next:jsconfig-paths-plugin skipping request as it is an absolute path 
C:\Users\ALICEBELLA\Desktop\HMNQV2\app\components\ui\input
2025-08-31T23:32:57.098Z next:jsconfig-paths-plugin skipping request as it is an absolute path 
C:\Users\ALICEBELLA\Desktop\HMNQV2\app\components\ui\label
2025-08-31T23:32:57.098Z next:jsconfig-paths-plugin skipping request as it is an absolute path 
C:\Users\ALICEBELLA\Desktop\HMNQV2\app\components\ui\checkbox
2025-08-31T23:32:57.098Z next:jsconfig-paths-plugin skipping request as it is an absolute path 
C:\Users\ALICEBELLA\Desktop\HMNQV2\app\components\ui\badge
2025-08-31T23:32:57.098Z next:jsconfig-paths-plugin skipping request as it is an absolute path 
C:\Users\ALICEBELLA\Desktop\HMNQV2\app\components\ui\separator
2025-08-31T23:32:57.101Z next:jsconfig-paths-plugin skipping request as it is an absolute path 
C:\Users\ALICEBELLA\Desktop\HMNQV2\app\components\ui\card
2025-08-31T23:32:57.102Z next:jsconfig-paths-plugin skipping request as it is an absolute path 
C:\Users\ALICEBELLA\Desktop\HMNQV2\app\components\ui\button
2025-08-31T23:32:57.102Z next:jsconfig-paths-plugin skipping request as it is an absolute path 
C:\Users\ALICEBELLA\Desktop\HMNQV2\app\components\ui\input
2025-08-31T23:32:57.102Z next:jsconfig-paths-plugin skipping request as it is an absolute path 
C:\Users\ALICEBELLA\Desktop\HMNQV2\app\components\ui\label
2025-08-31T23:32:57.102Z next:jsconfig-paths-plugin skipping request as it is an absolute path 
C:\Users\ALICEBELLA\Desktop\HMNQV2\app\components\ui\checkbox
2025-08-31T23:32:57.102Z next:jsconfig-paths-plugin skipping request as it is an absolute path 
C:\Users\ALICEBELLA\Desktop\HMNQV2\app\components\ui\badge
2025-08-31T23:32:57.102Z next:jsconfig-paths-plugin skipping request as it is an absolute path 
C:\Users\ALICEBELLA\Desktop\HMNQV2\app\components\ui\separator
2025-08-31T23:32:57.107Z next:jsconfig-paths-plugin skipping request as it is an absolute path 
C:\Users\ALICEBELLA\Desktop\HMNQV2\app\components\ui\card
2025-08-31T23:32:57.107Z next:jsconfig-paths-plugin skipping request as it is an absolute path 
C:\Users\ALICEBELLA\Desktop\HMNQV2\app\components\ui\button
2025-08-31T23:32:57.107Z next:jsconfig-paths-plugin skipping request as it is an absolute path 
C:\Users\ALICEBELLA\Desktop\HMNQV2\app\components\ui\input
2025-08-31T23:32:57.107Z next:jsconfig-paths-plugin skipping request as it is an absolute path 
C:\Users\ALICEBELLA\Desktop\HMNQV2\app\components\ui\label
2025-08-31T23:32:57.107Z next:jsconfig-paths-plugin skipping request as it is an absolute path 
C:\Users\ALICEBELLA\Desktop\HMNQV2\app\components\ui\badge
2025-08-31T23:32:57.107Z next:jsconfig-paths-plugin skipping request as it is an absolute path 
C:\Users\ALICEBELLA\Desktop\HMNQV2\app\components\ui\separator
2025-08-31T23:32:57.110Z next:jsconfig-paths-plugin skipping request as it is an absolute path 
C:\Users\ALICEBELLA\Desktop\HMNQV2\app\components\ui\card
2025-08-31T23:32:57.110Z next:jsconfig-paths-plugin skipping request as it is an absolute path 
C:\Users\ALICEBELLA\Desktop\HMNQV2\app\components\ui\button
2025-08-31T23:32:57.110Z next:jsconfig-paths-plugin skipping request as it is an absolute path 
C:\Users\ALICEBELLA\Desktop\HMNQV2\app\components\ui\input
2025-08-31T23:32:57.110Z next:jsconfig-paths-plugin skipping request as it is an absolute path 
C:\Users\ALICEBELLA\Desktop\HMNQV2\app\components\ui\label
2025-08-31T23:32:57.110Z next:jsconfig-paths-plugin skipping request as it is an absolute path 
C:\Users\ALICEBELLA\Desktop\HMNQV2\app\components\ui\badge
2025-08-31T23:32:57.110Z next:jsconfig-paths-plugin skipping request as it is an absolute path 
C:\Users\ALICEBELLA\Desktop\HMNQV2\app\components\ui\separator
2025-08-31T23:32:57.115Z next:jsconfig-paths-plugin skipping request as it is an absolute path 
C:\Users\ALICEBELLA\Desktop\HMNQV2\app\components\ui\card
2025-08-31T23:32:57.115Z next:jsconfig-paths-plugin skipping request as it is an absolute path 
C:\Users\ALICEBELLA\Desktop\HMNQV2\app\components\ui\button
2025-08-31T23:32:57.115Z next:jsconfig-paths-plugin skipping request as it is an absolute path 
C:\Users\ALICEBELLA\Desktop\HMNQV2\app\components\ui\badge
2025-08-31T23:32:57.116Z next:jsconfig-paths-plugin skipping request as it is an absolute path 
C:\Users\ALICEBELLA\Desktop\HMNQV2\app\components\ui\tabs
2025-08-31T23:32:57.117Z next:jsconfig-paths-plugin skipping request as it is an absolute path 
C:\Users\ALICEBELLA\Desktop\HMNQV2\app\components\ui\card
2025-08-31T23:32:57.117Z next:jsconfig-paths-plugin skipping request as it is an absolute path 
C:\Users\ALICEBELLA\Desktop\HMNQV2\app\components\ui\button
2025-08-31T23:32:57.117Z next:jsconfig-paths-plugin skipping request as it is an absolute path 
C:\Users\ALICEBELLA\Desktop\HMNQV2\app\components\ui\badge
2025-08-31T23:32:57.117Z next:jsconfig-paths-plugin skipping request as it is an absolute path 
C:\Users\ALICEBELLA\Desktop\HMNQV2\app\components\ui\tabs
2025-08-31T23:32:57.119Z next:jsconfig-paths-plugin skipping request as it is an absolute path 
C:\Users\ALICEBELLA\Desktop\HMNQV2\app\components\ui\card
2025-08-31T23:32:57.119Z next:jsconfig-paths-plugin skipping request as it is an absolute path 
C:\Users\ALICEBELLA\Desktop\HMNQV2\app\components\ui\button
2025-08-31T23:32:57.120Z next:jsconfig-paths-plugin skipping request as it is an absolute path 
C:\Users\ALICEBELLA\Desktop\HMNQV2\app\components\ui\badge
2025-08-31T23:32:57.120Z next:jsconfig-paths-plugin skipping request as it is an absolute path 
C:\Users\ALICEBELLA\Desktop\HMNQV2\app\components\ui\tabs
2025-08-31T23:32:57.127Z next:jsconfig-paths-plugin skipping request as it is an absolute path 
C:\Users\ALICEBELLA\Desktop\HMNQV2\app\components\ui\card
2025-08-31T23:32:57.127Z next:jsconfig-paths-plugin skipping request as it is an absolute path 
C:\Users\ALICEBELLA\Desktop\HMNQV2\app\components\ui\button
2025-08-31T23:32:57.127Z next:jsconfig-paths-plugin skipping request as it is an absolute path 
C:\Users\ALICEBELLA\Desktop\HMNQV2\app\components\ui\badge
2025-08-31T23:32:57.127Z next:jsconfig-paths-plugin skipping request as it is an absolute path 
C:\Users\ALICEBELLA\Desktop\HMNQV2\app\components\ui\tabs
2025-08-31T23:32:57.144Z next:jsconfig-paths-plugin skipping request as it is an absolute path 
C:\Users\ALICEBELLA\Desktop\HMNQV2\app\lib\utils
2025-08-31T23:32:57.145Z next:jsconfig-paths-plugin skipping request as it is an absolute path 
C:\Users\ALICEBELLA\Desktop\HMNQV2\app\lib\utils
2025-08-31T23:32:57.146Z next:jsconfig-paths-plugin skipping request as it is an absolute path 
C:\Users\ALICEBELLA\Desktop\HMNQV2\app\lib\utils
2025-08-31T23:32:57.147Z next:jsconfig-paths-plugin skipping request as it is an absolute path 
C:\Users\ALICEBELLA\Desktop\HMNQV2\app\lib\utils
2025-08-31T23:32:57.150Z next:jsconfig-paths-plugin skipping request as it is an absolute path 
C:\Users\ALICEBELLA\Desktop\HMNQV2\app\components\ui\card
2025-08-31T23:32:57.151Z next:jsconfig-paths-plugin skipping request as it is an absolute path 
C:\Users\ALICEBELLA\Desktop\HMNQV2\app\components\ui\button
2025-08-31T23:32:57.151Z next:jsconfig-paths-plugin skipping request as it is an absolute path 
C:\Users\ALICEBELLA\Desktop\HMNQV2\app\components\ui\input
2025-08-31T23:32:57.151Z next:jsconfig-paths-plugin skipping request as it is an absolute path 
C:\Users\ALICEBELLA\Desktop\HMNQV2\app\components\ui\badge
2025-08-31T23:32:57.151Z next:jsconfig-paths-plugin skipping request as it is an absolute path 
C:\Users\ALICEBELLA\Desktop\HMNQV2\app\components\ui\avatar
2025-08-31T23:32:57.151Z next:jsconfig-paths-plugin skipping request as it is an absolute path 
C:\Users\ALICEBELLA\Desktop\HMNQV2\app\components\ui\select
2025-08-31T23:32:57.151Z next:jsconfig-paths-plugin skipping request as it is an absolute path 
C:\Users\ALICEBELLA\Desktop\HMNQV2\app\components\ui\progress
2025-08-31T23:32:57.153Z next:jsconfig-paths-plugin skipping request as it is an absolute path 
C:\Users\ALICEBELLA\Desktop\HMNQV2\app\components\ui\card
2025-08-31T23:32:57.154Z next:jsconfig-paths-plugin skipping request as it is an absolute path 
C:\Users\ALICEBELLA\Desktop\HMNQV2\app\components\ui\button
2025-08-31T23:32:57.154Z next:jsconfig-paths-plugin skipping request as it is an absolute path 
C:\Users\ALICEBELLA\Desktop\HMNQV2\app\components\ui\input
2025-08-31T23:32:57.154Z next:jsconfig-paths-plugin skipping request as it is an absolute path 
C:\Users\ALICEBELLA\Desktop\HMNQV2\app\components\ui\badge
2025-08-31T23:32:57.154Z next:jsconfig-paths-plugin skipping request as it is an absolute path 
C:\Users\ALICEBELLA\Desktop\HMNQV2\app\components\ui\avatar
2025-08-31T23:32:57.154Z next:jsconfig-paths-plugin skipping request as it is an absolute path 
C:\Users\ALICEBELLA\Desktop\HMNQV2\app\components\ui\select
2025-08-31T23:32:57.154Z next:jsconfig-paths-plugin skipping request as it is an absolute path 
C:\Users\ALICEBELLA\Desktop\HMNQV2\app\components\ui\progress
2025-08-31T23:32:57.158Z next:jsconfig-paths-plugin skipping request as it is an absolute path 
C:\Users\ALICEBELLA\Desktop\HMNQV2\app\components\ui\card
2025-08-31T23:32:57.158Z next:jsconfig-paths-plugin skipping request as it is an absolute path 
C:\Users\ALICEBELLA\Desktop\HMNQV2\app\components\ui\button
2025-08-31T23:32:57.158Z next:jsconfig-paths-plugin skipping request as it is an absolute path 
C:\Users\ALICEBELLA\Desktop\HMNQV2\app\components\ui\input
2025-08-31T23:32:57.158Z next:jsconfig-paths-plugin skipping request as it is an absolute path 
C:\Users\ALICEBELLA\Desktop\HMNQV2\app\components\ui\badge
2025-08-31T23:32:57.158Z next:jsconfig-paths-plugin skipping request as it is an absolute path 
C:\Users\ALICEBELLA\Desktop\HMNQV2\app\components\ui\avatar
2025-08-31T23:32:57.158Z next:jsconfig-paths-plugin skipping request as it is an absolute path 
C:\Users\ALICEBELLA\Desktop\HMNQV2\app\components\ui\select
2025-08-31T23:32:57.159Z next:jsconfig-paths-plugin skipping request as it is an absolute path 
C:\Users\ALICEBELLA\Desktop\HMNQV2\app\components\ui\progress
2025-08-31T23:32:57.161Z next:jsconfig-paths-plugin skipping request as it is an absolute path 
C:\Users\ALICEBELLA\Desktop\HMNQV2\app\components\ui\card
2025-08-31T23:32:57.162Z next:jsconfig-paths-plugin skipping request as it is an absolute path 
C:\Users\ALICEBELLA\Desktop\HMNQV2\app\components\ui\button
2025-08-31T23:32:57.162Z next:jsconfig-paths-plugin skipping request as it is an absolute path 
C:\Users\ALICEBELLA\Desktop\HMNQV2\app\components\ui\input
2025-08-31T23:32:57.162Z next:jsconfig-paths-plugin skipping request as it is an absolute path 
C:\Users\ALICEBELLA\Desktop\HMNQV2\app\components\ui\badge
2025-08-31T23:32:57.162Z next:jsconfig-paths-plugin skipping request as it is an absolute path 
C:\Users\ALICEBELLA\Desktop\HMNQV2\app\components\ui\avatar
2025-08-31T23:32:57.162Z next:jsconfig-paths-plugin skipping request as it is an absolute path 
C:\Users\ALICEBELLA\Desktop\HMNQV2\app\components\ui\select
2025-08-31T23:32:57.162Z next:jsconfig-paths-plugin skipping request as it is an absolute path 
C:\Users\ALICEBELLA\Desktop\HMNQV2\app\components\ui\progress
2025-08-31T23:32:57.167Z next:jsconfig-paths-plugin skipping request as it is an absolute path 
C:\Users\ALICEBELLA\Desktop\HMNQV2\app\components\ui\card
2025-08-31T23:32:57.167Z next:jsconfig-paths-plugin skipping request as it is an absolute path 
C:\Users\ALICEBELLA\Desktop\HMNQV2\app\components\ui\button
2025-08-31T23:32:57.167Z next:jsconfig-paths-plugin skipping request as it is an absolute path 
C:\Users\ALICEBELLA\Desktop\HMNQV2\app\components\ui\badge
2025-08-31T23:32:57.168Z next:jsconfig-paths-plugin skipping request as it is an absolute path 
C:\Users\ALICEBELLA\Desktop\HMNQV2\app\components\ui\progress
2025-08-31T23:32:57.168Z next:jsconfig-paths-plugin skipping request as it is an absolute path 
C:\Users\ALICEBELLA\Desktop\HMNQV2\app\components\ui\tabs
2025-08-31T23:32:57.168Z next:jsconfig-paths-plugin skipping request as it is an absolute path 
C:\Users\ALICEBELLA\Desktop\HMNQV2\app\components\indicador-saude-psicossocial
2025-08-31T23:32:57.168Z next:jsconfig-paths-plugin skipping request as it is an absolute path 
C:\Users\ALICEBELLA\Desktop\HMNQV2\app\components\matriz-risco-avancada
2025-08-31T23:32:57.168Z next:jsconfig-paths-plugin skipping request as it is an absolute path 
C:\Users\ALICEBELLA\Desktop\HMNQV2\app\components\relatorio-pgr
2025-08-31T23:32:57.171Z next:jsconfig-paths-plugin skipping request as it is an absolute path 
C:\Users\ALICEBELLA\Desktop\HMNQV2\app\components\indicador-saude-psicossocial
2025-08-31T23:32:57.171Z next:jsconfig-paths-plugin skipping request as it is an absolute path 
C:\Users\ALICEBELLA\Desktop\HMNQV2\app\components\matriz-risco-avancada
2025-08-31T23:32:57.171Z next:jsconfig-paths-plugin skipping request as it is an absolute path 
C:\Users\ALICEBELLA\Desktop\HMNQV2\app\components\relatorio-pgr
2025-08-31T23:32:57.171Z next:jsconfig-paths-plugin skipping request as it is an absolute path 
C:\Users\ALICEBELLA\Desktop\HMNQV2\app\components\ui\card
2025-08-31T23:32:57.171Z next:jsconfig-paths-plugin skipping request as it is an absolute path 
C:\Users\ALICEBELLA\Desktop\HMNQV2\app\components\ui\button
2025-08-31T23:32:57.171Z next:jsconfig-paths-plugin skipping request as it is an absolute path 
C:\Users\ALICEBELLA\Desktop\HMNQV2\app\components\ui\badge
2025-08-31T23:32:57.171Z next:jsconfig-paths-plugin skipping request as it is an absolute path 
C:\Users\ALICEBELLA\Desktop\HMNQV2\app\components\ui\progress
2025-08-31T23:32:57.171Z next:jsconfig-paths-plugin skipping request as it is an absolute path 
C:\Users\ALICEBELLA\Desktop\HMNQV2\app\components\ui\tabs
2025-08-31T23:32:57.176Z next:jsconfig-paths-plugin skipping request as it is an absolute path 
C:\Users\ALICEBELLA\Desktop\HMNQV2\app\components\indicador-saude-psicossocial
2025-08-31T23:32:57.177Z next:jsconfig-paths-plugin skipping request as it is an absolute path 
C:\Users\ALICEBELLA\Desktop\HMNQV2\app\components\ui\card
2025-08-31T23:32:57.177Z next:jsconfig-paths-plugin skipping request as it is an absolute path 
C:\Users\ALICEBELLA\Desktop\HMNQV2\app\components\ui\button
2025-08-31T23:32:57.177Z next:jsconfig-paths-plugin skipping request as it is an absolute path 
C:\Users\ALICEBELLA\Desktop\HMNQV2\app\components\ui\badge
2025-08-31T23:32:57.177Z next:jsconfig-paths-plugin skipping request as it is an absolute path 
C:\Users\ALICEBELLA\Desktop\HMNQV2\app\components\ui\progress
2025-08-31T23:32:57.177Z next:jsconfig-paths-plugin skipping request as it is an absolute path 
C:\Users\ALICEBELLA\Desktop\HMNQV2\app\components\ui\tabs
2025-08-31T23:32:57.180Z next:jsconfig-paths-plugin skipping request as it is an absolute path 
C:\Users\ALICEBELLA\Desktop\HMNQV2\app\components\indicador-saude-psicossocial
2025-08-31T23:32:57.181Z next:jsconfig-paths-plugin skipping request as it is an absolute path 
C:\Users\ALICEBELLA\Desktop\HMNQV2\app\components\ui\card
2025-08-31T23:32:57.181Z next:jsconfig-paths-plugin skipping request as it is an absolute path 
C:\Users\ALICEBELLA\Desktop\HMNQV2\app\components\ui\button
2025-08-31T23:32:57.181Z next:jsconfig-paths-plugin skipping request as it is an absolute path 
C:\Users\ALICEBELLA\Desktop\HMNQV2\app\components\ui\badge
2025-08-31T23:32:57.181Z next:jsconfig-paths-plugin skipping request as it is an absolute path 
C:\Users\ALICEBELLA\Desktop\HMNQV2\app\components\ui\progress
2025-08-31T23:32:57.181Z next:jsconfig-paths-plugin skipping request as it is an absolute path 
C:\Users\ALICEBELLA\Desktop\HMNQV2\app\components\ui\tabs
2025-08-31T23:32:57.186Z next:jsconfig-paths-plugin skipping request as it is an absolute path 
C:\Users\ALICEBELLA\Desktop\HMNQV2\app\components\ui\checkbox
2025-08-31T23:32:57.187Z next:jsconfig-paths-plugin skipping request as it is an absolute path 
C:\Users\ALICEBELLA\Desktop\HMNQV2\app\components\ui\checkbox
2025-08-31T23:32:57.188Z next:jsconfig-paths-plugin skipping request as it is an absolute path 
C:\Users\ALICEBELLA\Desktop\HMNQV2\app\components\ui\checkbox
2025-08-31T23:32:57.188Z next:jsconfig-paths-plugin skipping request as it is an absolute path 
C:\Users\ALICEBELLA\Desktop\HMNQV2\app\components\ui\checkbox
2025-08-31T23:32:57.190Z next:jsconfig-paths-plugin skipping request as it is an absolute path 
C:\Users\ALICEBELLA\Desktop\HMNQV2\app\components\ui\use-toast
2025-08-31T23:32:57.190Z next:jsconfig-paths-plugin skipping request as it is an absolute path 
C:\Users\ALICEBELLA\Desktop\HMNQV2\app\components\ui\use-toast
2025-08-31T23:32:57.191Z next:jsconfig-paths-plugin skipping request as it is an absolute path 
C:\Users\ALICEBELLA\Desktop\HMNQV2\app\components\ui\textarea
2025-08-31T23:32:57.192Z next:jsconfig-paths-plugin skipping request as it is an absolute path 
C:\Users\ALICEBELLA\Desktop\HMNQV2\app\components\ui\textarea
2025-08-31T23:32:57.193Z next:jsconfig-paths-plugin skipping request as it is an absolute path 
C:\Users\ALICEBELLA\Desktop\HMNQV2\app\components\ui\switch
2025-08-31T23:32:57.194Z next:jsconfig-paths-plugin skipping request as it is an absolute path 
C:\Users\ALICEBELLA\Desktop\HMNQV2\app\components\ui\switch
2025-08-31T23:32:57.195Z next:jsconfig-paths-plugin skipping request as it is a relative path 
./erp-config-dialog
2025-08-31T23:32:57.196Z next:jsconfig-paths-plugin skipping request as it is a relative path 
./erp-config-dialog
2025-08-31T23:32:57.196Z next:jsconfig-paths-plugin skipping request as it is a relative path 
./erp-test-dialog
2025-08-31T23:32:57.196Z next:jsconfig-paths-plugin skipping request as it is a relative path 
./erp-test-dialog
2025-08-31T23:32:57.197Z next:jsconfig-paths-plugin skipping request as it is a relative path 
./erp-sync-dialog
2025-08-31T23:32:57.197Z next:jsconfig-paths-plugin skipping request as it is a relative path 
./erp-sync-dialog
2025-08-31T23:32:57.197Z next:jsconfig-paths-plugin skipping request as it is a relative path 
./erp-logs-dialog
2025-08-31T23:32:57.197Z next:jsconfig-paths-plugin skipping request as it is a relative path 
./erp-logs-dialog
2025-08-31T23:32:57.205Z next:jsconfig-paths-plugin skipping request as it is an absolute path 
C:\Users\ALICEBELLA\Desktop\HMNQV2\app\components\ui\card
2025-08-31T23:32:57.205Z next:jsconfig-paths-plugin skipping request as it is an absolute path 
C:\Users\ALICEBELLA\Desktop\HMNQV2\app\components\ui\button
2025-08-31T23:32:57.205Z next:jsconfig-paths-plugin skipping request as it is an absolute path 
C:\Users\ALICEBELLA\Desktop\HMNQV2\app\components\ui\badge
2025-08-31T23:32:57.205Z next:jsconfig-paths-plugin skipping request as it is an absolute path 
C:\Users\ALICEBELLA\Desktop\HMNQV2\app\components\ui\label
2025-08-31T23:32:57.205Z next:jsconfig-paths-plugin skipping request as it is an absolute path 
C:\Users\ALICEBELLA\Desktop\HMNQV2\app\components\ui\textarea
2025-08-31T23:32:57.205Z next:jsconfig-paths-plugin skipping request as it is an absolute path 
C:\Users\ALICEBELLA\Desktop\HMNQV2\app\components\ui\select
2025-08-31T23:32:57.205Z next:jsconfig-paths-plugin skipping request as it is an absolute path 
C:\Users\ALICEBELLA\Desktop\HMNQV2\app\components\ui\checkbox
2025-08-31T23:32:57.205Z next:jsconfig-paths-plugin skipping request as it is an absolute path 
C:\Users\ALICEBELLA\Desktop\HMNQV2\app\components\ui\tabs
2025-08-31T23:32:57.205Z next:jsconfig-paths-plugin skipping request as it is an absolute path 
C:\Users\ALICEBELLA\Desktop\HMNQV2\app\components\ui\scroll-area
2025-08-31T23:32:57.208Z next:jsconfig-paths-plugin skipping request as it is an absolute path 
C:\Users\ALICEBELLA\Desktop\HMNQV2\app\components\ui\card
2025-08-31T23:32:57.208Z next:jsconfig-paths-plugin skipping request as it is an absolute path 
C:\Users\ALICEBELLA\Desktop\HMNQV2\app\components\ui\button
2025-08-31T23:32:57.208Z next:jsconfig-paths-plugin skipping request as it is an absolute path 
C:\Users\ALICEBELLA\Desktop\HMNQV2\app\components\ui\badge
2025-08-31T23:32:57.208Z next:jsconfig-paths-plugin skipping request as it is an absolute path 
C:\Users\ALICEBELLA\Desktop\HMNQV2\app\components\ui\label
2025-08-31T23:32:57.208Z next:jsconfig-paths-plugin skipping request as it is an absolute path 
C:\Users\ALICEBELLA\Desktop\HMNQV2\app\components\ui\textarea
2025-08-31T23:32:57.208Z next:jsconfig-paths-plugin skipping request as it is an absolute path 
C:\Users\ALICEBELLA\Desktop\HMNQV2\app\components\ui\select
2025-08-31T23:32:57.208Z next:jsconfig-paths-plugin skipping request as it is an absolute path 
C:\Users\ALICEBELLA\Desktop\HMNQV2\app\components\ui\checkbox
2025-08-31T23:32:57.208Z next:jsconfig-paths-plugin skipping request as it is an absolute path 
C:\Users\ALICEBELLA\Desktop\HMNQV2\app\components\ui\tabs
2025-08-31T23:32:57.208Z next:jsconfig-paths-plugin skipping request as it is an absolute path 
C:\Users\ALICEBELLA\Desktop\HMNQV2\app\components\ui\scroll-area
2025-08-31T23:32:57.212Z next:jsconfig-paths-plugin skipping request as it is an absolute path 
C:\Users\ALICEBELLA\Desktop\HMNQV2\app\components\ui\card
2025-08-31T23:32:57.213Z next:jsconfig-paths-plugin skipping request as it is an absolute path 
C:\Users\ALICEBELLA\Desktop\HMNQV2\app\components\ui\button
2025-08-31T23:32:57.213Z next:jsconfig-paths-plugin skipping request as it is an absolute path 
C:\Users\ALICEBELLA\Desktop\HMNQV2\app\components\ui\badge
2025-08-31T23:32:57.213Z next:jsconfig-paths-plugin skipping request as it is an absolute path 
C:\Users\ALICEBELLA\Desktop\HMNQV2\app\components\ui\label
2025-08-31T23:32:57.213Z next:jsconfig-paths-plugin skipping request as it is an absolute path 
C:\Users\ALICEBELLA\Desktop\HMNQV2\app\components\ui\textarea
2025-08-31T23:32:57.213Z next:jsconfig-paths-plugin skipping request as it is an absolute path 
C:\Users\ALICEBELLA\Desktop\HMNQV2\app\components\ui\select
2025-08-31T23:32:57.213Z next:jsconfig-paths-plugin skipping request as it is an absolute path 
C:\Users\ALICEBELLA\Desktop\HMNQV2\app\components\ui\checkbox
2025-08-31T23:32:57.213Z next:jsconfig-paths-plugin skipping request as it is an absolute path 
C:\Users\ALICEBELLA\Desktop\HMNQV2\app\components\ui\tabs
2025-08-31T23:32:57.213Z next:jsconfig-paths-plugin skipping request as it is an absolute path 
C:\Users\ALICEBELLA\Desktop\HMNQV2\app\components\ui\scroll-area
2025-08-31T23:32:57.217Z next:jsconfig-paths-plugin skipping request as it is an absolute path 
C:\Users\ALICEBELLA\Desktop\HMNQV2\app\components\ui\card
2025-08-31T23:32:57.217Z next:jsconfig-paths-plugin skipping request as it is an absolute path 
C:\Users\ALICEBELLA\Desktop\HMNQV2\app\components\ui\button
2025-08-31T23:32:57.217Z next:jsconfig-paths-plugin skipping request as it is an absolute path 
C:\Users\ALICEBELLA\Desktop\HMNQV2\app\components\ui\badge
2025-08-31T23:32:57.217Z next:jsconfig-paths-plugin skipping request as it is an absolute path 
C:\Users\ALICEBELLA\Desktop\HMNQV2\app\components\ui\label
2025-08-31T23:32:57.217Z next:jsconfig-paths-plugin skipping request as it is an absolute path 
C:\Users\ALICEBELLA\Desktop\HMNQV2\app\components\ui\textarea
2025-08-31T23:32:57.218Z next:jsconfig-paths-plugin skipping request as it is an absolute path 
C:\Users\ALICEBELLA\Desktop\HMNQV2\app\components\ui\select
2025-08-31T23:32:57.218Z next:jsconfig-paths-plugin skipping request as it is an absolute path 
C:\Users\ALICEBELLA\Desktop\HMNQV2\app\components\ui\checkbox
2025-08-31T23:32:57.218Z next:jsconfig-paths-plugin skipping request as it is an absolute path 
C:\Users\ALICEBELLA\Desktop\HMNQV2\app\components\ui\tabs
2025-08-31T23:32:57.218Z next:jsconfig-paths-plugin skipping request as it is an absolute path 
C:\Users\ALICEBELLA\Desktop\HMNQV2\app\components\ui\scroll-area
2025-08-31T23:32:57.225Z next:jsconfig-paths-plugin skipping request as it is an absolute path 
C:\Users\ALICEBELLA\Desktop\HMNQV2\app\lib\utils
2025-08-31T23:32:57.226Z next:jsconfig-paths-plugin skipping request as it is an absolute path 
C:\Users\ALICEBELLA\Desktop\HMNQV2\app\lib\utils
2025-08-31T23:32:57.235Z next:jsconfig-paths-plugin skipping request as it is an absolute path 
C:\Users\ALICEBELLA\Desktop\HMNQV2\app\lib\utils
2025-08-31T23:32:57.237Z next:jsconfig-paths-plugin skipping request as it is an absolute path 
C:\Users\ALICEBELLA\Desktop\HMNQV2\app\lib\utils
2025-08-31T23:32:57.239Z next:jsconfig-paths-plugin skipping request as it is a relative path 
./erp-auto-connect
2025-08-31T23:32:57.239Z next:jsconfig-paths-plugin skipping request as it is a relative path 
./erp-auto-connect
2025-08-31T23:32:57.243Z next:jsconfig-paths-plugin skipping request as it is an absolute path 
C:\Users\ALICEBELLA\Desktop\HMNQV2\app\components\matriz-risco-avancada
2025-08-31T23:32:57.244Z next:jsconfig-paths-plugin skipping request as it is an absolute path 
C:\Users\ALICEBELLA\Desktop\HMNQV2\app\components\matriz-risco-avancada
2025-08-31T23:32:57.245Z next:jsconfig-paths-plugin skipping request as it is an absolute path 
C:\Users\ALICEBELLA\Desktop\HMNQV2\app\components\relatorio-pgr
2025-08-31T23:32:57.246Z next:jsconfig-paths-plugin skipping request as it is an absolute path 
C:\Users\ALICEBELLA\Desktop\HMNQV2\app\components\relatorio-pgr
2025-08-31T23:32:57.248Z next:jsconfig-paths-plugin skipping request as it is a relative path 
./erp-config-dialog
2025-08-31T23:32:57.249Z next:jsconfig-paths-plugin skipping request as it is a relative path 
./erp-config-dialog
2025-08-31T23:32:57.249Z next:jsconfig-paths-plugin skipping request as it is a relative path 
./erp-test-dialog
2025-08-31T23:32:57.249Z next:jsconfig-paths-plugin skipping request as it is a relative path 
./erp-test-dialog
2025-08-31T23:32:57.250Z next:jsconfig-paths-plugin skipping request as it is a relative path 
./erp-sync-dialog
2025-08-31T23:32:57.250Z next:jsconfig-paths-plugin skipping request as it is a relative path 
./erp-sync-dialog
2025-08-31T23:32:57.254Z next:jsconfig-paths-plugin skipping request as it is an absolute path 
C:\Users\ALICEBELLA\Desktop\HMNQV2\app\components\ui\card
2025-08-31T23:32:57.254Z next:jsconfig-paths-plugin skipping request as it is an absolute path 
C:\Users\ALICEBELLA\Desktop\HMNQV2\app\components\ui\badge
2025-08-31T23:32:57.254Z next:jsconfig-paths-plugin skipping request as it is an absolute path 
C:\Users\ALICEBELLA\Desktop\HMNQV2\app\components\ui\button
2025-08-31T23:32:57.255Z next:jsconfig-paths-plugin skipping request as it is an absolute path 
C:\Users\ALICEBELLA\Desktop\HMNQV2\app\lib\utils
2025-08-31T23:32:57.255Z next:jsconfig-paths-plugin skipping request as it is an absolute path 
C:\Users\ALICEBELLA\Desktop\HMNQV2\app\lib\utils
2025-08-31T23:32:57.257Z next:jsconfig-paths-plugin skipping request as it is an absolute path 
C:\Users\ALICEBELLA\Desktop\HMNQV2\app\components\ui\card
2025-08-31T23:32:57.257Z next:jsconfig-paths-plugin skipping request as it is an absolute path 
C:\Users\ALICEBELLA\Desktop\HMNQV2\app\components\ui\badge
2025-08-31T23:32:57.257Z next:jsconfig-paths-plugin skipping request as it is an absolute path 
C:\Users\ALICEBELLA\Desktop\HMNQV2\app\components\ui\button
2025-08-31T23:32:57.258Z next:jsconfig-paths-plugin skipping request as it is an absolute path 
C:\Users\ALICEBELLA\Desktop\HMNQV2\app\lib\utils
2025-08-31T23:32:57.258Z next:jsconfig-paths-plugin skipping request as it is an absolute path 
C:\Users\ALICEBELLA\Desktop\HMNQV2\app\lib\utils
2025-08-31T23:32:57.272Z next:jsconfig-paths-plugin skipping request as it is an absolute path 
C:\Users\ALICEBELLA\Desktop\HMNQV2\app\components\ui\card
2025-08-31T23:32:57.273Z next:jsconfig-paths-plugin skipping request as it is an absolute path 
C:\Users\ALICEBELLA\Desktop\HMNQV2\app\components\ui\badge
2025-08-31T23:32:57.273Z next:jsconfig-paths-plugin skipping request as it is an absolute path 
C:\Users\ALICEBELLA\Desktop\HMNQV2\app\components\ui\button
2025-08-31T23:32:57.273Z next:jsconfig-paths-plugin skipping request as it is an absolute path 
C:\Users\ALICEBELLA\Desktop\HMNQV2\app\lib\utils
2025-08-31T23:32:57.273Z next:jsconfig-paths-plugin skipping request as it is an absolute path 
C:\Users\ALICEBELLA\Desktop\HMNQV2\app\lib\utils
2025-08-31T23:32:57.275Z next:jsconfig-paths-plugin skipping request as it is an absolute path 
C:\Users\ALICEBELLA\Desktop\HMNQV2\app\components\ui\card
2025-08-31T23:32:57.275Z next:jsconfig-paths-plugin skipping request as it is an absolute path 
C:\Users\ALICEBELLA\Desktop\HMNQV2\app\components\ui\badge
2025-08-31T23:32:57.275Z next:jsconfig-paths-plugin skipping request as it is an absolute path 
C:\Users\ALICEBELLA\Desktop\HMNQV2\app\components\ui\button
2025-08-31T23:32:57.281Z next:jsconfig-paths-plugin skipping request as it is an absolute path 
C:\Users\ALICEBELLA\Desktop\HMNQV2\app\lib\utils
2025-08-31T23:32:57.282Z next:jsconfig-paths-plugin skipping request as it is an absolute path 
C:\Users\ALICEBELLA\Desktop\HMNQV2\app\lib\utils
2025-08-31T23:32:57.284Z next:jsconfig-paths-plugin skipping request as it is an absolute path 
C:\Users\ALICEBELLA\Desktop\HMNQV2\app\components\ui\progress
2025-08-31T23:32:57.284Z next:jsconfig-paths-plugin skipping request as it is an absolute path 
C:\Users\ALICEBELLA\Desktop\HMNQV2\app\components\ui\button
2025-08-31T23:32:57.285Z next:jsconfig-paths-plugin skipping request as it is an absolute path 
C:\Users\ALICEBELLA\Desktop\HMNQV2\app\components\ui\progress
2025-08-31T23:32:57.286Z next:jsconfig-paths-plugin skipping request as it is an absolute path 
C:\Users\ALICEBELLA\Desktop\HMNQV2\app\components\ui\button
2025-08-31T23:32:57.287Z next:jsconfig-paths-plugin skipping request as it is an absolute path 
C:\Users\ALICEBELLA\Desktop\HMNQV2\app\components\ui\progress
2025-08-31T23:32:57.287Z next:jsconfig-paths-plugin skipping request as it is an absolute path 
C:\Users\ALICEBELLA\Desktop\HMNQV2\app\components\ui\button
2025-08-31T23:32:57.288Z next:jsconfig-paths-plugin skipping request as it is an absolute path 
C:\Users\ALICEBELLA\Desktop\HMNQV2\app\components\ui\progress
2025-08-31T23:32:57.288Z next:jsconfig-paths-plugin skipping request as it is an absolute path 
C:\Users\ALICEBELLA\Desktop\HMNQV2\app\components\ui\button
2025-08-31T23:32:57.290Z next:jsconfig-paths-plugin skipping request as it is a relative path 
./erp-logs-dialog
2025-08-31T23:32:57.291Z next:jsconfig-paths-plugin skipping request as it is a relative path 
./erp-logs-dialog
2025-08-31T23:32:57.292Z next:jsconfig-paths-plugin skipping request as it is a relative path 
./erp-auto-connect
2025-08-31T23:32:57.293Z next:jsconfig-paths-plugin skipping request as it is a relative path 
./erp-auto-connect
2025-08-31T23:32:57.298Z next:jsconfig-paths-plugin skipping request as it is an absolute path 
C:\Users\ALICEBELLA\Desktop\HMNQV2\app\lib\utils
2025-08-31T23:32:57.298Z next:jsconfig-paths-plugin skipping request as it is an absolute path 
C:\Users\ALICEBELLA\Desktop\HMNQV2\app\lib\utils
2025-08-31T23:32:57.298Z next:jsconfig-paths-plugin skipping request as it is an absolute path 
C:\Users\ALICEBELLA\Desktop\HMNQV2\app\lib\utils
2025-08-31T23:32:57.298Z next:jsconfig-paths-plugin skipping request as it is an absolute path 
C:\Users\ALICEBELLA\Desktop\HMNQV2\app\lib\utils
2025-08-31T23:32:57.298Z next:jsconfig-paths-plugin skipping request as it is an absolute path 
C:\Users\ALICEBELLA\Desktop\HMNQV2\app\components\ui\button
2025-08-31T23:32:57.298Z next:jsconfig-paths-plugin skipping request as it is an absolute path 
C:\Users\ALICEBELLA\Desktop\HMNQV2\app\lib\utils
2025-08-31T23:32:57.298Z next:jsconfig-paths-plugin skipping request as it is an absolute path 
C:\Users\ALICEBELLA\Desktop\HMNQV2\app\lib\utils
2025-08-31T23:32:57.301Z next:jsconfig-paths-plugin skipping request as it is an absolute path 
C:\Users\ALICEBELLA\Desktop\HMNQV2\app\lib\utils
2025-08-31T23:32:57.301Z next:jsconfig-paths-plugin skipping request as it is an absolute path 
C:\Users\ALICEBELLA\Desktop\HMNQV2\app\lib\utils
2025-08-31T23:32:57.301Z next:jsconfig-paths-plugin skipping request as it is an absolute path 
C:\Users\ALICEBELLA\Desktop\HMNQV2\app\lib\utils
2025-08-31T23:32:57.301Z next:jsconfig-paths-plugin skipping request as it is an absolute path 
C:\Users\ALICEBELLA\Desktop\HMNQV2\app\lib\utils
2025-08-31T23:32:57.301Z next:jsconfig-paths-plugin skipping request as it is an absolute path 
C:\Users\ALICEBELLA\Desktop\HMNQV2\app\lib\utils
2025-08-31T23:32:57.301Z next:jsconfig-paths-plugin skipping request as it is an absolute path 
C:\Users\ALICEBELLA\Desktop\HMNQV2\app\lib\utils
2025-08-31T23:32:57.301Z next:jsconfig-paths-plugin skipping request as it is an absolute path 
C:\Users\ALICEBELLA\Desktop\HMNQV2\app\components\ui\button
2025-08-31T23:32:57.317Z next:jsconfig-paths-plugin skipping request as it is an absolute path 
C:\Users\ALICEBELLA\Desktop\HMNQV2\app\lib\utils
2025-08-31T23:32:57.317Z next:jsconfig-paths-plugin skipping request as it is an absolute path 
C:\Users\ALICEBELLA\Desktop\HMNQV2\app\lib\utils
2025-08-31T23:32:57.317Z next:jsconfig-paths-plugin skipping request as it is an absolute path 
C:\Users\ALICEBELLA\Desktop\HMNQV2\app\lib\utils
2025-08-31T23:32:57.317Z next:jsconfig-paths-plugin skipping request as it is an absolute path 
C:\Users\ALICEBELLA\Desktop\HMNQV2\app\lib\utils
2025-08-31T23:32:57.317Z next:jsconfig-paths-plugin skipping request as it is an absolute path 
C:\Users\ALICEBELLA\Desktop\HMNQV2\app\lib\utils
2025-08-31T23:32:57.317Z next:jsconfig-paths-plugin skipping request as it is an absolute path 
C:\Users\ALICEBELLA\Desktop\HMNQV2\app\lib\utils
2025-08-31T23:32:57.317Z next:jsconfig-paths-plugin skipping request as it is an absolute path 
C:\Users\ALICEBELLA\Desktop\HMNQV2\app\components\ui\button
2025-08-31T23:32:57.320Z next:jsconfig-paths-plugin skipping request as it is an absolute path 
C:\Users\ALICEBELLA\Desktop\HMNQV2\app\components\ui\button
2025-08-31T23:32:57.322Z next:jsconfig-paths-plugin skipping request as it is an absolute path 
C:\Users\ALICEBELLA\Desktop\HMNQV2\app\lib\utils
2025-08-31T23:32:57.322Z next:jsconfig-paths-plugin skipping request as it is an absolute path 
C:\Users\ALICEBELLA\Desktop\HMNQV2\app\lib\utils
2025-08-31T23:32:57.322Z next:jsconfig-paths-plugin skipping request as it is an absolute path 
C:\Users\ALICEBELLA\Desktop\HMNQV2\app\lib\utils
2025-08-31T23:32:57.322Z next:jsconfig-paths-plugin skipping request as it is an absolute path 
C:\Users\ALICEBELLA\Desktop\HMNQV2\app\lib\utils
2025-08-31T23:32:57.323Z next:jsconfig-paths-plugin skipping request as it is an absolute path 
C:\Users\ALICEBELLA\Desktop\HMNQV2\app\lib\utils
2025-08-31T23:32:57.323Z next:jsconfig-paths-plugin skipping request as it is an absolute path 
C:\Users\ALICEBELLA\Desktop\HMNQV2\app\lib\utils
2025-08-31T23:32:57.327Z next:jsconfig-paths-plugin skipping request as it is an absolute path 
C:\Users\ALICEBELLA\Desktop\HMNQV2\app\components\ui\badge
2025-08-31T23:32:57.328Z next:jsconfig-paths-plugin skipping request as it is an absolute path 
C:\Users\ALICEBELLA\Desktop\HMNQV2\app\components\ui\badge
2025-08-31T23:32:57.329Z next:jsconfig-paths-plugin skipping request as it is an absolute path 
C:\Users\ALICEBELLA\Desktop\HMNQV2\app\components\ui\badge
2025-08-31T23:32:57.329Z next:jsconfig-paths-plugin skipping request as it is an absolute path 
C:\Users\ALICEBELLA\Desktop\HMNQV2\app\components\ui\badge
2025-08-31T23:32:57.334Z next:jsconfig-paths-plugin skipping request as it is an absolute path 
C:\Users\ALICEBELLA\Desktop\HMNQV2\app\lib\utils
2025-08-31T23:32:57.334Z next:jsconfig-paths-plugin skipping request as it is an absolute path 
C:\Users\ALICEBELLA\Desktop\HMNQV2\app\lib\utils
2025-08-31T23:32:57.352Z next:jsconfig-paths-plugin moduleName did not match any paths pattern 
styled-jsx/style
2025-08-31T23:32:57.354Z next:jsconfig-paths-plugin skipping request as it is an absolute path 
C:\Users\ALICEBELLA\Desktop\HMNQV2\app\lib\utils
2025-08-31T23:32:57.355Z next:jsconfig-paths-plugin moduleName did not match any paths pattern 
styled-jsx/style
2025-08-31T23:32:57.355Z next:jsconfig-paths-plugin skipping request as it is an absolute path 
C:\Users\ALICEBELLA\Desktop\HMNQV2\app\lib\utils
2025-08-31T23:32:57.359Z next:jsconfig-paths-plugin skipping request as it is an absolute path 
C:\Users\ALICEBELLA\Desktop\HMNQV2\app\components\ui\mini-chart
2025-08-31T23:32:57.359Z next:jsconfig-paths-plugin skipping request as it is an absolute path 
C:\Users\ALICEBELLA\Desktop\HMNQV2\app\components\ui\mini-chart
2025-08-31T23:32:57.375Z next:jsconfig-paths-plugin skipping request as it is inside node_modules 
./component/Cell
2025-08-31T23:32:57.375Z next:jsconfig-paths-plugin skipping request as it is inside node_modules 
./component/Cell
2025-08-31T23:32:57.375Z next:jsconfig-paths-plugin skipping request as it is inside node_modules 
./component/Legend
2025-08-31T23:32:57.375Z next:jsconfig-paths-plugin skipping request as it is inside node_modules 
./polar/Pie
2025-08-31T23:32:57.375Z next:jsconfig-paths-plugin skipping request as it is inside node_modules 
./polar/Pie
2025-08-31T23:32:57.376Z next:jsconfig-paths-plugin skipping request as it is inside node_modules 
./chart/PieChart
2025-08-31T23:32:57.376Z next:jsconfig-paths-plugin skipping request as it is inside node_modules 
./chart/PieChart
2025-08-31T23:32:57.376Z next:jsconfig-paths-plugin skipping request as it is inside node_modules 
./component/ResponsiveContainer
2025-08-31T23:32:57.376Z next:jsconfig-paths-plugin skipping request as it is inside node_modules 
./component/ResponsiveContainer
2025-08-31T23:32:57.376Z next:jsconfig-paths-plugin skipping request as it is inside node_modules 
./component/Tooltip
2025-08-31T23:32:57.376Z next:jsconfig-paths-plugin skipping request as it is inside node_modules 
./component/Tooltip
2025-08-31T23:32:57.376Z next:jsconfig-paths-plugin skipping request as it is inside node_modules 
./cartesian/CartesianGrid
2025-08-31T23:32:57.376Z next:jsconfig-paths-plugin skipping request as it is inside node_modules 
./cartesian/Line
2025-08-31T23:32:57.376Z next:jsconfig-paths-plugin skipping request as it is inside node_modules 
./chart/LineChart
2025-08-31T23:32:57.377Z next:jsconfig-paths-plugin skipping request as it is inside node_modules 
./cartesian/XAxis
2025-08-31T23:32:57.377Z next:jsconfig-paths-plugin skipping request as it is inside node_modules 
./cartesian/YAxis
2025-08-31T23:32:57.379Z next:jsconfig-paths-plugin skipping request as it is an absolute path 
C:\Users\ALICEBELLA\Desktop\HMNQV2\app\components\ui\button
2025-08-31T23:32:57.379Z next:jsconfig-paths-plugin skipping request as it is an absolute path 
C:\Users\ALICEBELLA\Desktop\HMNQV2\app\components\ui\avatar
2025-08-31T23:32:57.380Z next:jsconfig-paths-plugin skipping request as it is an absolute path 
C:\Users\ALICEBELLA\Desktop\HMNQV2\app\components\ui\button
2025-08-31T23:32:57.380Z next:jsconfig-paths-plugin skipping request as it is an absolute path 
C:\Users\ALICEBELLA\Desktop\HMNQV2\app\components\ui\avatar
2025-08-31T23:32:57.382Z next:jsconfig-paths-plugin skipping request as it is an absolute path 
C:\Users\ALICEBELLA\Desktop\HMNQV2\app\components\ui\button
2025-08-31T23:32:57.382Z next:jsconfig-paths-plugin skipping request as it is an absolute path 
C:\Users\ALICEBELLA\Desktop\HMNQV2\app\components\ui\avatar
2025-08-31T23:32:57.384Z next:jsconfig-paths-plugin skipping request as it is an absolute path 
C:\Users\ALICEBELLA\Desktop\HMNQV2\app\components\ui\button
2025-08-31T23:32:57.384Z next:jsconfig-paths-plugin skipping request as it is an absolute path 
C:\Users\ALICEBELLA\Desktop\HMNQV2\app\components\ui\avatar
2025-08-31T23:32:57.386Z next:jsconfig-paths-plugin skipping request as it is an absolute path 
C:\Users\ALICEBELLA\Desktop\HMNQV2\app\components\ui\button
2025-08-31T23:32:57.387Z next:jsconfig-paths-plugin skipping request as it is an absolute path 
C:\Users\ALICEBELLA\Desktop\HMNQV2\app\components\ui\card
2025-08-31T23:32:57.387Z next:jsconfig-paths-plugin skipping request as it is an absolute path 
C:\Users\ALICEBELLA\Desktop\HMNQV2\app\components\ui\button
2025-08-31T23:32:57.388Z next:jsconfig-paths-plugin skipping request as it is an absolute path 
C:\Users\ALICEBELLA\Desktop\HMNQV2\app\components\ui\card
2025-08-31T23:32:57.389Z next:jsconfig-paths-plugin skipping request as it is an absolute path 
C:\Users\ALICEBELLA\Desktop\HMNQV2\app\components\ui\button
2025-08-31T23:32:57.389Z next:jsconfig-paths-plugin skipping request as it is an absolute path 
C:\Users\ALICEBELLA\Desktop\HMNQV2\app\components\ui\card
2025-08-31T23:32:57.390Z next:jsconfig-paths-plugin skipping request as it is an absolute path 
C:\Users\ALICEBELLA\Desktop\HMNQV2\app\components\ui\button
2025-08-31T23:32:57.390Z next:jsconfig-paths-plugin skipping request as it is an absolute path 
C:\Users\ALICEBELLA\Desktop\HMNQV2\app\components\ui\card
2025-08-31T23:32:57.393Z next:jsconfig-paths-plugin skipping request as it is an absolute path 
C:\Users\ALICEBELLA\Desktop\HMNQV2\app\components\ui\button
2025-08-31T23:32:57.393Z next:jsconfig-paths-plugin skipping request as it is an absolute path 
C:\Users\ALICEBELLA\Desktop\HMNQV2\app\components\ui\avatar
2025-08-31T23:32:57.394Z next:jsconfig-paths-plugin skipping request as it is an absolute path 
C:\Users\ALICEBELLA\Desktop\HMNQV2\app\components\ui\button
2025-08-31T23:32:57.394Z next:jsconfig-paths-plugin skipping request as it is an absolute path 
C:\Users\ALICEBELLA\Desktop\HMNQV2\app\components\ui\avatar
2025-08-31T23:32:57.395Z next:jsconfig-paths-plugin skipping request as it is an absolute path 
C:\Users\ALICEBELLA\Desktop\HMNQV2\app\components\ui\button
2025-08-31T23:32:57.395Z next:jsconfig-paths-plugin skipping request as it is an absolute path 
C:\Users\ALICEBELLA\Desktop\HMNQV2\app\components\ui\avatar
2025-08-31T23:32:57.397Z next:jsconfig-paths-plugin skipping request as it is an absolute path 
C:\Users\ALICEBELLA\Desktop\HMNQV2\app\components\ui\button
2025-08-31T23:32:57.397Z next:jsconfig-paths-plugin skipping request as it is an absolute path 
C:\Users\ALICEBELLA\Desktop\HMNQV2\app\components\ui\avatar
2025-08-31T23:32:57.401Z next:jsconfig-paths-plugin skipping request as it is an absolute path 
C:\Users\ALICEBELLA\Desktop\HMNQV2\app\components\ui\card
2025-08-31T23:32:57.401Z next:jsconfig-paths-plugin skipping request as it is an absolute path 
C:\Users\ALICEBELLA\Desktop\HMNQV2\app\components\ui\card
2025-08-31T23:32:57.401Z next:jsconfig-paths-plugin skipping request as it is an absolute path 
C:\Users\ALICEBELLA\Desktop\HMNQV2\app\components\ui\button
2025-08-31T23:32:57.401Z next:jsconfig-paths-plugin skipping request as it is an absolute path 
C:\Users\ALICEBELLA\Desktop\HMNQV2\app\components\ui\badge
2025-08-31T23:32:57.401Z next:jsconfig-paths-plugin skipping request as it is an absolute path 
C:\Users\ALICEBELLA\Desktop\HMNQV2\app\components\ui\badge
2025-08-31T23:32:57.401Z next:jsconfig-paths-plugin skipping request as it is an absolute path 
C:\Users\ALICEBELLA\Desktop\HMNQV2\app\components\ui\progress
2025-08-31T23:32:57.401Z next:jsconfig-paths-plugin skipping request as it is an absolute path 
C:\Users\ALICEBELLA\Desktop\HMNQV2\app\components\ui\select
2025-08-31T23:32:57.405Z next:jsconfig-paths-plugin skipping request as it is an absolute path 
C:\Users\ALICEBELLA\Desktop\HMNQV2\app\components\ui\card
2025-08-31T23:32:57.405Z next:jsconfig-paths-plugin skipping request as it is an absolute path 
C:\Users\ALICEBELLA\Desktop\HMNQV2\app\components\ui\card
2025-08-31T23:32:57.405Z next:jsconfig-paths-plugin skipping request as it is an absolute path 
C:\Users\ALICEBELLA\Desktop\HMNQV2\app\components\ui\button
2025-08-31T23:32:57.405Z next:jsconfig-paths-plugin skipping request as it is an absolute path 
C:\Users\ALICEBELLA\Desktop\HMNQV2\app\components\ui\badge
2025-08-31T23:32:57.405Z next:jsconfig-paths-plugin skipping request as it is an absolute path 
C:\Users\ALICEBELLA\Desktop\HMNQV2\app\components\ui\badge
2025-08-31T23:32:57.405Z next:jsconfig-paths-plugin skipping request as it is an absolute path 
C:\Users\ALICEBELLA\Desktop\HMNQV2\app\components\ui\progress
2025-08-31T23:32:57.405Z next:jsconfig-paths-plugin skipping request as it is an absolute path 
C:\Users\ALICEBELLA\Desktop\HMNQV2\app\components\ui\select
2025-08-31T23:32:57.412Z next:jsconfig-paths-plugin skipping request as it is an absolute path 
C:\Users\ALICEBELLA\Desktop\HMNQV2\app\components\ui\card
2025-08-31T23:32:57.412Z next:jsconfig-paths-plugin skipping request as it is an absolute path 
C:\Users\ALICEBELLA\Desktop\HMNQV2\app\components\ui\card
2025-08-31T23:32:57.412Z next:jsconfig-paths-plugin skipping request as it is an absolute path 
C:\Users\ALICEBELLA\Desktop\HMNQV2\app\components\ui\button
2025-08-31T23:32:57.412Z next:jsconfig-paths-plugin skipping request as it is an absolute path 
C:\Users\ALICEBELLA\Desktop\HMNQV2\app\components\ui\badge
2025-08-31T23:32:57.412Z next:jsconfig-paths-plugin skipping request as it is an absolute path 
C:\Users\ALICEBELLA\Desktop\HMNQV2\app\components\ui\badge
2025-08-31T23:32:57.412Z next:jsconfig-paths-plugin skipping request as it is an absolute path 
C:\Users\ALICEBELLA\Desktop\HMNQV2\app\components\ui\progress
2025-08-31T23:32:57.412Z next:jsconfig-paths-plugin skipping request as it is an absolute path 
C:\Users\ALICEBELLA\Desktop\HMNQV2\app\components\ui\select
2025-08-31T23:32:57.415Z next:jsconfig-paths-plugin skipping request as it is an absolute path 
C:\Users\ALICEBELLA\Desktop\HMNQV2\app\components\ui\card
2025-08-31T23:32:57.415Z next:jsconfig-paths-plugin skipping request as it is an absolute path 
C:\Users\ALICEBELLA\Desktop\HMNQV2\app\components\ui\card
2025-08-31T23:32:57.415Z next:jsconfig-paths-plugin skipping request as it is an absolute path 
C:\Users\ALICEBELLA\Desktop\HMNQV2\app\components\ui\button
2025-08-31T23:32:57.415Z next:jsconfig-paths-plugin skipping request as it is an absolute path 
C:\Users\ALICEBELLA\Desktop\HMNQV2\app\components\ui\badge
2025-08-31T23:32:57.415Z next:jsconfig-paths-plugin skipping request as it is an absolute path 
C:\Users\ALICEBELLA\Desktop\HMNQV2\app\components\ui\badge
2025-08-31T23:32:57.416Z next:jsconfig-paths-plugin skipping request as it is an absolute path 
C:\Users\ALICEBELLA\Desktop\HMNQV2\app\components\ui\progress
2025-08-31T23:32:57.416Z next:jsconfig-paths-plugin skipping request as it is an absolute path 
C:\Users\ALICEBELLA\Desktop\HMNQV2\app\components\ui\select
2025-08-31T23:32:57.437Z next:jsconfig-paths-plugin skipping request as it is an absolute path 
C:\Users\ALICEBELLA\Desktop\HMNQV2\app\components\ui\mini-chart
2025-08-31T23:32:57.438Z next:jsconfig-paths-plugin skipping request as it is an absolute path 
C:\Users\ALICEBELLA\Desktop\HMNQV2\app\components\ui\mini-chart
2025-08-31T23:32:57.574Z next:jsconfig-paths-plugin skipping request as it is inside node_modules 
./polar/Pie
2025-08-31T23:32:57.574Z next:jsconfig-paths-plugin skipping request as it is inside node_modules 
./polar/Pie
2025-08-31T23:32:57.576Z next:jsconfig-paths-plugin skipping request as it is inside node_modules 
./chart/PieChart
2025-08-31T23:32:57.576Z next:jsconfig-paths-plugin skipping request as it is inside node_modules 
./chart/PieChart
2025-08-31T23:32:57.577Z next:jsconfig-paths-plugin skipping request as it is inside node_modules 
./chart/LineChart
2025-08-31T23:32:57.578Z next:jsconfig-paths-plugin skipping request as it is inside node_modules 
./cartesian/CartesianGrid
2025-08-31T23:32:57.579Z next:jsconfig-paths-plugin skipping request as it is inside node_modules 
./cartesian/Line
2025-08-31T23:32:57.580Z next:jsconfig-paths-plugin skipping request as it is inside node_modules 
./cartesian/XAxis
2025-08-31T23:32:57.581Z next:jsconfig-paths-plugin skipping request as it is inside node_modules 
./cartesian/YAxis
2025-08-31T23:32:57.581Z next:jsconfig-paths-plugin skipping request as it is inside node_modules 
./component/Cell
2025-08-31T23:32:57.582Z next:jsconfig-paths-plugin skipping request as it is inside node_modules 
./component/Cell
2025-08-31T23:32:57.583Z next:jsconfig-paths-plugin skipping request as it is inside node_modules 
./component/Legend
2025-08-31T23:32:57.584Z next:jsconfig-paths-plugin skipping request as it is inside node_modules 
./component/ResponsiveContainer
2025-08-31T23:32:57.585Z next:jsconfig-paths-plugin skipping request as it is inside node_modules 
./component/ResponsiveContainer
2025-08-31T23:32:57.586Z next:jsconfig-paths-plugin skipping request as it is inside node_modules 
./component/Tooltip
2025-08-31T23:32:57.607Z next:jsconfig-paths-plugin skipping request as it is inside node_modules 
./component/Tooltip
2025-08-31T23:32:57.612Z next:jsconfig-paths-plugin skipping request as it is an absolute path 
C:\Users\ALICEBELLA\Desktop\HMNQV2\app\lib\utils
2025-08-31T23:32:57.613Z next:jsconfig-paths-plugin skipping request as it is an absolute path 
C:\Users\ALICEBELLA\Desktop\HMNQV2\app\lib\utils
2025-08-31T23:32:57.651Z next:jsconfig-paths-plugin skipping request as it is an absolute path 
C:\Users\ALICEBELLA\Desktop\HMNQV2\app\lib\utils
2025-08-31T23:32:57.651Z next:jsconfig-paths-plugin skipping request as it is an absolute path 
C:\Users\ALICEBELLA\Desktop\HMNQV2\app\lib\utils
2025-08-31T23:32:57.658Z next:jsconfig-paths-plugin skipping request as it is an absolute path 
C:\Users\ALICEBELLA\Desktop\HMNQV2\app\components\ui\button
2025-08-31T23:32:57.658Z next:jsconfig-paths-plugin skipping request as it is an absolute path 
C:\Users\ALICEBELLA\Desktop\HMNQV2\app\components\ui\badge
2025-08-31T23:32:57.658Z next:jsconfig-paths-plugin skipping request as it is an absolute path 
C:\Users\ALICEBELLA\Desktop\HMNQV2\app\lib\utils
2025-08-31T23:32:57.660Z next:jsconfig-paths-plugin skipping request as it is an absolute path 
C:\Users\ALICEBELLA\Desktop\HMNQV2\app\lib\utils
2025-08-31T23:32:57.660Z next:jsconfig-paths-plugin skipping request as it is an absolute path 
C:\Users\ALICEBELLA\Desktop\HMNQV2\app\components\ui\button
2025-08-31T23:32:57.660Z next:jsconfig-paths-plugin skipping request as it is an absolute path 
C:\Users\ALICEBELLA\Desktop\HMNQV2\app\components\ui\badge
2025-08-31T23:32:57.692Z next:jsconfig-paths-plugin skipping request as it is inside node_modules 
../shared/lib/image-external
2025-08-31T23:32:57.692Z next:jsconfig-paths-plugin skipping request as it is an absolute path 
C:\Users\ALICEBELLA\Desktop\HMNQV2\app\lib\utils
2025-08-31T23:32:57.692Z next:jsconfig-paths-plugin skipping request as it is an absolute path 
C:\Users\ALICEBELLA\Desktop\HMNQV2\app\components\ui\button
2025-08-31T23:32:57.692Z next:jsconfig-paths-plugin skipping request as it is an absolute path 
C:\Users\ALICEBELLA\Desktop\HMNQV2\app\components\ui\badge
2025-08-31T23:32:57.693Z next:jsconfig-paths-plugin skipping request as it is an absolute path 
C:\Users\ALICEBELLA\Desktop\HMNQV2\app\components\ui\button
2025-08-31T23:32:57.693Z next:jsconfig-paths-plugin skipping request as it is an absolute path 
C:\Users\ALICEBELLA\Desktop\HMNQV2\app\components\ui\badge
2025-08-31T23:32:57.693Z next:jsconfig-paths-plugin skipping request as it is an absolute path 
C:\Users\ALICEBELLA\Desktop\HMNQV2\app\lib\utils
2025-08-31T23:32:57.695Z next:jsconfig-paths-plugin skipping request as it is an absolute path 
C:\Users\ALICEBELLA\Desktop\HMNQV2\app\components\ui\card
2025-08-31T23:32:57.695Z next:jsconfig-paths-plugin skipping request as it is an absolute path 
C:\Users\ALICEBELLA\Desktop\HMNQV2\app\lib\test-categories
2025-08-31T23:32:57.695Z next:jsconfig-paths-plugin skipping request as it is an absolute path 
C:\Users\ALICEBELLA\Desktop\HMNQV2\app\lib\test-categories
2025-08-31T23:32:57.695Z next:jsconfig-paths-plugin skipping request as it is an absolute path 
C:\Users\ALICEBELLA\Desktop\HMNQV2\app\components\ui\card
2025-08-31T23:32:57.696Z next:jsconfig-paths-plugin skipping request as it is an absolute path 
C:\Users\ALICEBELLA\Desktop\HMNQV2\app\lib\test-categories
2025-08-31T23:32:57.696Z next:jsconfig-paths-plugin skipping request as it is an absolute path 
C:\Users\ALICEBELLA\Desktop\HMNQV2\app\components\ui\card
2025-08-31T23:32:57.696Z next:jsconfig-paths-plugin skipping request as it is an absolute path 
C:\Users\ALICEBELLA\Desktop\HMNQV2\app\lib\test-categories
2025-08-31T23:32:57.697Z next:jsconfig-paths-plugin skipping request as it is an absolute path 
C:\Users\ALICEBELLA\Desktop\HMNQV2\app\components\ui\card
2025-08-31T23:32:57.700Z next:jsconfig-paths-plugin skipping request as it is an absolute path 
C:\Users\ALICEBELLA\Desktop\HMNQV2\app\components\ui\button
2025-08-31T23:32:57.700Z next:jsconfig-paths-plugin skipping request as it is an absolute path 
C:\Users\ALICEBELLA\Desktop\HMNQV2\app\components\ui\dialog
2025-08-31T23:32:57.700Z next:jsconfig-paths-plugin skipping request as it is an absolute path 
C:\Users\ALICEBELLA\Desktop\HMNQV2\app\components\ui\input
2025-08-31T23:32:57.700Z next:jsconfig-paths-plugin skipping request as it is an absolute path 
C:\Users\ALICEBELLA\Desktop\HMNQV2\app\components\ui\label
2025-08-31T23:32:57.701Z next:jsconfig-paths-plugin skipping request as it is an absolute path 
C:\Users\ALICEBELLA\Desktop\HMNQV2\app\components\ui\textarea
2025-08-31T23:32:57.702Z next:jsconfig-paths-plugin skipping request as it is an absolute path 
C:\Users\ALICEBELLA\Desktop\HMNQV2\app\components\ui\button
2025-08-31T23:32:57.702Z next:jsconfig-paths-plugin skipping request as it is an absolute path 
C:\Users\ALICEBELLA\Desktop\HMNQV2\app\components\ui\dialog
2025-08-31T23:32:57.702Z next:jsconfig-paths-plugin skipping request as it is an absolute path 
C:\Users\ALICEBELLA\Desktop\HMNQV2\app\components\ui\input
2025-08-31T23:32:57.702Z next:jsconfig-paths-plugin skipping request as it is an absolute path 
C:\Users\ALICEBELLA\Desktop\HMNQV2\app\components\ui\label
2025-08-31T23:32:57.702Z next:jsconfig-paths-plugin skipping request as it is an absolute path 
C:\Users\ALICEBELLA\Desktop\HMNQV2\app\components\ui\textarea
2025-08-31T23:32:57.710Z next:jsconfig-paths-plugin skipping request as it is an absolute path 
C:\Users\ALICEBELLA\Desktop\HMNQV2\app\components\ui\button
2025-08-31T23:32:57.710Z next:jsconfig-paths-plugin skipping request as it is an absolute path 
C:\Users\ALICEBELLA\Desktop\HMNQV2\app\components\ui\dialog
2025-08-31T23:32:57.710Z next:jsconfig-paths-plugin skipping request as it is an absolute path 
C:\Users\ALICEBELLA\Desktop\HMNQV2\app\components\ui\input
2025-08-31T23:32:57.711Z next:jsconfig-paths-plugin skipping request as it is an absolute path 
C:\Users\ALICEBELLA\Desktop\HMNQV2\app\components\ui\label
2025-08-31T23:32:57.711Z next:jsconfig-paths-plugin skipping request as it is an absolute path 
C:\Users\ALICEBELLA\Desktop\HMNQV2\app\components\ui\textarea
2025-08-31T23:32:57.733Z next:jsconfig-paths-plugin skipping request as it is an absolute path 
C:\Users\ALICEBELLA\Desktop\HMNQV2\app\components\ui\button
2025-08-31T23:32:57.738Z next:jsconfig-paths-plugin skipping request as it is an absolute path 
C:\Users\ALICEBELLA\Desktop\HMNQV2\app\components\ui\dialog
2025-08-31T23:32:57.738Z next:jsconfig-paths-plugin skipping request as it is an absolute path 
C:\Users\ALICEBELLA\Desktop\HMNQV2\app\components\ui\input
2025-08-31T23:32:57.739Z next:jsconfig-paths-plugin skipping request as it is an absolute path 
C:\Users\ALICEBELLA\Desktop\HMNQV2\app\components\ui\label
2025-08-31T23:32:57.739Z next:jsconfig-paths-plugin skipping request as it is an absolute path 
C:\Users\ALICEBELLA\Desktop\HMNQV2\app\components\ui\textarea
2025-08-31T23:32:57.744Z next:jsconfig-paths-plugin skipping request as it is an absolute path 
C:\Users\ALICEBELLA\Desktop\HMNQV2\app\lib\utils
2025-08-31T23:32:57.744Z next:jsconfig-paths-plugin skipping request as it is an absolute path 
C:\Users\ALICEBELLA\Desktop\HMNQV2\app\lib\utils
2025-08-31T23:32:57.745Z next:jsconfig-paths-plugin skipping request as it is an absolute path 
C:\Users\ALICEBELLA\Desktop\HMNQV2\app\lib\utils
2025-08-31T23:32:57.745Z next:jsconfig-paths-plugin skipping request as it is an absolute path 
C:\Users\ALICEBELLA\Desktop\HMNQV2\app\lib\utils
2025-08-31T23:32:57.776Z next:jsconfig-paths-plugin skipping request as it is an absolute path 
C:\Users\ALICEBELLA\Desktop\HMNQV2\app\lib\utils
2025-08-31T23:32:57.776Z next:jsconfig-paths-plugin skipping request as it is an absolute path 
C:\Users\ALICEBELLA\Desktop\HMNQV2\app\lib\utils
2025-08-31T23:32:57.777Z next:jsconfig-paths-plugin skipping request as it is an absolute path 
C:\Users\ALICEBELLA\Desktop\HMNQV2\app\lib\utils
2025-08-31T23:32:57.777Z next:jsconfig-paths-plugin skipping request as it is an absolute path 
C:\Users\ALICEBELLA\Desktop\HMNQV2\app\lib\utils
2025-08-31T23:32:57.795Z next:jsconfig-paths-plugin moduleName did not match any paths pattern 
styled-jsx/style
2025-08-31T23:32:57.795Z next:jsconfig-paths-plugin skipping request as it is an absolute path 
C:\Users\ALICEBELLA\Desktop\HMNQV2\app\components\ui\card
2025-08-31T23:32:57.795Z next:jsconfig-paths-plugin skipping request as it is an absolute path 
C:\Users\ALICEBELLA\Desktop\HMNQV2\app\components\ui\badge
2025-08-31T23:32:57.796Z next:jsconfig-paths-plugin moduleName did not match any paths pattern 
styled-jsx/style
2025-08-31T23:32:57.796Z next:jsconfig-paths-plugin skipping request as it is an absolute path 
C:\Users\ALICEBELLA\Desktop\HMNQV2\app\components\ui\card
2025-08-31T23:32:57.796Z next:jsconfig-paths-plugin skipping request as it is an absolute path 
C:\Users\ALICEBELLA\Desktop\HMNQV2\app\components\ui\badge
2025-08-31T23:32:57.819Z next:jsconfig-paths-plugin skipping request as it is an absolute path 
C:\Users\ALICEBELLA\Desktop\HMNQV2\app\components\ui\card
2025-08-31T23:32:57.819Z next:jsconfig-paths-plugin skipping request as it is an absolute path 
C:\Users\ALICEBELLA\Desktop\HMNQV2\app\components\ui\badge
2025-08-31T23:32:57.820Z next:jsconfig-paths-plugin skipping request as it is an absolute path 
C:\Users\ALICEBELLA\Desktop\HMNQV2\app\components\ui\card
2025-08-31T23:32:57.820Z next:jsconfig-paths-plugin skipping request as it is an absolute path 
C:\Users\ALICEBELLA\Desktop\HMNQV2\app\components\ui\badge
2025-08-31T23:32:57.822Z next:jsconfig-paths-plugin skipping request as it is an absolute path 
C:\Users\ALICEBELLA\Desktop\HMNQV2\app\hooks\use-toast
2025-08-31T23:32:57.822Z next:jsconfig-paths-plugin skipping request as it is an absolute path 
C:\Users\ALICEBELLA\Desktop\HMNQV2\app\components\ui\separator
2025-08-31T23:32:57.822Z next:jsconfig-paths-plugin skipping request as it is an absolute path 
C:\Users\ALICEBELLA\Desktop\HMNQV2\app\data\enneagram-subtypes
2025-08-31T23:32:57.823Z next:jsconfig-paths-plugin skipping request as it is an absolute path 
C:\Users\ALICEBELLA\Desktop\HMNQV2\app\hooks\use-toast
2025-08-31T23:32:57.823Z next:jsconfig-paths-plugin skipping request as it is an absolute path 
C:\Users\ALICEBELLA\Desktop\HMNQV2\app\data\enneagram-subtypes
2025-08-31T23:32:57.823Z next:jsconfig-paths-plugin skipping request as it is an absolute path 
C:\Users\ALICEBELLA\Desktop\HMNQV2\app\components\ui\separator
2025-08-31T23:32:57.825Z next:jsconfig-paths-plugin skipping request as it is an absolute path 
C:\Users\ALICEBELLA\Desktop\HMNQV2\app\hooks\use-toast
2025-08-31T23:32:57.825Z next:jsconfig-paths-plugin skipping request as it is an absolute path 
C:\Users\ALICEBELLA\Desktop\HMNQV2\app\data\enneagram-subtypes
2025-08-31T23:32:57.825Z next:jsconfig-paths-plugin skipping request as it is an absolute path 
C:\Users\ALICEBELLA\Desktop\HMNQV2\app\components\ui\separator
2025-08-31T23:32:57.826Z next:jsconfig-paths-plugin skipping request as it is an absolute path 
C:\Users\ALICEBELLA\Desktop\HMNQV2\app\hooks\use-toast
2025-08-31T23:32:57.826Z next:jsconfig-paths-plugin skipping request as it is an absolute path 
C:\Users\ALICEBELLA\Desktop\HMNQV2\app\data\enneagram-subtypes
2025-08-31T23:32:57.827Z next:jsconfig-paths-plugin skipping request as it is an absolute path 
C:\Users\ALICEBELLA\Desktop\HMNQV2\app\components\ui\separator
2025-08-31T23:32:57.828Z next:jsconfig-paths-plugin skipping request as it is inside node_modules 
../shared/lib/image-external
2025-08-31T23:32:57.835Z next:jsconfig-paths-plugin skipping request as it is inside node_modules 
./cartesian/CartesianGrid
2025-08-31T23:32:57.835Z next:jsconfig-paths-plugin skipping request as it is inside node_modules 
./component/ResponsiveContainer
2025-08-31T23:32:57.835Z next:jsconfig-paths-plugin skipping request as it is inside node_modules 
./component/Tooltip
2025-08-31T23:32:57.835Z next:jsconfig-paths-plugin skipping request as it is inside node_modules 
./cartesian/XAxis
2025-08-31T23:32:57.835Z next:jsconfig-paths-plugin skipping request as it is inside node_modules 
./cartesian/YAxis
2025-08-31T23:32:57.835Z next:jsconfig-paths-plugin skipping request as it is inside node_modules 
./component/ResponsiveContainer
2025-08-31T23:32:57.835Z next:jsconfig-paths-plugin skipping request as it is inside node_modules 
./cartesian/CartesianGrid
2025-08-31T23:32:57.835Z next:jsconfig-paths-plugin skipping request as it is inside node_modules 
./component/ResponsiveContainer
2025-08-31T23:32:57.835Z next:jsconfig-paths-plugin skipping request as it is inside node_modules 
./component/Tooltip
2025-08-31T23:32:57.835Z next:jsconfig-paths-plugin skipping request as it is inside node_modules 
./cartesian/XAxis
2025-08-31T23:32:57.835Z next:jsconfig-paths-plugin skipping request as it is inside node_modules 
./cartesian/YAxis
2025-08-31T23:32:57.835Z next:jsconfig-paths-plugin skipping request as it is inside node_modules 
./component/ResponsiveContainer
2025-08-31T23:32:57.841Z next:jsconfig-paths-plugin skipping request as it is inside node_modules 
./cartesian/Bar
2025-08-31T23:32:57.841Z next:jsconfig-paths-plugin skipping request as it is inside node_modules 
./chart/BarChart
2025-08-31T23:32:57.841Z next:jsconfig-paths-plugin skipping request as it is inside node_modules 
./polar/PolarAngleAxis
2025-08-31T23:32:57.841Z next:jsconfig-paths-plugin skipping request as it is inside node_modules 
./polar/PolarAngleAxis
2025-08-31T23:32:57.841Z next:jsconfig-paths-plugin skipping request as it is inside node_modules 
./polar/PolarGrid
2025-08-31T23:32:57.841Z next:jsconfig-paths-plugin skipping request as it is inside node_modules 
./polar/PolarGrid
2025-08-31T23:32:57.841Z next:jsconfig-paths-plugin skipping request as it is inside node_modules 
./polar/PolarRadiusAxis
2025-08-31T23:32:57.841Z next:jsconfig-paths-plugin skipping request as it is inside node_modules 
./polar/PolarRadiusAxis
2025-08-31T23:32:57.841Z next:jsconfig-paths-plugin skipping request as it is inside node_modules 
./polar/Radar
2025-08-31T23:32:57.841Z next:jsconfig-paths-plugin skipping request as it is inside node_modules 
./polar/Radar
2025-08-31T23:32:57.841Z next:jsconfig-paths-plugin skipping request as it is inside node_modules 
./chart/RadarChart
2025-08-31T23:32:57.841Z next:jsconfig-paths-plugin skipping request as it is inside node_modules 
./chart/RadarChart
2025-08-31T23:32:57.842Z next:jsconfig-paths-plugin skipping request as it is inside node_modules 
./chart/BarChart
2025-08-31T23:32:57.842Z next:jsconfig-paths-plugin skipping request as it is inside node_modules 
./cartesian/Bar
2025-08-31T23:32:57.843Z next:jsconfig-paths-plugin skipping request as it is inside node_modules 
./polar/PolarGrid
2025-08-31T23:32:57.843Z next:jsconfig-paths-plugin skipping request as it is inside node_modules 
./polar/PolarGrid
2025-08-31T23:32:57.843Z next:jsconfig-paths-plugin skipping request as it is inside node_modules 
./polar/PolarAngleAxis
2025-08-31T23:32:57.843Z next:jsconfig-paths-plugin skipping request as it is inside node_modules 
./polar/PolarAngleAxis
2025-08-31T23:32:57.844Z next:jsconfig-paths-plugin skipping request as it is inside node_modules 
./polar/PolarRadiusAxis
2025-08-31T23:32:57.844Z next:jsconfig-paths-plugin skipping request as it is inside node_modules 
./polar/PolarRadiusAxis
2025-08-31T23:32:57.845Z next:jsconfig-paths-plugin skipping request as it is inside node_modules 
./polar/Radar
2025-08-31T23:32:57.845Z next:jsconfig-paths-plugin skipping request as it is inside node_modules 
./polar/Radar
2025-08-31T23:32:57.846Z next:jsconfig-paths-plugin skipping request as it is inside node_modules 
./chart/RadarChart
2025-08-31T23:32:57.847Z next:jsconfig-paths-plugin skipping request as it is inside node_modules 
./chart/RadarChart
2025-08-31T23:32:57.850Z next:jsconfig-paths-plugin skipping request as it is an absolute path 
C:\Users\ALICEBELLA\Desktop\HMNQV2\app\components\ui\card
2025-08-31T23:32:57.850Z next:jsconfig-paths-plugin skipping request as it is an absolute path 
C:\Users\ALICEBELLA\Desktop\HMNQV2\app\components\ui\card
2025-08-31T23:32:57.850Z next:jsconfig-paths-plugin skipping request as it is an absolute path 
C:\Users\ALICEBELLA\Desktop\HMNQV2\app\components\ui\card
2025-08-31T23:32:57.850Z next:jsconfig-paths-plugin skipping request as it is an absolute path 
C:\Users\ALICEBELLA\Desktop\HMNQV2\app\components\ui\button
2025-08-31T23:32:57.850Z next:jsconfig-paths-plugin skipping request as it is an absolute path 
C:\Users\ALICEBELLA\Desktop\HMNQV2\app\components\ui\button
2025-08-31T23:32:57.851Z next:jsconfig-paths-plugin skipping request as it is an absolute path 
C:\Users\ALICEBELLA\Desktop\HMNQV2\app\components\ui\card
2025-08-31T23:32:57.851Z next:jsconfig-paths-plugin skipping request as it is an absolute path 
C:\Users\ALICEBELLA\Desktop\HMNQV2\app\components\ui\card
2025-08-31T23:32:57.851Z next:jsconfig-paths-plugin skipping request as it is an absolute path 
C:\Users\ALICEBELLA\Desktop\HMNQV2\app\components\ui\card
2025-08-31T23:32:57.851Z next:jsconfig-paths-plugin skipping request as it is an absolute path 
C:\Users\ALICEBELLA\Desktop\HMNQV2\app\components\ui\button
2025-08-31T23:32:57.851Z next:jsconfig-paths-plugin skipping request as it is an absolute path 
C:\Users\ALICEBELLA\Desktop\HMNQV2\app\components\ui\button
2025-08-31T23:32:57.853Z next:jsconfig-paths-plugin skipping request as it is an absolute path 
C:\Users\ALICEBELLA\Desktop\HMNQV2\app\components\ui\card
2025-08-31T23:32:57.853Z next:jsconfig-paths-plugin skipping request as it is an absolute path 
C:\Users\ALICEBELLA\Desktop\HMNQV2\app\components\ui\card
2025-08-31T23:32:57.853Z next:jsconfig-paths-plugin skipping request as it is an absolute path 
C:\Users\ALICEBELLA\Desktop\HMNQV2\app\components\ui\card
2025-08-31T23:32:57.853Z next:jsconfig-paths-plugin skipping request as it is an absolute path 
C:\Users\ALICEBELLA\Desktop\HMNQV2\app\components\ui\button
2025-08-31T23:32:57.854Z next:jsconfig-paths-plugin skipping request as it is an absolute path 
C:\Users\ALICEBELLA\Desktop\HMNQV2\app\components\ui\button
2025-08-31T23:32:57.855Z next:jsconfig-paths-plugin skipping request as it is an absolute path 
C:\Users\ALICEBELLA\Desktop\HMNQV2\app\components\ui\card
2025-08-31T23:32:57.855Z next:jsconfig-paths-plugin skipping request as it is an absolute path 
C:\Users\ALICEBELLA\Desktop\HMNQV2\app\components\ui\card
2025-08-31T23:32:57.855Z next:jsconfig-paths-plugin skipping request as it is an absolute path 
C:\Users\ALICEBELLA\Desktop\HMNQV2\app\components\ui\card
2025-08-31T23:32:57.855Z next:jsconfig-paths-plugin skipping request as it is an absolute path 
C:\Users\ALICEBELLA\Desktop\HMNQV2\app\components\ui\button
2025-08-31T23:32:57.855Z next:jsconfig-paths-plugin skipping request as it is an absolute path 
C:\Users\ALICEBELLA\Desktop\HMNQV2\app\components\ui\button
2025-08-31T23:32:57.857Z next:jsconfig-paths-plugin skipping request as it is an absolute path 
C:\Users\ALICEBELLA\Desktop\HMNQV2\app\components\ui\dropdown-menu
2025-08-31T23:32:57.857Z next:jsconfig-paths-plugin skipping request as it is an absolute path 
C:\Users\ALICEBELLA\Desktop\HMNQV2\app\components\ui\dropdown-menu
2025-08-31T23:32:57.907Z next:jsconfig-paths-plugin moduleName did not match any paths pattern 
react-server-dom-webpack/client.edge
2025-08-31T23:32:57.907Z next:jsconfig-paths-plugin moduleName did not match any paths pattern 
react-server-dom-webpack/client.edge
2025-08-31T23:32:57.916Z next:jsconfig-paths-plugin skipping request as it is an absolute path 
C:\Users\ALICEBELLA\Desktop\HMNQV2\app\components\ui\dropdown-menu
2025-08-31T23:32:57.918Z next:jsconfig-paths-plugin skipping request as it is an absolute path 
C:\Users\ALICEBELLA\Desktop\HMNQV2\app\components\ui\dropdown-menu
2025-08-31T23:32:57.948Z next:jsconfig-paths-plugin skipping request as it is an absolute path 
C:\Users\ALICEBELLA\Desktop\HMNQV2\app\components\ui\button
2025-08-31T23:32:57.948Z next:jsconfig-paths-plugin skipping request as it is an absolute path 
C:\Users\ALICEBELLA\Desktop\HMNQV2\app\components\ui\badge
2025-08-31T23:32:57.949Z next:jsconfig-paths-plugin skipping request as it is an absolute path 
C:\Users\ALICEBELLA\Desktop\HMNQV2\app\components\ui\button
2025-08-31T23:32:57.949Z next:jsconfig-paths-plugin skipping request as it is an absolute path 
C:\Users\ALICEBELLA\Desktop\HMNQV2\app\components\ui\badge
2025-08-31T23:32:57.950Z next:jsconfig-paths-plugin skipping request as it is an absolute path 
C:\Users\ALICEBELLA\Desktop\HMNQV2\app\components\ui\button
2025-08-31T23:32:57.950Z next:jsconfig-paths-plugin skipping request as it is an absolute path 
C:\Users\ALICEBELLA\Desktop\HMNQV2\app\components\ui\badge
2025-08-31T23:32:57.951Z next:jsconfig-paths-plugin skipping request as it is an absolute path 
C:\Users\ALICEBELLA\Desktop\HMNQV2\app\components\ui\button
2025-08-31T23:32:57.951Z next:jsconfig-paths-plugin skipping request as it is an absolute path 
C:\Users\ALICEBELLA\Desktop\HMNQV2\app\components\ui\badge
2025-08-31T23:32:57.960Z next:jsconfig-paths-plugin skipping request as it is an absolute path 
C:\Users\ALICEBELLA\Desktop\HMNQV2\app\components\ui\badge
2025-08-31T23:32:57.960Z next:jsconfig-paths-plugin skipping request as it is an absolute path 
C:\Users\ALICEBELLA\Desktop\HMNQV2\app\components\ui\button
2025-08-31T23:32:57.961Z next:jsconfig-paths-plugin skipping request as it is an absolute path 
C:\Users\ALICEBELLA\Desktop\HMNQV2\app\components\ui\badge
2025-08-31T23:32:57.961Z next:jsconfig-paths-plugin skipping request as it is an absolute path 
C:\Users\ALICEBELLA\Desktop\HMNQV2\app\components\ui\button
2025-08-31T23:32:57.975Z next:jsconfig-paths-plugin skipping request as it is an absolute path 
C:\Users\ALICEBELLA\Desktop\HMNQV2\app\components\ui\badge
2025-08-31T23:32:57.975Z next:jsconfig-paths-plugin skipping request as it is an absolute path 
C:\Users\ALICEBELLA\Desktop\HMNQV2\app\components\ui\button
2025-08-31T23:32:57.977Z next:jsconfig-paths-plugin skipping request as it is an absolute path 
C:\Users\ALICEBELLA\Desktop\HMNQV2\app\components\ui\badge
2025-08-31T23:32:57.977Z next:jsconfig-paths-plugin skipping request as it is an absolute path 
C:\Users\ALICEBELLA\Desktop\HMNQV2\app\components\ui\button
2025-08-31T23:32:57.978Z next:jsconfig-paths-plugin skipping request as it is an absolute path 
C:\Users\ALICEBELLA\Desktop\HMNQV2\app\components\ui\card
2025-08-31T23:32:57.979Z next:jsconfig-paths-plugin skipping request as it is an absolute path 
C:\Users\ALICEBELLA\Desktop\HMNQV2\app\components\ui\card
2025-08-31T23:32:57.980Z next:jsconfig-paths-plugin skipping request as it is an absolute path 
C:\Users\ALICEBELLA\Desktop\HMNQV2\app\components\ui\card
2025-08-31T23:32:57.980Z next:jsconfig-paths-plugin skipping request as it is an absolute path 
C:\Users\ALICEBELLA\Desktop\HMNQV2\app\components\ui\card
2025-08-31T23:32:58.000Z next:jsconfig-paths-plugin skipping request as it is an absolute path 
C:\Users\ALICEBELLA\Desktop\HMNQV2\app\components\ui\card
2025-08-31T23:32:58.000Z next:jsconfig-paths-plugin skipping request as it is an absolute path 
C:\Users\ALICEBELLA\Desktop\HMNQV2\app\components\ui\badge
2025-08-31T23:32:58.000Z next:jsconfig-paths-plugin skipping request as it is an absolute path 
C:\Users\ALICEBELLA\Desktop\HMNQV2\app\components\ui\button
2025-08-31T23:32:58.000Z next:jsconfig-paths-plugin skipping request as it is an absolute path 
C:\Users\ALICEBELLA\Desktop\HMNQV2\app\lib\utils
2025-08-31T23:32:58.000Z next:jsconfig-paths-plugin skipping request as it is an absolute path 
C:\Users\ALICEBELLA\Desktop\HMNQV2\app\components\ui\card
2025-08-31T23:32:58.000Z next:jsconfig-paths-plugin skipping request as it is an absolute path 
C:\Users\ALICEBELLA\Desktop\HMNQV2\app\components\ui\badge
2025-08-31T23:32:58.000Z next:jsconfig-paths-plugin skipping request as it is an absolute path 
C:\Users\ALICEBELLA\Desktop\HMNQV2\app\components\ui\button
2025-08-31T23:32:58.000Z next:jsconfig-paths-plugin skipping request as it is an absolute path 
C:\Users\ALICEBELLA\Desktop\HMNQV2\app\lib\utils
2025-08-31T23:32:58.000Z next:jsconfig-paths-plugin skipping request as it is an absolute path 
C:\Users\ALICEBELLA\Desktop\HMNQV2\app\components\ui\button
2025-08-31T23:32:58.000Z next:jsconfig-paths-plugin skipping request as it is an absolute path 
C:\Users\ALICEBELLA\Desktop\HMNQV2\app\components\ui\card
2025-08-31T23:32:58.000Z next:jsconfig-paths-plugin skipping request as it is an absolute path 
C:\Users\ALICEBELLA\Desktop\HMNQV2\app\components\ui\badge
2025-08-31T23:32:58.003Z next:jsconfig-paths-plugin skipping request as it is an absolute path 
C:\Users\ALICEBELLA\Desktop\HMNQV2\app\lib\utils
2025-08-31T23:32:58.003Z next:jsconfig-paths-plugin skipping request as it is an absolute path 
C:\Users\ALICEBELLA\Desktop\HMNQV2\app\lib\utils
2025-08-31T23:32:58.003Z next:jsconfig-paths-plugin skipping request as it is an absolute path 
C:\Users\ALICEBELLA\Desktop\HMNQV2\app\components\ui\card
2025-08-31T23:32:58.003Z next:jsconfig-paths-plugin skipping request as it is an absolute path 
C:\Users\ALICEBELLA\Desktop\HMNQV2\app\components\ui\badge
2025-08-31T23:32:58.004Z next:jsconfig-paths-plugin skipping request as it is an absolute path 
C:\Users\ALICEBELLA\Desktop\HMNQV2\app\components\ui\button
2025-08-31T23:32:58.004Z next:jsconfig-paths-plugin skipping request as it is an absolute path 
C:\Users\ALICEBELLA\Desktop\HMNQV2\app\components\ui\card
2025-08-31T23:32:58.004Z next:jsconfig-paths-plugin skipping request as it is an absolute path 
C:\Users\ALICEBELLA\Desktop\HMNQV2\app\components\ui\badge
2025-08-31T23:32:58.004Z next:jsconfig-paths-plugin skipping request as it is an absolute path 
C:\Users\ALICEBELLA\Desktop\HMNQV2\app\components\ui\button
2025-08-31T23:32:58.004Z next:jsconfig-paths-plugin skipping request as it is an absolute path 
C:\Users\ALICEBELLA\Desktop\HMNQV2\app\components\ui\button
2025-08-31T23:32:58.004Z next:jsconfig-paths-plugin skipping request as it is an absolute path 
C:\Users\ALICEBELLA\Desktop\HMNQV2\app\components\ui\card
2025-08-31T23:32:58.004Z next:jsconfig-paths-plugin skipping request as it is an absolute path 
C:\Users\ALICEBELLA\Desktop\HMNQV2\app\components\ui\badge
2025-08-31T23:32:58.020Z next:jsconfig-paths-plugin skipping request as it is an absolute path 
C:\Users\ALICEBELLA\Desktop\HMNQV2\app\lib\utils
2025-08-31T23:32:58.020Z next:jsconfig-paths-plugin skipping request as it is an absolute path 
C:\Users\ALICEBELLA\Desktop\HMNQV2\app\lib\utils
2025-08-31T23:32:58.020Z next:jsconfig-paths-plugin skipping request as it is an absolute path 
C:\Users\ALICEBELLA\Desktop\HMNQV2\app\components\ui\card
2025-08-31T23:32:58.020Z next:jsconfig-paths-plugin skipping request as it is an absolute path 
C:\Users\ALICEBELLA\Desktop\HMNQV2\app\components\ui\badge
2025-08-31T23:32:58.020Z next:jsconfig-paths-plugin skipping request as it is an absolute path 
C:\Users\ALICEBELLA\Desktop\HMNQV2\app\components\ui\button
2025-08-31T23:32:58.020Z next:jsconfig-paths-plugin skipping request as it is an absolute path 
C:\Users\ALICEBELLA\Desktop\HMNQV2\app\components\ui\card
2025-08-31T23:32:58.020Z next:jsconfig-paths-plugin skipping request as it is an absolute path 
C:\Users\ALICEBELLA\Desktop\HMNQV2\app\components\ui\badge
2025-08-31T23:32:58.020Z next:jsconfig-paths-plugin skipping request as it is an absolute path 
C:\Users\ALICEBELLA\Desktop\HMNQV2\app\components\ui\button
2025-08-31T23:32:58.020Z next:jsconfig-paths-plugin skipping request as it is an absolute path 
C:\Users\ALICEBELLA\Desktop\HMNQV2\app\components\ui\button
2025-08-31T23:32:58.020Z next:jsconfig-paths-plugin skipping request as it is an absolute path 
C:\Users\ALICEBELLA\Desktop\HMNQV2\app\components\ui\card
2025-08-31T23:32:58.021Z next:jsconfig-paths-plugin skipping request as it is an absolute path 
C:\Users\ALICEBELLA\Desktop\HMNQV2\app\components\ui\badge
2025-08-31T23:32:58.028Z next:jsconfig-paths-plugin skipping request as it is an absolute path 
C:\Users\ALICEBELLA\Desktop\HMNQV2\app\components\ui\card
2025-08-31T23:32:58.028Z next:jsconfig-paths-plugin skipping request as it is an absolute path 
C:\Users\ALICEBELLA\Desktop\HMNQV2\app\components\ui\badge
2025-08-31T23:32:58.028Z next:jsconfig-paths-plugin skipping request as it is an absolute path 
C:\Users\ALICEBELLA\Desktop\HMNQV2\app\components\ui\button
2025-08-31T23:32:58.028Z next:jsconfig-paths-plugin skipping request as it is an absolute path 
C:\Users\ALICEBELLA\Desktop\HMNQV2\app\components\ui\card
2025-08-31T23:32:58.028Z next:jsconfig-paths-plugin skipping request as it is an absolute path 
C:\Users\ALICEBELLA\Desktop\HMNQV2\app\components\ui\badge
2025-08-31T23:32:58.029Z next:jsconfig-paths-plugin skipping request as it is an absolute path 
C:\Users\ALICEBELLA\Desktop\HMNQV2\app\components\ui\button
2025-08-31T23:32:58.029Z next:jsconfig-paths-plugin skipping request as it is an absolute path 
C:\Users\ALICEBELLA\Desktop\HMNQV2\app\components\ui\button
2025-08-31T23:32:58.029Z next:jsconfig-paths-plugin skipping request as it is an absolute path 
C:\Users\ALICEBELLA\Desktop\HMNQV2\app\components\ui\card
2025-08-31T23:32:58.029Z next:jsconfig-paths-plugin skipping request as it is an absolute path 
C:\Users\ALICEBELLA\Desktop\HMNQV2\app\components\ui\badge
2025-08-31T23:32:58.030Z next:jsconfig-paths-plugin skipping request as it is an absolute path 
C:\Users\ALICEBELLA\Desktop\HMNQV2\app\lib\utils
2025-08-31T23:32:58.030Z next:jsconfig-paths-plugin skipping request as it is an absolute path 
C:\Users\ALICEBELLA\Desktop\HMNQV2\app\lib\utils
2025-08-31T23:32:58.034Z next:jsconfig-paths-plugin skipping request as it is an absolute path 
C:\Users\ALICEBELLA\Desktop\HMNQV2\app\components\ui\progress
2025-08-31T23:32:58.034Z next:jsconfig-paths-plugin skipping request as it is an absolute path 
C:\Users\ALICEBELLA\Desktop\HMNQV2\app\components\ui\separator
2025-08-31T23:32:58.035Z next:jsconfig-paths-plugin skipping request as it is an absolute path 
C:\Users\ALICEBELLA\Desktop\HMNQV2\app\components\ui\progress
2025-08-31T23:32:58.035Z next:jsconfig-paths-plugin skipping request as it is an absolute path 
C:\Users\ALICEBELLA\Desktop\HMNQV2\app\components\ui\separator
2025-08-31T23:32:58.037Z next:jsconfig-paths-plugin skipping request as it is an absolute path 
C:\Users\ALICEBELLA\Desktop\HMNQV2\app\components\ui\progress
2025-08-31T23:32:58.037Z next:jsconfig-paths-plugin skipping request as it is an absolute path 
C:\Users\ALICEBELLA\Desktop\HMNQV2\app\components\ui\separator
2025-08-31T23:32:58.037Z next:jsconfig-paths-plugin skipping request as it is an absolute path 
C:\Users\ALICEBELLA\Desktop\HMNQV2\app\components\ui\progress
2025-08-31T23:32:58.037Z next:jsconfig-paths-plugin skipping request as it is an absolute path 
C:\Users\ALICEBELLA\Desktop\HMNQV2\app\components\ui\separator
2025-08-31T23:32:58.041Z next:jsconfig-paths-plugin skipping request as it is an absolute path 
C:\Users\ALICEBELLA\Desktop\HMNQV2\app\lib\utils
2025-08-31T23:32:58.041Z next:jsconfig-paths-plugin skipping request as it is an absolute path 
C:\Users\ALICEBELLA\Desktop\HMNQV2\app\components\ui\button
2025-08-31T23:32:58.041Z next:jsconfig-paths-plugin skipping request as it is an absolute path 
C:\Users\ALICEBELLA\Desktop\HMNQV2\app\components\ui\card
2025-08-31T23:32:58.041Z next:jsconfig-paths-plugin skipping request as it is an absolute path 
C:\Users\ALICEBELLA\Desktop\HMNQV2\app\components\ui\badge
2025-08-31T23:32:58.042Z next:jsconfig-paths-plugin skipping request as it is an absolute path 
C:\Users\ALICEBELLA\Desktop\HMNQV2\app\lib\utils
2025-08-31T23:32:58.042Z next:jsconfig-paths-plugin skipping request as it is an absolute path 
C:\Users\ALICEBELLA\Desktop\HMNQV2\app\components\ui\button
2025-08-31T23:32:58.042Z next:jsconfig-paths-plugin skipping request as it is an absolute path 
C:\Users\ALICEBELLA\Desktop\HMNQV2\app\components\ui\card
2025-08-31T23:32:58.042Z next:jsconfig-paths-plugin skipping request as it is an absolute path 
C:\Users\ALICEBELLA\Desktop\HMNQV2\app\components\ui\badge
2025-08-31T23:32:58.055Z next:jsconfig-paths-plugin skipping request as it is an absolute path 
C:\Users\ALICEBELLA\Desktop\HMNQV2\app\lib\utils
2025-08-31T23:32:58.055Z next:jsconfig-paths-plugin skipping request as it is an absolute path 
C:\Users\ALICEBELLA\Desktop\HMNQV2\app\components\ui\button
2025-08-31T23:32:58.055Z next:jsconfig-paths-plugin skipping request as it is an absolute path 
C:\Users\ALICEBELLA\Desktop\HMNQV2\app\components\ui\card
2025-08-31T23:32:58.055Z next:jsconfig-paths-plugin skipping request as it is an absolute path 
C:\Users\ALICEBELLA\Desktop\HMNQV2\app\components\ui\badge
2025-08-31T23:32:58.057Z next:jsconfig-paths-plugin skipping request as it is an absolute path 
C:\Users\ALICEBELLA\Desktop\HMNQV2\app\components\ui\button
2025-08-31T23:32:58.057Z next:jsconfig-paths-plugin skipping request as it is an absolute path 
C:\Users\ALICEBELLA\Desktop\HMNQV2\app\components\ui\card
2025-08-31T23:32:58.057Z next:jsconfig-paths-plugin skipping request as it is an absolute path 
C:\Users\ALICEBELLA\Desktop\HMNQV2\app\components\ui\badge
2025-08-31T23:32:58.057Z next:jsconfig-paths-plugin skipping request as it is an absolute path 
C:\Users\ALICEBELLA\Desktop\HMNQV2\app\lib\utils
2025-08-31T23:32:58.062Z next:jsconfig-paths-plugin skipping request as it is an absolute path 
C:\Users\ALICEBELLA\Desktop\HMNQV2\app\components\ui\card
2025-08-31T23:32:58.063Z next:jsconfig-paths-plugin skipping request as it is an absolute path 
C:\Users\ALICEBELLA\Desktop\HMNQV2\app\components\ui\button
2025-08-31T23:32:58.063Z next:jsconfig-paths-plugin skipping request as it is an absolute path 
C:\Users\ALICEBELLA\Desktop\HMNQV2\app\lib\utils
2025-08-31T23:32:58.063Z next:jsconfig-paths-plugin skipping request as it is an absolute path 
C:\Users\ALICEBELLA\Desktop\HMNQV2\app\components\ui\card
2025-08-31T23:32:58.064Z next:jsconfig-paths-plugin skipping request as it is an absolute path 
C:\Users\ALICEBELLA\Desktop\HMNQV2\app\components\ui\button
2025-08-31T23:32:58.064Z next:jsconfig-paths-plugin skipping request as it is an absolute path 
C:\Users\ALICEBELLA\Desktop\HMNQV2\app\lib\utils
2025-08-31T23:32:58.082Z next:jsconfig-paths-plugin skipping request as it is an absolute path 
C:\Users\ALICEBELLA\Desktop\HMNQV2\app\components\ui\card
2025-08-31T23:32:58.082Z next:jsconfig-paths-plugin skipping request as it is an absolute path 
C:\Users\ALICEBELLA\Desktop\HMNQV2\app\components\ui\button
2025-08-31T23:32:58.082Z next:jsconfig-paths-plugin skipping request as it is an absolute path 
C:\Users\ALICEBELLA\Desktop\HMNQV2\app\lib\utils
2025-08-31T23:32:58.083Z next:jsconfig-paths-plugin skipping request as it is an absolute path 
C:\Users\ALICEBELLA\Desktop\HMNQV2\app\components\ui\card
2025-08-31T23:32:58.083Z next:jsconfig-paths-plugin skipping request as it is an absolute path 
C:\Users\ALICEBELLA\Desktop\HMNQV2\app\components\ui\button
2025-08-31T23:32:58.084Z next:jsconfig-paths-plugin skipping request as it is an absolute path 
C:\Users\ALICEBELLA\Desktop\HMNQV2\app\lib\utils
2025-08-31T23:32:58.101Z next:jsconfig-paths-plugin skipping request as it is an absolute path 
C:\Users\ALICEBELLA\Desktop\HMNQV2\app\components\ui\card
2025-08-31T23:32:58.101Z next:jsconfig-paths-plugin skipping request as it is an absolute path 
C:\Users\ALICEBELLA\Desktop\HMNQV2\app\components\ui\button
2025-08-31T23:32:58.101Z next:jsconfig-paths-plugin skipping request as it is an absolute path 
C:\Users\ALICEBELLA\Desktop\HMNQV2\app\components\ui\badge
2025-08-31T23:32:58.101Z next:jsconfig-paths-plugin skipping request as it is an absolute path 
C:\Users\ALICEBELLA\Desktop\HMNQV2\app\components\ui\select
2025-08-31T23:32:58.101Z next:jsconfig-paths-plugin skipping request as it is an absolute path 
C:\Users\ALICEBELLA\Desktop\HMNQV2\app\components\ui\card
2025-08-31T23:32:58.101Z next:jsconfig-paths-plugin skipping request as it is an absolute path 
C:\Users\ALICEBELLA\Desktop\HMNQV2\app\components\ui\badge
2025-08-31T23:32:58.101Z next:jsconfig-paths-plugin skipping request as it is an absolute path 
C:\Users\ALICEBELLA\Desktop\HMNQV2\app\components\ui\separator
2025-08-31T23:32:58.101Z next:jsconfig-paths-plugin skipping request as it is an absolute path 
C:\Users\ALICEBELLA\Desktop\HMNQV2\app\lib\utils
2025-08-31T23:32:58.101Z next:jsconfig-paths-plugin skipping request as it is an absolute path 
C:\Users\ALICEBELLA\Desktop\HMNQV2\app\lib\utils
2025-08-31T23:32:58.101Z next:jsconfig-paths-plugin skipping request as it is an absolute path 
C:\Users\ALICEBELLA\Desktop\HMNQV2\app\lib\utils
2025-08-31T23:32:58.102Z next:jsconfig-paths-plugin skipping request as it is an absolute path 
C:\Users\ALICEBELLA\Desktop\HMNQV2\app\components\ui\button
2025-08-31T23:32:58.102Z next:jsconfig-paths-plugin skipping request as it is an absolute path 
C:\Users\ALICEBELLA\Desktop\HMNQV2\app\components\ui\tabs
2025-08-31T23:32:58.104Z next:jsconfig-paths-plugin skipping request as it is an absolute path 
C:\Users\ALICEBELLA\Desktop\HMNQV2\app\components\ui\card
2025-08-31T23:32:58.104Z next:jsconfig-paths-plugin skipping request as it is an absolute path 
C:\Users\ALICEBELLA\Desktop\HMNQV2\app\components\ui\button
2025-08-31T23:32:58.104Z next:jsconfig-paths-plugin skipping request as it is an absolute path 
C:\Users\ALICEBELLA\Desktop\HMNQV2\app\components\ui\badge
2025-08-31T23:32:58.104Z next:jsconfig-paths-plugin skipping request as it is an absolute path 
C:\Users\ALICEBELLA\Desktop\HMNQV2\app\components\ui\select
2025-08-31T23:32:58.104Z next:jsconfig-paths-plugin skipping request as it is an absolute path 
C:\Users\ALICEBELLA\Desktop\HMNQV2\app\components\ui\card
2025-08-31T23:32:58.104Z next:jsconfig-paths-plugin skipping request as it is an absolute path 
C:\Users\ALICEBELLA\Desktop\HMNQV2\app\components\ui\badge
2025-08-31T23:32:58.104Z next:jsconfig-paths-plugin skipping request as it is an absolute path 
C:\Users\ALICEBELLA\Desktop\HMNQV2\app\components\ui\separator
2025-08-31T23:32:58.105Z next:jsconfig-paths-plugin skipping request as it is an absolute path 
C:\Users\ALICEBELLA\Desktop\HMNQV2\app\lib\utils
2025-08-31T23:32:58.105Z next:jsconfig-paths-plugin skipping request as it is an absolute path 
C:\Users\ALICEBELLA\Desktop\HMNQV2\app\lib\utils
2025-08-31T23:32:58.105Z next:jsconfig-paths-plugin skipping request as it is an absolute path 
C:\Users\ALICEBELLA\Desktop\HMNQV2\app\lib\utils
2025-08-31T23:32:58.106Z next:jsconfig-paths-plugin skipping request as it is an absolute path 
C:\Users\ALICEBELLA\Desktop\HMNQV2\app\components\ui\button
2025-08-31T23:32:58.106Z next:jsconfig-paths-plugin skipping request as it is an absolute path 
C:\Users\ALICEBELLA\Desktop\HMNQV2\app\components\ui\tabs
2025-08-31T23:32:58.119Z next:jsconfig-paths-plugin skipping request as it is an absolute path 
C:\Users\ALICEBELLA\Desktop\HMNQV2\app\components\ui\card
2025-08-31T23:32:58.120Z next:jsconfig-paths-plugin skipping request as it is an absolute path 
C:\Users\ALICEBELLA\Desktop\HMNQV2\app\components\ui\button
2025-08-31T23:32:58.120Z next:jsconfig-paths-plugin skipping request as it is an absolute path 
C:\Users\ALICEBELLA\Desktop\HMNQV2\app\components\ui\badge
2025-08-31T23:32:58.120Z next:jsconfig-paths-plugin skipping request as it is an absolute path 
C:\Users\ALICEBELLA\Desktop\HMNQV2\app\components\ui\select
2025-08-31T23:32:58.120Z next:jsconfig-paths-plugin skipping request as it is an absolute path 
C:\Users\ALICEBELLA\Desktop\HMNQV2\app\components\ui\card
2025-08-31T23:32:58.120Z next:jsconfig-paths-plugin skipping request as it is an absolute path 
C:\Users\ALICEBELLA\Desktop\HMNQV2\app\components\ui\badge
2025-08-31T23:32:58.120Z next:jsconfig-paths-plugin skipping request as it is an absolute path 
C:\Users\ALICEBELLA\Desktop\HMNQV2\app\components\ui\separator
2025-08-31T23:32:58.121Z next:jsconfig-paths-plugin skipping request as it is an absolute path 
C:\Users\ALICEBELLA\Desktop\HMNQV2\app\lib\utils
2025-08-31T23:32:58.121Z next:jsconfig-paths-plugin skipping request as it is an absolute path 
C:\Users\ALICEBELLA\Desktop\HMNQV2\app\lib\utils
2025-08-31T23:32:58.121Z next:jsconfig-paths-plugin skipping request as it is an absolute path 
C:\Users\ALICEBELLA\Desktop\HMNQV2\app\lib\utils
2025-08-31T23:32:58.123Z next:jsconfig-paths-plugin skipping request as it is an absolute path 
C:\Users\ALICEBELLA\Desktop\HMNQV2\app\components\ui\button
2025-08-31T23:32:58.123Z next:jsconfig-paths-plugin skipping request as it is an absolute path 
C:\Users\ALICEBELLA\Desktop\HMNQV2\app\components\ui\tabs
2025-08-31T23:32:58.127Z next:jsconfig-paths-plugin skipping request as it is an absolute path 
C:\Users\ALICEBELLA\Desktop\HMNQV2\app\components\ui\card
2025-08-31T23:32:58.128Z next:jsconfig-paths-plugin skipping request as it is an absolute path 
C:\Users\ALICEBELLA\Desktop\HMNQV2\app\components\ui\button
2025-08-31T23:32:58.128Z next:jsconfig-paths-plugin skipping request as it is an absolute path 
C:\Users\ALICEBELLA\Desktop\HMNQV2\app\components\ui\badge
2025-08-31T23:32:58.128Z next:jsconfig-paths-plugin skipping request as it is an absolute path 
C:\Users\ALICEBELLA\Desktop\HMNQV2\app\components\ui\select
2025-08-31T23:32:58.128Z next:jsconfig-paths-plugin skipping request as it is an absolute path 
C:\Users\ALICEBELLA\Desktop\HMNQV2\app\components\ui\card
2025-08-31T23:32:58.128Z next:jsconfig-paths-plugin skipping request as it is an absolute path 
C:\Users\ALICEBELLA\Desktop\HMNQV2\app\components\ui\badge
2025-08-31T23:32:58.128Z next:jsconfig-paths-plugin skipping request as it is an absolute path 
C:\Users\ALICEBELLA\Desktop\HMNQV2\app\components\ui\separator
2025-08-31T23:32:58.131Z next:jsconfig-paths-plugin skipping request as it is an absolute path 
C:\Users\ALICEBELLA\Desktop\HMNQV2\app\lib\utils
2025-08-31T23:32:58.131Z next:jsconfig-paths-plugin skipping request as it is an absolute path 
C:\Users\ALICEBELLA\Desktop\HMNQV2\app\lib\utils
2025-08-31T23:32:58.131Z next:jsconfig-paths-plugin skipping request as it is an absolute path 
C:\Users\ALICEBELLA\Desktop\HMNQV2\app\lib\utils
2025-08-31T23:32:58.132Z next:jsconfig-paths-plugin skipping request as it is an absolute path 
C:\Users\ALICEBELLA\Desktop\HMNQV2\app\components\ui\button
2025-08-31T23:32:58.132Z next:jsconfig-paths-plugin skipping request as it is an absolute path 
C:\Users\ALICEBELLA\Desktop\HMNQV2\app\components\ui\tabs
2025-08-31T23:32:58.137Z next:jsconfig-paths-plugin skipping request as it is an absolute path 
C:\Users\ALICEBELLA\Desktop\HMNQV2\app\hooks\use-toast
2025-08-31T23:32:58.138Z next:jsconfig-paths-plugin skipping request as it is an absolute path 
C:\Users\ALICEBELLA\Desktop\HMNQV2\app\components\ui\dialog
2025-08-31T23:32:58.138Z next:jsconfig-paths-plugin skipping request as it is an absolute path 
C:\Users\ALICEBELLA\Desktop\HMNQV2\app\components\ui\input
2025-08-31T23:32:58.138Z next:jsconfig-paths-plugin skipping request as it is an absolute path 
C:\Users\ALICEBELLA\Desktop\HMNQV2\app\components\ui\label
2025-08-31T23:32:58.138Z next:jsconfig-paths-plugin skipping request as it is an absolute path 
C:\Users\ALICEBELLA\Desktop\HMNQV2\app\components\ui\select
2025-08-31T23:32:58.138Z next:jsconfig-paths-plugin skipping request as it is an absolute path 
C:\Users\ALICEBELLA\Desktop\HMNQV2\app\components\ui\switch
2025-08-31T23:32:58.139Z next:jsconfig-paths-plugin skipping request as it is an absolute path 
C:\Users\ALICEBELLA\Desktop\HMNQV2\app\hooks\use-toast
2025-08-31T23:32:58.140Z next:jsconfig-paths-plugin skipping request as it is an absolute path 
C:\Users\ALICEBELLA\Desktop\HMNQV2\app\components\ui\dialog
2025-08-31T23:32:58.141Z next:jsconfig-paths-plugin skipping request as it is an absolute path 
C:\Users\ALICEBELLA\Desktop\HMNQV2\app\components\ui\input
2025-08-31T23:32:58.141Z next:jsconfig-paths-plugin skipping request as it is an absolute path 
C:\Users\ALICEBELLA\Desktop\HMNQV2\app\components\ui\label
2025-08-31T23:32:58.141Z next:jsconfig-paths-plugin skipping request as it is an absolute path 
C:\Users\ALICEBELLA\Desktop\HMNQV2\app\components\ui\select
2025-08-31T23:32:58.141Z next:jsconfig-paths-plugin skipping request as it is an absolute path 
C:\Users\ALICEBELLA\Desktop\HMNQV2\app\components\ui\switch
2025-08-31T23:32:58.144Z next:jsconfig-paths-plugin skipping request as it is an absolute path 
C:\Users\ALICEBELLA\Desktop\HMNQV2\app\hooks\use-toast
2025-08-31T23:32:58.144Z next:jsconfig-paths-plugin skipping request as it is an absolute path 
C:\Users\ALICEBELLA\Desktop\HMNQV2\app\components\ui\dialog
2025-08-31T23:32:58.144Z next:jsconfig-paths-plugin skipping request as it is an absolute path 
C:\Users\ALICEBELLA\Desktop\HMNQV2\app\components\ui\input
2025-08-31T23:32:58.144Z next:jsconfig-paths-plugin skipping request as it is an absolute path 
C:\Users\ALICEBELLA\Desktop\HMNQV2\app\components\ui\label
2025-08-31T23:32:58.144Z next:jsconfig-paths-plugin skipping request as it is an absolute path 
C:\Users\ALICEBELLA\Desktop\HMNQV2\app\components\ui\select
2025-08-31T23:32:58.144Z next:jsconfig-paths-plugin skipping request as it is an absolute path 
C:\Users\ALICEBELLA\Desktop\HMNQV2\app\components\ui\switch
2025-08-31T23:32:58.146Z next:jsconfig-paths-plugin skipping request as it is an absolute path 
C:\Users\ALICEBELLA\Desktop\HMNQV2\app\hooks\use-toast
2025-08-31T23:32:58.148Z next:jsconfig-paths-plugin skipping request as it is an absolute path 
C:\Users\ALICEBELLA\Desktop\HMNQV2\app\components\ui\dialog
2025-08-31T23:32:58.148Z next:jsconfig-paths-plugin skipping request as it is an absolute path 
C:\Users\ALICEBELLA\Desktop\HMNQV2\app\components\ui\input
2025-08-31T23:32:58.148Z next:jsconfig-paths-plugin skipping request as it is an absolute path 
C:\Users\ALICEBELLA\Desktop\HMNQV2\app\components\ui\label
2025-08-31T23:32:58.148Z next:jsconfig-paths-plugin skipping request as it is an absolute path 
C:\Users\ALICEBELLA\Desktop\HMNQV2\app\components\ui\select
2025-08-31T23:32:58.148Z next:jsconfig-paths-plugin skipping request as it is an absolute path 
C:\Users\ALICEBELLA\Desktop\HMNQV2\app\components\ui\switch
2025-08-31T23:32:58.159Z next:jsconfig-paths-plugin skipping request as it is inside node_modules 
./cartesian/Bar
2025-08-31T23:32:58.160Z next:jsconfig-paths-plugin skipping request as it is inside node_modules 
./chart/BarChart
2025-08-31T23:32:58.160Z next:jsconfig-paths-plugin skipping request as it is inside node_modules 
./cartesian/CartesianGrid
2025-08-31T23:32:58.160Z next:jsconfig-paths-plugin skipping request as it is inside node_modules 
./component/Cell
2025-08-31T23:32:58.160Z next:jsconfig-paths-plugin skipping request as it is inside node_modules 
./cartesian/Line
2025-08-31T23:32:58.160Z next:jsconfig-paths-plugin skipping request as it is inside node_modules 
./chart/LineChart
2025-08-31T23:32:58.160Z next:jsconfig-paths-plugin skipping request as it is inside node_modules 
./polar/Pie
2025-08-31T23:32:58.160Z next:jsconfig-paths-plugin skipping request as it is inside node_modules 
./chart/PieChart
2025-08-31T23:32:58.160Z next:jsconfig-paths-plugin skipping request as it is inside node_modules 
./component/ResponsiveContainer
2025-08-31T23:32:58.160Z next:jsconfig-paths-plugin skipping request as it is inside node_modules 
./component/Tooltip
2025-08-31T23:32:58.160Z next:jsconfig-paths-plugin skipping request as it is inside node_modules 
./cartesian/XAxis
2025-08-31T23:32:58.160Z next:jsconfig-paths-plugin skipping request as it is inside node_modules 
./cartesian/YAxis
2025-08-31T23:32:58.163Z next:jsconfig-paths-plugin skipping request as it is inside node_modules 
./cartesian/Bar
2025-08-31T23:32:58.163Z next:jsconfig-paths-plugin skipping request as it is inside node_modules 
./chart/BarChart
2025-08-31T23:32:58.164Z next:jsconfig-paths-plugin skipping request as it is inside node_modules 
./cartesian/CartesianGrid
2025-08-31T23:32:58.164Z next:jsconfig-paths-plugin skipping request as it is inside node_modules 
./component/Cell
2025-08-31T23:32:58.164Z next:jsconfig-paths-plugin skipping request as it is inside node_modules 
./cartesian/Line
2025-08-31T23:32:58.164Z next:jsconfig-paths-plugin skipping request as it is inside node_modules 
./chart/LineChart
2025-08-31T23:32:58.164Z next:jsconfig-paths-plugin skipping request as it is inside node_modules 
./polar/Pie
2025-08-31T23:32:58.164Z next:jsconfig-paths-plugin skipping request as it is inside node_modules 
./chart/PieChart
2025-08-31T23:32:58.164Z next:jsconfig-paths-plugin skipping request as it is inside node_modules 
./component/ResponsiveContainer
2025-08-31T23:32:58.164Z next:jsconfig-paths-plugin skipping request as it is inside node_modules 
./component/Tooltip
2025-08-31T23:32:58.164Z next:jsconfig-paths-plugin skipping request as it is inside node_modules 
./cartesian/XAxis
2025-08-31T23:32:58.164Z next:jsconfig-paths-plugin skipping request as it is inside node_modules 
./cartesian/YAxis
2025-08-31T23:32:58.164Z next:jsconfig-paths-plugin skipping request as it is an absolute path 
C:\Users\ALICEBELLA\Desktop\HMNQV2\app\components\ui\card
2025-08-31T23:32:58.165Z next:jsconfig-paths-plugin skipping request as it is an absolute path 
C:\Users\ALICEBELLA\Desktop\HMNQV2\app\components\ui\badge
2025-08-31T23:32:58.165Z next:jsconfig-paths-plugin skipping request as it is an absolute path 
C:\Users\ALICEBELLA\Desktop\HMNQV2\app\components\ui\dialog
2025-08-31T23:32:58.165Z next:jsconfig-paths-plugin skipping request as it is an absolute path 
C:\Users\ALICEBELLA\Desktop\HMNQV2\app\components\ui\button
2025-08-31T23:32:58.165Z next:jsconfig-paths-plugin skipping request as it is an absolute path 
C:\Users\ALICEBELLA\Desktop\HMNQV2\app\components\ui\card
2025-08-31T23:32:58.165Z next:jsconfig-paths-plugin skipping request as it is an absolute path 
C:\Users\ALICEBELLA\Desktop\HMNQV2\app\components\ui\badge
2025-08-31T23:32:58.165Z next:jsconfig-paths-plugin skipping request as it is an absolute path 
C:\Users\ALICEBELLA\Desktop\HMNQV2\app\components\ui\dialog
2025-08-31T23:32:58.165Z next:jsconfig-paths-plugin skipping request as it is an absolute path 
C:\Users\ALICEBELLA\Desktop\HMNQV2\app\components\ui\button
2025-08-31T23:32:58.165Z next:jsconfig-paths-plugin skipping request as it is an absolute path 
C:\Users\ALICEBELLA\Desktop\HMNQV2\app\components\ui\card
2025-08-31T23:32:58.165Z next:jsconfig-paths-plugin skipping request as it is an absolute path 
C:\Users\ALICEBELLA\Desktop\HMNQV2\app\components\ui\badge
2025-08-31T23:32:58.171Z next:jsconfig-paths-plugin skipping request as it is an absolute path 
C:\Users\ALICEBELLA\Desktop\HMNQV2\app\components\ui\card
2025-08-31T23:32:58.172Z next:jsconfig-paths-plugin skipping request as it is an absolute path 
C:\Users\ALICEBELLA\Desktop\HMNQV2\app\components\ui\badge
2025-08-31T23:32:58.172Z next:jsconfig-paths-plugin skipping request as it is an absolute path 
C:\Users\ALICEBELLA\Desktop\HMNQV2\app\components\ui\dialog
2025-08-31T23:32:58.172Z next:jsconfig-paths-plugin skipping request as it is an absolute path 
C:\Users\ALICEBELLA\Desktop\HMNQV2\app\components\ui\button
2025-08-31T23:32:58.172Z next:jsconfig-paths-plugin skipping request as it is an absolute path 
C:\Users\ALICEBELLA\Desktop\HMNQV2\app\components\ui\card
2025-08-31T23:32:58.172Z next:jsconfig-paths-plugin skipping request as it is an absolute path 
C:\Users\ALICEBELLA\Desktop\HMNQV2\app\components\ui\badge
2025-08-31T23:32:58.172Z next:jsconfig-paths-plugin skipping request as it is an absolute path 
C:\Users\ALICEBELLA\Desktop\HMNQV2\app\components\ui\dialog
2025-08-31T23:32:58.172Z next:jsconfig-paths-plugin skipping request as it is an absolute path 
C:\Users\ALICEBELLA\Desktop\HMNQV2\app\components\ui\button
2025-08-31T23:32:58.172Z next:jsconfig-paths-plugin skipping request as it is an absolute path 
C:\Users\ALICEBELLA\Desktop\HMNQV2\app\components\ui\card
2025-08-31T23:32:58.172Z next:jsconfig-paths-plugin skipping request as it is an absolute path 
C:\Users\ALICEBELLA\Desktop\HMNQV2\app\components\ui\badge
2025-08-31T23:32:58.191Z next:jsconfig-paths-plugin skipping request as it is inside node_modules 
./cartesian/Area
2025-08-31T23:32:58.191Z next:jsconfig-paths-plugin skipping request as it is inside node_modules 
./chart/AreaChart
2025-08-31T23:32:58.194Z next:jsconfig-paths-plugin skipping request as it is an absolute path 
C:\Users\ALICEBELLA\Desktop\HMNQV2\app\components\ui\card
2025-08-31T23:32:58.194Z next:jsconfig-paths-plugin skipping request as it is an absolute path 
C:\Users\ALICEBELLA\Desktop\HMNQV2\app\components\ui\badge
2025-08-31T23:32:58.194Z next:jsconfig-paths-plugin skipping request as it is an absolute path 
C:\Users\ALICEBELLA\Desktop\HMNQV2\app\components\ui\dialog
2025-08-31T23:32:58.194Z next:jsconfig-paths-plugin skipping request as it is an absolute path 
C:\Users\ALICEBELLA\Desktop\HMNQV2\app\components\ui\button
2025-08-31T23:32:58.194Z next:jsconfig-paths-plugin skipping request as it is an absolute path 
C:\Users\ALICEBELLA\Desktop\HMNQV2\app\components\ui\card
2025-08-31T23:32:58.194Z next:jsconfig-paths-plugin skipping request as it is an absolute path 
C:\Users\ALICEBELLA\Desktop\HMNQV2\app\components\ui\badge
2025-08-31T23:32:58.194Z next:jsconfig-paths-plugin skipping request as it is an absolute path 
C:\Users\ALICEBELLA\Desktop\HMNQV2\app\components\ui\dialog
2025-08-31T23:32:58.194Z next:jsconfig-paths-plugin skipping request as it is an absolute path 
C:\Users\ALICEBELLA\Desktop\HMNQV2\app\components\ui\button
2025-08-31T23:32:58.194Z next:jsconfig-paths-plugin skipping request as it is an absolute path 
C:\Users\ALICEBELLA\Desktop\HMNQV2\app\components\ui\card
2025-08-31T23:32:58.194Z next:jsconfig-paths-plugin skipping request as it is an absolute path 
C:\Users\ALICEBELLA\Desktop\HMNQV2\app\components\ui\badge
2025-08-31T23:32:58.199Z next:jsconfig-paths-plugin skipping request as it is an absolute path 
C:\Users\ALICEBELLA\Desktop\HMNQV2\app\components\ui\card
2025-08-31T23:32:58.199Z next:jsconfig-paths-plugin skipping request as it is an absolute path 
C:\Users\ALICEBELLA\Desktop\HMNQV2\app\components\ui\badge
2025-08-31T23:32:58.199Z next:jsconfig-paths-plugin skipping request as it is an absolute path 
C:\Users\ALICEBELLA\Desktop\HMNQV2\app\components\ui\dialog
2025-08-31T23:32:58.199Z next:jsconfig-paths-plugin skipping request as it is an absolute path 
C:\Users\ALICEBELLA\Desktop\HMNQV2\app\components\ui\button
2025-08-31T23:32:58.199Z next:jsconfig-paths-plugin skipping request as it is an absolute path 
C:\Users\ALICEBELLA\Desktop\HMNQV2\app\components\ui\card
2025-08-31T23:32:58.199Z next:jsconfig-paths-plugin skipping request as it is an absolute path 
C:\Users\ALICEBELLA\Desktop\HMNQV2\app\components\ui\badge
2025-08-31T23:32:58.199Z next:jsconfig-paths-plugin skipping request as it is an absolute path 
C:\Users\ALICEBELLA\Desktop\HMNQV2\app\components\ui\dialog
2025-08-31T23:32:58.199Z next:jsconfig-paths-plugin skipping request as it is an absolute path 
C:\Users\ALICEBELLA\Desktop\HMNQV2\app\components\ui\button
2025-08-31T23:32:58.199Z next:jsconfig-paths-plugin skipping request as it is an absolute path 
C:\Users\ALICEBELLA\Desktop\HMNQV2\app\components\ui\card
2025-08-31T23:32:58.199Z next:jsconfig-paths-plugin skipping request as it is an absolute path 
C:\Users\ALICEBELLA\Desktop\HMNQV2\app\components\ui\badge
2025-08-31T23:32:58.205Z next:jsconfig-paths-plugin skipping request as it is an absolute path 
C:\Users\ALICEBELLA\Desktop\HMNQV2\app\components\ui\progress
2025-08-31T23:32:58.206Z next:jsconfig-paths-plugin skipping request as it is an absolute path 
C:\Users\ALICEBELLA\Desktop\HMNQV2\app\components\ui\progress
2025-08-31T23:32:58.207Z next:jsconfig-paths-plugin skipping request as it is an absolute path 
C:\Users\ALICEBELLA\Desktop\HMNQV2\app\components\ui\progress
2025-08-31T23:32:58.207Z next:jsconfig-paths-plugin skipping request as it is an absolute path 
C:\Users\ALICEBELLA\Desktop\HMNQV2\app\components\ui\progress
2025-08-31T23:32:58.209Z next:jsconfig-paths-plugin skipping request as it is inside node_modules 
./cartesian/Area
2025-08-31T23:32:58.210Z next:jsconfig-paths-plugin skipping request as it is inside node_modules 
./chart/AreaChart
2025-08-31T23:32:58.217Z next:jsconfig-paths-plugin skipping request as it is an absolute path 
C:\Users\ALICEBELLA\Desktop\HMNQV2\app\components\ui\card
2025-08-31T23:32:58.218Z next:jsconfig-paths-plugin skipping request as it is an absolute path 
C:\Users\ALICEBELLA\Desktop\HMNQV2\app\components\ui\button
2025-08-31T23:32:58.218Z next:jsconfig-paths-plugin skipping request as it is an absolute path 
C:\Users\ALICEBELLA\Desktop\HMNQV2\app\components\ui\label
2025-08-31T23:32:58.218Z next:jsconfig-paths-plugin skipping request as it is an absolute path 
C:\Users\ALICEBELLA\Desktop\HMNQV2\app\components\ui\select
2025-08-31T23:32:58.218Z next:jsconfig-paths-plugin skipping request as it is an absolute path 
C:\Users\ALICEBELLA\Desktop\HMNQV2\app\components\ui\badge
2025-08-31T23:32:58.218Z next:jsconfig-paths-plugin skipping request as it is an absolute path 
C:\Users\ALICEBELLA\Desktop\HMNQV2\app\components\ui\dialog
2025-08-31T23:32:58.218Z next:jsconfig-paths-plugin skipping request as it is an absolute path 
C:\Users\ALICEBELLA\Desktop\HMNQV2\app\components\ui\button
2025-08-31T23:32:58.218Z next:jsconfig-paths-plugin skipping request as it is an absolute path 
C:\Users\ALICEBELLA\Desktop\HMNQV2\app\components\ui\card
2025-08-31T23:32:58.218Z next:jsconfig-paths-plugin skipping request as it is an absolute path 
C:\Users\ALICEBELLA\Desktop\HMNQV2\app\components\ui\badge
2025-08-31T23:32:58.218Z next:jsconfig-paths-plugin skipping request as it is an absolute path 
C:\Users\ALICEBELLA\Desktop\HMNQV2\app\components\ui\tabs
2025-08-31T23:32:58.223Z next:jsconfig-paths-plugin skipping request as it is an absolute path 
C:\Users\ALICEBELLA\Desktop\HMNQV2\app\components\ui\card
2025-08-31T23:32:58.223Z next:jsconfig-paths-plugin skipping request as it is an absolute path 
C:\Users\ALICEBELLA\Desktop\HMNQV2\app\components\ui\button
2025-08-31T23:32:58.223Z next:jsconfig-paths-plugin skipping request as it is an absolute path 
C:\Users\ALICEBELLA\Desktop\HMNQV2\app\components\ui\label
2025-08-31T23:32:58.223Z next:jsconfig-paths-plugin skipping request as it is an absolute path 
C:\Users\ALICEBELLA\Desktop\HMNQV2\app\components\ui\select
2025-08-31T23:32:58.224Z next:jsconfig-paths-plugin skipping request as it is an absolute path 
C:\Users\ALICEBELLA\Desktop\HMNQV2\app\components\ui\badge
2025-08-31T23:32:58.224Z next:jsconfig-paths-plugin skipping request as it is an absolute path 
C:\Users\ALICEBELLA\Desktop\HMNQV2\app\components\ui\dialog
2025-08-31T23:32:58.224Z next:jsconfig-paths-plugin skipping request as it is an absolute path 
C:\Users\ALICEBELLA\Desktop\HMNQV2\app\components\ui\button
2025-08-31T23:32:58.224Z next:jsconfig-paths-plugin skipping request as it is an absolute path 
C:\Users\ALICEBELLA\Desktop\HMNQV2\app\components\ui\card
2025-08-31T23:32:58.224Z next:jsconfig-paths-plugin skipping request as it is an absolute path 
C:\Users\ALICEBELLA\Desktop\HMNQV2\app\components\ui\badge
2025-08-31T23:32:58.224Z next:jsconfig-paths-plugin skipping request as it is an absolute path 
C:\Users\ALICEBELLA\Desktop\HMNQV2\app\components\ui\tabs
2025-08-31T23:32:58.251Z next:jsconfig-paths-plugin skipping request as it is an absolute path 
C:\Users\ALICEBELLA\Desktop\HMNQV2\app\components\ui\card
2025-08-31T23:32:58.251Z next:jsconfig-paths-plugin skipping request as it is an absolute path 
C:\Users\ALICEBELLA\Desktop\HMNQV2\app\components\ui\button
2025-08-31T23:32:58.251Z next:jsconfig-paths-plugin skipping request as it is an absolute path 
C:\Users\ALICEBELLA\Desktop\HMNQV2\app\components\ui\label
2025-08-31T23:32:58.251Z next:jsconfig-paths-plugin skipping request as it is an absolute path 
C:\Users\ALICEBELLA\Desktop\HMNQV2\app\components\ui\select
2025-08-31T23:32:58.251Z next:jsconfig-paths-plugin skipping request as it is an absolute path 
C:\Users\ALICEBELLA\Desktop\HMNQV2\app\components\ui\badge
2025-08-31T23:32:58.251Z next:jsconfig-paths-plugin skipping request as it is an absolute path 
C:\Users\ALICEBELLA\Desktop\HMNQV2\app\components\ui\dialog
2025-08-31T23:32:58.251Z next:jsconfig-paths-plugin skipping request as it is an absolute path 
C:\Users\ALICEBELLA\Desktop\HMNQV2\app\components\ui\button
2025-08-31T23:32:58.251Z next:jsconfig-paths-plugin skipping request as it is an absolute path 
C:\Users\ALICEBELLA\Desktop\HMNQV2\app\components\ui\card
2025-08-31T23:32:58.251Z next:jsconfig-paths-plugin skipping request as it is an absolute path 
C:\Users\ALICEBELLA\Desktop\HMNQV2\app\components\ui\badge
2025-08-31T23:32:58.251Z next:jsconfig-paths-plugin skipping request as it is an absolute path 
C:\Users\ALICEBELLA\Desktop\HMNQV2\app\components\ui\tabs
2025-08-31T23:32:58.255Z next:jsconfig-paths-plugin skipping request as it is an absolute path 
C:\Users\ALICEBELLA\Desktop\HMNQV2\app\components\ui\card
2025-08-31T23:32:58.255Z next:jsconfig-paths-plugin skipping request as it is an absolute path 
C:\Users\ALICEBELLA\Desktop\HMNQV2\app\components\ui\button
2025-08-31T23:32:58.255Z next:jsconfig-paths-plugin skipping request as it is an absolute path 
C:\Users\ALICEBELLA\Desktop\HMNQV2\app\components\ui\label
2025-08-31T23:32:58.255Z next:jsconfig-paths-plugin skipping request as it is an absolute path 
C:\Users\ALICEBELLA\Desktop\HMNQV2\app\components\ui\select
2025-08-31T23:32:58.255Z next:jsconfig-paths-plugin skipping request as it is an absolute path 
C:\Users\ALICEBELLA\Desktop\HMNQV2\app\components\ui\badge
2025-08-31T23:32:58.255Z next:jsconfig-paths-plugin skipping request as it is an absolute path 
C:\Users\ALICEBELLA\Desktop\HMNQV2\app\components\ui\dialog
2025-08-31T23:32:58.255Z next:jsconfig-paths-plugin skipping request as it is an absolute path 
C:\Users\ALICEBELLA\Desktop\HMNQV2\app\components\ui\button
2025-08-31T23:32:58.255Z next:jsconfig-paths-plugin skipping request as it is an absolute path 
C:\Users\ALICEBELLA\Desktop\HMNQV2\app\components\ui\card
2025-08-31T23:32:58.255Z next:jsconfig-paths-plugin skipping request as it is an absolute path 
C:\Users\ALICEBELLA\Desktop\HMNQV2\app\components\ui\badge
2025-08-31T23:32:58.255Z next:jsconfig-paths-plugin skipping request as it is an absolute path 
C:\Users\ALICEBELLA\Desktop\HMNQV2\app\components\ui\tabs
2025-08-31T23:32:58.259Z next:jsconfig-paths-plugin skipping request as it is an absolute path 
C:\Users\ALICEBELLA\Desktop\HMNQV2\app\components\ui\input
2025-08-31T23:32:58.259Z next:jsconfig-paths-plugin skipping request as it is an absolute path 
C:\Users\ALICEBELLA\Desktop\HMNQV2\app\components\ui\scroll-area
2025-08-31T23:32:58.260Z next:jsconfig-paths-plugin skipping request as it is an absolute path 
C:\Users\ALICEBELLA\Desktop\HMNQV2\app\components\ui\input
2025-08-31T23:32:58.260Z next:jsconfig-paths-plugin skipping request as it is an absolute path 
C:\Users\ALICEBELLA\Desktop\HMNQV2\app\components\ui\scroll-area
2025-08-31T23:32:58.262Z next:jsconfig-paths-plugin skipping request as it is an absolute path 
C:\Users\ALICEBELLA\Desktop\HMNQV2\app\components\ui\input
2025-08-31T23:32:58.262Z next:jsconfig-paths-plugin skipping request as it is an absolute path 
C:\Users\ALICEBELLA\Desktop\HMNQV2\app\components\ui\scroll-area
2025-08-31T23:32:58.263Z next:jsconfig-paths-plugin skipping request as it is an absolute path 
C:\Users\ALICEBELLA\Desktop\HMNQV2\app\components\ui\input
2025-08-31T23:32:58.263Z next:jsconfig-paths-plugin skipping request as it is an absolute path 
C:\Users\ALICEBELLA\Desktop\HMNQV2\app\components\ui\scroll-area
2025-08-31T23:32:58.326Z next:jsconfig-paths-plugin skipping request as it is inside node_modules 
../container/Layer
2025-08-31T23:32:58.326Z next:jsconfig-paths-plugin skipping request as it is inside node_modules 
../shape/Curve
2025-08-31T23:32:58.326Z next:jsconfig-paths-plugin skipping request as it is inside node_modules 
../component/Text
2025-08-31T23:32:58.326Z next:jsconfig-paths-plugin skipping request as it is inside node_modules 
../component/Label
2025-08-31T23:32:58.326Z next:jsconfig-paths-plugin skipping request as it is inside node_modules 
../component/LabelList
2025-08-31T23:32:58.326Z next:jsconfig-paths-plugin skipping request as it is inside node_modules 
../component/Cell
2025-08-31T23:32:58.326Z next:jsconfig-paths-plugin skipping request as it is inside node_modules 
../util/ReactUtils
2025-08-31T23:32:58.326Z next:jsconfig-paths-plugin skipping request as it is inside node_modules 
../util/Global
2025-08-31T23:32:58.326Z next:jsconfig-paths-plugin skipping request as it is inside node_modules 
../util/PolarUtils
2025-08-31T23:32:58.326Z next:jsconfig-paths-plugin skipping request as it is inside node_modules 
../util/DataUtils
2025-08-31T23:32:58.327Z next:jsconfig-paths-plugin skipping request as it is inside node_modules 
../util/ChartUtils
2025-08-31T23:32:58.327Z next:jsconfig-paths-plugin skipping request as it is inside node_modules 
../util/LogUtils
2025-08-31T23:32:58.327Z next:jsconfig-paths-plugin skipping request as it is inside node_modules 
../util/types
2025-08-31T23:32:58.327Z next:jsconfig-paths-plugin skipping request as it is inside node_modules 
../util/ActiveShapeUtils
2025-08-31T23:32:58.327Z next:jsconfig-paths-plugin skipping request as it is inside node_modules 
./generateCategoricalChart
2025-08-31T23:32:58.327Z next:jsconfig-paths-plugin skipping request as it is inside node_modules 
./generateCategoricalChart
2025-08-31T23:32:58.327Z next:jsconfig-paths-plugin skipping request as it is inside node_modules 
../polar/PolarAngleAxis
2025-08-31T23:32:58.327Z next:jsconfig-paths-plugin skipping request as it is inside node_modules 
../polar/PolarRadiusAxis
2025-08-31T23:32:58.327Z next:jsconfig-paths-plugin skipping request as it is inside node_modules 
../util/PolarUtils
2025-08-31T23:32:58.327Z next:jsconfig-paths-plugin skipping request as it is inside node_modules 
../polar/Pie
2025-08-31T23:32:58.327Z next:jsconfig-paths-plugin skipping request as it is inside node_modules 
../cartesian/Line
2025-08-31T23:32:58.327Z next:jsconfig-paths-plugin skipping request as it is inside node_modules 
../cartesian/XAxis
2025-08-31T23:32:58.327Z next:jsconfig-paths-plugin skipping request as it is inside node_modules 
../cartesian/YAxis
2025-08-31T23:32:58.327Z next:jsconfig-paths-plugin skipping request as it is inside node_modules 
../util/CartesianUtils
2025-08-31T23:32:58.327Z next:jsconfig-paths-plugin skipping request as it is inside node_modules 
../util/LogUtils
2025-08-31T23:32:58.327Z next:jsconfig-paths-plugin skipping request as it is inside node_modules 
../util/DataUtils
2025-08-31T23:32:58.327Z next:jsconfig-paths-plugin skipping request as it is inside node_modules 
../util/DataUtils
2025-08-31T23:32:58.327Z next:jsconfig-paths-plugin skipping request as it is inside node_modules 
../util/ReactUtils
2025-08-31T23:32:58.327Z next:jsconfig-paths-plugin skipping request as it is inside node_modules 
../util/ReactUtils
2025-08-31T23:32:58.327Z next:jsconfig-paths-plugin skipping request as it is inside node_modules 
../util/ChartUtils
2025-08-31T23:32:58.327Z next:jsconfig-paths-plugin skipping request as it is inside node_modules 
../util/ChartUtils
2025-08-31T23:32:58.327Z next:jsconfig-paths-plugin skipping request as it is inside node_modules 
../util/ChartUtils
2025-08-31T23:32:58.327Z next:jsconfig-paths-plugin skipping request as it is inside node_modules 
../util/ChartUtils
2025-08-31T23:32:58.327Z next:jsconfig-paths-plugin skipping request as it is inside node_modules 
./getTicks
2025-08-31T23:32:58.327Z next:jsconfig-paths-plugin skipping request as it is inside node_modules 
./CartesianAxis
2025-08-31T23:32:58.327Z next:jsconfig-paths-plugin skipping request as it is inside node_modules 
./CartesianAxis
2025-08-31T23:32:58.327Z next:jsconfig-paths-plugin skipping request as it is inside node_modules 
./CartesianAxis
2025-08-31T23:32:58.327Z next:jsconfig-paths-plugin skipping request as it is inside node_modules 
../context/chartLayoutContext
2025-08-31T23:32:58.327Z next:jsconfig-paths-plugin skipping request as it is inside node_modules 
../context/chartLayoutContext
2025-08-31T23:32:58.327Z next:jsconfig-paths-plugin skipping request as it is inside node_modules 
../context/chartLayoutContext
2025-08-31T23:32:58.327Z next:jsconfig-paths-plugin skipping request as it is inside node_modules 
../shape/Curve
2025-08-31T23:32:58.327Z next:jsconfig-paths-plugin skipping request as it is inside node_modules 
../shape/Dot
2025-08-31T23:32:58.327Z next:jsconfig-paths-plugin skipping request as it is inside node_modules 
../container/Layer
2025-08-31T23:32:58.327Z next:jsconfig-paths-plugin skipping request as it is inside node_modules 
../component/LabelList
2025-08-31T23:32:58.327Z next:jsconfig-paths-plugin skipping request as it is inside node_modules 
./ErrorBar
2025-08-31T23:32:58.327Z next:jsconfig-paths-plugin skipping request as it is inside node_modules 
../util/Global
2025-08-31T23:32:58.328Z next:jsconfig-paths-plugin skipping request as it is inside node_modules 
./DefaultLegendContent
2025-08-31T23:32:58.328Z next:jsconfig-paths-plugin skipping request as it is inside node_modules 
../util/DataUtils
2025-08-31T23:32:58.328Z next:jsconfig-paths-plugin skipping request as it is inside node_modules 
../util/payload/getUniqPayload
2025-08-31T23:32:58.328Z next:jsconfig-paths-plugin skipping request as it is inside node_modules 
../component/Cell
2025-08-31T23:32:58.328Z next:jsconfig-paths-plugin skipping request as it is inside node_modules 
../polar/PolarAngleAxis
2025-08-31T23:32:58.329Z next:jsconfig-paths-plugin skipping request as it is inside node_modules 
../polar/PolarRadiusAxis
2025-08-31T23:32:58.329Z next:jsconfig-paths-plugin skipping request as it is inside node_modules 
../polar/Pie
2025-08-31T23:32:58.329Z next:jsconfig-paths-plugin skipping request as it is inside node_modules 
../cartesian/Line
2025-08-31T23:32:58.329Z next:jsconfig-paths-plugin skipping request as it is inside node_modules 
../cartesian/XAxis
2025-08-31T23:32:58.329Z next:jsconfig-paths-plugin skipping request as it is inside node_modules 
../cartesian/YAxis
2025-08-31T23:32:58.332Z next:jsconfig-paths-plugin skipping request as it is inside node_modules 
../util/DataUtils
2025-08-31T23:32:58.332Z next:jsconfig-paths-plugin skipping request as it is inside node_modules 
../util/payload/getUniqPayload
2025-08-31T23:32:58.339Z next:jsconfig-paths-plugin skipping request as it is inside node_modules 
../util/LogUtils
2025-08-31T23:32:58.339Z next:jsconfig-paths-plugin skipping request as it is inside node_modules 
../util/ReactUtils
2025-08-31T23:32:58.339Z next:jsconfig-paths-plugin skipping request as it is inside node_modules 
./DefaultTooltipContent
2025-08-31T23:32:58.339Z next:jsconfig-paths-plugin skipping request as it is inside node_modules 
./TooltipBoundingBox
2025-08-31T23:32:58.339Z next:jsconfig-paths-plugin skipping request as it is inside node_modules 
../util/Global
2025-08-31T23:32:58.358Z next:jsconfig-paths-plugin skipping request as it is inside node_modules 
../component/Label
2025-08-31T23:32:58.359Z next:jsconfig-paths-plugin skipping request as it is inside node_modules 
../component/Text
2025-08-31T23:32:58.360Z next:jsconfig-paths-plugin skipping request as it is inside node_modules 
../component/LabelList
2025-08-31T23:32:58.360Z next:jsconfig-paths-plugin skipping request as it is inside node_modules 
../component/LabelList
2025-08-31T23:32:58.361Z next:jsconfig-paths-plugin skipping request as it is inside node_modules 
./getTicks
2025-08-31T23:32:58.362Z next:jsconfig-paths-plugin skipping request as it is inside node_modules 
./generateCategoricalChart
2025-08-31T23:32:58.362Z next:jsconfig-paths-plugin skipping request as it is inside node_modules 
./generateCategoricalChart
2025-08-31T23:32:58.363Z next:jsconfig-paths-plugin skipping request as it is inside node_modules 
./DefaultLegendContent
2025-08-31T23:32:58.364Z next:jsconfig-paths-plugin skipping request as it is inside node_modules 
./ErrorBar
2025-08-31T23:32:58.365Z next:jsconfig-paths-plugin skipping request as it is inside node_modules 
./TooltipBoundingBox
2025-08-31T23:32:58.366Z next:jsconfig-paths-plugin skipping request as it is inside node_modules 
./CartesianAxis
2025-08-31T23:32:58.366Z next:jsconfig-paths-plugin skipping request as it is inside node_modules 
./CartesianAxis
2025-08-31T23:32:58.366Z next:jsconfig-paths-plugin skipping request as it is inside node_modules 
./CartesianAxis
2025-08-31T23:32:58.368Z next:jsconfig-paths-plugin skipping request as it is inside node_modules 
./DefaultTooltipContent
2025-08-31T23:32:58.370Z next:jsconfig-paths-plugin skipping request as it is inside node_modules 
../container/Layer
2025-08-31T23:32:58.370Z next:jsconfig-paths-plugin skipping request as it is inside node_modules 
../container/Layer
2025-08-31T23:32:58.375Z next:jsconfig-paths-plugin skipping request as it is inside node_modules 
../util/ReactUtils
2025-08-31T23:32:58.375Z next:jsconfig-paths-plugin skipping request as it is inside node_modules 
../util/ReactUtils
2025-08-31T23:32:58.375Z next:jsconfig-paths-plugin skipping request as it is inside node_modules 
../util/ReactUtils
2025-08-31T23:32:58.375Z next:jsconfig-paths-plugin skipping request as it is inside node_modules 
../util/ReactUtils
2025-08-31T23:32:58.377Z next:jsconfig-paths-plugin skipping request as it is inside node_modules 
../util/Global
2025-08-31T23:32:58.377Z next:jsconfig-paths-plugin skipping request as it is inside node_modules 
../util/Global
2025-08-31T23:32:58.377Z next:jsconfig-paths-plugin skipping request as it is inside node_modules 
../util/Global
2025-08-31T23:32:58.379Z next:jsconfig-paths-plugin skipping request as it is inside node_modules 
../util/PolarUtils
2025-08-31T23:32:58.379Z next:jsconfig-paths-plugin skipping request as it is inside node_modules 
../util/PolarUtils
2025-08-31T23:32:58.382Z next:jsconfig-paths-plugin skipping request as it is inside node_modules 
../util/LogUtils
2025-08-31T23:32:58.382Z next:jsconfig-paths-plugin skipping request as it is inside node_modules 
../util/LogUtils
2025-08-31T23:32:58.383Z next:jsconfig-paths-plugin skipping request as it is inside node_modules 
../util/LogUtils
2025-08-31T23:32:58.384Z next:jsconfig-paths-plugin skipping request as it is inside node_modules 
../util/DataUtils
2025-08-31T23:32:58.384Z next:jsconfig-paths-plugin skipping request as it is inside node_modules 
../util/DataUtils
2025-08-31T23:32:58.384Z next:jsconfig-paths-plugin skipping request as it is inside node_modules 
../util/DataUtils
2025-08-31T23:32:58.385Z next:jsconfig-paths-plugin skipping request as it is inside node_modules 
../util/DataUtils
2025-08-31T23:32:58.385Z next:jsconfig-paths-plugin skipping request as it is inside node_modules 
../util/DataUtils
2025-08-31T23:32:58.387Z next:jsconfig-paths-plugin skipping request as it is inside node_modules 
../util/types
2025-08-31T23:32:58.387Z next:jsconfig-paths-plugin skipping request as it is inside node_modules 
../util/ChartUtils
2025-08-31T23:32:58.387Z next:jsconfig-paths-plugin skipping request as it is inside node_modules 
../util/ChartUtils
2025-08-31T23:32:58.388Z next:jsconfig-paths-plugin skipping request as it is inside node_modules 
../util/ChartUtils
2025-08-31T23:32:58.388Z next:jsconfig-paths-plugin skipping request as it is inside node_modules 
../util/ChartUtils
2025-08-31T23:32:58.388Z next:jsconfig-paths-plugin skipping request as it is inside node_modules 
../util/ChartUtils
2025-08-31T23:32:58.389Z next:jsconfig-paths-plugin skipping request as it is inside node_modules 
../util/ActiveShapeUtils
2025-08-31T23:32:58.390Z next:jsconfig-paths-plugin skipping request as it is inside node_modules 
../util/CartesianUtils
2025-08-31T23:32:58.390Z next:jsconfig-paths-plugin skipping request as it is inside node_modules 
../context/chartLayoutContext
2025-08-31T23:32:58.390Z next:jsconfig-paths-plugin skipping request as it is inside node_modules 
../context/chartLayoutContext
2025-08-31T23:32:58.390Z next:jsconfig-paths-plugin skipping request as it is inside node_modules 
../context/chartLayoutContext
2025-08-31T23:32:58.391Z next:jsconfig-paths-plugin skipping request as it is inside node_modules 
../shape/Curve
2025-08-31T23:32:58.392Z next:jsconfig-paths-plugin skipping request as it is inside node_modules 
../shape/Curve
2025-08-31T23:32:58.392Z next:jsconfig-paths-plugin skipping request as it is inside node_modules 
../shape/Dot
2025-08-31T23:32:58.393Z next:jsconfig-paths-plugin skipping request as it is inside node_modules 
../util/payload/getUniqPayload
2025-08-31T23:32:58.393Z next:jsconfig-paths-plugin skipping request as it is inside node_modules 
../util/payload/getUniqPayload
2025-08-31T23:32:58.398Z next:jsconfig-paths-plugin skipping request as it is inside node_modules 
./component/Legend
2025-08-31T23:32:58.398Z next:jsconfig-paths-plugin skipping request as it is inside node_modules 
./polar/PolarAngleAxis
2025-08-31T23:32:58.398Z next:jsconfig-paths-plugin skipping request as it is inside node_modules 
./polar/PolarGrid
2025-08-31T23:32:58.398Z next:jsconfig-paths-plugin skipping request as it is inside node_modules 
./polar/PolarRadiusAxis
2025-08-31T23:32:58.398Z next:jsconfig-paths-plugin skipping request as it is inside node_modules 
./polar/Radar
2025-08-31T23:32:58.398Z next:jsconfig-paths-plugin skipping request as it is inside node_modules 
./chart/RadarChart
2025-08-31T23:32:58.398Z next:jsconfig-paths-plugin skipping request as it is inside node_modules 
./component/ResponsiveContainer
2025-08-31T23:32:58.398Z next:jsconfig-paths-plugin skipping request as it is inside node_modules 
./cartesian/Bar
2025-08-31T23:32:58.398Z next:jsconfig-paths-plugin skipping request as it is inside node_modules 
./chart/BarChart
2025-08-31T23:32:58.398Z next:jsconfig-paths-plugin skipping request as it is inside node_modules 
./cartesian/CartesianGrid
2025-08-31T23:32:58.398Z next:jsconfig-paths-plugin skipping request as it is inside node_modules 
./component/Cell
2025-08-31T23:32:58.398Z next:jsconfig-paths-plugin skipping request as it is inside node_modules 
./component/ResponsiveContainer
2025-08-31T23:32:58.398Z next:jsconfig-paths-plugin skipping request as it is inside node_modules 
./component/Tooltip
2025-08-31T23:32:58.398Z next:jsconfig-paths-plugin skipping request as it is inside node_modules 
./cartesian/XAxis
2025-08-31T23:32:58.398Z next:jsconfig-paths-plugin skipping request as it is inside node_modules 
./cartesian/YAxis
2025-08-31T23:32:58.399Z next:jsconfig-paths-plugin skipping request as it is inside node_modules 
./component/Legend
2025-08-31T23:32:58.399Z next:jsconfig-paths-plugin skipping request as it is inside node_modules 
./polar/PolarAngleAxis
2025-08-31T23:32:58.399Z next:jsconfig-paths-plugin skipping request as it is inside node_modules 
./polar/PolarGrid
2025-08-31T23:32:58.399Z next:jsconfig-paths-plugin skipping request as it is inside node_modules 
./polar/PolarRadiusAxis
2025-08-31T23:32:58.399Z next:jsconfig-paths-plugin skipping request as it is inside node_modules 
./polar/Radar
2025-08-31T23:32:58.399Z next:jsconfig-paths-plugin skipping request as it is inside node_modules 
./chart/RadarChart
2025-08-31T23:32:58.399Z next:jsconfig-paths-plugin skipping request as it is inside node_modules 
./component/ResponsiveContainer
2025-08-31T23:32:58.399Z next:jsconfig-paths-plugin skipping request as it is inside node_modules 
./cartesian/Bar
2025-08-31T23:32:58.399Z next:jsconfig-paths-plugin skipping request as it is inside node_modules 
./chart/BarChart
2025-08-31T23:32:58.399Z next:jsconfig-paths-plugin skipping request as it is inside node_modules 
./cartesian/CartesianGrid
2025-08-31T23:32:58.399Z next:jsconfig-paths-plugin skipping request as it is inside node_modules 
./component/Cell
2025-08-31T23:32:58.399Z next:jsconfig-paths-plugin skipping request as it is inside node_modules 
./component/ResponsiveContainer
2025-08-31T23:32:58.399Z next:jsconfig-paths-plugin skipping request as it is inside node_modules 
./component/Tooltip
2025-08-31T23:32:58.399Z next:jsconfig-paths-plugin skipping request as it is inside node_modules 
./cartesian/XAxis
2025-08-31T23:32:58.399Z next:jsconfig-paths-plugin skipping request as it is inside node_modules 
./cartesian/YAxis
2025-08-31T23:32:58.413Z next:jsconfig-paths-plugin skipping request as it is inside node_modules 
./generateCategoricalChart
2025-08-31T23:32:58.413Z next:jsconfig-paths-plugin skipping request as it is inside node_modules 
../cartesian/XAxis
2025-08-31T23:32:58.413Z next:jsconfig-paths-plugin skipping request as it is inside node_modules 
../cartesian/YAxis
2025-08-31T23:32:58.413Z next:jsconfig-paths-plugin skipping request as it is inside node_modules 
../util/CartesianUtils
2025-08-31T23:32:58.413Z next:jsconfig-paths-plugin skipping request as it is inside node_modules 
../container/Layer
2025-08-31T23:32:58.413Z next:jsconfig-paths-plugin skipping request as it is inside node_modules 
./ErrorBar
2025-08-31T23:32:58.413Z next:jsconfig-paths-plugin skipping request as it is inside node_modules 
../component/LabelList
2025-08-31T23:32:58.413Z next:jsconfig-paths-plugin skipping request as it is inside node_modules 
../util/DataUtils
2025-08-31T23:32:58.413Z next:jsconfig-paths-plugin skipping request as it is inside node_modules 
../util/ReactUtils
2025-08-31T23:32:58.413Z next:jsconfig-paths-plugin skipping request as it is inside node_modules 
../util/Global
2025-08-31T23:32:58.413Z next:jsconfig-paths-plugin skipping request as it is inside node_modules 
../util/ChartUtils
2025-08-31T23:32:58.413Z next:jsconfig-paths-plugin skipping request as it is inside node_modules 
../util/PolarUtils
2025-08-31T23:32:58.413Z next:jsconfig-paths-plugin skipping request as it is inside node_modules 
../util/ReactUtils
2025-08-31T23:32:58.414Z next:jsconfig-paths-plugin skipping request as it is inside node_modules 
./generateCategoricalChart
2025-08-31T23:32:58.414Z next:jsconfig-paths-plugin skipping request as it is inside node_modules 
../cartesian/XAxis
2025-08-31T23:32:58.414Z next:jsconfig-paths-plugin skipping request as it is inside node_modules 
../cartesian/YAxis
2025-08-31T23:32:58.414Z next:jsconfig-paths-plugin skipping request as it is inside node_modules 
../util/CartesianUtils
2025-08-31T23:32:58.414Z next:jsconfig-paths-plugin skipping request as it is inside node_modules 
../container/Layer
2025-08-31T23:32:58.414Z next:jsconfig-paths-plugin skipping request as it is inside node_modules 
./ErrorBar
2025-08-31T23:32:58.414Z next:jsconfig-paths-plugin skipping request as it is inside node_modules 
../component/LabelList
2025-08-31T23:32:58.414Z next:jsconfig-paths-plugin skipping request as it is inside node_modules 
../util/DataUtils
2025-08-31T23:32:58.414Z next:jsconfig-paths-plugin skipping request as it is inside node_modules 
../util/ReactUtils
2025-08-31T23:32:58.414Z next:jsconfig-paths-plugin skipping request as it is inside node_modules 
../util/Global
2025-08-31T23:32:58.414Z next:jsconfig-paths-plugin skipping request as it is inside node_modules 
../util/ChartUtils
2025-08-31T23:32:58.414Z next:jsconfig-paths-plugin skipping request as it is inside node_modules 
../util/PolarUtils
2025-08-31T23:32:58.414Z next:jsconfig-paths-plugin skipping request as it is inside node_modules 
../util/ReactUtils
2025-08-31T23:32:58.422Z next:jsconfig-paths-plugin skipping request as it is inside node_modules 
../cartesian/Bar
2025-08-31T23:32:58.422Z next:jsconfig-paths-plugin skipping request as it is inside node_modules 
../component/Cell
2025-08-31T23:32:58.422Z next:jsconfig-paths-plugin skipping request as it is inside node_modules 
../util/types
2025-08-31T23:32:58.422Z next:jsconfig-paths-plugin skipping request as it is inside node_modules 
../util/BarUtils
2025-08-31T23:32:58.422Z next:jsconfig-paths-plugin skipping request as it is inside node_modules 
../cartesian/Bar
2025-08-31T23:32:58.422Z next:jsconfig-paths-plugin skipping request as it is inside node_modules 
../component/Cell
2025-08-31T23:32:58.422Z next:jsconfig-paths-plugin skipping request as it is inside node_modules 
../util/types
2025-08-31T23:32:58.431Z next:jsconfig-paths-plugin skipping request as it is inside node_modules 
../util/BarUtils
2025-08-31T23:32:58.434Z next:jsconfig-paths-plugin skipping request as it is inside node_modules 
../container/Layer
2025-08-31T23:32:58.434Z next:jsconfig-paths-plugin skipping request as it is inside node_modules 
../component/Text
2025-08-31T23:32:58.434Z next:jsconfig-paths-plugin skipping request as it is inside node_modules 
../util/types
2025-08-31T23:32:58.434Z next:jsconfig-paths-plugin skipping request as it is inside node_modules 
../util/ReactUtils
2025-08-31T23:32:58.434Z next:jsconfig-paths-plugin skipping request as it is inside node_modules 
../util/PolarUtils
2025-08-31T23:32:58.434Z next:jsconfig-paths-plugin skipping request as it is inside node_modules 
../component/Text
2025-08-31T23:32:58.434Z next:jsconfig-paths-plugin skipping request as it is inside node_modules 
../component/Label
2025-08-31T23:32:58.434Z next:jsconfig-paths-plugin skipping request as it is inside node_modules 
../container/Layer
2025-08-31T23:32:58.434Z next:jsconfig-paths-plugin skipping request as it is inside node_modules 
../util/PolarUtils
2025-08-31T23:32:58.434Z next:jsconfig-paths-plugin skipping request as it is inside node_modules 
../util/types
2025-08-31T23:32:58.434Z next:jsconfig-paths-plugin skipping request as it is inside node_modules 
../util/ReactUtils
2025-08-31T23:32:58.435Z next:jsconfig-paths-plugin skipping request as it is inside node_modules 
../container/Layer
2025-08-31T23:32:58.435Z next:jsconfig-paths-plugin skipping request as it is inside node_modules 
../component/Text
2025-08-31T23:32:58.435Z next:jsconfig-paths-plugin skipping request as it is inside node_modules 
../util/types
2025-08-31T23:32:58.435Z next:jsconfig-paths-plugin skipping request as it is inside node_modules 
../util/ReactUtils
2025-08-31T23:32:58.435Z next:jsconfig-paths-plugin skipping request as it is inside node_modules 
../util/PolarUtils
2025-08-31T23:32:58.435Z next:jsconfig-paths-plugin skipping request as it is inside node_modules 
../component/Text
2025-08-31T23:32:58.435Z next:jsconfig-paths-plugin skipping request as it is inside node_modules 
../component/Label
2025-08-31T23:32:58.435Z next:jsconfig-paths-plugin skipping request as it is inside node_modules 
../container/Layer
2025-08-31T23:32:58.436Z next:jsconfig-paths-plugin skipping request as it is inside node_modules 
../util/PolarUtils
2025-08-31T23:32:58.436Z next:jsconfig-paths-plugin skipping request as it is inside node_modules 
../util/types
2025-08-31T23:32:58.436Z next:jsconfig-paths-plugin skipping request as it is inside node_modules 
../util/ReactUtils
2025-08-31T23:32:58.441Z next:jsconfig-paths-plugin skipping request as it is inside node_modules 
../shape/Dot
2025-08-31T23:32:58.441Z next:jsconfig-paths-plugin skipping request as it is inside node_modules 
../shape/Polygon
2025-08-31T23:32:58.442Z next:jsconfig-paths-plugin skipping request as it is inside node_modules 
../shape/Dot
2025-08-31T23:32:58.443Z next:jsconfig-paths-plugin skipping request as it is inside node_modules 
lodash/get
2025-08-31T23:32:58.444Z next:jsconfig-paths-plugin skipping request as it is inside node_modules 
lodash/isEqual
2025-08-31T23:32:58.444Z next:jsconfig-paths-plugin skipping request as it is inside node_modules 
lodash/isNil
2025-08-31T23:32:58.444Z next:jsconfig-paths-plugin skipping request as it is inside node_modules 
lodash/isNil
2025-08-31T23:32:58.444Z next:jsconfig-paths-plugin skipping request as it is inside node_modules 
lodash/isFunction
2025-08-31T23:32:58.444Z next:jsconfig-paths-plugin skipping request as it is inside node_modules 
lodash/isFunction
2025-08-31T23:32:58.444Z next:jsconfig-paths-plugin skipping request as it is inside node_modules 
lodash/isFunction
2025-08-31T23:32:58.444Z next:jsconfig-paths-plugin skipping request as it is inside node_modules 
lodash/isFunction
2025-08-31T23:32:58.444Z next:jsconfig-paths-plugin skipping request as it is inside node_modules 
lodash/isFunction
2025-08-31T23:32:58.444Z next:jsconfig-paths-plugin skipping request as it is inside node_modules 
lodash/isNil
2025-08-31T23:32:58.444Z next:jsconfig-paths-plugin skipping request as it is inside node_modules 
lodash/isNil
2025-08-31T23:32:58.444Z next:jsconfig-paths-plugin skipping request as it is inside node_modules 
lodash/isEqual
2025-08-31T23:32:58.444Z next:jsconfig-paths-plugin skipping request as it is inside node_modules 
lodash/isEqual
2025-08-31T23:32:58.444Z next:jsconfig-paths-plugin skipping request as it is inside node_modules 
lodash/throttle
2025-08-31T23:32:58.445Z next:jsconfig-paths-plugin skipping request as it is inside node_modules 
lodash/maxBy
2025-08-31T23:32:58.445Z next:jsconfig-paths-plugin skipping request as it is inside node_modules 
lodash/minBy
2025-08-31T23:32:58.447Z next:jsconfig-paths-plugin skipping request as it is inside node_modules 
../shape/Polygon
2025-08-31T23:32:58.448Z next:jsconfig-paths-plugin skipping request as it is inside node_modules 
lodash/isEqual
2025-08-31T23:32:58.448Z next:jsconfig-paths-plugin skipping request as it is inside node_modules 
lodash/isFunction
2025-08-31T23:32:58.449Z next:jsconfig-paths-plugin skipping request as it is inside node_modules 
../util/DataUtils
2025-08-31T23:32:58.449Z next:jsconfig-paths-plugin skipping request as it is inside node_modules 
../util/Global
2025-08-31T23:32:58.449Z next:jsconfig-paths-plugin skipping request as it is inside node_modules 
../util/PolarUtils
2025-08-31T23:32:58.449Z next:jsconfig-paths-plugin skipping request as it is inside node_modules 
../util/ChartUtils
2025-08-31T23:32:58.449Z next:jsconfig-paths-plugin skipping request as it is inside node_modules 
../shape/Polygon
2025-08-31T23:32:58.449Z next:jsconfig-paths-plugin skipping request as it is inside node_modules 
../shape/Dot
2025-08-31T23:32:58.449Z next:jsconfig-paths-plugin skipping request as it is inside node_modules 
../container/Layer
2025-08-31T23:32:58.449Z next:jsconfig-paths-plugin skipping request as it is inside node_modules 
../component/LabelList
2025-08-31T23:32:58.449Z next:jsconfig-paths-plugin skipping request as it is inside node_modules 
../util/ReactUtils
2025-08-31T23:32:58.449Z next:jsconfig-paths-plugin skipping request as it is inside node_modules 
./generateCategoricalChart
2025-08-31T23:32:58.449Z next:jsconfig-paths-plugin skipping request as it is inside node_modules 
../polar/PolarAngleAxis
2025-08-31T23:32:58.449Z next:jsconfig-paths-plugin skipping request as it is inside node_modules 
../polar/PolarRadiusAxis
2025-08-31T23:32:58.449Z next:jsconfig-paths-plugin skipping request as it is inside node_modules 
../util/DataUtils
2025-08-31T23:32:58.449Z next:jsconfig-paths-plugin skipping request as it is inside node_modules 
../util/Global
2025-08-31T23:32:58.449Z next:jsconfig-paths-plugin skipping request as it is inside node_modules 
../util/PolarUtils
2025-08-31T23:32:58.449Z next:jsconfig-paths-plugin skipping request as it is inside node_modules 
../util/ChartUtils
2025-08-31T23:32:58.449Z next:jsconfig-paths-plugin skipping request as it is inside node_modules 
../shape/Polygon
2025-08-31T23:32:58.449Z next:jsconfig-paths-plugin skipping request as it is inside node_modules 
../shape/Dot
2025-08-31T23:32:58.449Z next:jsconfig-paths-plugin skipping request as it is inside node_modules 
../container/Layer
2025-08-31T23:32:58.449Z next:jsconfig-paths-plugin skipping request as it is inside node_modules 
../component/LabelList
2025-08-31T23:32:58.449Z next:jsconfig-paths-plugin skipping request as it is inside node_modules 
../util/ReactUtils
2025-08-31T23:32:58.449Z next:jsconfig-paths-plugin skipping request as it is inside node_modules 
./generateCategoricalChart
2025-08-31T23:32:58.450Z next:jsconfig-paths-plugin skipping request as it is inside node_modules 
../polar/PolarAngleAxis
2025-08-31T23:32:58.450Z next:jsconfig-paths-plugin skipping request as it is inside node_modules 
../polar/PolarRadiusAxis
2025-08-31T23:32:58.454Z next:jsconfig-paths-plugin skipping request as it is inside node_modules 
lodash/last
2025-08-31T23:32:58.454Z next:jsconfig-paths-plugin skipping request as it is inside node_modules 
lodash/first
2025-08-31T23:32:58.454Z next:jsconfig-paths-plugin skipping request as it is inside node_modules 
../polar/Radar
2025-08-31T23:32:58.455Z next:jsconfig-paths-plugin skipping request as it is inside node_modules 
../polar/Radar
2025-08-31T23:32:58.458Z next:jsconfig-paths-plugin skipping request as it is inside node_modules 
../util/PolarUtils
2025-08-31T23:32:58.459Z next:jsconfig-paths-plugin skipping request as it is inside node_modules 
../util/PolarUtils
2025-08-31T23:32:58.476Z next:jsconfig-paths-plugin skipping request as it is an absolute path 
C:\Users\ALICEBELLA\Desktop\HMNQV2\app\lib\utils
2025-08-31T23:32:58.477Z next:jsconfig-paths-plugin skipping request as it is an absolute path 
C:\Users\ALICEBELLA\Desktop\HMNQV2\app\lib\utils
2025-08-31T23:32:58.478Z next:jsconfig-paths-plugin skipping request as it is an absolute path 
C:\Users\ALICEBELLA\Desktop\HMNQV2\app\lib\utils
2025-08-31T23:32:58.479Z next:jsconfig-paths-plugin skipping request as it is an absolute path 
C:\Users\ALICEBELLA\Desktop\HMNQV2\app\lib\utils
2025-08-31T23:32:58.482Z next:jsconfig-paths-plugin skipping request as it is inside node_modules 
lodash/isEqual
2025-08-31T23:32:58.482Z next:jsconfig-paths-plugin skipping request as it is inside node_modules 
lodash/isEqual
2025-08-31T23:32:58.482Z next:jsconfig-paths-plugin skipping request as it is inside node_modules 
lodash/isEqual
2025-08-31T23:32:58.482Z next:jsconfig-paths-plugin skipping request as it is inside node_modules 
lodash/isEqual
2025-08-31T23:32:58.484Z next:jsconfig-paths-plugin skipping request as it is inside node_modules 
lodash/get
2025-08-31T23:32:58.487Z next:jsconfig-paths-plugin skipping request as it is inside node_modules 
lodash/isNil
2025-08-31T23:32:58.487Z next:jsconfig-paths-plugin skipping request as it is inside node_modules 
lodash/isNil
2025-08-31T23:32:58.487Z next:jsconfig-paths-plugin skipping request as it is inside node_modules 
lodash/isNil
2025-08-31T23:32:58.487Z next:jsconfig-paths-plugin skipping request as it is inside node_modules 
lodash/isNil
2025-08-31T23:32:58.492Z next:jsconfig-paths-plugin skipping request as it is inside node_modules 
lodash/isFunction
2025-08-31T23:32:58.492Z next:jsconfig-paths-plugin skipping request as it is inside node_modules 
lodash/isFunction
2025-08-31T23:32:58.492Z next:jsconfig-paths-plugin skipping request as it is inside node_modules 
lodash/isFunction
2025-08-31T23:32:58.492Z next:jsconfig-paths-plugin skipping request as it is inside node_modules 
lodash/isFunction
2025-08-31T23:32:58.492Z next:jsconfig-paths-plugin skipping request as it is inside node_modules 
lodash/isFunction
2025-08-31T23:32:58.492Z next:jsconfig-paths-plugin skipping request as it is inside node_modules 
lodash/isFunction
2025-08-31T23:32:58.497Z next:jsconfig-paths-plugin skipping request as it is inside node_modules 
lodash/maxBy
2025-08-31T23:32:58.498Z next:jsconfig-paths-plugin skipping request as it is inside node_modules 
lodash/minBy
2025-08-31T23:32:58.499Z next:jsconfig-paths-plugin skipping request as it is inside node_modules 
lodash/throttle
2025-08-31T23:32:58.501Z next:jsconfig-paths-plugin skipping request as it is inside node_modules 
lodash/last
2025-08-31T23:32:58.503Z next:jsconfig-paths-plugin skipping request as it is inside node_modules 
lodash/first
2025-08-31T23:32:58.505Z next:jsconfig-paths-plugin skipping request as it is inside node_modules 
./PngDecoder
2025-08-31T23:32:58.505Z next:jsconfig-paths-plugin skipping request as it is inside node_modules 
./PngEncoder
2025-08-31T23:32:58.505Z next:jsconfig-paths-plugin skipping request as it is inside node_modules 
./helpers/signature
2025-08-31T23:32:58.505Z next:jsconfig-paths-plugin skipping request as it is inside node_modules 
./types
2025-08-31T23:32:58.505Z next:jsconfig-paths-plugin skipping request as it is inside node_modules 
./convertIndexedToRgb
2025-08-31T23:32:58.525Z next:jsconfig-paths-plugin skipping request as it is inside node_modules 
./PngDecoder
2025-08-31T23:32:58.525Z next:jsconfig-paths-plugin skipping request as it is inside node_modules 
./PngEncoder
2025-08-31T23:32:58.526Z next:jsconfig-paths-plugin skipping request as it is inside node_modules 
./types
2025-08-31T23:32:58.527Z next:jsconfig-paths-plugin skipping request as it is inside node_modules 
./convertIndexedToRgb
2025-08-31T23:32:58.539Z next:jsconfig-paths-plugin skipping request as it is inside node_modules 
./helpers/signature
2025-08-31T23:32:58.673Z next:jsconfig-paths-plugin skipping request as it is inside node_modules 
lodash/isFunction
2025-08-31T23:32:58.673Z next:jsconfig-paths-plugin skipping request as it is inside node_modules 
lodash/isNil
2025-08-31T23:32:58.673Z next:jsconfig-paths-plugin skipping request as it is inside node_modules 
lodash/isEqual
2025-08-31T23:32:58.673Z next:jsconfig-paths-plugin skipping request as it is inside node_modules 
../shape/Curve
2025-08-31T23:32:58.673Z next:jsconfig-paths-plugin skipping request as it is inside node_modules 
../shape/Dot
2025-08-31T23:32:58.673Z next:jsconfig-paths-plugin skipping request as it is inside node_modules 
../container/Layer
2025-08-31T23:32:58.673Z next:jsconfig-paths-plugin skipping request as it is inside node_modules 
../component/LabelList
2025-08-31T23:32:58.673Z next:jsconfig-paths-plugin skipping request as it is inside node_modules 
../util/Global
2025-08-31T23:32:58.673Z next:jsconfig-paths-plugin skipping request as it is inside node_modules 
../util/DataUtils
2025-08-31T23:32:58.673Z next:jsconfig-paths-plugin skipping request as it is inside node_modules 
../util/ChartUtils
2025-08-31T23:32:58.673Z next:jsconfig-paths-plugin skipping request as it is inside node_modules 
../util/ReactUtils
2025-08-31T23:32:58.674Z next:jsconfig-paths-plugin skipping request as it is inside node_modules 
./generateCategoricalChart
2025-08-31T23:32:58.674Z next:jsconfig-paths-plugin skipping request as it is inside node_modules 
../cartesian/XAxis
2025-08-31T23:32:58.674Z next:jsconfig-paths-plugin skipping request as it is inside node_modules 
../cartesian/YAxis
2025-08-31T23:32:58.674Z next:jsconfig-paths-plugin skipping request as it is inside node_modules 
../util/CartesianUtils
2025-08-31T23:32:58.675Z next:jsconfig-paths-plugin skipping request as it is inside node_modules 
../shape/Curve
2025-08-31T23:32:58.675Z next:jsconfig-paths-plugin skipping request as it is inside node_modules 
../shape/Dot
2025-08-31T23:32:58.675Z next:jsconfig-paths-plugin skipping request as it is inside node_modules 
../container/Layer
2025-08-31T23:32:58.675Z next:jsconfig-paths-plugin skipping request as it is inside node_modules 
../component/LabelList
2025-08-31T23:32:58.675Z next:jsconfig-paths-plugin skipping request as it is inside node_modules 
../util/Global
2025-08-31T23:32:58.675Z next:jsconfig-paths-plugin skipping request as it is inside node_modules 
../util/DataUtils
2025-08-31T23:32:58.675Z next:jsconfig-paths-plugin skipping request as it is inside node_modules 
../util/ChartUtils
2025-08-31T23:32:58.675Z next:jsconfig-paths-plugin skipping request as it is inside node_modules 
../util/ReactUtils
2025-08-31T23:32:58.675Z next:jsconfig-paths-plugin skipping request as it is inside node_modules 
./generateCategoricalChart
2025-08-31T23:32:58.675Z next:jsconfig-paths-plugin skipping request as it is inside node_modules 
../cartesian/XAxis
2025-08-31T23:32:58.675Z next:jsconfig-paths-plugin skipping request as it is inside node_modules 
../cartesian/YAxis
2025-08-31T23:32:58.675Z next:jsconfig-paths-plugin skipping request as it is inside node_modules 
../util/CartesianUtils
2025-08-31T23:32:58.677Z next:jsconfig-paths-plugin skipping request as it is inside node_modules 
lodash/isFunction
2025-08-31T23:32:58.677Z next:jsconfig-paths-plugin skipping request as it is inside node_modules 
lodash/isNil
2025-08-31T23:32:58.677Z next:jsconfig-paths-plugin skipping request as it is inside node_modules 
lodash/isEqual
2025-08-31T23:32:58.696Z next:jsconfig-paths-plugin skipping request as it is inside node_modules 
lodash/max
2025-08-31T23:32:58.696Z next:jsconfig-paths-plugin skipping request as it is inside node_modules 
lodash/isNaN
2025-08-31T23:32:58.697Z next:jsconfig-paths-plugin skipping request as it is inside node_modules 
../cartesian/Area
2025-08-31T23:32:58.697Z next:jsconfig-paths-plugin skipping request as it is inside node_modules 
../cartesian/Area
2025-08-31T23:32:58.698Z next:jsconfig-paths-plugin skipping request as it is inside node_modules 
lodash/max
2025-08-31T23:32:58.699Z next:jsconfig-paths-plugin skipping request as it is inside node_modules 
lodash/isNaN
2025-08-31T23:32:58.729Z next:jsconfig-paths-plugin skipping request as it is inside node_modules 
./cartesian/Bar
2025-08-31T23:32:58.729Z next:jsconfig-paths-plugin skipping request as it is inside node_modules 
./chart/BarChart
2025-08-31T23:32:58.730Z next:jsconfig-paths-plugin skipping request as it is inside node_modules 
./component/Cell
2025-08-31T23:32:58.730Z next:jsconfig-paths-plugin skipping request as it is inside node_modules 
./polar/Pie
2025-08-31T23:32:58.730Z next:jsconfig-paths-plugin skipping request as it is inside node_modules 
./chart/PieChart
2025-08-31T23:32:58.730Z next:jsconfig-paths-plugin skipping request as it is inside node_modules 
./polar/PolarAngleAxis
2025-08-31T23:32:58.730Z next:jsconfig-paths-plugin skipping request as it is inside node_modules 
./polar/PolarGrid
2025-08-31T23:32:58.730Z next:jsconfig-paths-plugin skipping request as it is inside node_modules 
./polar/PolarRadiusAxis
2025-08-31T23:32:58.730Z next:jsconfig-paths-plugin skipping request as it is inside node_modules 
./polar/Radar
2025-08-31T23:32:58.730Z next:jsconfig-paths-plugin skipping request as it is inside node_modules 
./chart/RadarChart
2025-08-31T23:32:58.730Z next:jsconfig-paths-plugin skipping request as it is inside node_modules 
./component/ResponsiveContainer
2025-08-31T23:32:58.730Z next:jsconfig-paths-plugin skipping request as it is inside node_modules 
./cartesian/XAxis
2025-08-31T23:32:58.730Z next:jsconfig-paths-plugin skipping request as it is inside node_modules 
./cartesian/YAxis
2025-08-31T23:32:58.730Z next:jsconfig-paths-plugin skipping request as it is inside node_modules 
./cartesian/Bar
2025-08-31T23:32:58.730Z next:jsconfig-paths-plugin skipping request as it is inside node_modules 
./chart/BarChart
2025-08-31T23:32:58.731Z next:jsconfig-paths-plugin skipping request as it is inside node_modules 
./component/Cell
2025-08-31T23:32:58.731Z next:jsconfig-paths-plugin skipping request as it is inside node_modules 
./polar/Pie
2025-08-31T23:32:58.731Z next:jsconfig-paths-plugin skipping request as it is inside node_modules 
./chart/PieChart
2025-08-31T23:32:58.731Z next:jsconfig-paths-plugin skipping request as it is inside node_modules 
./polar/PolarAngleAxis
2025-08-31T23:32:58.731Z next:jsconfig-paths-plugin skipping request as it is inside node_modules 
./polar/PolarGrid
2025-08-31T23:32:58.731Z next:jsconfig-paths-plugin skipping request as it is inside node_modules 
./polar/PolarRadiusAxis
2025-08-31T23:32:58.731Z next:jsconfig-paths-plugin skipping request as it is inside node_modules 
./polar/Radar
2025-08-31T23:32:58.731Z next:jsconfig-paths-plugin skipping request as it is inside node_modules 
./chart/RadarChart
2025-08-31T23:32:58.731Z next:jsconfig-paths-plugin skipping request as it is inside node_modules 
./component/ResponsiveContainer
2025-08-31T23:32:58.731Z next:jsconfig-paths-plugin skipping request as it is inside node_modules 
./cartesian/XAxis
2025-08-31T23:32:58.731Z next:jsconfig-paths-plugin skipping request as it is inside node_modules 
./cartesian/YAxis
2025-08-31T23:32:58.746Z next:jsconfig-paths-plugin skipping request as it is inside node_modules 
../util/ReactUtils
2025-08-31T23:32:58.746Z next:jsconfig-paths-plugin skipping request as it is inside node_modules 
../util/DataUtils
2025-08-31T23:32:58.746Z next:jsconfig-paths-plugin skipping request as it is inside node_modules 
../util/DataUtils
2025-08-31T23:32:58.746Z next:jsconfig-paths-plugin skipping request as it is inside node_modules 
../util/Global
2025-08-31T23:32:58.746Z next:jsconfig-paths-plugin skipping request as it is inside node_modules 
../util/ReactUtils
2025-08-31T23:32:58.746Z next:jsconfig-paths-plugin skipping request as it is inside node_modules 
../util/ReactUtils
2025-08-31T23:32:58.747Z next:jsconfig-paths-plugin skipping request as it is inside node_modules 
lodash/isFunction
2025-08-31T23:32:58.747Z next:jsconfig-paths-plugin skipping request as it is inside node_modules 
../util/DataUtils
2025-08-31T23:32:58.747Z next:jsconfig-paths-plugin skipping request as it is inside node_modules 
../util/Global
2025-08-31T23:32:58.747Z next:jsconfig-paths-plugin skipping request as it is inside node_modules 
../util/PolarUtils
2025-08-31T23:32:58.747Z next:jsconfig-paths-plugin skipping request as it is inside node_modules 
../util/ReactUtils
2025-08-31T23:32:58.747Z next:jsconfig-paths-plugin skipping request as it is inside node_modules 
../util/DataUtils
2025-08-31T23:32:58.747Z next:jsconfig-paths-plugin skipping request as it is inside node_modules 
../util/DataUtils
2025-08-31T23:32:58.747Z next:jsconfig-paths-plugin skipping request as it is inside node_modules 
../util/Global
2025-08-31T23:32:58.747Z next:jsconfig-paths-plugin skipping request as it is inside node_modules 
../util/ReactUtils
2025-08-31T23:32:58.747Z next:jsconfig-paths-plugin skipping request as it is inside node_modules 
../util/ReactUtils
2025-08-31T23:32:58.747Z next:jsconfig-paths-plugin skipping request as it is inside node_modules 
../util/DataUtils
2025-08-31T23:32:58.747Z next:jsconfig-paths-plugin skipping request as it is inside node_modules 
../util/Global
2025-08-31T23:32:58.747Z next:jsconfig-paths-plugin skipping request as it is inside node_modules 
../util/PolarUtils
2025-08-31T23:32:58.748Z next:jsconfig-paths-plugin skipping request as it is inside node_modules 
lodash/isFunction
2025-08-31T23:32:58.755Z next:jsconfig-paths-plugin skipping request as it is inside node_modules 
lodash/isNil
2025-08-31T23:32:58.755Z next:jsconfig-paths-plugin skipping request as it is inside node_modules 
lodash/isNil
2025-08-31T23:32:58.755Z next:jsconfig-paths-plugin skipping request as it is inside node_modules 
lodash/isNil
2025-08-31T23:32:58.755Z next:jsconfig-paths-plugin skipping request as it is inside node_modules 
lodash/isFunction
2025-08-31T23:32:58.755Z next:jsconfig-paths-plugin skipping request as it is inside node_modules 
lodash/isFunction
2025-08-31T23:32:58.755Z next:jsconfig-paths-plugin skipping request as it is inside node_modules 
lodash/isObject
2025-08-31T23:32:58.755Z next:jsconfig-paths-plugin skipping request as it is inside node_modules 
lodash/isObject
2025-08-31T23:32:58.755Z next:jsconfig-paths-plugin skipping request as it is inside node_modules 
./Text
2025-08-31T23:32:58.756Z next:jsconfig-paths-plugin skipping request as it is inside node_modules 
../util/PolarUtils
2025-08-31T23:32:58.756Z next:jsconfig-paths-plugin skipping request as it is inside node_modules 
../util/DOMUtils
2025-08-31T23:32:58.756Z next:jsconfig-paths-plugin skipping request as it is inside node_modules 
../util/ReduceCSSCalc
2025-08-31T23:32:58.756Z next:jsconfig-paths-plugin skipping request as it is inside node_modules 
lodash/last
2025-08-31T23:32:58.756Z next:jsconfig-paths-plugin skipping request as it is inside node_modules 
./Label
2025-08-31T23:32:58.756Z next:jsconfig-paths-plugin skipping request as it is inside node_modules 
../container/Layer
2025-08-31T23:32:58.756Z next:jsconfig-paths-plugin skipping request as it is inside node_modules 
../util/ChartUtils
2025-08-31T23:32:58.756Z next:jsconfig-paths-plugin skipping request as it is inside node_modules 
../util/DOMUtils
2025-08-31T23:32:58.756Z next:jsconfig-paths-plugin skipping request as it is inside node_modules 
../util/TickUtils
2025-08-31T23:32:58.756Z next:jsconfig-paths-plugin skipping request as it is inside node_modules 
./getEquidistantTicks
2025-08-31T23:32:58.756Z next:jsconfig-paths-plugin skipping request as it is inside node_modules 
lodash/isNil
2025-08-31T23:32:58.756Z next:jsconfig-paths-plugin skipping request as it is inside node_modules 
lodash/isFunction
2025-08-31T23:32:58.756Z next:jsconfig-paths-plugin skipping request as it is inside node_modules 
lodash/range
2025-08-31T23:32:58.756Z next:jsconfig-paths-plugin skipping request as it is inside node_modules 
lodash/get
2025-08-31T23:32:58.756Z next:jsconfig-paths-plugin skipping request as it is inside node_modules 
lodash/sortBy
2025-08-31T23:32:58.756Z next:jsconfig-paths-plugin skipping request as it is inside node_modules 
lodash/throttle
2025-08-31T23:32:58.756Z next:jsconfig-paths-plugin skipping request as it is inside node_modules 
../container/Surface
2025-08-31T23:32:58.757Z next:jsconfig-paths-plugin skipping request as it is inside node_modules 
../container/Layer
2025-08-31T23:32:58.757Z next:jsconfig-paths-plugin skipping request as it is inside node_modules 
../component/Tooltip
2025-08-31T23:32:58.757Z next:jsconfig-paths-plugin skipping request as it is inside node_modules 
../component/Legend
2025-08-31T23:32:58.757Z next:jsconfig-paths-plugin skipping request as it is inside node_modules 
../shape/Dot
2025-08-31T23:32:58.757Z next:jsconfig-paths-plugin skipping request as it is inside node_modules 
../shape/Rectangle
2025-08-31T23:32:58.757Z next:jsconfig-paths-plugin skipping request as it is inside node_modules 
../util/ReactUtils
2025-08-31T23:32:58.757Z next:jsconfig-paths-plugin skipping request as it is inside node_modules 
../cartesian/Brush
2025-08-31T23:32:58.757Z next:jsconfig-paths-plugin skipping request as it is inside node_modules 
../util/DOMUtils
2025-08-31T23:32:58.757Z next:jsconfig-paths-plugin skipping request as it is inside node_modules 
../util/DataUtils
2025-08-31T23:32:58.757Z next:jsconfig-paths-plugin skipping request as it is inside node_modules 
../util/ChartUtils
2025-08-31T23:32:58.757Z next:jsconfig-paths-plugin skipping request as it is inside node_modules 
../util/DetectReferenceElementsDomain
2025-08-31T23:32:58.757Z next:jsconfig-paths-plugin skipping request as it is inside node_modules 
../util/ShallowEqual
2025-08-31T23:32:58.757Z next:jsconfig-paths-plugin skipping request as it is inside node_modules 
../util/Events
2025-08-31T23:32:58.757Z next:jsconfig-paths-plugin skipping request as it is inside node_modules 
../util/types
2025-08-31T23:32:58.757Z next:jsconfig-paths-plugin skipping request as it is inside node_modules 
./AccessibilityManager
2025-08-31T23:32:58.757Z next:jsconfig-paths-plugin skipping request as it is inside node_modules 
../util/isDomainSpecifiedByUser
2025-08-31T23:32:58.757Z next:jsconfig-paths-plugin skipping request as it is inside node_modules 
../util/ActiveShapeUtils
2025-08-31T23:32:58.757Z next:jsconfig-paths-plugin skipping request as it is inside node_modules 
../component/Cursor
2025-08-31T23:32:58.757Z next:jsconfig-paths-plugin skipping request as it is inside node_modules 
../context/chartLayoutContext
2025-08-31T23:32:58.759Z next:jsconfig-paths-plugin skipping request as it is inside node_modules 
./Text
2025-08-31T23:32:58.759Z next:jsconfig-paths-plugin skipping request as it is inside node_modules 
../util/PolarUtils
2025-08-31T23:32:58.759Z next:jsconfig-paths-plugin skipping request as it is inside node_modules 
./Label
2025-08-31T23:32:58.759Z next:jsconfig-paths-plugin skipping request as it is inside node_modules 
../container/Layer
2025-08-31T23:32:58.759Z next:jsconfig-paths-plugin skipping request as it is inside node_modules 
../util/ChartUtils
2025-08-31T23:32:58.759Z next:jsconfig-paths-plugin skipping request as it is inside node_modules 
../container/Layer
2025-08-31T23:32:58.759Z next:jsconfig-paths-plugin skipping request as it is inside node_modules 
../component/Tooltip
2025-08-31T23:32:58.759Z next:jsconfig-paths-plugin skipping request as it is inside node_modules 
../component/Legend
2025-08-31T23:32:58.759Z next:jsconfig-paths-plugin skipping request as it is inside node_modules 
../shape/Dot
2025-08-31T23:32:58.759Z next:jsconfig-paths-plugin skipping request as it is inside node_modules 
../util/ReactUtils
2025-08-31T23:32:58.759Z next:jsconfig-paths-plugin skipping request as it is inside node_modules 
../util/DataUtils
2025-08-31T23:32:58.759Z next:jsconfig-paths-plugin skipping request as it is inside node_modules 
../util/ChartUtils
2025-08-31T23:32:58.759Z next:jsconfig-paths-plugin skipping request as it is inside node_modules 
../util/types
2025-08-31T23:32:58.759Z next:jsconfig-paths-plugin skipping request as it is inside node_modules 
../util/ActiveShapeUtils
2025-08-31T23:32:58.759Z next:jsconfig-paths-plugin skipping request as it is inside node_modules 
../context/chartLayoutContext
2025-08-31T23:32:58.761Z next:jsconfig-paths-plugin skipping request as it is inside node_modules 
lodash/isNil
2025-08-31T23:32:58.761Z next:jsconfig-paths-plugin skipping request as it is inside node_modules 
lodash/isNil
2025-08-31T23:32:58.761Z next:jsconfig-paths-plugin skipping request as it is inside node_modules 
lodash/isNil
2025-08-31T23:32:58.761Z next:jsconfig-paths-plugin skipping request as it is inside node_modules 
lodash/isFunction
2025-08-31T23:32:58.761Z next:jsconfig-paths-plugin skipping request as it is inside node_modules 
lodash/isFunction
2025-08-31T23:32:58.761Z next:jsconfig-paths-plugin skipping request as it is inside node_modules 
lodash/last
2025-08-31T23:32:58.768Z next:jsconfig-paths-plugin skipping request as it is inside node_modules 
lodash/isNil
2025-08-31T23:32:58.768Z next:jsconfig-paths-plugin skipping request as it is inside node_modules 
lodash/isFunction
2025-08-31T23:32:58.768Z next:jsconfig-paths-plugin skipping request as it is inside node_modules 
lodash/get
2025-08-31T23:32:58.768Z next:jsconfig-paths-plugin skipping request as it is inside node_modules 
lodash/throttle
2025-08-31T23:32:58.770Z next:jsconfig-paths-plugin skipping request as it is inside node_modules 
../util/DOMUtils
2025-08-31T23:32:58.770Z next:jsconfig-paths-plugin skipping request as it is inside node_modules 
../util/DOMUtils
2025-08-31T23:32:58.770Z next:jsconfig-paths-plugin skipping request as it is inside node_modules 
../util/DOMUtils
2025-08-31T23:32:58.772Z next:jsconfig-paths-plugin skipping request as it is inside node_modules 
../util/ReduceCSSCalc
2025-08-31T23:32:58.773Z next:jsconfig-paths-plugin skipping request as it is inside node_modules 
../util/TickUtils
2025-08-31T23:32:58.774Z next:jsconfig-paths-plugin skipping request as it is inside node_modules 
./getEquidistantTicks
2025-08-31T23:32:58.774Z next:jsconfig-paths-plugin skipping request as it is inside node_modules 
../container/Surface
2025-08-31T23:32:58.775Z next:jsconfig-paths-plugin skipping request as it is inside node_modules 
../shape/Rectangle
2025-08-31T23:32:58.775Z next:jsconfig-paths-plugin skipping request as it is inside node_modules 
../cartesian/Brush
2025-08-31T23:32:58.775Z next:jsconfig-paths-plugin skipping request as it is inside node_modules 
../util/DetectReferenceElementsDomain
2025-08-31T23:32:58.776Z next:jsconfig-paths-plugin skipping request as it is inside node_modules 
../util/ShallowEqual
2025-08-31T23:32:58.776Z next:jsconfig-paths-plugin skipping request as it is inside node_modules 
../util/Events
2025-08-31T23:32:58.777Z next:jsconfig-paths-plugin skipping request as it is inside node_modules 
./AccessibilityManager
2025-08-31T23:32:58.777Z next:jsconfig-paths-plugin skipping request as it is inside node_modules 
../util/isDomainSpecifiedByUser
2025-08-31T23:32:58.777Z next:jsconfig-paths-plugin skipping request as it is inside node_modules 
../component/Cursor
2025-08-31T23:32:58.778Z next:jsconfig-paths-plugin skipping request as it is inside node_modules 
lodash/isObject
2025-08-31T23:32:58.778Z next:jsconfig-paths-plugin skipping request as it is inside node_modules 
lodash/isObject
2025-08-31T23:32:58.780Z next:jsconfig-paths-plugin skipping request as it is inside node_modules 
lodash/isFunction
2025-08-31T23:32:58.780Z next:jsconfig-paths-plugin skipping request as it is inside node_modules 
../util/LogUtils
2025-08-31T23:32:58.780Z next:jsconfig-paths-plugin skipping request as it is inside node_modules 
../container/Layer
2025-08-31T23:32:58.780Z next:jsconfig-paths-plugin skipping request as it is inside node_modules 
../util/ReactUtils
2025-08-31T23:32:58.780Z next:jsconfig-paths-plugin skipping request as it is inside node_modules 
lodash/isFunction
2025-08-31T23:32:58.780Z next:jsconfig-paths-plugin skipping request as it is inside node_modules 
../container/Layer
2025-08-31T23:32:58.780Z next:jsconfig-paths-plugin skipping request as it is inside node_modules 
../util/DataUtils
2025-08-31T23:32:58.780Z next:jsconfig-paths-plugin skipping request as it is inside node_modules 
../util/types
2025-08-31T23:32:58.780Z next:jsconfig-paths-plugin skipping request as it is inside node_modules 
../util/ReactUtils
2025-08-31T23:32:58.784Z next:jsconfig-paths-plugin skipping request as it is inside node_modules 
./getTicks
2025-08-31T23:32:58.784Z next:jsconfig-paths-plugin skipping request as it is inside node_modules 
lodash/isNil
2025-08-31T23:32:58.784Z next:jsconfig-paths-plugin skipping request as it is inside node_modules 
../util/DataUtils
2025-08-31T23:32:58.785Z next:jsconfig-paths-plugin skipping request as it is inside node_modules 
../util/LogUtils
2025-08-31T23:32:58.785Z next:jsconfig-paths-plugin skipping request as it is inside node_modules 
../container/Layer
2025-08-31T23:32:58.785Z next:jsconfig-paths-plugin skipping request as it is inside node_modules 
../util/ReactUtils
2025-08-31T23:32:58.785Z next:jsconfig-paths-plugin skipping request as it is inside node_modules 
../container/Layer
2025-08-31T23:32:58.785Z next:jsconfig-paths-plugin skipping request as it is inside node_modules 
../util/DataUtils
2025-08-31T23:32:58.785Z next:jsconfig-paths-plugin skipping request as it is inside node_modules 
../util/types
2025-08-31T23:32:58.785Z next:jsconfig-paths-plugin skipping request as it is inside node_modules 
../util/ReactUtils
2025-08-31T23:32:58.785Z next:jsconfig-paths-plugin skipping request as it is inside node_modules 
./getTicks
2025-08-31T23:32:58.785Z next:jsconfig-paths-plugin skipping request as it is inside node_modules 
../util/DataUtils
2025-08-31T23:32:58.787Z next:jsconfig-paths-plugin skipping request as it is inside node_modules 
lodash/isFunction
2025-08-31T23:32:58.787Z next:jsconfig-paths-plugin skipping request as it is inside node_modules 
lodash/isFunction
2025-08-31T23:32:58.787Z next:jsconfig-paths-plugin skipping request as it is inside node_modules 
lodash/isNil
2025-08-31T23:32:58.792Z next:jsconfig-paths-plugin skipping request as it is inside node_modules 
../container/Surface
2025-08-31T23:32:58.792Z next:jsconfig-paths-plugin skipping request as it is inside node_modules 
../shape/Symbols
2025-08-31T23:32:58.792Z next:jsconfig-paths-plugin skipping request as it is inside node_modules 
../util/types
2025-08-31T23:32:58.793Z next:jsconfig-paths-plugin skipping request as it is inside node_modules 
../util/tooltip/translate
2025-08-31T23:32:58.793Z next:jsconfig-paths-plugin skipping request as it is inside node_modules 
lodash/get
2025-08-31T23:32:58.793Z next:jsconfig-paths-plugin skipping request as it is inside node_modules 
../util/ShallowEqual
2025-08-31T23:32:58.793Z next:jsconfig-paths-plugin skipping request as it is inside node_modules 
../component/Text
2025-08-31T23:32:58.793Z next:jsconfig-paths-plugin skipping request as it is inside node_modules 
../component/Label
2025-08-31T23:32:58.793Z next:jsconfig-paths-plugin skipping request as it is inside node_modules 
lodash/sortBy
2025-08-31T23:32:58.793Z next:jsconfig-paths-plugin skipping request as it is inside node_modules 
../util/ReactUtils
2025-08-31T23:32:58.793Z next:jsconfig-paths-plugin skipping request as it is inside node_modules 
lodash/get
2025-08-31T23:32:58.793Z next:jsconfig-paths-plugin skipping request as it is inside node_modules 
lodash/get
2025-08-31T23:32:58.793Z next:jsconfig-paths-plugin skipping request as it is inside node_modules 
lodash/get
2025-08-31T23:32:58.793Z next:jsconfig-paths-plugin skipping request as it is inside node_modules 
lodash/isNil
2025-08-31T23:32:58.793Z next:jsconfig-paths-plugin skipping request as it is inside node_modules 
lodash/isNil
2025-08-31T23:32:58.793Z next:jsconfig-paths-plugin skipping request as it is inside node_modules 
lodash/isNil
2025-08-31T23:32:58.793Z next:jsconfig-paths-plugin skipping request as it is inside node_modules 
lodash/isString
2025-08-31T23:32:58.794Z next:jsconfig-paths-plugin skipping request as it is inside node_modules 
lodash/isString
2025-08-31T23:32:58.794Z next:jsconfig-paths-plugin skipping request as it is inside node_modules 
lodash/isString
2025-08-31T23:32:58.794Z next:jsconfig-paths-plugin skipping request as it is inside node_modules 
lodash/isFunction
2025-08-31T23:32:58.794Z next:jsconfig-paths-plugin skipping request as it is inside node_modules 
lodash/isFunction
2025-08-31T23:32:58.794Z next:jsconfig-paths-plugin skipping request as it is inside node_modules 
lodash/isFunction
2025-08-31T23:32:58.794Z next:jsconfig-paths-plugin skipping request as it is inside node_modules 
lodash/isObject
2025-08-31T23:32:58.794Z next:jsconfig-paths-plugin skipping request as it is inside node_modules 
lodash/isObject
2025-08-31T23:32:58.794Z next:jsconfig-paths-plugin skipping request as it is inside node_modules 
./DataUtils
2025-08-31T23:32:58.794Z next:jsconfig-paths-plugin skipping request as it is inside node_modules 
./DataUtils
2025-08-31T23:32:58.794Z next:jsconfig-paths-plugin skipping request as it is inside node_modules 
./ShallowEqual
2025-08-31T23:32:58.794Z next:jsconfig-paths-plugin skipping request as it is inside node_modules 
./types
2025-08-31T23:32:58.794Z next:jsconfig-paths-plugin skipping request as it is inside node_modules 
./ChartUtils
2025-08-31T23:32:58.794Z next:jsconfig-paths-plugin skipping request as it is inside node_modules 
lodash/isNaN
2025-08-31T23:32:58.794Z next:jsconfig-paths-plugin skipping request as it is inside node_modules 
lodash/isNaN
2025-08-31T23:32:58.794Z next:jsconfig-paths-plugin skipping request as it is inside node_modules 
lodash/isNumber
2025-08-31T23:32:58.794Z next:jsconfig-paths-plugin skipping request as it is inside node_modules 
lodash/max
2025-08-31T23:32:58.794Z next:jsconfig-paths-plugin skipping request as it is inside node_modules 
lodash/min
2025-08-31T23:32:58.794Z next:jsconfig-paths-plugin skipping request as it is inside node_modules 
lodash/flatMap
2025-08-31T23:32:58.794Z next:jsconfig-paths-plugin skipping request as it is inside node_modules 
lodash/upperFirst
2025-08-31T23:32:58.795Z next:jsconfig-paths-plugin skipping request as it is inside node_modules 
../container/Surface
2025-08-31T23:32:58.795Z next:jsconfig-paths-plugin skipping request as it is inside node_modules 
../util/types
2025-08-31T23:32:58.795Z next:jsconfig-paths-plugin skipping request as it is inside node_modules 
../util/ShallowEqual
2025-08-31T23:32:58.795Z next:jsconfig-paths-plugin skipping request as it is inside node_modules 
../component/Text
2025-08-31T23:32:58.795Z next:jsconfig-paths-plugin skipping request as it is inside node_modules 
../component/Label
2025-08-31T23:32:58.795Z next:jsconfig-paths-plugin skipping request as it is inside node_modules 
../util/ReactUtils
2025-08-31T23:32:58.795Z next:jsconfig-paths-plugin skipping request as it is inside node_modules 
./DataUtils
2025-08-31T23:32:58.795Z next:jsconfig-paths-plugin skipping request as it is inside node_modules 
./DataUtils
2025-08-31T23:32:58.795Z next:jsconfig-paths-plugin skipping request as it is inside node_modules 
./ShallowEqual
2025-08-31T23:32:58.795Z next:jsconfig-paths-plugin skipping request as it is inside node_modules 
./types
2025-08-31T23:32:58.795Z next:jsconfig-paths-plugin skipping request as it is inside node_modules 
./ChartUtils
2025-08-31T23:32:58.796Z next:jsconfig-paths-plugin skipping request as it is inside node_modules 
lodash/get
2025-08-31T23:32:58.800Z next:jsconfig-paths-plugin skipping request as it is inside node_modules 
lodash/range
2025-08-31T23:32:58.801Z next:jsconfig-paths-plugin skipping request as it is inside node_modules 
lodash/sortBy
2025-08-31T23:32:58.801Z next:jsconfig-paths-plugin skipping request as it is inside node_modules 
lodash/sortBy
2025-08-31T23:32:58.805Z next:jsconfig-paths-plugin skipping request as it is inside node_modules 
lodash/get
2025-08-31T23:32:58.805Z next:jsconfig-paths-plugin skipping request as it is inside node_modules 
lodash/get
2025-08-31T23:32:58.805Z next:jsconfig-paths-plugin skipping request as it is inside node_modules 
lodash/get
2025-08-31T23:32:58.805Z next:jsconfig-paths-plugin skipping request as it is inside node_modules 
lodash/isNil
2025-08-31T23:32:58.805Z next:jsconfig-paths-plugin skipping request as it is inside node_modules 
lodash/isNil
2025-08-31T23:32:58.805Z next:jsconfig-paths-plugin skipping request as it is inside node_modules 
lodash/isNil
2025-08-31T23:32:58.805Z next:jsconfig-paths-plugin skipping request as it is inside node_modules 
lodash/isFunction
2025-08-31T23:32:58.805Z next:jsconfig-paths-plugin skipping request as it is inside node_modules 
lodash/isFunction
2025-08-31T23:32:58.805Z next:jsconfig-paths-plugin skipping request as it is inside node_modules 
lodash/isFunction
2025-08-31T23:32:58.806Z next:jsconfig-paths-plugin skipping request as it is inside node_modules 
lodash/isObject
2025-08-31T23:32:58.806Z next:jsconfig-paths-plugin skipping request as it is inside node_modules 
lodash/isObject
2025-08-31T23:32:58.806Z next:jsconfig-paths-plugin skipping request as it is inside node_modules 
lodash/isNaN
2025-08-31T23:32:58.806Z next:jsconfig-paths-plugin skipping request as it is inside node_modules 
lodash/isNaN
2025-08-31T23:32:58.806Z next:jsconfig-paths-plugin skipping request as it is inside node_modules 
lodash/max
2025-08-31T23:32:58.813Z next:jsconfig-paths-plugin skipping request as it is inside node_modules 
../shape/Symbols
2025-08-31T23:32:58.817Z next:jsconfig-paths-plugin skipping request as it is inside node_modules 
./DataUtils
2025-08-31T23:32:58.817Z next:jsconfig-paths-plugin skipping request as it is inside node_modules 
lodash/isFunction
2025-08-31T23:32:58.817Z next:jsconfig-paths-plugin skipping request as it is inside node_modules 
./ChartUtils
2025-08-31T23:32:58.817Z next:jsconfig-paths-plugin skipping request as it is inside node_modules 
./DataUtils
2025-08-31T23:32:58.818Z next:jsconfig-paths-plugin skipping request as it is inside node_modules 
./DataUtils
2025-08-31T23:32:58.818Z next:jsconfig-paths-plugin skipping request as it is inside node_modules 
./ChartUtils
2025-08-31T23:32:58.818Z next:jsconfig-paths-plugin skipping request as it is inside node_modules 
./DataUtils
2025-08-31T23:32:58.818Z next:jsconfig-paths-plugin skipping request as it is inside node_modules 
lodash/isFunction
2025-08-31T23:32:58.822Z next:jsconfig-paths-plugin skipping request as it is inside node_modules 
lodash/isEqual
2025-08-31T23:32:58.822Z next:jsconfig-paths-plugin skipping request as it is inside node_modules 
lodash/isEqual
2025-08-31T23:32:58.822Z next:jsconfig-paths-plugin skipping request as it is inside node_modules 
lodash/sortBy
2025-08-31T23:32:58.822Z next:jsconfig-paths-plugin skipping request as it is inside node_modules 
../cartesian/ErrorBar
2025-08-31T23:32:58.822Z next:jsconfig-paths-plugin skipping request as it is inside node_modules 
./ReactUtils
2025-08-31T23:32:58.822Z next:jsconfig-paths-plugin skipping request as it is inside node_modules 
./ReactUtils
2025-08-31T23:32:58.823Z next:jsconfig-paths-plugin skipping request as it is inside node_modules 
./getLegendProps
2025-08-31T23:32:58.823Z next:jsconfig-paths-plugin skipping request as it is inside node_modules 
lodash/isPlainObject
2025-08-31T23:32:58.823Z next:jsconfig-paths-plugin skipping request as it is inside node_modules 
lodash/isBoolean
2025-08-31T23:32:58.823Z next:jsconfig-paths-plugin skipping request as it is inside node_modules 
../shape/Rectangle
2025-08-31T23:32:58.823Z next:jsconfig-paths-plugin skipping request as it is inside node_modules 
../shape/Trapezoid
2025-08-31T23:32:58.823Z next:jsconfig-paths-plugin skipping request as it is inside node_modules 
../shape/Sector
2025-08-31T23:32:58.823Z next:jsconfig-paths-plugin skipping request as it is inside node_modules 
../container/Layer
2025-08-31T23:32:58.823Z next:jsconfig-paths-plugin skipping request as it is inside node_modules 
../shape/Symbols
2025-08-31T23:32:58.823Z next:jsconfig-paths-plugin skipping request as it is inside node_modules 
lodash/mapValues
2025-08-31T23:32:58.823Z next:jsconfig-paths-plugin skipping request as it is inside node_modules 
lodash/every
2025-08-31T23:32:58.823Z next:jsconfig-paths-plugin skipping request as it is inside node_modules 
../cartesian/Bar
2025-08-31T23:32:58.823Z next:jsconfig-paths-plugin skipping request as it is inside node_modules 
lodash/find
2025-08-31T23:32:58.823Z next:jsconfig-paths-plugin skipping request as it is inside node_modules 
lodash/every
2025-08-31T23:32:58.823Z next:jsconfig-paths-plugin skipping request as it is inside node_modules 
../util/calculateViewBox
2025-08-31T23:32:58.823Z next:jsconfig-paths-plugin skipping request as it is inside node_modules 
../util/DataUtils
2025-08-31T23:32:58.823Z next:jsconfig-paths-plugin skipping request as it is inside node_modules 
lodash/upperFirst
2025-08-31T23:32:58.823Z next:jsconfig-paths-plugin skipping request as it is inside node_modules 
lodash/isFunction
2025-08-31T23:32:58.823Z next:jsconfig-paths-plugin skipping request as it is inside node_modules 
../util/types
2025-08-31T23:32:58.823Z next:jsconfig-paths-plugin skipping request as it is inside node_modules 
../util/types
2025-08-31T23:32:58.824Z next:jsconfig-paths-plugin skipping request as it is inside node_modules 
../util/ReactUtils
2025-08-31T23:32:58.824Z next:jsconfig-paths-plugin skipping request as it is inside node_modules 
../util/ReactUtils
2025-08-31T23:32:58.824Z next:jsconfig-paths-plugin skipping request as it is inside node_modules 
../util/DataUtils
2025-08-31T23:32:58.824Z next:jsconfig-paths-plugin skipping request as it is inside node_modules 
lodash/uniqBy
2025-08-31T23:32:58.824Z next:jsconfig-paths-plugin skipping request as it is inside node_modules 
lodash/isFunction
2025-08-31T23:32:58.825Z next:jsconfig-paths-plugin skipping request as it is inside node_modules 
../cartesian/ErrorBar
2025-08-31T23:32:58.825Z next:jsconfig-paths-plugin skipping request as it is inside node_modules 
./ReactUtils
2025-08-31T23:32:58.825Z next:jsconfig-paths-plugin skipping request as it is inside node_modules 
./ReactUtils
2025-08-31T23:32:58.825Z next:jsconfig-paths-plugin skipping request as it is inside node_modules 
../shape/Rectangle
2025-08-31T23:32:58.825Z next:jsconfig-paths-plugin skipping request as it is inside node_modules 
../container/Layer
2025-08-31T23:32:58.825Z next:jsconfig-paths-plugin skipping request as it is inside node_modules 
../shape/Symbols
2025-08-31T23:32:58.825Z next:jsconfig-paths-plugin skipping request as it is inside node_modules 
../cartesian/Bar
2025-08-31T23:32:58.825Z next:jsconfig-paths-plugin skipping request as it is inside node_modules 
../util/DataUtils
2025-08-31T23:32:58.825Z next:jsconfig-paths-plugin skipping request as it is inside node_modules 
../util/types
2025-08-31T23:32:58.825Z next:jsconfig-paths-plugin skipping request as it is inside node_modules 
../util/types
2025-08-31T23:32:58.825Z next:jsconfig-paths-plugin skipping request as it is inside node_modules 
../util/ReactUtils
2025-08-31T23:32:58.825Z next:jsconfig-paths-plugin skipping request as it is inside node_modules 
../util/ReactUtils
2025-08-31T23:32:58.825Z next:jsconfig-paths-plugin skipping request as it is inside node_modules 
../util/DataUtils
2025-08-31T23:32:58.827Z next:jsconfig-paths-plugin skipping request as it is inside node_modules 
lodash/isEqual
2025-08-31T23:32:58.827Z next:jsconfig-paths-plugin skipping request as it is inside node_modules 
lodash/isEqual
2025-08-31T23:32:58.827Z next:jsconfig-paths-plugin skipping request as it is inside node_modules 
lodash/sortBy
2025-08-31T23:32:58.833Z next:jsconfig-paths-plugin skipping request as it is inside node_modules 
../util/tooltip/translate
2025-08-31T23:32:58.834Z next:jsconfig-paths-plugin skipping request as it is inside node_modules 
lodash/isNumber
2025-08-31T23:32:58.835Z next:jsconfig-paths-plugin skipping request as it is inside node_modules 
lodash/min
2025-08-31T23:32:58.836Z next:jsconfig-paths-plugin skipping request as it is inside node_modules 
lodash/flatMap
2025-08-31T23:32:58.842Z next:jsconfig-paths-plugin skipping request as it is inside node_modules 
lodash/upperFirst
2025-08-31T23:32:58.843Z next:jsconfig-paths-plugin skipping request as it is inside node_modules 
lodash/isString
2025-08-31T23:32:58.843Z next:jsconfig-paths-plugin skipping request as it is inside node_modules 
lodash/isString
2025-08-31T23:32:58.844Z next:jsconfig-paths-plugin skipping request as it is inside node_modules 
lodash/isString
2025-08-31T23:32:58.846Z next:jsconfig-paths-plugin skipping request as it is inside node_modules 
lodash/upperFirst
2025-08-31T23:32:58.846Z next:jsconfig-paths-plugin skipping request as it is inside node_modules 
lodash/isFunction
2025-08-31T23:32:58.848Z next:jsconfig-paths-plugin skipping request as it is inside node_modules 
lodash/isFunction
2025-08-31T23:32:58.849Z next:jsconfig-paths-plugin skipping request as it is inside node_modules 
./getLegendProps
2025-08-31T23:32:58.850Z next:jsconfig-paths-plugin skipping request as it is inside node_modules 
../shape/Trapezoid
2025-08-31T23:32:58.850Z next:jsconfig-paths-plugin skipping request as it is inside node_modules 
../shape/Sector
2025-08-31T23:32:58.851Z next:jsconfig-paths-plugin skipping request as it is inside node_modules 
../util/calculateViewBox
2025-08-31T23:32:58.852Z next:jsconfig-paths-plugin skipping request as it is inside node_modules 
lodash/isPlainObject
2025-08-31T23:32:58.853Z next:jsconfig-paths-plugin skipping request as it is inside node_modules 
lodash/isBoolean
2025-08-31T23:32:58.854Z next:jsconfig-paths-plugin skipping request as it is inside node_modules 
lodash/mapValues
2025-08-31T23:32:58.855Z next:jsconfig-paths-plugin skipping request as it is inside node_modules 
lodash/every
2025-08-31T23:32:58.855Z next:jsconfig-paths-plugin skipping request as it is inside node_modules 
lodash/every
2025-08-31T23:32:58.862Z next:jsconfig-paths-plugin skipping request as it is inside node_modules 
../util/ReactUtils
2025-08-31T23:32:58.862Z next:jsconfig-paths-plugin skipping request as it is inside node_modules 
../util/ReactUtils
2025-08-31T23:32:58.871Z next:jsconfig-paths-plugin skipping request as it is inside node_modules 
./ActiveShapeUtils
2025-08-31T23:32:58.871Z next:jsconfig-paths-plugin skipping request as it is inside node_modules 
./ActiveShapeUtils
2025-08-31T23:32:58.872Z next:jsconfig-paths-plugin skipping request as it is inside node_modules 
lodash/find
2025-08-31T23:32:58.872Z next:jsconfig-paths-plugin skipping request as it is inside node_modules 
lodash/uniqBy
2025-08-31T23:32:58.873Z next:jsconfig-paths-plugin skipping request as it is inside node_modules 
./Animate
2025-08-31T23:32:58.873Z next:jsconfig-paths-plugin skipping request as it is inside node_modules 
./easing
2025-08-31T23:32:58.873Z next:jsconfig-paths-plugin skipping request as it is inside node_modules 
./AnimateGroup
2025-08-31T23:32:58.874Z next:jsconfig-paths-plugin skipping request as it is inside node_modules 
./helpers/signature
2025-08-31T23:32:58.874Z next:jsconfig-paths-plugin skipping request as it is inside node_modules 
./helpers/signature
2025-08-31T23:32:58.874Z next:jsconfig-paths-plugin skipping request as it is inside node_modules 
./helpers/signature
2025-08-31T23:32:58.875Z next:jsconfig-paths-plugin skipping request as it is inside node_modules 
./helpers/signature
2025-08-31T23:32:58.878Z next:jsconfig-paths-plugin skipping request as it is inside node_modules 
./helpers/crc
2025-08-31T23:32:58.878Z next:jsconfig-paths-plugin skipping request as it is inside node_modules 
./helpers/crc
2025-08-31T23:32:58.879Z next:jsconfig-paths-plugin skipping request as it is inside node_modules 
./helpers/decodeInterlaceAdam7
2025-08-31T23:32:58.879Z next:jsconfig-paths-plugin skipping request as it is inside node_modules 
./helpers/decodeInterlaceNull
2025-08-31T23:32:58.879Z next:jsconfig-paths-plugin skipping request as it is inside node_modules 
./helpers/text
2025-08-31T23:32:58.879Z next:jsconfig-paths-plugin skipping request as it is inside node_modules 
./helpers/text
2025-08-31T23:32:58.879Z next:jsconfig-paths-plugin skipping request as it is inside node_modules 
./internalTypes
2025-08-31T23:32:58.879Z next:jsconfig-paths-plugin skipping request as it is inside node_modules 
./internalTypes
2025-08-31T23:32:58.881Z next:jsconfig-paths-plugin skipping request as it is inside node_modules 
./Animate
2025-08-31T23:32:58.881Z next:jsconfig-paths-plugin skipping request as it is inside node_modules 
./easing
2025-08-31T23:32:58.882Z next:jsconfig-paths-plugin skipping request as it is inside node_modules 
./AnimateGroup
2025-08-31T23:32:58.883Z next:jsconfig-paths-plugin skipping request as it is inside node_modules 
./internalTypes
2025-08-31T23:32:58.883Z next:jsconfig-paths-plugin skipping request as it is inside node_modules 
./internalTypes
2025-08-31T23:32:58.884Z next:jsconfig-paths-plugin skipping request as it is inside node_modules 
./helpers/crc
2025-08-31T23:32:58.884Z next:jsconfig-paths-plugin skipping request as it is inside node_modules 
./helpers/crc
2025-08-31T23:32:58.885Z next:jsconfig-paths-plugin skipping request as it is inside node_modules 
./helpers/decodeInterlaceAdam7
2025-08-31T23:32:58.886Z next:jsconfig-paths-plugin skipping request as it is inside node_modules 
./helpers/decodeInterlaceNull
2025-08-31T23:32:58.887Z next:jsconfig-paths-plugin skipping request as it is inside node_modules 
./helpers/text
2025-08-31T23:32:58.887Z next:jsconfig-paths-plugin skipping request as it is inside node_modules 
./helpers/text
2025-08-31T23:32:58.907Z next:jsconfig-paths-plugin skipping request as it is inside node_modules 
./Combination
2025-08-31T23:32:58.916Z next:jsconfig-paths-plugin skipping request as it is inside node_modules 
./Combination
2025-08-31T23:32:59.044Z next:jsconfig-paths-plugin skipping request as it is inside node_modules 
../util/TickUtils
2025-08-31T23:32:59.044Z next:jsconfig-paths-plugin skipping request as it is inside node_modules 
../util/ReactUtils
2025-08-31T23:32:59.044Z next:jsconfig-paths-plugin skipping request as it is inside node_modules 
../util/ReactUtils
2025-08-31T23:32:59.044Z next:jsconfig-paths-plugin skipping request as it is inside node_modules 
lodash/isFunction
2025-08-31T23:32:59.044Z next:jsconfig-paths-plugin skipping request as it is inside node_modules 
../container/Layer
2025-08-31T23:32:59.044Z next:jsconfig-paths-plugin skipping request as it is inside node_modules 
../component/Text
2025-08-31T23:32:59.044Z next:jsconfig-paths-plugin skipping request as it is inside node_modules 
../util/ChartUtils
2025-08-31T23:32:59.044Z next:jsconfig-paths-plugin skipping request as it is inside node_modules 
../util/DataUtils
2025-08-31T23:32:59.044Z next:jsconfig-paths-plugin skipping request as it is inside node_modules 
../util/ReactUtils
2025-08-31T23:32:59.044Z next:jsconfig-paths-plugin skipping request as it is inside node_modules 
./ReactUtils
2025-08-31T23:32:59.044Z next:jsconfig-paths-plugin skipping request as it is inside node_modules 
./DataUtils
2025-08-31T23:32:59.044Z next:jsconfig-paths-plugin skipping request as it is inside node_modules 
./DataUtils
2025-08-31T23:32:59.044Z next:jsconfig-paths-plugin skipping request as it is inside node_modules 
../util/ReactUtils
2025-08-31T23:32:59.045Z next:jsconfig-paths-plugin skipping request as it is inside node_modules 
../util/TickUtils
2025-08-31T23:32:59.045Z next:jsconfig-paths-plugin skipping request as it is inside node_modules 
../util/ReactUtils
2025-08-31T23:32:59.045Z next:jsconfig-paths-plugin skipping request as it is inside node_modules 
../util/ReactUtils
2025-08-31T23:32:59.045Z next:jsconfig-paths-plugin skipping request as it is inside node_modules 
../container/Layer
2025-08-31T23:32:59.045Z next:jsconfig-paths-plugin skipping request as it is inside node_modules 
../component/Text
2025-08-31T23:32:59.045Z next:jsconfig-paths-plugin skipping request as it is inside node_modules 
../util/ChartUtils
2025-08-31T23:32:59.045Z next:jsconfig-paths-plugin skipping request as it is inside node_modules 
../util/DataUtils
2025-08-31T23:32:59.045Z next:jsconfig-paths-plugin skipping request as it is inside node_modules 
../util/ReactUtils
2025-08-31T23:32:59.045Z next:jsconfig-paths-plugin skipping request as it is inside node_modules 
./ReactUtils
2025-08-31T23:32:59.045Z next:jsconfig-paths-plugin skipping request as it is inside node_modules 
./DataUtils
2025-08-31T23:32:59.045Z next:jsconfig-paths-plugin skipping request as it is inside node_modules 
./DataUtils
2025-08-31T23:32:59.045Z next:jsconfig-paths-plugin skipping request as it is inside node_modules 
../util/ReactUtils
2025-08-31T23:32:59.046Z next:jsconfig-paths-plugin skipping request as it is inside node_modules 
lodash/isFunction
2025-08-31T23:32:59.056Z next:jsconfig-paths-plugin skipping request as it is inside node_modules 
./Global
2025-08-31T23:32:59.056Z next:jsconfig-paths-plugin skipping request as it is inside node_modules 
./CartesianUtils
2025-08-31T23:32:59.056Z next:jsconfig-paths-plugin skipping request as it is inside node_modules 
./getEveryNthWithCondition
2025-08-31T23:32:59.056Z next:jsconfig-paths-plugin skipping request as it is inside node_modules 
../util/getEveryNthWithCondition
2025-08-31T23:32:59.056Z next:jsconfig-paths-plugin skipping request as it is inside node_modules 
lodash/range
2025-08-31T23:32:59.056Z next:jsconfig-paths-plugin skipping request as it is inside node_modules 
../util/CssPrefixUtils
2025-08-31T23:32:59.056Z next:jsconfig-paths-plugin skipping request as it is inside node_modules 
../cartesian/ReferenceDot
2025-08-31T23:32:59.056Z next:jsconfig-paths-plugin skipping request as it is inside node_modules 
../cartesian/ReferenceLine
2025-08-31T23:32:59.056Z next:jsconfig-paths-plugin skipping request as it is inside node_modules 
../cartesian/ReferenceArea
2025-08-31T23:32:59.056Z next:jsconfig-paths-plugin skipping request as it is inside node_modules 
./IfOverflowMatches
2025-08-31T23:32:59.056Z next:jsconfig-paths-plugin skipping request as it is inside node_modules 
../shape/Curve
2025-08-31T23:32:59.056Z next:jsconfig-paths-plugin skipping request as it is inside node_modules 
../shape/Cross
2025-08-31T23:32:59.056Z next:jsconfig-paths-plugin skipping request as it is inside node_modules 
../util/cursor/getCursorRectangle
2025-08-31T23:32:59.057Z next:jsconfig-paths-plugin skipping request as it is inside node_modules 
../shape/Rectangle
2025-08-31T23:32:59.057Z next:jsconfig-paths-plugin skipping request as it is inside node_modules 
../util/cursor/getRadialCursorPoints
2025-08-31T23:32:59.057Z next:jsconfig-paths-plugin skipping request as it is inside node_modules 
../shape/Sector
2025-08-31T23:32:59.057Z next:jsconfig-paths-plugin skipping request as it is inside node_modules 
../util/cursor/getCursorPoints
2025-08-31T23:32:59.057Z next:jsconfig-paths-plugin skipping request as it is inside node_modules 
./Global
2025-08-31T23:32:59.057Z next:jsconfig-paths-plugin skipping request as it is inside node_modules 
./CartesianUtils
2025-08-31T23:32:59.057Z next:jsconfig-paths-plugin skipping request as it is inside node_modules 
../shape/Curve
2025-08-31T23:32:59.057Z next:jsconfig-paths-plugin skipping request as it is inside node_modules 
../shape/Rectangle
2025-08-31T23:32:59.057Z next:jsconfig-paths-plugin skipping request as it is inside node_modules 
../shape/Sector
2025-08-31T23:32:59.058Z next:jsconfig-paths-plugin skipping request as it is inside node_modules 
lodash/range
2025-08-31T23:32:59.060Z next:jsconfig-paths-plugin skipping request as it is inside node_modules 
./getEveryNthWithCondition
2025-08-31T23:32:59.060Z next:jsconfig-paths-plugin skipping request as it is inside node_modules 
../util/getEveryNthWithCondition
2025-08-31T23:32:59.061Z next:jsconfig-paths-plugin skipping request as it is inside node_modules 
../util/CssPrefixUtils
2025-08-31T23:32:59.061Z next:jsconfig-paths-plugin skipping request as it is inside node_modules 
../cartesian/ReferenceDot
2025-08-31T23:32:59.062Z next:jsconfig-paths-plugin skipping request as it is inside node_modules 
../cartesian/ReferenceLine
2025-08-31T23:32:59.062Z next:jsconfig-paths-plugin skipping request as it is inside node_modules 
../cartesian/ReferenceArea
2025-08-31T23:32:59.062Z next:jsconfig-paths-plugin skipping request as it is inside node_modules 
./IfOverflowMatches
2025-08-31T23:32:59.063Z next:jsconfig-paths-plugin skipping request as it is inside node_modules 
../shape/Cross
2025-08-31T23:32:59.068Z next:jsconfig-paths-plugin skipping request as it is inside node_modules 
lodash/upperFirst
2025-08-31T23:32:59.068Z next:jsconfig-paths-plugin skipping request as it is inside node_modules 
../util/ReactUtils
2025-08-31T23:32:59.068Z next:jsconfig-paths-plugin skipping request as it is inside node_modules 
./ChartUtils
2025-08-31T23:32:59.068Z next:jsconfig-paths-plugin skipping request as it is inside node_modules 
./ReactUtils
2025-08-31T23:32:59.068Z next:jsconfig-paths-plugin skipping request as it is inside node_modules 
../util/ReactUtils
2025-08-31T23:32:59.068Z next:jsconfig-paths-plugin skipping request as it is inside node_modules 
../util/ReactUtils
2025-08-31T23:32:59.068Z next:jsconfig-paths-plugin skipping request as it is inside node_modules 
../util/DataUtils
2025-08-31T23:32:59.069Z next:jsconfig-paths-plugin skipping request as it is inside node_modules 
../util/ReactUtils
2025-08-31T23:32:59.069Z next:jsconfig-paths-plugin skipping request as it is inside node_modules 
./ChartUtils
2025-08-31T23:32:59.069Z next:jsconfig-paths-plugin skipping request as it is inside node_modules 
./ReactUtils
2025-08-31T23:32:59.069Z next:jsconfig-paths-plugin skipping request as it is inside node_modules 
../util/ReactUtils
2025-08-31T23:32:59.069Z next:jsconfig-paths-plugin skipping request as it is inside node_modules 
../util/ReactUtils
2025-08-31T23:32:59.069Z next:jsconfig-paths-plugin skipping request as it is inside node_modules 
../util/DataUtils
2025-08-31T23:32:59.070Z next:jsconfig-paths-plugin skipping request as it is inside node_modules 
lodash/upperFirst
2025-08-31T23:32:59.091Z next:jsconfig-paths-plugin skipping request as it is inside node_modules 
../component/Legend
2025-08-31T23:32:59.092Z next:jsconfig-paths-plugin skipping request as it is inside node_modules 
../util/PolarUtils
2025-08-31T23:32:59.092Z next:jsconfig-paths-plugin skipping request as it is inside node_modules 
lodash/memoize
2025-08-31T23:32:59.092Z next:jsconfig-paths-plugin skipping request as it is inside node_modules 
../DataUtils
2025-08-31T23:32:59.092Z next:jsconfig-paths-plugin skipping request as it is inside node_modules 
../component/Legend
2025-08-31T23:32:59.092Z next:jsconfig-paths-plugin skipping request as it is inside node_modules 
../util/PolarUtils
2025-08-31T23:32:59.092Z next:jsconfig-paths-plugin skipping request as it is inside node_modules 
../DataUtils
2025-08-31T23:32:59.094Z next:jsconfig-paths-plugin skipping request as it is inside node_modules 
../util/cursor/getCursorRectangle
2025-08-31T23:32:59.095Z next:jsconfig-paths-plugin skipping request as it is inside node_modules 
../util/cursor/getRadialCursorPoints
2025-08-31T23:32:59.096Z next:jsconfig-paths-plugin skipping request as it is inside node_modules 
../util/cursor/getCursorPoints
2025-08-31T23:32:59.097Z next:jsconfig-paths-plugin skipping request as it is inside node_modules 
lodash/memoize
2025-08-31T23:32:59.109Z next:jsconfig-paths-plugin moduleName did not match any paths pattern 
react-server-dom-webpack/client.edge
2025-08-31T23:32:59.109Z next:jsconfig-paths-plugin moduleName did not match any paths pattern 
react-server-dom-webpack/client.edge
2025-08-31T23:32:59.111Z next:jsconfig-paths-plugin skipping request as it is inside node_modules 
./easing
2025-08-31T23:32:59.111Z next:jsconfig-paths-plugin skipping request as it is inside node_modules 
./easing
2025-08-31T23:32:59.119Z next:jsconfig-paths-plugin skipping request as it is inside node_modules 
./AnimateManager
2025-08-31T23:32:59.119Z next:jsconfig-paths-plugin skipping request as it is inside node_modules 
./configUpdate
2025-08-31T23:32:59.119Z next:jsconfig-paths-plugin skipping request as it is inside node_modules 
./util
2025-08-31T23:32:59.119Z next:jsconfig-paths-plugin skipping request as it is inside node_modules 
./util
2025-08-31T23:32:59.119Z next:jsconfig-paths-plugin skipping request as it is inside node_modules 
./AnimateGroupChild
2025-08-31T23:32:59.120Z next:jsconfig-paths-plugin skipping request as it is inside node_modules 
./applyUnfilter
2025-08-31T23:32:59.120Z next:jsconfig-paths-plugin skipping request as it is inside node_modules 
./unfilter
2025-08-31T23:32:59.120Z next:jsconfig-paths-plugin skipping request as it is inside node_modules ./crc
2025-08-31T23:32:59.120Z next:jsconfig-paths-plugin skipping request as it is inside node_modules ./UI
2025-08-31T23:32:59.120Z next:jsconfig-paths-plugin skipping request as it is inside node_modules 
./sidecar
2025-08-31T23:32:59.120Z next:jsconfig-paths-plugin skipping request as it is inside node_modules ./crc
2025-08-31T23:32:59.121Z next:jsconfig-paths-plugin skipping request as it is inside node_modules 
./AnimateManager
2025-08-31T23:32:59.122Z next:jsconfig-paths-plugin skipping request as it is inside node_modules 
./configUpdate
2025-08-31T23:32:59.124Z next:jsconfig-paths-plugin skipping request as it is inside node_modules 
./util
2025-08-31T23:32:59.124Z next:jsconfig-paths-plugin skipping request as it is inside node_modules 
./util
2025-08-31T23:32:59.124Z next:jsconfig-paths-plugin skipping request as it is inside node_modules 
./AnimateGroupChild
2025-08-31T23:32:59.125Z next:jsconfig-paths-plugin skipping request as it is inside node_modules 
./applyUnfilter
2025-08-31T23:32:59.126Z next:jsconfig-paths-plugin skipping request as it is inside node_modules 
./unfilter
2025-08-31T23:32:59.127Z next:jsconfig-paths-plugin skipping request as it is inside node_modules ./UI
2025-08-31T23:32:59.127Z next:jsconfig-paths-plugin skipping request as it is inside node_modules 
./sidecar
2025-08-31T23:32:59.173Z next:jsconfig-paths-plugin skipping request as it is inside node_modules 
./getNiceTickValues
2025-08-31T23:32:59.173Z next:jsconfig-paths-plugin skipping request as it is inside node_modules 
./text
2025-08-31T23:32:59.203Z next:jsconfig-paths-plugin skipping request as it is inside node_modules 
./getNiceTickValues
2025-08-31T23:32:59.204Z next:jsconfig-paths-plugin skipping request as it is inside node_modules 
./text
2025-08-31T23:32:59.211Z next:jsconfig-paths-plugin skipping request as it is inside node_modules 
lodash/isFunction
2025-08-31T23:32:59.211Z next:jsconfig-paths-plugin skipping request as it is inside node_modules 
../container/Layer
2025-08-31T23:32:59.211Z next:jsconfig-paths-plugin skipping request as it is inside node_modules 
../shape/Dot
2025-08-31T23:32:59.211Z next:jsconfig-paths-plugin skipping request as it is inside node_modules 
../component/Label
2025-08-31T23:32:59.211Z next:jsconfig-paths-plugin skipping request as it is inside node_modules 
../util/DataUtils
2025-08-31T23:32:59.211Z next:jsconfig-paths-plugin skipping request as it is inside node_modules 
../util/LogUtils
2025-08-31T23:32:59.211Z next:jsconfig-paths-plugin skipping request as it is inside node_modules 
../util/ReactUtils
2025-08-31T23:32:59.211Z next:jsconfig-paths-plugin skipping request as it is inside node_modules 
lodash/isFunction
2025-08-31T23:32:59.211Z next:jsconfig-paths-plugin skipping request as it is inside node_modules 
../container/Layer
2025-08-31T23:32:59.211Z next:jsconfig-paths-plugin skipping request as it is inside node_modules 
../component/Label
2025-08-31T23:32:59.211Z next:jsconfig-paths-plugin skipping request as it is inside node_modules 
../util/DataUtils
2025-08-31T23:32:59.211Z next:jsconfig-paths-plugin skipping request as it is inside node_modules 
../util/LogUtils
2025-08-31T23:32:59.211Z next:jsconfig-paths-plugin skipping request as it is inside node_modules 
../util/ReactUtils
2025-08-31T23:32:59.211Z next:jsconfig-paths-plugin skipping request as it is inside node_modules 
../context/chartLayoutContext
2025-08-31T23:32:59.211Z next:jsconfig-paths-plugin skipping request as it is inside node_modules 
lodash/isFunction
2025-08-31T23:32:59.211Z next:jsconfig-paths-plugin skipping request as it is inside node_modules 
../container/Layer
2025-08-31T23:32:59.211Z next:jsconfig-paths-plugin skipping request as it is inside node_modules 
../component/Label
2025-08-31T23:32:59.211Z next:jsconfig-paths-plugin skipping request as it is inside node_modules 
../util/DataUtils
2025-08-31T23:32:59.211Z next:jsconfig-paths-plugin skipping request as it is inside node_modules 
../util/LogUtils
2025-08-31T23:32:59.211Z next:jsconfig-paths-plugin skipping request as it is inside node_modules 
../util/ReactUtils
2025-08-31T23:32:59.211Z next:jsconfig-paths-plugin skipping request as it is inside node_modules 
../util/DataUtils
2025-08-31T23:32:59.211Z next:jsconfig-paths-plugin skipping request as it is inside node_modules 
../util/ReactUtils
2025-08-31T23:32:59.212Z next:jsconfig-paths-plugin skipping request as it is inside node_modules 
../container/Layer
2025-08-31T23:32:59.212Z next:jsconfig-paths-plugin skipping request as it is inside node_modules 
../shape/Dot
2025-08-31T23:32:59.212Z next:jsconfig-paths-plugin skipping request as it is inside node_modules 
../component/Label
2025-08-31T23:32:59.212Z next:jsconfig-paths-plugin skipping request as it is inside node_modules 
../util/DataUtils
2025-08-31T23:32:59.212Z next:jsconfig-paths-plugin skipping request as it is inside node_modules 
../util/LogUtils
2025-08-31T23:32:59.212Z next:jsconfig-paths-plugin skipping request as it is inside node_modules 
../util/ReactUtils
2025-08-31T23:32:59.212Z next:jsconfig-paths-plugin skipping request as it is inside node_modules 
../container/Layer
2025-08-31T23:32:59.212Z next:jsconfig-paths-plugin skipping request as it is inside node_modules 
../component/Label
2025-08-31T23:32:59.212Z next:jsconfig-paths-plugin skipping request as it is inside node_modules 
../util/DataUtils
2025-08-31T23:32:59.212Z next:jsconfig-paths-plugin skipping request as it is inside node_modules 
../util/LogUtils
2025-08-31T23:32:59.212Z next:jsconfig-paths-plugin skipping request as it is inside node_modules 
../util/ReactUtils
2025-08-31T23:32:59.212Z next:jsconfig-paths-plugin skipping request as it is inside node_modules 
../context/chartLayoutContext
2025-08-31T23:32:59.212Z next:jsconfig-paths-plugin skipping request as it is inside node_modules 
../container/Layer
2025-08-31T23:32:59.212Z next:jsconfig-paths-plugin skipping request as it is inside node_modules 
../component/Label
2025-08-31T23:32:59.212Z next:jsconfig-paths-plugin skipping request as it is inside node_modules 
../util/DataUtils
2025-08-31T23:32:59.212Z next:jsconfig-paths-plugin skipping request as it is inside node_modules 
../util/LogUtils
2025-08-31T23:32:59.212Z next:jsconfig-paths-plugin skipping request as it is inside node_modules 
../util/ReactUtils
2025-08-31T23:32:59.212Z next:jsconfig-paths-plugin skipping request as it is inside node_modules 
../util/DataUtils
2025-08-31T23:32:59.212Z next:jsconfig-paths-plugin skipping request as it is inside node_modules 
../util/ReactUtils
2025-08-31T23:32:59.213Z next:jsconfig-paths-plugin skipping request as it is inside node_modules 
lodash/isFunction
2025-08-31T23:32:59.213Z next:jsconfig-paths-plugin skipping request as it is inside node_modules 
lodash/isFunction
2025-08-31T23:32:59.213Z next:jsconfig-paths-plugin skipping request as it is inside node_modules 
lodash/isFunction
2025-08-31T23:32:59.224Z next:jsconfig-paths-plugin skipping request as it is inside node_modules 
../util/IfOverflowMatches
2025-08-31T23:32:59.224Z next:jsconfig-paths-plugin skipping request as it is inside node_modules 
../util/IfOverflowMatches
2025-08-31T23:32:59.224Z next:jsconfig-paths-plugin skipping request as it is inside node_modules 
../util/IfOverflowMatches
2025-08-31T23:32:59.224Z next:jsconfig-paths-plugin skipping request as it is inside node_modules 
../util/CartesianUtils
2025-08-31T23:32:59.224Z next:jsconfig-paths-plugin skipping request as it is inside node_modules 
../util/CartesianUtils
2025-08-31T23:32:59.224Z next:jsconfig-paths-plugin skipping request as it is inside node_modules 
../util/CartesianUtils
2025-08-31T23:32:59.224Z next:jsconfig-paths-plugin skipping request as it is inside node_modules 
lodash/some
2025-08-31T23:32:59.224Z next:jsconfig-paths-plugin skipping request as it is inside node_modules 
../shape/Rectangle
2025-08-31T23:32:59.224Z next:jsconfig-paths-plugin skipping request as it is inside node_modules 
../util/IfOverflowMatches
2025-08-31T23:32:59.224Z next:jsconfig-paths-plugin skipping request as it is inside node_modules 
../util/IfOverflowMatches
2025-08-31T23:32:59.224Z next:jsconfig-paths-plugin skipping request as it is inside node_modules 
../util/IfOverflowMatches
2025-08-31T23:32:59.224Z next:jsconfig-paths-plugin skipping request as it is inside node_modules 
../util/CartesianUtils
2025-08-31T23:32:59.224Z next:jsconfig-paths-plugin skipping request as it is inside node_modules 
../util/CartesianUtils
2025-08-31T23:32:59.224Z next:jsconfig-paths-plugin skipping request as it is inside node_modules 
../util/CartesianUtils
2025-08-31T23:32:59.224Z next:jsconfig-paths-plugin skipping request as it is inside node_modules 
../shape/Rectangle
2025-08-31T23:32:59.226Z next:jsconfig-paths-plugin skipping request as it is inside node_modules 
lodash/some
2025-08-31T23:32:59.239Z next:jsconfig-paths-plugin skipping request as it is inside node_modules 
../PolarUtils
2025-08-31T23:32:59.239Z next:jsconfig-paths-plugin skipping request as it is inside node_modules 
../PolarUtils
2025-08-31T23:32:59.239Z next:jsconfig-paths-plugin skipping request as it is inside node_modules 
./getRadialCursorPoints
2025-08-31T23:32:59.239Z next:jsconfig-paths-plugin skipping request as it is inside node_modules 
../PolarUtils
2025-08-31T23:32:59.239Z next:jsconfig-paths-plugin skipping request as it is inside node_modules 
../PolarUtils
2025-08-31T23:32:59.244Z next:jsconfig-paths-plugin skipping request as it is inside node_modules 
./getRadialCursorPoints
2025-08-31T23:32:59.272Z next:jsconfig-paths-plugin skipping request as it is inside node_modules 
./util
2025-08-31T23:32:59.272Z next:jsconfig-paths-plugin skipping request as it is inside node_modules 
./Animate
2025-08-31T23:32:59.272Z next:jsconfig-paths-plugin skipping request as it is inside node_modules 
./unfilter
2025-08-31T23:32:59.272Z next:jsconfig-paths-plugin skipping request as it is inside node_modules 
./util
2025-08-31T23:32:59.272Z next:jsconfig-paths-plugin skipping request as it is inside node_modules 
./Animate
2025-08-31T23:32:59.273Z next:jsconfig-paths-plugin skipping request as it is inside node_modules 
./unfilter
2025-08-31T23:32:59.285Z next:jsconfig-paths-plugin skipping request as it is inside node_modules 
./setRafTimeout
2025-08-31T23:32:59.285Z next:jsconfig-paths-plugin skipping request as it is inside node_modules 
./medium
2025-08-31T23:32:59.285Z next:jsconfig-paths-plugin skipping request as it is inside node_modules 
./medium
2025-08-31T23:32:59.285Z next:jsconfig-paths-plugin skipping request as it is inside node_modules 
./SideEffect
2025-08-31T23:32:59.289Z next:jsconfig-paths-plugin skipping request as it is inside node_modules 
./setRafTimeout
2025-08-31T23:32:59.290Z next:jsconfig-paths-plugin skipping request as it is inside node_modules 
./medium
2025-08-31T23:32:59.290Z next:jsconfig-paths-plugin skipping request as it is inside node_modules 
./medium
2025-08-31T23:32:59.308Z next:jsconfig-paths-plugin skipping request as it is inside node_modules 
./SideEffect
2025-08-31T23:32:59.326Z next:jsconfig-paths-plugin skipping request as it is inside node_modules 
./util/utils
2025-08-31T23:32:59.327Z next:jsconfig-paths-plugin skipping request as it is inside node_modules 
./util/arithmetic
2025-08-31T23:32:59.327Z next:jsconfig-paths-plugin skipping request as it is inside node_modules 
./CSSTransition
2025-08-31T23:32:59.328Z next:jsconfig-paths-plugin skipping request as it is inside node_modules 
./ReplaceTransition
2025-08-31T23:32:59.328Z next:jsconfig-paths-plugin skipping request as it is inside node_modules 
./SwitchTransition
2025-08-31T23:32:59.328Z next:jsconfig-paths-plugin skipping request as it is inside node_modules 
./TransitionGroup
2025-08-31T23:32:59.328Z next:jsconfig-paths-plugin skipping request as it is inside node_modules 
./Transition
2025-08-31T23:32:59.328Z next:jsconfig-paths-plugin skipping request as it is inside node_modules 
./config
2025-08-31T23:32:59.344Z next:jsconfig-paths-plugin skipping request as it is inside node_modules 
./CSSTransition
2025-08-31T23:32:59.344Z next:jsconfig-paths-plugin skipping request as it is inside node_modules 
./SwitchTransition
2025-08-31T23:32:59.345Z next:jsconfig-paths-plugin skipping request as it is inside node_modules 
./ReplaceTransition
2025-08-31T23:32:59.346Z next:jsconfig-paths-plugin skipping request as it is inside node_modules 
./TransitionGroup
2025-08-31T23:32:59.346Z next:jsconfig-paths-plugin skipping request as it is inside node_modules 
./Transition
2025-08-31T23:32:59.347Z next:jsconfig-paths-plugin skipping request as it is inside node_modules 
./config
2025-08-31T23:32:59.356Z next:jsconfig-paths-plugin skipping request as it is inside node_modules 
react-remove-scroll-bar/constants
2025-08-31T23:32:59.357Z next:jsconfig-paths-plugin skipping request as it is inside node_modules 
./util/utils
2025-08-31T23:32:59.358Z next:jsconfig-paths-plugin skipping request as it is inside node_modules 
./util/arithmetic
2025-08-31T23:32:59.377Z next:jsconfig-paths-plugin skipping request as it is inside node_modules 
./aggresiveCapture
2025-08-31T23:32:59.378Z next:jsconfig-paths-plugin skipping request as it is inside node_modules 
./handleScroll
2025-08-31T23:32:59.379Z next:jsconfig-paths-plugin skipping request as it is inside node_modules 
./aggresiveCapture
2025-08-31T23:32:59.379Z next:jsconfig-paths-plugin skipping request as it is inside node_modules 
./handleScroll
2025-08-31T23:32:59.407Z next:jsconfig-paths-plugin skipping request as it is inside node_modules 
./Transition
2025-08-31T23:32:59.407Z next:jsconfig-paths-plugin skipping request as it is inside node_modules 
./Transition
2025-08-31T23:32:59.407Z next:jsconfig-paths-plugin skipping request as it is inside node_modules 
./TransitionGroup
2025-08-31T23:32:59.408Z next:jsconfig-paths-plugin skipping request as it is inside node_modules 
./Transition
2025-08-31T23:32:59.408Z next:jsconfig-paths-plugin skipping request as it is inside node_modules 
./Transition
2025-08-31T23:32:59.408Z next:jsconfig-paths-plugin skipping request as it is inside node_modules 
./TransitionGroup
2025-08-31T23:32:59.410Z next:jsconfig-paths-plugin skipping request as it is inside node_modules 
./utils/PropTypes
2025-08-31T23:32:59.410Z next:jsconfig-paths-plugin skipping request as it is inside node_modules 
./utils/reflow
2025-08-31T23:32:59.410Z next:jsconfig-paths-plugin skipping request as it is inside node_modules 
./TransitionGroupContext
2025-08-31T23:32:59.411Z next:jsconfig-paths-plugin skipping request as it is inside node_modules 
react-remove-scroll-bar/constants
2025-08-31T23:32:59.412Z next:jsconfig-paths-plugin skipping request as it is inside node_modules 
./TransitionGroupContext
2025-08-31T23:32:59.413Z next:jsconfig-paths-plugin skipping request as it is inside node_modules 
./TransitionGroupContext
2025-08-31T23:32:59.413Z next:jsconfig-paths-plugin skipping request as it is inside node_modules 
./config
2025-08-31T23:32:59.413Z next:jsconfig-paths-plugin skipping request as it is inside node_modules 
./utils/PropTypes
2025-08-31T23:32:59.413Z next:jsconfig-paths-plugin skipping request as it is inside node_modules 
./TransitionGroupContext
2025-08-31T23:32:59.413Z next:jsconfig-paths-plugin skipping request as it is inside node_modules 
./utils/reflow
2025-08-31T23:32:59.413Z next:jsconfig-paths-plugin skipping request as it is inside node_modules 
./TransitionGroupContext
2025-08-31T23:32:59.413Z next:jsconfig-paths-plugin skipping request as it is inside node_modules 
./config
2025-08-31T23:32:59.413Z next:jsconfig-paths-plugin skipping request as it is inside node_modules 
./TransitionGroupContext
2025-08-31T23:32:59.417Z next:jsconfig-paths-plugin skipping request as it is inside node_modules 
./utils/ChildMapping
2025-08-31T23:32:59.417Z next:jsconfig-paths-plugin skipping request as it is inside node_modules 
./utils
2025-08-31T23:32:59.417Z next:jsconfig-paths-plugin skipping request as it is inside node_modules 
./utils
2025-08-31T23:32:59.423Z next:jsconfig-paths-plugin skipping request as it is inside node_modules 
./utils/PropTypes
2025-08-31T23:32:59.423Z next:jsconfig-paths-plugin skipping request as it is inside node_modules 
./utils/PropTypes
2025-08-31T23:32:59.424Z next:jsconfig-paths-plugin skipping request as it is inside node_modules 
./utils/reflow
2025-08-31T23:32:59.424Z next:jsconfig-paths-plugin skipping request as it is inside node_modules 
./utils/reflow
2025-08-31T23:32:59.424Z next:jsconfig-paths-plugin skipping request as it is inside node_modules 
./utils/ChildMapping
2025-08-31T23:32:59.425Z next:jsconfig-paths-plugin skipping request as it is inside node_modules 
./assignRef
2025-08-31T23:32:59.425Z next:jsconfig-paths-plugin skipping request as it is inside node_modules 
./useRef
2025-08-31T23:32:59.425Z next:jsconfig-paths-plugin skipping request as it is inside node_modules 
./createRef
2025-08-31T23:32:59.425Z next:jsconfig-paths-plugin skipping request as it is inside node_modules 
./mergeRef
2025-08-31T23:32:59.425Z next:jsconfig-paths-plugin skipping request as it is inside node_modules 
./useMergeRef
2025-08-31T23:32:59.426Z next:jsconfig-paths-plugin skipping request as it is inside node_modules 
./useTransformRef
2025-08-31T23:32:59.426Z next:jsconfig-paths-plugin skipping request as it is inside node_modules 
./transformRef
2025-08-31T23:32:59.426Z next:jsconfig-paths-plugin skipping request as it is inside node_modules 
./refToCallback
2025-08-31T23:32:59.426Z next:jsconfig-paths-plugin skipping request as it is inside node_modules ./hoc
2025-08-31T23:32:59.426Z next:jsconfig-paths-plugin skipping request as it is inside node_modules 
./hook
2025-08-31T23:32:59.426Z next:jsconfig-paths-plugin skipping request as it is inside node_modules 
./config
2025-08-31T23:32:59.426Z next:jsconfig-paths-plugin skipping request as it is inside node_modules 
./medium
2025-08-31T23:32:59.426Z next:jsconfig-paths-plugin skipping request as it is inside node_modules 
./renderProp
2025-08-31T23:32:59.426Z next:jsconfig-paths-plugin skipping request as it is inside node_modules 
./exports
2025-08-31T23:32:59.436Z next:jsconfig-paths-plugin skipping request as it is inside node_modules 
./assignRef
2025-08-31T23:32:59.436Z next:jsconfig-paths-plugin skipping request as it is inside node_modules 
./useRef
2025-08-31T23:32:59.437Z next:jsconfig-paths-plugin skipping request as it is inside node_modules 
./createRef
2025-08-31T23:32:59.437Z next:jsconfig-paths-plugin skipping request as it is inside node_modules 
./mergeRef
2025-08-31T23:32:59.437Z next:jsconfig-paths-plugin skipping request as it is inside node_modules 
./useMergeRef
2025-08-31T23:32:59.438Z next:jsconfig-paths-plugin skipping request as it is inside node_modules 
./useTransformRef
2025-08-31T23:32:59.438Z next:jsconfig-paths-plugin skipping request as it is inside node_modules 
./transformRef
2025-08-31T23:32:59.439Z next:jsconfig-paths-plugin skipping request as it is inside node_modules 
./refToCallback
2025-08-31T23:32:59.439Z next:jsconfig-paths-plugin skipping request as it is inside node_modules ./hoc
2025-08-31T23:32:59.439Z next:jsconfig-paths-plugin skipping request as it is inside node_modules 
./hook
2025-08-31T23:32:59.440Z next:jsconfig-paths-plugin skipping request as it is inside node_modules 
./config
2025-08-31T23:32:59.440Z next:jsconfig-paths-plugin skipping request as it is inside node_modules 
./medium
2025-08-31T23:32:59.441Z next:jsconfig-paths-plugin skipping request as it is inside node_modules 
./renderProp
2025-08-31T23:32:59.441Z next:jsconfig-paths-plugin skipping request as it is inside node_modules 
./exports
2025-08-31T23:32:59.459Z next:jsconfig-paths-plugin skipping request as it is inside node_modules 
dom-helpers/addClass
2025-08-31T23:32:59.459Z next:jsconfig-paths-plugin skipping request as it is inside node_modules 
dom-helpers/removeClass
2025-08-31T23:32:59.460Z next:jsconfig-paths-plugin skipping request as it is inside node_modules 
./assignRef
2025-08-31T23:32:59.460Z next:jsconfig-paths-plugin skipping request as it is inside node_modules 
./createRef
2025-08-31T23:32:59.460Z next:jsconfig-paths-plugin skipping request as it is inside node_modules 
./assignRef
2025-08-31T23:32:59.460Z next:jsconfig-paths-plugin skipping request as it is inside node_modules 
./useRef
2025-08-31T23:32:59.460Z next:jsconfig-paths-plugin skipping request as it is inside node_modules 
./assignRef
2025-08-31T23:32:59.460Z next:jsconfig-paths-plugin skipping request as it is inside node_modules 
./useRef
2025-08-31T23:32:59.460Z next:jsconfig-paths-plugin skipping request as it is inside node_modules 
./assignRef
2025-08-31T23:32:59.460Z next:jsconfig-paths-plugin skipping request as it is inside node_modules 
./createRef
2025-08-31T23:32:59.460Z next:jsconfig-paths-plugin skipping request as it is inside node_modules 
./hook
2025-08-31T23:32:59.460Z next:jsconfig-paths-plugin skipping request as it is inside node_modules 
./assignRef
2025-08-31T23:32:59.460Z next:jsconfig-paths-plugin skipping request as it is inside node_modules 
./createRef
2025-08-31T23:32:59.461Z next:jsconfig-paths-plugin skipping request as it is inside node_modules 
./assignRef
2025-08-31T23:32:59.461Z next:jsconfig-paths-plugin skipping request as it is inside node_modules 
./useRef
2025-08-31T23:32:59.461Z next:jsconfig-paths-plugin skipping request as it is inside node_modules 
./assignRef
2025-08-31T23:32:59.461Z next:jsconfig-paths-plugin skipping request as it is inside node_modules 
./useRef
2025-08-31T23:32:59.461Z next:jsconfig-paths-plugin skipping request as it is inside node_modules 
./assignRef
2025-08-31T23:32:59.461Z next:jsconfig-paths-plugin skipping request as it is inside node_modules 
./createRef
2025-08-31T23:32:59.461Z next:jsconfig-paths-plugin skipping request as it is inside node_modules 
./hook
2025-08-31T23:32:59.466Z next:jsconfig-paths-plugin skipping request as it is inside node_modules ./env
2025-08-31T23:32:59.468Z next:jsconfig-paths-plugin skipping request as it is inside node_modules ./env
2025-08-31T23:32:59.473Z next:jsconfig-paths-plugin skipping request as it is inside node_modules 
./component
2025-08-31T23:32:59.473Z next:jsconfig-paths-plugin skipping request as it is inside node_modules 
./constants
2025-08-31T23:32:59.473Z next:jsconfig-paths-plugin skipping request as it is inside node_modules 
./utils
2025-08-31T23:32:59.474Z next:jsconfig-paths-plugin skipping request as it is inside node_modules 
./component
2025-08-31T23:32:59.474Z next:jsconfig-paths-plugin skipping request as it is inside node_modules 
./singleton
2025-08-31T23:32:59.474Z next:jsconfig-paths-plugin skipping request as it is inside node_modules 
./hook
2025-08-31T23:32:59.476Z next:jsconfig-paths-plugin skipping request as it is inside node_modules 
./component
2025-08-31T23:32:59.477Z next:jsconfig-paths-plugin skipping request as it is inside node_modules 
./constants
2025-08-31T23:32:59.477Z next:jsconfig-paths-plugin skipping request as it is inside node_modules 
./utils
2025-08-31T23:32:59.478Z next:jsconfig-paths-plugin skipping request as it is inside node_modules 
./component
2025-08-31T23:32:59.478Z next:jsconfig-paths-plugin skipping request as it is inside node_modules 
./singleton
2025-08-31T23:32:59.479Z next:jsconfig-paths-plugin skipping request as it is inside node_modules 
./hook
2025-08-31T23:32:59.486Z next:jsconfig-paths-plugin skipping request as it is inside node_modules 
dom-helpers/addClass
2025-08-31T23:32:59.488Z next:jsconfig-paths-plugin skipping request as it is inside node_modules 
dom-helpers/removeClass
2025-08-31T23:32:59.496Z next:jsconfig-paths-plugin skipping request as it is inside node_modules 
./constants
2025-08-31T23:32:59.496Z next:jsconfig-paths-plugin skipping request as it is inside node_modules 
./utils
2025-08-31T23:32:59.496Z next:jsconfig-paths-plugin skipping request as it is inside node_modules 
./hook
2025-08-31T23:32:59.496Z next:jsconfig-paths-plugin skipping request as it is inside node_modules 
./singleton
2025-08-31T23:32:59.496Z next:jsconfig-paths-plugin skipping request as it is inside node_modules 
./constants
2025-08-31T23:32:59.496Z next:jsconfig-paths-plugin skipping request as it is inside node_modules 
./utils
2025-08-31T23:32:59.496Z next:jsconfig-paths-plugin skipping request as it is inside node_modules 
./hook
2025-08-31T23:32:59.496Z next:jsconfig-paths-plugin skipping request as it is inside node_modules 
./singleton
2025-08-31T23:32:59.508Z next:jsconfig-paths-plugin skipping request as it is inside node_modules 
./hasClass
2025-08-31T23:32:59.524Z next:jsconfig-paths-plugin skipping request as it is inside node_modules 
./hasClass
2025-08-31T23:33:00.091Z next:jsconfig-paths-plugin moduleName did not match any paths pattern 
__barrel_optimize__
2025-08-31T23:33:00.321Z next:jsconfig-paths-plugin moduleName did not match any paths pattern 
__barrel_optimize__
2025-08-31T23:33:00.321Z next:jsconfig-paths-plugin moduleName did not match any paths pattern 
__barrel_optimize__
2025-08-31T23:33:00.362Z next:jsconfig-paths-plugin moduleName did not match any paths pattern crypto
2025-08-31T23:33:00.362Z next:jsconfig-paths-plugin moduleName did not match any paths pattern fs
2025-08-31T23:33:00.362Z next:jsconfig-paths-plugin moduleName did not match any paths pattern path
2025-08-31T23:33:00.362Z next:jsconfig-paths-plugin moduleName did not match any paths pattern crypto
2025-08-31T23:33:00.362Z next:jsconfig-paths-plugin moduleName did not match any paths pattern crypto
2025-08-31T23:33:00.363Z next:jsconfig-paths-plugin moduleName did not match any paths pattern crypto
2025-08-31T23:33:00.552Z next:jsconfig-paths-plugin moduleName did not match any paths pattern 
fs/promises
2025-08-31T23:33:00.552Z next:jsconfig-paths-plugin moduleName did not match any paths pattern 
fs/promises
2025-08-31T23:33:00.552Z next:jsconfig-paths-plugin moduleName did not match any paths pattern path
2025-08-31T23:33:00.552Z next:jsconfig-paths-plugin moduleName did not match any paths pattern path
2025-08-31T23:33:00.553Z next:jsconfig-paths-plugin moduleName did not match any paths pattern 
fs/promises
2025-08-31T23:33:00.553Z next:jsconfig-paths-plugin moduleName did not match any paths pattern 
fs/promises
2025-08-31T23:33:00.554Z next:jsconfig-paths-plugin moduleName did not match any paths pattern 
fs/promises
2025-08-31T23:33:00.555Z next:jsconfig-paths-plugin moduleName did not match any paths pattern 
fs/promises
2025-08-31T23:33:00.555Z next:jsconfig-paths-plugin moduleName did not match any paths pattern 
fs/promises
2025-08-31T23:33:00.555Z next:jsconfig-paths-plugin moduleName did not match any paths pattern 
fs/promises
2025-08-31T23:33:00.687Z next:jsconfig-paths-plugin moduleName did not match any paths pattern fs
2025-08-31T23:33:00.687Z next:jsconfig-paths-plugin moduleName did not match any paths pattern path
2025-08-31T23:33:00.689Z next:jsconfig-paths-plugin moduleName did not match any paths pattern 
__barrel_optimize__
2025-08-31T23:33:00.689Z next:jsconfig-paths-plugin moduleName did not match any paths pattern 
__barrel_optimize__
2025-08-31T23:33:00.689Z next:jsconfig-paths-plugin moduleName did not match any paths pattern 
__barrel_optimize__
2025-08-31T23:33:00.690Z next:jsconfig-paths-plugin moduleName did not match any paths pattern 
__barrel_optimize__
2025-08-31T23:33:00.690Z next:jsconfig-paths-plugin moduleName did not match any paths pattern 
__barrel_optimize__
2025-08-31T23:33:00.690Z next:jsconfig-paths-plugin moduleName did not match any paths pattern 
__barrel_optimize__
2025-08-31T23:33:00.691Z next:jsconfig-paths-plugin moduleName did not match any paths pattern 
__barrel_optimize__
2025-08-31T23:33:00.691Z next:jsconfig-paths-plugin moduleName did not match any paths pattern 
__barrel_optimize__
2025-08-31T23:33:00.691Z next:jsconfig-paths-plugin moduleName did not match any paths pattern 
__barrel_optimize__
2025-08-31T23:33:00.729Z next:jsconfig-paths-plugin moduleName did not match any paths pattern crypto
2025-08-31T23:33:00.729Z next:jsconfig-paths-plugin moduleName did not match any paths pattern crypto
2025-08-31T23:33:00.729Z next:jsconfig-paths-plugin moduleName did not match any paths pattern crypto
2025-08-31T23:33:00.729Z next:jsconfig-paths-plugin moduleName did not match any paths pattern crypto
2025-08-31T23:33:00.730Z next:jsconfig-paths-plugin moduleName did not match any paths pattern crypto
2025-08-31T23:33:00.730Z next:jsconfig-paths-plugin moduleName did not match any paths pattern crypto
2025-08-31T23:33:00.731Z next:jsconfig-paths-plugin moduleName did not match any paths pattern crypto
2025-08-31T23:33:00.731Z next:jsconfig-paths-plugin moduleName did not match any paths pattern crypto
2025-08-31T23:33:00.731Z next:jsconfig-paths-plugin moduleName did not match any paths pattern crypto
2025-08-31T23:33:00.731Z next:jsconfig-paths-plugin moduleName did not match any paths pattern crypto
2025-08-31T23:33:00.731Z next:jsconfig-paths-plugin moduleName did not match any paths pattern crypto
2025-08-31T23:33:00.732Z next:jsconfig-paths-plugin moduleName did not match any paths pattern crypto
2025-08-31T23:33:00.733Z next:jsconfig-paths-plugin moduleName did not match any paths pattern fs
2025-08-31T23:33:00.733Z next:jsconfig-paths-plugin moduleName did not match any paths pattern fs
2025-08-31T23:33:00.733Z next:jsconfig-paths-plugin moduleName did not match any paths pattern fs
2025-08-31T23:33:00.733Z next:jsconfig-paths-plugin moduleName did not match any paths pattern fs
2025-08-31T23:33:00.734Z next:jsconfig-paths-plugin moduleName did not match any paths pattern fs
2025-08-31T23:33:00.734Z next:jsconfig-paths-plugin moduleName did not match any paths pattern fs
2025-08-31T23:33:00.735Z next:jsconfig-paths-plugin moduleName did not match any paths pattern path
2025-08-31T23:33:00.735Z next:jsconfig-paths-plugin moduleName did not match any paths pattern path
2025-08-31T23:33:00.735Z next:jsconfig-paths-plugin moduleName did not match any paths pattern path
2025-08-31T23:33:00.735Z next:jsconfig-paths-plugin moduleName did not match any paths pattern path
2025-08-31T23:33:00.736Z next:jsconfig-paths-plugin moduleName did not match any paths pattern path
2025-08-31T23:33:00.736Z next:jsconfig-paths-plugin moduleName did not match any paths pattern path
2025-08-31T23:33:00.736Z next:jsconfig-paths-plugin moduleName did not match any paths pattern path
2025-08-31T23:33:00.736Z next:jsconfig-paths-plugin moduleName did not match any paths pattern path
2025-08-31T23:33:00.736Z next:jsconfig-paths-plugin moduleName did not match any paths pattern path
2025-08-31T23:33:00.736Z next:jsconfig-paths-plugin moduleName did not match any paths pattern path
2025-08-31T23:33:00.737Z next:jsconfig-paths-plugin moduleName did not match any paths pattern path
2025-08-31T23:33:00.737Z next:jsconfig-paths-plugin moduleName did not match any paths pattern path
2025-08-31T23:33:00.755Z next:jsconfig-paths-plugin moduleName did not match any paths pattern path
2025-08-31T23:33:00.755Z next:jsconfig-paths-plugin moduleName did not match any paths pattern fs
2025-08-31T23:33:00.756Z next:jsconfig-paths-plugin moduleName did not match any paths pattern path
2025-08-31T23:33:00.756Z next:jsconfig-paths-plugin moduleName did not match any paths pattern fs
2025-08-31T23:33:00.756Z next:jsconfig-paths-plugin moduleName did not match any paths pattern path
2025-08-31T23:33:00.756Z next:jsconfig-paths-plugin moduleName did not match any paths pattern fs
2025-08-31T23:33:00.757Z next:jsconfig-paths-plugin moduleName did not match any paths pattern path
2025-08-31T23:33:00.757Z next:jsconfig-paths-plugin moduleName did not match any paths pattern fs
2025-08-31T23:33:00.786Z next:jsconfig-paths-plugin moduleName did not match any paths pattern fs
2025-08-31T23:33:00.786Z next:jsconfig-paths-plugin moduleName did not match any paths pattern path
2025-08-31T23:33:00.787Z next:jsconfig-paths-plugin moduleName did not match any paths pattern fs
2025-08-31T23:33:00.787Z next:jsconfig-paths-plugin moduleName did not match any paths pattern path
2025-08-31T23:33:00.787Z next:jsconfig-paths-plugin moduleName did not match any paths pattern fs
2025-08-31T23:33:00.788Z next:jsconfig-paths-plugin moduleName did not match any paths pattern path
2025-08-31T23:33:00.788Z next:jsconfig-paths-plugin moduleName did not match any paths pattern fs
2025-08-31T23:33:00.788Z next:jsconfig-paths-plugin moduleName did not match any paths pattern path
2025-08-31T23:33:00.806Z next:jsconfig-paths-plugin moduleName did not match any paths pattern fs
2025-08-31T23:33:00.806Z next:jsconfig-paths-plugin moduleName did not match any paths pattern path
2025-08-31T23:33:00.806Z next:jsconfig-paths-plugin moduleName did not match any paths pattern fs
2025-08-31T23:33:00.806Z next:jsconfig-paths-plugin moduleName did not match any paths pattern path
2025-08-31T23:33:00.807Z next:jsconfig-paths-plugin moduleName did not match any paths pattern fs
2025-08-31T23:33:00.807Z next:jsconfig-paths-plugin moduleName did not match any paths pattern path
2025-08-31T23:33:00.808Z next:jsconfig-paths-plugin moduleName did not match any paths pattern fs
2025-08-31T23:33:00.808Z next:jsconfig-paths-plugin moduleName did not match any paths pattern path
2025-08-31T23:33:00.833Z next:jsconfig-paths-plugin moduleName did not match any paths pattern fs
2025-08-31T23:33:00.833Z next:jsconfig-paths-plugin moduleName did not match any paths pattern path
2025-08-31T23:33:00.833Z next:jsconfig-paths-plugin moduleName did not match any paths pattern crypto
2025-08-31T23:33:00.834Z next:jsconfig-paths-plugin moduleName did not match any paths pattern fs
2025-08-31T23:33:00.834Z next:jsconfig-paths-plugin moduleName did not match any paths pattern path
2025-08-31T23:33:00.834Z next:jsconfig-paths-plugin moduleName did not match any paths pattern crypto
2025-08-31T23:33:00.836Z next:jsconfig-paths-plugin moduleName did not match any paths pattern fs
2025-08-31T23:33:00.836Z next:jsconfig-paths-plugin moduleName did not match any paths pattern path
2025-08-31T23:33:00.836Z next:jsconfig-paths-plugin moduleName did not match any paths pattern crypto
2025-08-31T23:33:00.837Z next:jsconfig-paths-plugin moduleName did not match any paths pattern fs
2025-08-31T23:33:00.837Z next:jsconfig-paths-plugin moduleName did not match any paths pattern path
2025-08-31T23:33:00.837Z next:jsconfig-paths-plugin moduleName did not match any paths pattern crypto
2025-08-31T23:33:03.607Z next:build:webpack-build server compiler finished 19417ms
2025-08-31T23:33:06.349Z next:jsconfig-paths-plugin tsconfig.json or jsconfig.json paths: { '@/*': [ 
'./*' ] }
2025-08-31T23:33:06.351Z next:jsconfig-paths-plugin resolved baseUrl: {
  baseUrl: 'C:\\Users\\ALICEBELLA\\Desktop\\HMNQV2\\app',
  isImplicit: true
}
2025-08-31T23:33:06.364Z next:jsconfig-paths-plugin tsconfig.json or jsconfig.json paths: { '@/*': [ 
'./*' ] }
2025-08-31T23:33:06.364Z next:jsconfig-paths-plugin resolved baseUrl: {
  baseUrl: 'C:\\Users\\ALICEBELLA\\Desktop\\HMNQV2\\app',
  isImplicit: true
}
2025-08-31T23:33:06.397Z next:jsconfig-paths-plugin tsconfig.json or jsconfig.json paths: { '@/*': [ 
'./*' ] }
2025-08-31T23:33:06.397Z next:jsconfig-paths-plugin resolved baseUrl: {
  baseUrl: 'C:\\Users\\ALICEBELLA\\Desktop\\HMNQV2\\app',
  isImplicit: true
}
2025-08-31T23:33:06.492Z next:build:webpack-build starting compiler edge-server
2025-08-31T23:33:06.492Z next:build:webpack-build starting edge-server compiler
2025-08-31T23:33:07.314Z next:build:webpack-build edge-server compiler finished 822ms
2025-08-31T23:33:09.094Z next:jsconfig-paths-plugin tsconfig.json or jsconfig.json paths: { '@/*': [ 
'./*' ] }
2025-08-31T23:33:09.096Z next:jsconfig-paths-plugin resolved baseUrl: {
  baseUrl: 'C:\\Users\\ALICEBELLA\\Desktop\\HMNQV2\\app',
  isImplicit: true
}
2025-08-31T23:33:09.111Z next:jsconfig-paths-plugin tsconfig.json or jsconfig.json paths: { '@/*': [ 
'./*' ] }
2025-08-31T23:33:09.111Z next:jsconfig-paths-plugin resolved baseUrl: {
  baseUrl: 'C:\\Users\\ALICEBELLA\\Desktop\\HMNQV2\\app',
  isImplicit: true
}
2025-08-31T23:33:09.149Z next:jsconfig-paths-plugin tsconfig.json or jsconfig.json paths: { '@/*': [ 
'./*' ] }
2025-08-31T23:33:09.149Z next:jsconfig-paths-plugin resolved baseUrl: {
  baseUrl: 'C:\\Users\\ALICEBELLA\\Desktop\\HMNQV2\\app',
  isImplicit: true
}
2025-08-31T23:33:09.258Z next:build:webpack-build starting compiler client
2025-08-31T23:33:09.260Z next:build:webpack-build starting client compiler


Source path: C:\Users\ALICEBELLA\Desktop\HMNQV2\app\app\globals.css
Setting up new context...
Finding changed files: 47.5ms
Reading changed files: 861.237ms
Sorting candidates: 102.476ms
Generate rules: 1.420s
Build stylesheet: 16.661ms
Potential classes:  24985
Active contexts:  1
JIT TOTAL: 2.917s


2025-08-31T23:33:23.051Z next:build:webpack-build client compiler finished 13791ms
 Ô£ô Compiled successfully
   Skipping linting
   Checking validity of types ...
