app/resultado/test/page.tsx(160,21): error TS2322: Type '{ highlightedType: number | null; onTypeHover: Dispatch<SetStateAction<number | null>>; userScores: Record<number, number>; }' is not assignable to type 'IntrinsicAttributes & StaticHDMandalaProps'.
  Property 'highlightedType' does not exist on type 'IntrinsicAttributes & StaticHDMandalaProps'.
app/resultados/page.tsx(764,27): error TS2322: Type 'string | null' is not assignable to type 'string'.
  Type 'null' is not assignable to type 'string'.
app/resultados/page.tsx(769,27): error TS2322: Type '{ id: string; analysis: string; analysisType: string; metadata: any; createdAt: string; professionalReport?: string | undefined; hasAnalysis: boolean; } | null' is not assignable to type '{ id: string; analysis: string; confidence: number; analysisType: string; metadata: any; createdAt: string; professionalReport?: string | undefined; hasAnalysis: boolean; } | null | undefined'.
  Property 'confidence' is missing in type '{ id: string; analysis: string; analysisType: string; metadata: any; createdAt: string; professionalReport?: string | undefined; hasAnalysis: boolean; }' but required in type '{ id: string; analysis: string; confidence: number; analysisType: string; metadata: any; createdAt: string; professionalReport?: string | undefined; hasAnalysis: boolean; }'.
app/resultados/page.tsx(805,27): error TS2322: Type 'string | null' is not assignable to type 'string'.
  Type 'null' is not assignable to type 'string'.
app/resultados/page.tsx(809,27): error TS2322: Type '{ id: string; analysis: string; analysisType: string; metadata: any; createdAt: string; professionalReport?: string | undefined; hasAnalysis: boolean; } | null' is not assignable to type '{ id: string; analysis: string; confidence: number; analysisType: string; metadata: any; createdAt: string; professionalReport?: string | undefined; hasAnalysis: boolean; } | null | undefined'.
app/test-card/page.tsx(42,12): error TS2322: Type '{ onView: () => void; onDownloadPDF: () => void; isLoadingPDF: false; id: string; title: string; category: string; testType: "PERSONALITY"; completedAt: string; overallScore: number; status: "CONCLUIDO"; chartData: { ...; }[]; percentile: number; aiAnalysis: { ...; }; }' is not assignable to type 'TestResultCardProps'.
  Types of property 'aiAnalysis' are incompatible.
    Type '{ hasAnalysis: boolean; createdAt: string; analysisType: string; }' is missing the following properties from type '{ id: string; analysis: string; confidence: number; analysisType: string; metadata: any; createdAt: string; professionalReport?: string | undefined; hasAnalysis: boolean; }': id, analysis, confidence, metadata
components/EnhancedStaticHDMandala.tsx(511,65): error TS2352: Conversion of type 'string' to type '2 | 1 | 6 | 8 | 7 | 5 | 4 | 3 | 9' may be a mistake because neither type sufficiently overlaps with the other. If this was intentional, convert the expression to 'unknown' first.
components/EnhancedStaticHDMandala.tsx(642,29): error TS7053: Element implicitly has an 'any' type because expression of type 'number' can't be used to index type '{ 1: string; 2: string; 3: string; 4: string; 5: string; 6: string; 7: string; 8: string; 9: string; }'.
  No index signature with a parameter of type 'number' was found on type '{ 1: string; 2: string; 3: string; 4: string; 5: string; 6: string; 7: string; 8: string; 9: string; }'.
components/EnhancedStaticHDMandala.tsx(853,25): error TS7053: Element implicitly has an 'any' type because expression of type 'number' can't be used to index type '{ 1: string; 2: string; 3: string; 4: string; 5: string; 6: string; 7: string; 8: string; 9: string; }'.
  No index signature with a parameter of type 'number' was found on type '{ 1: string; 2: string; 3: string; 4: string; 5: string; 6: string; 7: string; 8: string; 9: string; }'.
components/StaticHDMandala.tsx(451,29): error TS7053: Element implicitly has an 'any' type because expression of type 'number' can't be used to index type '{ 1: string; 2: string; 3: string; 4: string; 5: string; 6: string; 7: string; 8: string; 9: string; }'.
  No index signature with a parameter of type 'number' was found on type '{ 1: string; 2: string; 3: string; 4: string; 5: string; 6: string; 7: string; 8: string; 9: string; }'.
components/StaticHDMandala.tsx(585,25): error TS7053: Element implicitly has an 'any' type because expression of type 'number' can't be used to index type '{ 1: string; 2: string; 3: string; 4: string; 5: string; 6: string; 7: string; 8: string; 9: string; }'.
  No index signature with a parameter of type 'number' was found on type '{ 1: string; 2: string; 3: string; 4: string; 5: string; 6: string; 7: string; 8: string; 9: string; }'.
components/StaticHDMandala.tsx(648,29): error TS7053: Element implicitly has an 'any' type because expression of type 'number' can't be used to index type '{ 1: string; 2: string; 3: string; 4: string; 5: string; 6: string; 7: string; 8: string; 9: string; }'.
  No index signature with a parameter of type 'number' was found on type '{ 1: string; 2: string; 3: string; 4: string; 5: string; 6: string; 7: string; 8: string; 9: string; }'.
components/StaticHDMandala.tsx(659,29): error TS7053: Element implicitly has an 'any' type because expression of type 'number' can't be used to index type '{ 1: string; 2: string; 3: string; 4: string; 5: string; 6: string; 7: string; 8: string; 9: string; }'.
  No index signature with a parameter of type 'number' was found on type '{ 1: string; 2: string; 3: string; 4: string; 5: string; 6: string; 7: string; 8: string; 9: string; }'.
components/StaticHDMandala.tsx(669,29): error TS7053: Element implicitly has an 'any' type because expression of type 'number' can't be used to index type '{ 1: string; 2: string; 3: string; 4: string; 5: string; 6: string; 7: string; 8: string; 9: string; }'.
  No index signature with a parameter of type 'number' was found on type '{ 1: string; 2: string; 3: string; 4: string; 5: string; 6: string; 7: string; 8: string; 9: string; }'.
lib/auth.ts(223,3): error TS2322: Type 'readonly ["admin:all"] | readonly ["company:view", "company:edit", "company:users", "company:tests", "company:reports", "user:view", "user:edit", "test:manage"] | readonly ["company:view", ... 6 more ..., "test:results"] | readonly [...]' is not assignable to type 'UserPermission[]'.
  The type 'readonly ["admin:all"]' is 'readonly' and cannot be assigned to the mutable type 'UserPermission[]'.
lib/auth.ts(230,7): error TS4104: The type 'readonly ["admin:all"]' is 'readonly' and cannot be assigned to the mutable type 'string[]'.
lib/auth.ts(232,7): error TS4104: The type 'readonly ["company:view", "company:edit", "company:users", "company:tests", "company:reports", "user:view", "user:edit", "test:manage"]' is 'readonly' and cannot be assigned to the mutable type 'string[]'.
lib/auth.ts(234,7): error TS4104: The type 'readonly ["company:view", "user:view", "user:edit", "user:tests", "user:results", "test:take", "test:view", "test:results"]' is 'readonly' and cannot be assigned to the mutable type 'string[]'.
lib/auth.ts(238,7): error TS4104: The type 'readonly ["user:view", "user:edit", "user:tests", "user:results", "test:take", "test:view", "test:results"]' is 'readonly' and cannot be assigned to the mutable type 'string[]'.
lib/backup/backupService.ts(6,10): error TS2305: Module '"../validation/schemas"' has no exported member 'validateBackupResult'.
lib/backup/backupService.ts(6,37): error TS2724: '"../validation/schemas"' has no exported member named 'BackupResultData'. Did you mean 'BackupResult'?
lib/backup/backupService.ts(199,15): error TS2322: Type '{ id: true; name: true; email: true; companyId: true; }' is not assignable to type 'UserSelect<DefaultArgs>'.
  Object literal may only specify known properties, and 'name' does not exist in type 'UserSelect<DefaultArgs>'.
lib/backup/backupService.ts(350,15): error TS2322: Type '{ include: { test: true; session: true; aiAnalysis: true; }; }' is not assignable to type 'boolean | User$testResultsArgs<DefaultArgs> | undefined'.
  Types of property 'include' are incompatible.
    Type '{ test: true; session: true; aiAnalysis: true; }' is not assignable to type 'TestResultInclude<DefaultArgs>'.
      Object literal may only specify known properties, but 'aiAnalysis' does not exist in type 'TestResultInclude<DefaultArgs>'. Did you mean to write 'aiAnalyses'?
lib/backup/backupService.ts(390,43): error TS2339: Property 'testResults' does not exist on type '{ id: string; email: string; password: string; firstName: string; lastName: string; userType: UserType; avatarUrl: string | null; isActive: boolean; emailVerified: Date | null; lastLoginAt: Date | null; createdAt: Date; updatedAt: Date; companyId: string | null; }'.
lib/backup/backupService.ts(390,60): error TS7006: Parameter 'r' implicitly has an 'any' type.
lib/backup/backupService.ts(797,22): error TS1205: Re-exporting a type when 'isolatedModules' is enabled requires using 'export type'.
lib/backup/backupService.ts(797,36): error TS1205: Re-exporting a type when 'isolatedModules' is enabled requires using 'export type'.
lib/cache/cacheService.ts(4,10): error TS2305: Module '"../validation/schemas"' has no exported member 'validateCacheConfig'.
lib/cache/cacheService.ts(4,36): error TS2724: '"../validation/schemas"' has no exported member named 'CacheConfigData'. Did you mean 'CacheConfig'?
lib/cache/cacheService.ts(521,35): error TS2683: 'this' implicitly has type 'any' because it does not have a type annotation.
lib/middleware/testInterceptor.ts(151,11): error TS2322: Type '{ userId: string; testId: string; sessionId: string; companyId: string | undefined; score: number; completedAt: Date; metadata: { userAgent: string | undefined; ipAddress: string | undefined; interceptedAt: string; totalQuestions: number; sessionDuration: number | null; }; }' is not assignable to type '(Without<TestResultCreateInput, TestResultUncheckedCreateInput> & TestResultUncheckedCreateInput) | (Without<...> & TestResultCreateInput)'.
  Object literal may only specify known properties, and 'companyId' does not exist in type 'Without<TestResultCreateInput, TestResultUncheckedCreateInput> & TestResultUncheckedCreateInput'.
lib/middleware/testInterceptor.ts(172,31): error TS2339: Property 'companyId' does not exist on type '{ id: string; createdAt: Date; updatedAt: Date; userId: string; metadata: JsonValue; testId: string; completedAt: Date; sessionId: string; duration: number; overallScore: number | null; dimensionScores: JsonValue; interpretation: string | null; recommendations: string | null; }'.
lib/middleware/testInterceptor.ts(173,27): error TS2339: Property 'score' does not exist on type '{ id: string; createdAt: Date; updatedAt: Date; userId: string; metadata: JsonValue; testId: string; completedAt: Date; sessionId: string; duration: number; overallScore: number | null; dimensionScores: JsonValue; interpretation: string | null; recommendations: string | null; }'.
lib/middleware/testInterceptor.ts(180,29): error TS2339: Property 'success' does not exist on type '{ userId: string; status: "PENDING" | "CANCELLED" | "IN_PROGRESS" | "COMPLETED" | "FAILED"; testId: string; startedAt: Date; sessionId: string; answers: { answer: string | number | boolean | string[] | Record<...>; questionId: string; timeSpent?: number | undefined; confidence?: number | undefined; }[]; ... 6 more ....'.
lib/middleware/testInterceptor.ts(183,36): error TS2339: Property 'error' does not exist on type '{ userId: string; status: "PENDING" | "CANCELLED" | "IN_PROGRESS" | "COMPLETED" | "FAILED"; testId: string; startedAt: Date; sessionId: string; answers: { answer: string | number | boolean | string[] | Record<...>; questionId: string; timeSpent?: number | undefined; confidence?: number | undefined; }[]; ... 6 more ....'.
lib/middleware/testInterceptor.ts(215,16): error TS2339: Property 'logTestCompletion' does not exist on type '{ logPerformance(operation: string, duration: number, metadata?: any): void; logAudit(action: string, userId: string, details?: any): void; logSecurity(event: string, severity: "low" | "medium" | "high" | "critical", details?: any): void; ... 5 more ...; logBackupOperation(operation: string, type: string, size?: num...'.
lib/middleware/testInterceptor.ts(259,16): error TS2339: Property 'logTestCompletion' does not exist on type '{ logPerformance(operation: string, duration: number, metadata?: any): void; logAudit(action: string, userId: string, details?: any): void; logSecurity(event: string, severity: "low" | "medium" | "high" | "critical", details?: any): void; ... 5 more ...; logBackupOperation(operation: string, type: string, size?: num...'.
lib/middleware/testInterceptor.ts(463,43): error TS2554: Expected 2 arguments, but got 1.
lib/middleware/testInterceptor.ts(609,10): error TS1205: Re-exporting a type when 'isolatedModules' is enabled requires using 'export type'.
lib/middleware/testInterceptor.ts(609,31): error TS1205: Re-exporting a type when 'isolatedModules' is enabled requires using 'export type'.
lib/queue/testResultQueue.ts(3,57): error TS2724: '"../validation/schemas"' has no exported member named 'TestResultData'. Did you mean 'TestResult'?
lib/queue/testResultQueue.ts(40,11): error TS2430: Interface 'SaveTestResultJobData' incorrectly extends interface '{ type: "SAVE_RESULT" | "GENERATE_AI_ANALYSIS" | "BACKUP_RESULT" | "SEND_NOTIFICATION"; userId: string; testResultId: string; priority: "low" | "high" | "critical" | "normal"; retryCount: number; maxRetries: number; metadata?: Record<...> | undefined; }'.
  Types of property 'type' are incompatible.
    Type 'JobType.SAVE_TEST_RESULT' is not assignable to type '"SAVE_RESULT" | "GENERATE_AI_ANALYSIS" | "BACKUP_RESULT" | "SEND_NOTIFICATION"'.
lib/queue/testResultQueue.ts(48,11): error TS2430: Interface 'GenerateAIAnalysisJobData' incorrectly extends interface '{ type: "SAVE_RESULT" | "GENERATE_AI_ANALYSIS" | "BACKUP_RESULT" | "SEND_NOTIFICATION"; userId: string; testResultId: string; priority: "low" | "high" | "critical" | "normal"; retryCount: number; maxRetries: number; metadata?: Record<...> | undefined; }'.
  Types of property 'type' are incompatible.
    Type 'JobType.GENERATE_AI_ANALYSIS' is not assignable to type '"SAVE_RESULT" | "GENERATE_AI_ANALYSIS" | "BACKUP_RESULT" | "SEND_NOTIFICATION"'. Did you mean '"GENERATE_AI_ANALYSIS"'?
lib/queue/testResultQueue.ts(54,11): error TS2430: Interface 'BackupResultJobData' incorrectly extends interface '{ type: "SAVE_RESULT" | "GENERATE_AI_ANALYSIS" | "BACKUP_RESULT" | "SEND_NOTIFICATION"; userId: string; testResultId: string; priority: "low" | "high" | "critical" | "normal"; retryCount: number; maxRetries: number; metadata?: Record<...> | undefined; }'.
  Types of property 'type' are incompatible.
    Type 'JobType.BACKUP_RESULT' is not assignable to type '"SAVE_RESULT" | "GENERATE_AI_ANALYSIS" | "BACKUP_RESULT" | "SEND_NOTIFICATION"'. Did you mean '"BACKUP_RESULT"'?
lib/queue/testResultQueue.ts(59,11): error TS2430: Interface 'UpdateStatisticsJobData' incorrectly extends interface '{ type: "SAVE_RESULT" | "GENERATE_AI_ANALYSIS" | "BACKUP_RESULT" | "SEND_NOTIFICATION"; userId: string; testResultId: string; priority: "low" | "high" | "critical" | "normal"; retryCount: number; maxRetries: number; metadata?: Record<...> | undefined; }'.
  Types of property 'type' are incompatible.
    Type 'JobType.UPDATE_STATISTICS' is not assignable to type '"SAVE_RESULT" | "GENERATE_AI_ANALYSIS" | "BACKUP_RESULT" | "SEND_NOTIFICATION"'.
lib/queue/testResultQueue.ts(66,11): error TS2430: Interface 'SendNotificationJobData' incorrectly extends interface '{ type: "SAVE_RESULT" | "GENERATE_AI_ANALYSIS" | "BACKUP_RESULT" | "SEND_NOTIFICATION"; userId: string; testResultId: string; priority: "low" | "high" | "critical" | "normal"; retryCount: number; maxRetries: number; metadata?: Record<...> | undefined; }'.
  Types of property 'type' are incompatible.
    Type 'JobType.SEND_NOTIFICATION' is not assignable to type '"SAVE_RESULT" | "GENERATE_AI_ANALYSIS" | "BACKUP_RESULT" | "SEND_NOTIFICATION"'. Did you mean '"SEND_NOTIFICATION"'?
lib/queue/testResultQueue.ts(87,29): error TS2339: Property 'success' does not exist on type '{ type: "SAVE_RESULT" | "GENERATE_AI_ANALYSIS" | "BACKUP_RESULT" | "SEND_NOTIFICATION"; userId: string; testResultId: string; priority: "low" | "high" | "critical" | "normal"; retryCount: number; maxRetries: number; metadata?: Record<...> | undefined; }'.
lib/queue/testResultQueue.ts(88,69): error TS2339: Property 'error' does not exist on type '{ type: "SAVE_RESULT" | "GENERATE_AI_ANALYSIS" | "BACKUP_RESULT" | "SEND_NOTIFICATION"; userId: string; testResultId: string; priority: "low" | "high" | "critical" | "normal"; retryCount: number; maxRetries: number; metadata?: Record<...> | undefined; }'.
lib/queue/testResultQueue.ts(151,25): error TS2339: Property 'success' does not exist on type '{ userId: string; status: "PENDING" | "CANCELLED" | "IN_PROGRESS" | "COMPLETED" | "FAILED"; testId: string; startedAt: Date; sessionId: string; answers: { answer: string | number | boolean | string[] | Record<...>; questionId: string; timeSpent?: number | undefined; confidence?: number | undefined; }[]; ... 6 more ....'.
lib/queue/testResultQueue.ts(152,71): error TS2339: Property 'error' does not exist on type '{ userId: string; status: "PENDING" | "CANCELLED" | "IN_PROGRESS" | "COMPLETED" | "FAILED"; testId: string; startedAt: Date; sessionId: string; answers: { answer: string | number | boolean | string[] | Record<...>; questionId: string; timeSpent?: number | undefined; confidence?: number | undefined; }[]; ... 6 more ....'.
lib/queue/testResultQueue.ts(170,7): error TS2322: Type '{ sessionId: string; userId: string; companyId: string | undefined; testId: any; score: any; maxScore: any; percentage: any; status: any; completedAt: Date; timeSpent: any; answers: any; metadata: any; }' is not assignable to type '(Without<TestResultCreateInput, TestResultUncheckedCreateInput> & TestResultUncheckedCreateInput) | (Without<...> & TestResultCreateInput)'.
  Object literal may only specify known properties, and 'companyId' does not exist in type 'Without<TestResultCreateInput, TestResultUncheckedCreateInput> & TestResultUncheckedCreateInput'.
lib/queue/testResultQueue.ts(220,7): error TS2322: Type '{ test: true; user: true; answers: { include: { question: true; }; }; }' is not assignable to type 'TestResultInclude<DefaultArgs>'.
  Object literal may only specify known properties, and 'answers' does not exist in type 'TestResultInclude<DefaultArgs>'.
lib/queue/testResultQueue.ts(250,7): error TS2322: Type '{ testResultId: string; analysis: string; insights: string[]; recommendations: string[]; confidence: number; generatedAt: Date; metadata: { generatedBy: string; version: string; timestamp: string; }; }' is not assignable to type '(Without<AIAnalysisCreateInput, AIAnalysisUncheckedCreateInput> & AIAnalysisUncheckedCreateInput) | (Without<...> & AIAnalysisCreateInput)'.
  Object literal may only specify known properties, and 'insights' does not exist in type 'Without<AIAnalysisCreateInput, AIAnalysisUncheckedCreateInput> & AIAnalysisUncheckedCreateInput'.
lib/redis/config.ts(34,32): error TS2769: No overload matches this call.
  Overload 1 of 8, '(options: RedisOptions): Redis', gave the following error.
    Argument of type '{ host: string; port: number; password: string | undefined; db: number; connectTimeout: number; lazyConnect: boolean; maxRetriesPerRequest: number; retryDelayOnFailover: number; enableReadyCheck: boolean; ... 6 more ...; showFriendlyErrorStack: boolean; }' is not assignable to parameter of type 'RedisOptions'.
      Type '{ host: string; port: number; password: string | undefined; db: number; connectTimeout: number; lazyConnect: boolean; maxRetriesPerRequest: number; retryDelayOnFailover: number; enableReadyCheck: boolean; ... 6 more ...; showFriendlyErrorStack: boolean; }' is not assignable to type 'CommonRedisOptions'.
        Types of property 'keepAlive' are incompatible.
          Type 'boolean' is not assignable to type 'number'.
  Overload 2 of 8, '(port: number): Redis', gave the following error.
    Argument of type '{ host: string; port: number; password: string | undefined; db: number; connectTimeout: number; lazyConnect: boolean; maxRetriesPerRequest: number; retryDelayOnFailover: number; enableReadyCheck: boolean; ... 6 more ...; showFriendlyErrorStack: boolean; }' is not assignable to parameter of type 'number'.
  Overload 3 of 8, '(path: string): Redis', gave the following error.
    Argument of type '{ host: string; port: number; password: string | undefined; db: number; connectTimeout: number; lazyConnect: boolean; maxRetriesPerRequest: number; retryDelayOnFailover: number; enableReadyCheck: boolean; ... 6 more ...; showFriendlyErrorStack: boolean; }' is not assignable to parameter of type 'string'.
lib/redis/config.ts(37,37): error TS2769: No overload matches this call.
  Overload 1 of 8, '(options: RedisOptions): Redis', gave the following error.
    Argument of type '{ maxRetriesPerRequest: null; enableReadyCheck: false; host: string; port: number; password: string | undefined; db: number; connectTimeout: number; lazyConnect: boolean; retryDelayOnFailover: number; ... 6 more ...; showFriendlyErrorStack: boolean; }' is not assignable to parameter of type 'RedisOptions'.
      Type '{ maxRetriesPerRequest: null; enableReadyCheck: false; host: string; port: number; password: string | undefined; db: number; connectTimeout: number; lazyConnect: boolean; retryDelayOnFailover: number; ... 6 more ...; showFriendlyErrorStack: boolean; }' is not assignable to type 'CommonRedisOptions'.
        Types of property 'keepAlive' are incompatible.
          Type 'boolean' is not assignable to type 'number'.
  Overload 2 of 8, '(port: number): Redis', gave the following error.
    Argument of type '{ maxRetriesPerRequest: null; enableReadyCheck: boolean; host: string; port: number; password: string | undefined; db: number; connectTimeout: number; lazyConnect: boolean; retryDelayOnFailover: number; ... 6 more ...; showFriendlyErrorStack: boolean; }' is not assignable to parameter of type 'number'.
  Overload 3 of 8, '(path: string): Redis', gave the following error.
    Argument of type '{ maxRetriesPerRequest: null; enableReadyCheck: boolean; host: string; port: number; password: string | undefined; db: number; connectTimeout: number; lazyConnect: boolean; retryDelayOnFailover: number; ... 6 more ...; showFriendlyErrorStack: boolean; }' is not assignable to parameter of type 'string'.
lib/test-validation.ts(234,7): error TS2367: This comparison appears to be unintentional because the types '20' and '21' have no overlap.
lib/utils/logger.ts(40,20): error TS7031: Binding element 'timestamp' implicitly has an 'any' type.
lib/utils/logger.ts(40,31): error TS7031: Binding element 'level' implicitly has an 'any' type.
lib/utils/logger.ts(40,38): error TS7031: Binding element 'message' implicitly has an 'any' type.
lib/utils/logger.ts(91,17): error TS7006: Parameter 'info' implicitly has an 'any' type.
scripts/add-pesquisa-clima-test.ts(45,9): error TS2322: Type '{ id: string; name: string; description: string; testType: "CORPORATE"; categoryId: string; estimatedDuration: number; isActive: true; instructions: string; metadata: { version: string; dimensions: string[]; questionsPerDimension: number; totalQuestions: number; scaleType: string; calculationMethod: string; }; }' is not assignable to type '(Without<TestCreateInput, TestUncheckedCreateInput> & TestUncheckedCreateInput) | (Without<...> & TestCreateInput)'.
  Object literal may only specify known properties, and 'metadata' does not exist in type 'Without<TestCreateInput, TestUncheckedCreateInput> & TestUncheckedCreateInput'.
scripts/check-all-results.ts(33,36): error TS2339: Property 'invite' does not exist on type 'PrismaClient<PrismaClientOptions, never, DefaultArgs>'.
scripts/delete-all-records.ts(43,11): error TS2322: Type '{ user: true; testSession: true; aiAnalysis: true; }' is not assignable to type 'TestResultInclude<DefaultArgs>'.
  Object literal may only specify known properties, and 'testSession' does not exist in type 'TestResultInclude<DefaultArgs>'.
scripts/delete-all-records.ts(56,11): error TS2322: Type '{ user: true; testSession: true; question: true; }' is not assignable to type 'AnswerInclude<DefaultArgs>'.
  Object literal may only specify known properties, and 'testSession' does not exist in type 'AnswerInclude<DefaultArgs>'.
scripts/export-all-records.ts(42,32): error TS2339: Property 'startedAt' does not exist on type '{ user: { id: string; email: string; firstName: string; lastName: string; }; test: { name: string; category: { id: string; name: string; isActive: boolean; createdAt: Date; updatedAt: Date; description: string | null; icon: string | null; color: string | null; sortOrder: number; }; }; } & { ...; }'.
scripts/export-all-records.ts(42,60): error TS2339: Property 'startedAt' does not exist on type '{ user: { id: string; email: string; firstName: string; lastName: string; }; test: { name: string; category: { id: string; name: string; isActive: boolean; createdAt: Date; updatedAt: Date; description: string | null; icon: string | null; color: string | null; sortOrder: number; }; }; } & { ...; }'.
scripts/export-all-records.ts(49,38): error TS2339: Property 'status' does not exist on type '{ user: { id: string; email: string; firstName: string; lastName: string; }; test: { name: string; category: { id: string; name: string; isActive: boolean; createdAt: Date; updatedAt: Date; description: string | null; icon: string | null; color: string | null; sortOrder: number; }; }; } & { ...; }'.
scripts/export-all-records.ts(53,37): error TS2339: Property 'score' does not exist on type '{ user: { id: string; email: string; firstName: string; lastName: string; }; test: { name: string; category: { id: string; name: string; isActive: boolean; createdAt: Date; updatedAt: Date; description: string | null; icon: string | null; color: string | null; sortOrder: number; }; }; } & { ...; }'.
scripts/export-all-records.ts(97,42): error TS2551: Property 'currentQuestionIndex' does not exist on type '{ user: { id: string; email: string; firstName: string; lastName: string; }; test: { name: string; category: { id: string; name: string; isActive: boolean; createdAt: Date; updatedAt: Date; description: string | null; icon: string | null; color: string | null; sortOrder: number; }; }; } & { ...; }'. Did you mean 'currentQuestion'?
scripts/export-all-records.ts(193,40): error TS2339: Property 'status' does not exist on type '{ testResult: { id: string; user: { email: string; firstName: string; lastName: string; }; test: { name: string; }; } | null; } & { id: string; createdAt: Date; updatedAt: Date; userId: string; ... 6 more ...; confidence: number; }'.
scripts/export-all-records.ts(195,40): error TS2339: Property 'summary' does not exist on type '{ testResult: { id: string; user: { email: string; firstName: string; lastName: string; }; test: { name: string; }; } | null; } & { id: string; createdAt: Date; updatedAt: Date; userId: string; ... 6 more ...; confidence: number; }'.
scripts/list-all-database-records.ts(39,32): error TS2339: Property 'startedAt' does not exist on type '{ user: { id: string; email: string; firstName: string; lastName: string; }; test: { name: string; category: { id: string; name: string; isActive: boolean; createdAt: Date; updatedAt: Date; description: string | null; icon: string | null; color: string | null; sortOrder: number; }; }; } & { ...; }'.
scripts/list-all-database-records.ts(39,60): error TS2339: Property 'startedAt' does not exist on type '{ user: { id: string; email: string; firstName: string; lastName: string; }; test: { name: string; category: { id: string; name: string; isActive: boolean; createdAt: Date; updatedAt: Date; description: string | null; icon: string | null; color: string | null; sortOrder: number; }; }; } & { ...; }'.
scripts/list-all-database-records.ts(46,40): error TS2339: Property 'status' does not exist on type '{ user: { id: string; email: string; firstName: string; lastName: string; }; test: { name: string; category: { id: string; name: string; isActive: boolean; createdAt: Date; updatedAt: Date; description: string | null; icon: string | null; color: string | null; sortOrder: number; }; }; } & { ...; }'.
scripts/list-all-database-records.ts(50,39): error TS2339: Property 'score' does not exist on type '{ user: { id: string; email: string; firstName: string; lastName: string; }; test: { name: string; category: { id: string; name: string; isActive: boolean; createdAt: Date; updatedAt: Date; description: string | null; icon: string | null; color: string | null; sortOrder: number; }; }; } & { ...; }'.
scripts/list-all-database-records.ts(94,44): error TS2551: Property 'currentQuestionIndex' does not exist on type '{ user: { id: string; email: string; firstName: string; lastName: string; }; test: { name: string; category: { id: string; name: string; isActive: boolean; createdAt: Date; updatedAt: Date; description: string | null; icon: string | null; color: string | null; sortOrder: number; }; }; } & { ...; }'. Did you mean 'currentQuestion'?
scripts/list-all-database-records.ts(190,42): error TS2339: Property 'status' does not exist on type '{ testResult: { id: string; user: { email: string; firstName: string; lastName: string; }; test: { name: string; }; } | null; } & { id: string; createdAt: Date; updatedAt: Date; userId: string; ... 6 more ...; confidence: number; }'.
scripts/list-all-database-records.ts(192,42): error TS2339: Property 'summary' does not exist on type '{ testResult: { id: string; user: { email: string; firstName: string; lastName: string; }; test: { name: string; }; } | null; } & { id: string; createdAt: Date; updatedAt: Date; userId: string; ... 6 more ...; confidence: number; }'.
scripts/list-archived-tests-by-date.ts(83,43): error TS2352: Conversion of type '{ user: { id: string; email: string; password: string; firstName: string; lastName: string; userType: UserType; avatarUrl: string | null; isActive: boolean; emailVerified: Date | null; lastLoginAt: Date | null; createdAt: Date; updatedAt: Date; companyId: string | null; }; session: { ...; }; test: { ...; } & { ...; ...' to type 'TestResultWithDetails' may be a mistake because neither type sufficiently overlaps with the other. If this was intentional, convert the expression to 'unknown' first.
  Types of property 'user' are incompatible.
    Property 'name' is missing in type '{ id: string; email: string; password: string; firstName: string; lastName: string; userType: UserType; avatarUrl: string | null; isActive: boolean; emailVerified: Date | null; lastLoginAt: Date | null; createdAt: Date; updatedAt: Date; companyId: string | null; }' but required in type '{ id: string; name: string | null; email: string; }'.
